06-27 16:36:31.521 D/NuPlayerRenderer( 1668): mAudioDelayUs 300000
06-27 16:36:31.521 V/NuPlayer( 1668): scanning sources haveAudio=0, haveVideo=0
06-27 16:36:31.521 V/NuPlayer( 1668): [instantiateDecoder] audio(0)
06-27 16:36:31.521 D/LiveSession( 1668): LiveSession::getStreamFormat StreamType =2,mStreamMask =3
06-27 16:36:31.522 D/LiveSession( 1668): LiveSession::getStreamFormat StreamType =2,mStreamMask =3
06-27 16:36:31.522 I/NuPlayerDecoder( 1668): [onConfigure] Need Extra Frame is No
06-27 16:36:31.522 V/NuPlayer( 1668): mHasVideo = 1
06-27 16:36:31.522 V/NuPlayer( 1668): [instantiateDecoder] audio(1)
06-27 16:36:31.522 D/LiveSession( 1668): LiveSession::getStreamFormat StreamType =1,mStreamMask =3
06-27 16:36:31.522 D/LiveSession( 1668): LiveSession::getStreamFormat StreamType =2,mStreamMask =3
06-27 16:36:31.522 V/NuPlayer( 1668): [instantiateDecoder] wait video codec excuting!!!
06-27 16:36:31.524 I/NuPlayerDecoder( 1668): [onConfigure] Need Extra Frame is No
06-27 16:36:31.527 V/MediaCodec( 1668): set codecsOnly(16)
06-27 16:36:31.528 E/播放量上报(24864): ## 2017-06-27 16:36:31.526 [24864,24864,:0] ERROR ## [播放量上报][MediaPlayerManager.java]正片缓冲就绪开始播放上报播放量
06-27 16:36:31.529 I/MS_OMX_CORE( 1668): ComponentName : OMX.MS.AAC.Decoder, version -..
06-27 16:36:31.530 I/MS_OMX_CORE( 1668): ComponentName : OMX.MS.AVC.Decoder, version -..
06-27 16:36:31.531 V/MediaCodec( 1668): Found 1 pieces of codec specific data.
06-27 16:36:31.531 D/MS_OMX_ADEC( 1668): FormatConfirm=1, FormatChange=0
06-27 16:36:31.531 I/MS_OMX_AACDEC( 1668): AAC_Decode_PreSetADTSHeader: AACStreamFormat=1
06-27 16:36:31.531 I/MS_OMX_AACDEC( 1668): AAC_Decode_PreSetADTSHeader: AACProfile=2
06-27 16:36:31.531 I/MS_OMX_AACDEC( 1668): ParamAudio: Channels        2
06-27 16:36:31.531 I/MS_OMX_AACDEC( 1668): ParamAudio: SampleRate      22050
06-27 16:36:31.531 E/OMXNodeInstance( 1668): setParameter(52:MS.AAC.Decoder, ParamAudioAndroidAacPresentation(0x6f400003)) ERROR: UnsupportedIndex(0x8000101a)
06-27 16:36:31.531 I/ACodec  ( 1668): [leo] priority(0)
06-27 16:36:31.531 D/MS_OMX_ADEC( 1668): FormatConfirm=1, FormatChange=0
06-27 16:36:31.532 I/MediaCodec( 1668): [OMX.MS.AVC.Decoder] setting surface generation to 1708036
06-27 16:36:31.533 V/MediaCodec( 1668): Found 2 pieces of codec specific data.
06-27 16:36:31.533 E/OMXNodeInstance( 1668): getExtensionIndex(53:MS.AVC.Decoder, OMX.google.android.index.storeMetaDataInBuffers) ERROR: BadParameter(0x80001005)
06-27 16:36:31.533 E/ACodec  ( 1668): [OMX.MS.AVC.Decoder] storeMetaDataInBuffers failed w/ err -2147483648
06-27 16:36:31.534 I/MediaCodec( 1668): MediaCodec will operate in async mode
06-27 16:36:31.534 I/ACodec  ( 1668): [OMX.MS.AAC.Decoder] Allocating 5 buffers of size 65536/65536 (from 65536 using Invalid) on input port
06-27 16:36:31.534 E/OMXNodeInstance( 1668): getExtensionIndex(53:MS.AVC.Decoder, OMX.google.android.index.prepareForAdaptivePlayback) ERROR: BadParameter(0x80001005)
06-27 16:36:31.534 W/ACodec  ( 1668): [OMX.MS.AVC.Decoder] prepareForAdaptivePlayback failed w/ err -2147483648
06-27 16:36:31.534 I/ACodec  ( 1668): [OMX.MS.AAC.Decoder] Allocating 1 buffers of size 638976/638976 (from 638976 using Invalid) on output port
06-27 16:36:31.535 V/MediaCodec( 1668): input buffers allocated
06-27 16:36:31.535 V/MediaCodec( 1668): output buffers allocated
06-27 16:36:31.535 E/ACodec  ( 1668): use try main deocder mode
06-27 16:36:31.535 D/MS_OMX_VDEC( 1668): Prefer Main path = 1
06-27 16:36:31.535 V/RMClient( 1668): #4:RMClient
06-27 16:36:31.535 D/MMP_ResourceManage_Wrapper( 1668): MstRequestResourcesAsync 
06-27 16:36:31.535 V/RMClient( 1668): #4:requestResourceAsync
06-27 16:36:31.535 D/MMP_ResourceManage_Wrapper( 1668): waitResourcesAllocation 
06-27 16:36:31.538 V/RMClient( 1668): #4:onMessageReceived creq
06-27 16:36:31.539 D/PowerManagerService( 2310): acquireWakeLockInternal: lock=40834514, flags=0x1, tag="NetworkStats", ws=null, uid=1000, pid=2310
06-27 16:36:31.539 D/NtpTrustedTime( 2310): currentTimeMillis() cache hit
06-27 16:36:31.543 V/RMClient( 1668): #4:kWhatCmdResourceRequest
06-27 16:36:31.544 V/RMAllocator( 1636): handleRequest
06-27 16:36:31.544 V/RMClient( 1668): #4:Done
06-27 16:36:31.544 V/RMAllocator( 1636): handleRequest new ClientInfo, client=2439429296 id=4
06-27 16:36:31.544 I/RMAllocator( 1636): ClientInfo this=2439433136, mRMClient=2439429296. id=4
06-27 16:36:31.544 V/RMAllocator( 1636): handleRequest new ClientInfo=2439433136, client=2439429296 id=4
06-27 16:36:31.544 V/RMAllocator( 1636): allocateResources
06-27 16:36:31.544 V/RMAllocator( 1636): allocateOneResource
06-27 16:36:31.544 V/RMAllocator( 1636): allocateOneResource
06-27 16:36:31.544 V/RMClient( 1668): #4:handleRequestDone
06-27 16:36:31.544 V/RMClient( 1668): #4:onMessageReceived ldon
06-27 16:36:31.544 V/RMClient( 1668): #4:kWhatRequestDone
06-27 16:36:31.544 V/RMClient( 1668): #4:Done
06-27 16:36:31.544 D/ACodec  ( 1668): ediaCodec: Resource allocation ok
06-27 16:36:31.544 D/ACodec  ( 1668): COMPONENT: OMX.MS.AVC.Decoder 1 1
06-27 16:36:31.545 I/ACodec  ( 1668): [leo] priority(0)
06-27 16:36:31.545 I/MediaCodec( 1668): MediaCodec will operate in async mode
06-27 16:36:31.546 I/ACodec  ( 1668): [OMX.MS.AVC.Decoder] Allocating 5 buffers of size 1572864/1572864 (from 1572864 using Invalid) on input port
06-27 16:36:31.546 D/MS_OMX_VDEC( 1668): Allocate pBuffer[0]: 0xabc4d878
06-27 16:36:31.546 D/MS_OMX_VDEC( 1668): Allocate pBuffer[0]: 0xabfd8798
06-27 16:36:31.546 D/MS_OMX_VDEC( 1668): Allocate pBuffer[0]: 0xac1587a0
06-27 16:36:31.546 D/MS_OMX_VDEC( 1668): Allocate pBuffer[0]: 0xac2d87a8
06-27 16:36:31.546 D/MS_OMX_VDEC( 1668): Allocate pBuffer[0]: 0xac4587b0
06-27 16:36:31.546 V/MediaCodec( 1668): input buffers allocated
06-27 16:36:31.547 D/SurfaceUtils( 1668): set up nativeWindow 0xab276240 for 1280x720, color 0x32315659, rotation 0, usage 0x40002900
06-27 16:36:31.547 E/OMXNodeInstance( 1668): setParameter(53:MS.AVC.Decoder, ParamPortDefinition(0x2000001)) ERROR: BadParameter(0x80001005)
06-27 16:36:31.547 W/ACodec  ( 1668): [OMX.MS.AVC.Decoder] setting nBufferCountActual to 6 failed: -2147483648
06-27 16:36:31.547 E/OMXNodeInstance( 1668): setParameter(53:MS.AVC.Decoder, ParamPortDefinition(0x2000001)) ERROR: BadParameter(0x80001005)
06-27 16:36:31.547 W/ACodec  ( 1668): [OMX.MS.AVC.Decoder] setting nBufferCountActual to 5 failed: -2147483648
06-27 16:36:31.548 D/gralloc ( 1632): usage is GRALLOC_USAGE_AFBC_OFF!!!!!
06-27 16:36:31.548 D/gralloc ( 1632): allocate memory from system heap
06-27 16:36:31.550 D/gralloc ( 1632): usage is GRALLOC_USAGE_AFBC_OFF!!!!!
06-27 16:36:31.550 D/gralloc ( 1632): allocate memory from system heap
06-27 16:36:31.552 D/gralloc ( 1632): usage is GRALLOC_USAGE_AFBC_OFF!!!!!
06-27 16:36:31.552 D/gralloc ( 1632): allocate memory from system heap
06-27 16:36:31.552 D/NtpTrustedTime( 2310): currentTimeMillis() cache hit
06-27 16:36:31.553 D/NtpTrustedTime( 2310): currentTimeMillis() cache hit
06-27 16:36:31.553 D/NtpTrustedTime( 2310): currentTimeMillis() cache hit
06-27 16:36:31.553 D/PowerManagerService( 2310): releaseWakeLockInternal: lock=40834514 [NetworkStats], flags=0x0
06-27 16:36:31.554 D/gralloc ( 1632): usage is GRALLOC_USAGE_AFBC_OFF!!!!!
06-27 16:36:31.554 D/gralloc ( 1632): allocate memory from system heap
06-27 16:36:31.557 D/MS_OMX_VDEC( 1668): MS_SetInitParameters try main decoder
06-27 16:36:31.557 I/MSTAR_VDEC_API( 1668): Open Stream State: 11 0x0
06-27 16:36:31.557 I/MSTAR_VDEC_API( 1668): Open Stream Type: 0, pid=1668
06-27 16:36:31.557 I/MSTAR_VDEC_API( 1668): Open Stream Type: 0, pid=1668
06-27 16:36:31.557 E/Utopia  ( 1668): [MSOS][003519]     [MsOS_SHM_GetId][3519] MsOS_SHM_GetId: shared memory buffer overflow
06-27 16:36:31.557 E/Utopia  ( 1668): [VDEC][HVD][ERR]HAL_HVD_EX_Init_Share_Mem:
06-27 16:36:31.557 E/Utopia  ( 1668): [VDEC][HAL_HVD_EX_Init_Share_Mem]SHM allocation failed!!!use global structure instead!!!
06-27 16:36:31.557 D/Utopia  ( 1668): [VDEC][HAL_HVD_EX_Init_Share_Mem]Global structure exists!!!
06-27 16:36:31.557 I/Utopia  ( 1668): [VDEC]E_VDEC_EX_V2_USER_CMD_DYNAMIC_CMA_MODE 0x1
06-27 16:36:31.557 I/MSTAR_VDEC_API( 1668): [0] MApi_VDEC_EX_GetFreeStream bResult = 1
06-27 16:36:31.557 I/MSTAR_VDEC_API( 1668): no stored streamIds
06-27 16:36:31.557 I/MSTAR_VDEC_API( 1668): no stored streamIds
06-27 16:36:31.557 I/MSTAR_VDEC_API( 1668): add StreamId: 0x4040
06-27 16:36:31.558 I/TencentPlayView(24864):  seekto 0
06-27 16:36:31.558 I/TencentPlayView(24864):  start
06-27 16:36:31.558 V/MediaCodec( 1668): output buffers allocated
06-27 16:36:31.559 I/TencentPlayView(24864):  onInfo what = 25 extra =0 sFirstFrameStart = false status =UNKOWN
06-27 16:36:31.561 I/apiMMAP ( 1668): get_info: E_MMAP_ID_VDEC_FRAMEBUFFER: not fount
06-27 16:36:31.561 W/MS_LOG  ( 1668): mmapInfo == NULL
06-27 16:36:31.561 D/MSTAR_VDEC_API( 1668): pInitParam->SysConfig.u32CodeBufAddr = 23dc0000
06-27 16:36:31.561 D/MSTAR_VDEC_API( 1668): pInitParam->SysConfig.u32CodeBufSize = 10485760
06-27 16:36:31.561 D/MSTAR_VDEC_API( 1668): pInitParam->SysConfig.u32FrameBufAddr = 0
06-27 16:36:31.561 D/MSTAR_VDEC_API( 1668): pInitParam->SysConfig.u32FrameBufSize = 0
06-27 16:36:31.561 D/MSTAR_VDEC_API( 1668): pInitParam->SysConfig.u32BitstreamBufAddr = 247c0000
06-27 16:36:31.561 D/MSTAR_VDEC_API( 1668): pInitParam->SysConfig.u32BitstreamBufSize = 37748736
06-27 16:36:31.561 D/MSTAR_VDEC_API( 1668): pInitParam->SysConfig.u32DrvProcBufAddr = 247c0000
06-27 16:36:31.561 D/MSTAR_VDEC_API( 1668): pInitParam->SysConfig.u32DrvProcBufSize = 524288
06-27 16:36:31.561 D/MSTAR_VDEC_API( 1668): FrameRate from demuxer: 0 0, 0 0
06-27 16:36:31.561 I/Utopia  ( 1668): [VDEC]E_VDEC_EX_V2_USER_CMD_DYNAMIC_CMA_MODE 0x1
06-27 16:36:31.561 D/MSTAR_VDEC_API( 1668): pInitParam->VideoInfo.eTimeStampType = 0x3
06-27 16:36:31.561 D/        ( 1668): [user mode MApi_CMA_Pool_Init:222]debug
06-27 16:36:31.561 D/        ( 1668): heap_id 19 already init!
06-27 16:36:31.561 I/Utopia  ( 1668): [VDEC][VDEC][0] MApi_CMA_Pool_Init[0]: pool_handle_id=13, miu=0, offset=30800000, length=f800000 , FrameBuffer=0, unUseSize=0
06-27 16:36:31.561 D/        ( 1668): [user mode MApi_CMA_Pool_Init:222]debug
06-27 16:36:31.561 D/        ( 1668): heap_id 20 already init!
06-27 16:36:31.561 I/Utopia  ( 1668): [VDEC][VDEC][0] MApi_CMA_Pool_Init[1]: pool_handle_id=14, miu=1, offset=12000000, length=6800000 , FrameBuffer=0, unUseSize=0
06-27 16:36:31.561 D/        ( 1668): [HAL][HAL_VPU_EX_GetCMAMemSize]:[4589] total_length:260046848, cType:11, sType:2
06-27 16:36:31.561 D/        ( 1668): [HAL][HAL_VPU_EX_GetCMAMemSize]:[4598] FrameSize:136314880, offset:0, length:0 
06-27 16:36:31.561 I/Utopia  ( 1668): [VDEC][VDEC][0][CMA]u32FrameBufSize is 0
06-27 16:36:31.571 I/MiSysSrv( 1696): none MI_DBG_LVL_L in PROC_CMD_LINE!
06-27 16:36:31.571 I/MiSysSrv( 1696): none MI_DBG_LVL_H in PROC_CMD_LINE!
06-27 16:36:31.571 I/MiSysSrv( 1696): [1;32m[MI INFO]:_MI_HWCAPS_UpdateVideoCaps[602]: [HWCAPS]:Info: video caps has been updated!
06-27 16:36:31.572 I/MiSysSrv( 1696): [0m[1;31m<<<MI_ATOM_VIDEO_GetHandle[1253] Handler didn't exist!
06-27 16:36:31.572 I/MiSysSrv( 1696): [0m[1;31m[MI ERR ]: _MI_Video_CB_Task[256]: g_VideoEvt = NULL! or _bInStrStage
06-27 16:36:31.582 I/MSTAR_ADEC_API( 1668): ADEC ID 2 Reload decoder(AAC) OK !!
06-27 16:36:31.582 E/Utopia  ( 1668): [AUDIO]HAL_MAD_SetAudioParam2: DecId(1) disable Multi-Channel
06-27 16:36:31.583 I/MSTAR_ADEC_API( 1668): ID 2 MAD base=0x22100000
06-27 16:36:31.583 I/MSTAR_ADEC_API( 1668): ID 2 ES  base=0x22b20000, Size=0x20000 (131072)
06-27 16:36:31.583 I/MSTAR_ADEC_API( 1668): ID 2 PCM base=0x22d5a000, Size=0xff000 (1044480)
06-27 16:36:31.583 E/art     (24864): No implementation found for void com.tencent.p2pproxy.DownloadFacade.setPlayingState(int, int) (tried Java_com_tencent_p2pproxy_DownloadFacade_setPlayingState and Java_com_tencent_p2pproxy_DownloadFacade_setPlayingState__II)
06-27 16:36:31.584 I/MS_OMX_ADEC( 1668): Audio_Decode_Reload: IsR2Decoder is true
06-27 16:36:31.584 W/System.err(24864): java.lang.UnsatisfiedLinkError: No implementation found for void com.tencent.p2pproxy.DownloadFacade.setPlayingState(int, int) (tried Java_com_tencent_p2pproxy_DownloadFacade_setPlayingState and Java_com_tencent_p2pproxy_DownloadFacade_setPlayingState__II)
06-27 16:36:31.584 D/NuPlayerDriver( 1668): seekTo(0xabf28250) 0 ms
06-27 16:36:31.584 D/NuPlayerDriver( 1668): notifyListener_l(0xabf28250), (7, 0, 0)
06-27 16:36:31.585 V/NuPlayer( 1668): kWhatSeek seekTimeUs=0 us, needNotify=1
06-27 16:36:31.585 V/NuPlayer( 1668): performDecoderFlush audio=1, video=1 ---- enter......
06-27 16:36:31.585 V/NuPlayer( 1668): [audio] flushDecoder needShutdown=0
06-27 16:36:31.585 V/NuPlayer( 1668): [video] flushDecoder needShutdown=0
06-27 16:36:31.585 V/NuPlayer( 1668): performDecoderFlush audio=1, video=1  ---- end......
06-27 16:36:31.585 V/NuPlayer( 1668): postponing action mFlushingAudio=1, mFlushingVideo=1
06-27 16:36:31.585 V/NuPlayer( 1668): renderer audio flush completed.
06-27 16:36:31.585 V/NuPlayer( 1668): renderer video flush completed.
06-27 16:36:31.585 V/NuPlayer( 1668): decoder video flush completed
06-27 16:36:31.585 V/NuPlayer( 1668): decoder audio flush completed
06-27 16:36:31.585 V/NuPlayer( 1668): both audio and video are flushed now.
06-27 16:36:31.585 V/NuPlayer( 1668): performSeek seekTimeUs=0 us (0.00 secs)
06-27 16:36:31.585 D/HTTPLiveSource( 1668): seekTo start
06-27 16:36:31.585 D/LiveSession( 1668): onSeek  change timeUs =0 to 0 us
06-27 16:36:31.590 D/MediaHTTPConnection(24864): teardownConnection
06-27 16:36:31.591 D/MediaHTTPConnection(24864): hitting IOException http://127.0.0.1:14088/vodhls/100001/1.ts n= -1
06-27 16:36:31.591 W/MediaHTTP( 1668): hitting MediaHTTP readAt n < 0 numBytesRead= 33636
06-27 16:36:31.592 D/MediaHTTPConnection(24864): close inputstream
06-27 16:36:31.594 V/MediaCodec( 1668): receive kWhatExecutingStateNotify
06-27 16:36:31.594 V/MediaCodec( 1668): [leodragon] set CB_CODEC_EXECUTING
06-27 16:36:31.596 I/MtaSDK  (24864): [pool-15-thread-1(599): null:-1] - sendFailedCount=0
06-27 16:36:31.597 I/MtaSDK  (24864): [pool-15-thread-1(599): null:-1] - strategy=INSTANT
06-27 16:36:31.599 I/MtaSDK  (24864): [pool-20-thread-1(609): null:-1] - [http://omgmta.play.t002.ottcn.com/mstat/report/?index=1498552578]Send request(2522bytes), content:[{"ky":"ACJR7JT12C16","et":1000,"ui":"434754411","mc":"02:00:00:00:00:00","ut":0,"ia":1,"cui":"53862297cf55116","ch":"-1","av":"3.2.21.4.20","mid":"81b925bee647b68e4f529d319cc837036b8bfade","idx":15,"si":1707447019,"ts":1498552591,"dts":0,"ei":"boss_cmd_vv","kv":{"ssid":"<unknown ssid>","devid":"53862297cf55116","guid":"53862297cf55116","sta_guid":"080D3B2500E081E142ED016B562564FC","mem_available":"1764","openid":"","use_dlna":"0","disk_root_total":"1983","video_type":"3","retry_type":"0","mcc":"0","disk_external_available":"0","upc_desc":"","disk_root_available":"260","phone_dolby_level":"1","rslt":"1920*1080","vid":"j0023nodb2a","upc":"1","devtype":"2","app_ver":"V4.6.181.11242","net_type":"4","ad_use_proxy":"0","os_build_display":"MRA58K release-keys","mac":"NONE","cpu_core_num":"4","main_login":"0","phone_player_level":"21","player_retry_error_code_seq":"0","mnc":"0","network_type":"0","play_url":"http:\/\/150.138.226.23\/moviets.tc.qq.com\/exo0sxhO-wPLzKJOo3zqSuOa9zgQcKJ2E9l01g1uIA6wFBF93MA23sY-I82ZvY005-pIvKRR4Zvs7qFPEPoQQmURPSyyKieps5VsUOVMKSLr_JJyFs1AzJbQSYQQsE2p66r1PckO9FBbjrNogUHkOQ\/j0023nodb2a.320086.ts.m3u8?ver=4&hlskey=&sdtfrom=v8047&guid=080D3B2500E081E142ED016B562564FC","averageCpuUsage":"-1","getvinfo_errcode":"2","biz_type":"181","requestid":"88c4cd99-1410-4b73-9286-ffac5328be41","hot_play_flag":"0","play_serial_number":"ab766fe8-b7b4-477a-9214-ffc34d4874d5","dev_manufacturer":"Hisense","mem_total":"3581","drm_video":"0","player_type":"1","cpu_max_freq":"0","net_ok":"1","ad_report_status":"0","player_retry_times":"0","current_time":"1498552591595","cdnid":"2803","disk_internal_available":"0","source_type":"-1","play_manner":"0","imei":"NONE","ablum":"3dnq2dn9rj1kb45","dev_model":"VIDAA_TV","drm":"0","play_source":"1","qq":"","extraInfo":"{\"guid\":\"080D3B2500E081E142ED016B562564FC\",\"qua\":\"QV=1&PR=VIDEO&PT=HISENSE&CHID=10022&RL=1920*1080&VN=3.2.21&VN_CODE=1000000760&SV=6.0&DV=MSD6A938&VN_BUILD=4.20&MD=VIDAA_TV&BD=msd938&MF=VIDAA_TV&TVKPlatform=590603&PluginInfo=2.3.0.10_3010\",\"appid\":\"101226103\",\"kt_login\":\"\",\"main_login\":\"\",\"kt_license_account\":\"\",\"kt_userid\":\"\",\"openid\":\"\",\"access_token\":\"\",\"vuserid\":\"\",\"vusession\":\"\"}","sdk_package":"","disk_internal_total":"0","th3_app":"3.2.21.4.20","report_type":"12","cmd":"13","disk_external_total":"0","serial_number":"1","cpu_current_freq":"1100000","vuserid":"","play_ver":"V4.6.181.11242","market_id":"-1","os_ver":"6.0","is_vip":"0","enc":"0","play_status":"1","pay_type":"0"}}]
06-27 16:36:31.599 W/System.err(24864): 	at com.tencent.p2pproxy.DownloadFacade.setPlayingState(Native Method)
06-27 16:36:31.599 W/System.err(24864): 	at com.tencent.httpproxy.d.setPlayingState(PlayManagerImpl.java:849)
06-27 16:36:31.599 W/System.err(24864): 	at com.tencent.qqlive.mediaplayer.logic.MediaPlayerManager.seekTo(MediaPlayerManager.java:2978)
06-27 16:36:31.600 W/System.err(24864): 	at com.tencent.ktsdk.mediaplayer.KTTV_IMediaPlayerInstance.seekTo(KTTV_IMediaPlayerInstance.java:191)
06-27 16:36:31.600 W/System.err(24864): 	at com.jamdeo.tv.vod.mediaplayer.video.tencent.TencentPlayView.seek(TencentPlayView.java:750)
06-27 16:36:31.600 W/System.err(24864): 	at com.jamdeo.tv.vod.detail.plugin.view.DetailVideoFrameLayoutContainer.startPlay(DetailVideoFrameLayoutContainer.java:910)
06-27 16:36:31.600 W/System.err(24864): 	at com.jamdeo.tv.vod.detail.ContentDetailActivity.setVideoPlayStatus(ContentDetailActivity.java:2992)
06-27 16:36:31.600 D/MtaSDK  (24864): [pool-20-thread-1(609): null:-1] - before Gzip:2522 bytes, after Gzip:1366 bytes
06-27 16:36:31.600 W/System.err(24864): 	at com.jamdeo.tv.vod.detail.ContentDetailActivity.clickPlayButton(ContentDetailActivity.java:2870)
06-27 16:36:31.600 W/System.err(24864): 	at com.jamdeo.tv.vod.detail.ContentDetailActivity.access$5500(ContentDetailActivity.java:124)
06-27 16:36:31.600 W/System.err(24864): 	at com.jamdeo.tv.vod.detail.ContentDetailActivity$12.onClick(ContentDetailActivity.java:2925)
06-27 16:36:31.600 W/System.err(24864): 	at android.view.View.performClick(View.java:5198)
06-27 16:36:31.600 W/System.err(24864): 	at android.view.View.onKeyUp(View.java:9879)
06-27 16:36:31.600 W/System.err(24864): 	at android.widget.TextView.onKeyUp(TextView.java:6191)
06-27 16:36:31.600 W/System.err(24864): 	at android.view.KeyEvent.dispatch(KeyEvent.java:2889)
06-27 16:36:31.600 W/System.err(24864): 	at android.view.View.dispatchKeyEvent(View.java:9234)
06-27 16:36:31.600 W/System.err(24864): 	at android.view.ViewGroup.dispatchKeyEvent(ViewGroup.java:1640)
06-27 16:36:31.600 W/System.err(24864): 	at android.view.ViewGroup.dispatchKeyEvent(ViewGroup.java:1640)
06-27 16:36:31.600 W/System.err(24864): 	at android.view.ViewGroup.dispatchKeyEvent(ViewGroup.java:1640)
06-27 16:36:31.600 W/System.err(24864): 	at android.view.ViewGroup.dispatchKeyEvent(ViewGroup.java:1640)
06-27 16:36:31.600 W/System.err(24864): 	at android.view.ViewGroup.dispatchKeyEvent(ViewGroup.java:1640)
06-27 16:36:31.600 W/System.err(24864): 	at android.view.ViewGroup.dispatchKeyEvent(ViewGroup.java:1640)
06-27 16:36:31.600 W/System.err(24864): 	at android.view.ViewGroup.dispatchKeyEvent(ViewGroup.java:1640)
06-27 16:36:31.601 W/System.err(24864): 	at android.view.ViewGroup.dispatchKeyEvent(ViewGroup.java:1640)
06-27 16:36:31.605 W/System.err(24864): 	at android.view.ViewGroup.dispatchKeyEvent(ViewGroup.java:1640)
06-27 16:36:31.605 W/System.err(24864): 	at android.view.ViewGroup.dispatchKeyEvent(ViewGroup.java:1640)
06-27 16:36:31.605 W/System.err(24864): 	at com.android.internal.policy.PhoneWindow$DecorView.superDispatchKeyEvent(PhoneWindow.java:2395)
06-27 16:36:31.605 W/System.err(24864): 	at com.android.internal.policy.PhoneWindow.superDispatchKeyEvent(PhoneWindow.java:1727)
06-27 16:36:31.605 W/System.err(24864): 	at android.app.Activity.dispatchKeyEvent(Activity.java:2731)
06-27 16:36:31.605 W/System.err(24864): 	at com.jamdeo.tv.vod.detail.ContentDetailActivity.dispatchKeyEvent(ContentDetailActivity.java:3129)
06-27 16:36:31.606 W/System.err(24864): 	at com.android.internal.policy.PhoneWindow$DecorView.dispatchKeyEvent(PhoneWindow.java:2310)
06-27 16:36:31.606 W/System.err(24864): 	at android.view.ViewRootImpl$ViewPostImeInputStage.processKeyEvent(ViewRootImpl.java:4131)
06-27 16:36:31.606 W/System.err(24864): 	at android.view.ViewRootImpl$ViewPostImeInputStage.onProcess(ViewRootImpl.java:4093)
06-27 16:36:31.606 W/System.err(24864): 	at android.view.ViewRootImpl$InputStage.deliver(ViewRootImpl.java:3646)
06-27 16:36:31.606 W/System.err(24864): 	at android.view.ViewRootImpl$InputStage.onDeliverToNext(ViewRootImpl.java:3699)
06-27 16:36:31.606 W/System.err(24864): 	at android.view.ViewRootImpl$InputStage.forward(ViewRootImpl.java:3665)
06-27 16:36:31.606 W/System.err(24864): 	at android.view.ViewRootImpl$AsyncInputStage.forward(ViewRootImpl.java:3791)
06-27 16:36:31.606 W/System.err(24864): 	at android.view.ViewRootImpl$InputStage.apply(ViewRootImpl.java:3673)
06-27 16:36:31.606 W/System.err(24864): 	at android.view.ViewRootImpl$AsyncInputStage.apply(ViewRootImpl.java:3848)
06-27 16:36:31.606 W/System.err(24864): 	at android.view.ViewRootImpl$InputStage.deliver(ViewRootImpl.java:3646)
06-27 16:36:31.606 W/System.err(24864): 	at android.view.ViewRootImpl$InputStage.onDeliverToNext(ViewRootImpl.java:3699)
06-27 16:36:31.606 W/System.err(24864): 	at android.view.ViewRootImpl$InputStage.forward(ViewRootImpl.java:3665)
06-27 16:36:31.606 W/System.err(24864): 	at android.view.ViewRootImpl$InputStage.apply(ViewRootImpl.java:3673)
06-27 16:36:31.606 W/System.err(24864): 	at android.view.ViewRootImpl$InputStage.deliver(ViewRootImpl.java:3646)
06-27 16:36:31.606 W/System.err(24864): 	at android.view.ViewRootImpl$InputStage.onDeliverToNext(ViewRootImpl.java:3699)
06-27 16:36:31.606 W/System.err(24864): 	at android.view.ViewRootImpl$InputStage.forward(ViewRootImpl.java:3665)
06-27 16:36:31.606 W/System.err(24864): 	at android.view.ViewRootImpl$AsyncInputStage.forward(ViewRootImpl.java:3824)
06-27 16:36:31.606 W/System.err(24864): 	at android.view.ViewRootImpl$ImeInputStage.onFinishedInputEvent(ViewRootImpl.java:3985)
06-27 16:36:31.606 W/System.err(24864): 	at android.view.inputmethod.InputMethodManager$PendingEvent.run(InputMethodManager.java:2259)
06-27 16:36:31.606 W/System.err(24864): 	at android.view.inputmethod.InputMethodManager.invokeFinishedInputEventCallback(InputMethodManager.java:1880)
06-27 16:36:31.606 W/System.err(24864): 	at android.view.inputmethod.InputMethodManager.finishedInputEvent(InputMethodManager.java:1871)
06-27 16:36:31.606 W/System.err(24864): 	at android.view.inputmethod.InputMethodManager$ImeInputEventSender.onInputEventFinished(InputMethodManager.java:2236)
06-27 16:36:31.606 W/System.err(24864): 	at android.view.InputEventSender.dispatchInputEventFinished(InputEventSender.java:141)
06-27 16:36:31.606 W/System.err(24864): 	at android.os.MessageQueue.nativePollOnce(Native Method)
06-27 16:36:31.606 W/System.err(24864): 	at android.os.MessageQueue.next(MessageQueue.java:323)
06-27 16:36:31.606 W/System.err(24864): 	at android.os.Looper.loop(Looper.java:135)
06-27 16:36:31.606 W/System.err(24864): 	at android.app.ActivityThread.main(ActivityThread.java:5431)
06-27 16:36:31.606 W/System.err(24864): 	at java.lang.reflect.Method.invoke(Native Method)
06-27 16:36:31.606 W/System.err(24864): 	at com.android.internal.os.ZygoteInit$MethodAndArgsCaller.run(ZygoteInit.java:731)
06-27 16:36:31.606 W/System.err(24864): 	at com.android.internal.os.ZygoteInit.main(ZygoteInit.java:621)
06-27 16:36:31.606 I/BasePlayInfo(24864):  actionType = 16
06-27 16:36:31.606 I/BasePlayInfo(24864):  actionType = 1
06-27 16:36:31.607 V/PackageManager( 2310): getPackageInfo com.jamdeo.tv.vod: Package{b954081 com.jamdeo.tv.vod}
06-27 16:36:31.608 D/test    (24864): vidaaVersion=4.1
06-27 16:36:31.608 I/VodApplication(24864): setUiKeyWords
06-27 16:36:31.608 I/VodHttpClient(24864): get url=http://10.18.217.45/vodreporter/play?Version=1.2&PFAPPCode=1000000760&licence=youku&DeviceCode=LED55V1UCQ0000888&DeviceId=86100300900000200000060b480cc826&CustomerId=5965522&SubscriberId=13286940&paymentId=&entranceID=4002&videoId=110122189371&playType=0&mediaType=0&payType=1&entranceType=9002&EndType=0&entranceDetail=1%2C4&venderId=1011&accessoryMedia=11012218937&retentionTime=0&resolution=31&resourceType=9002&mediaId=11012218937&ActionType=1
06-27 16:36:31.608 I/VodApplication(24864): infoList = [ResolveInfo{e8662d1 com.keylab.speech.core.vidaa/com.hisense.keylab.speech.core.CoreService p=2147483647 m=0x108000}]
06-27 16:36:31.613 I/DetailVideoFrameLayoutContainer(24864): onProgress  position = 0
06-27 16:36:31.613 I/DetailVideoFrameLayoutContainer(24864): status = UNKOWN
06-27 16:36:31.613 I/DetailVideoFrameLayoutContainer(24864): BasePlayInfo.sFirstFrameStart = false
06-27 16:36:31.613 I/DetailVideoFrameLayoutContainer(24864): mIsSeekTo = false
06-27 16:36:31.613 I/DetailVideoFrameLayoutContainer(24864): mDuration = 0   Movie duration =5723000
06-27 16:36:31.613 I/TencentPlayView(24864):  logo is not show, return
06-27 16:36:31.613 W/JournalReportUtil(24864): log upload success
06-27 16:36:31.614 W/QueryController(24837): AccessibilityNodeInfo returned a null child (0 of 2)
06-27 16:36:31.615 W/QueryController(24837): parent = android.view.accessibility.AccessibilityNodeInfo@8007e824; boundsInParent: Rect(0, 0 - 370, 380); boundsInScreen: Rect(70, 905 - 440, 1080); packageName: com.jamdeo.tv.vod; className: android.widget.RelativeLayout; text: null; error: null; maxTextLength: -1; contentDescription: null; viewIdResName: null; checkable: false; checked: false; focusable: false; focused: false; selected: false; clickable: false; longClickable: false; contextClickable: false; enabled: true; password: false; scrollable: false; actions: [AccessibilityAction: ACTION_SELECT - null, AccessibilityAction: ACTION_CLEAR_SELECTION - null, AccessibilityAction: ACTION_ACCESSIBILITY_FOCUS - null, AccessibilityAction: ACTION_UNKNOWN - null]
06-27 16:36:31.617 V/MediaCodec( 1668): receive kWhatExecutingStateNotify
06-27 16:36:31.617 V/MediaCodec( 1668): [leodragon] set CB_CODEC_EXECUTING
06-27 16:36:31.618 I/MS_OMX_AACDEC( 1668): ADEC_AAC_Decode_CheckConfigData: AAC config size 2 eAACProfile=2, SmpRIndex=7, ChannelConfig=18 SmpRate=22050 !!
06-27 16:36:31.618 I/MS_OMX_AACDEC( 1668): ADEC_AAC_Decode_CheckConfigData: Decode Sample Rate(2) diff with Config Sample Rate(18) !!
06-27 16:36:31.618 I/MS_OMX_AACDEC( 1668): AAC_Decode_PreSetADTSHeader: AACStreamFormat=1
06-27 16:36:31.618 I/MS_OMX_AACDEC( 1668): AAC_Decode_PreSetADTSHeader: AACProfile=2
06-27 16:36:31.624 D/NuPlayer( 1668): rrrr audio decoder executing, canreset set true
06-27 16:36:31.624 D/NuPlayer( 1668): rrrr audio decoder executing, canreset set true
06-27 16:36:31.625 I/NuPlayerDecoder( 1668): [OMX.MS.AAC.Decoder] resubmitting CSD
06-27 16:36:31.625 I/MS_OMX_AACDEC( 1668): ADEC_AAC_Decode_CheckConfigData: AAC config size 2 eAACProfile=2, SmpRIndex=7, ChannelConfig=18 SmpRate=22050 !!
06-27 16:36:31.629 I/LiveSession( 1668): [timed_id3] i 0 UriIsSameAsIndex newUri false, http://127.0.0.1:14088/vodhls/100001/m3u8?id=100001
06-27 16:36:31.629 I/LiveSession( 1668): [timed_id3] i 1 UriIsSameAsIndex newUri false, http://127.0.0.1:14088/vodhls/100001/m3u8?id=100001
06-27 16:36:31.631 D/PlaylistFetcher( 1668): PlaylistFetcher::onDownloadNext()
06-27 16:36:31.631 D/PlaylistFetcher( 1668): fetching segment 0 from (0 .. 547)
06-27 16:36:31.631 I/PlaylistFetcher( 1668): download 'http://127.0.0.1:14088/vodhls/100001/0.ts'
06-27 16:36:31.631 W/QueryController(24837): AccessibilityNodeInfo returned a null child (1 of 2)
06-27 16:36:31.633 D/        ( 1668): [35mFunction = MApi_CMA_Pool_GetMem, Line = 347, alloc_param->virt_addr is 0xCA96B000[m
06-27 16:36:31.633 I/Utopia  ( 1668): [VDEC][VDEC][0]MApi_CMA_Pool_GetMem0: alloc_param.pool_handle_id=13, alloc_param.flags=4, alloc_param.offset_in_pool=0, alloc_param.length=8200000
06-27 16:36:31.633 D/Utopia  ( 1668): [SYS][SYS] Unknown query!
06-27 16:36:31.634 D/        ( 1668): [1;32m[HAL_VPU_EX_CPUSetting] 2509  u8MiuSel = 0  r2_miu_sel = 0x0 [m
06-27 16:36:31.634 D/MediaHTTPConnection(24864): seekTo 0
06-27 16:36:31.637 D/        ( 1668): [HAL_VPU_EX_TaskCreate][1851] create task : id 0x4040, cmd 0x40102, arg 0x100000, bbuID 0, offset 0 
06-27 16:36:31.638 D/MSTAR_VDEC_API( 1668): [Time] vdec_init: 77, ref: 80
06-27 16:36:31.638 D/MSTAR_VDEC_API( 1668): Demuxer Frame Rate = 0 0
06-27 16:36:31.638 I/apiMMAP ( 1668): get_info: E_MMAP_ID_VDEC_FRAMEBUFFER_BALANCE_BW: not fount
06-27 16:36:31.638 W/MS_LOG  ( 1668): mmapInfo == NULL
06-27 16:36:31.639 I/MS_OMX_VDEC( 1668): [OMX.MS.AVC.Decoder]MS_OMX_BufferProcess: in pause state , waiting for resume...
06-27 16:36:31.639 I/MS_OMX_VDEC( 1668): [OMX.MS.AVC.Decoder]MS_OMX_OutputBufferProcess: in pause state , waiting for resume...
06-27 16:36:31.640 I/MS_OMX_VDEC( 1668): [OMX.MS.AVC.Decoder]MS_OMX_BufferProcess: ...resumed
06-27 16:36:31.640 I/MS_OMX_VDEC( 1668): [OMX.MS.AVC.Decoder]MS_OMX_OutputBufferProcess: ...resumed
06-27 16:36:31.640 V/MediaCodec( 1668): receive kWhatExecutingStateNotify
06-27 16:36:31.640 V/MediaCodec( 1668): [leodragon] set CB_CODEC_EXECUTING
06-27 16:36:31.640 D/NuPlayer( 1668): rrrr video decoder executing, canreset set true
06-27 16:36:31.640 V/MediaCodec( 1668): receive kWhatExecutingStateNotify
06-27 16:36:31.640 V/MediaCodec( 1668): [leodragon] set CB_CODEC_EXECUTING
06-27 16:36:31.640 I/NuPlayerDecoder( 1668): [OMX.MS.AVC.Decoder] resubmitting CSD
06-27 16:36:31.641 I/NuPlayerDecoder( 1668): [OMX.MS.AVC.Decoder] resubmitting CSD
06-27 16:36:31.641 D/NuPlayer( 1668): rrrr video decoder executing, canreset set true
06-27 16:36:31.652 W/QueryController(24837): AccessibilityNodeInfo returned a null child (0 of 2)
06-27 16:36:31.652 W/QueryController(24837): parent = android.view.accessibility.AccessibilityNodeInfo@8007ebe5; boundsInParent: Rect(0, 0 - 370, 380); boundsInScreen: Rect(400, 905 - 770, 1080); packageName: com.jamdeo.tv.vod; className: android.widget.RelativeLayout; text: null; error: null; maxTextLength: -1; contentDescription: null; viewIdResName: null; checkable: false; checked: false; focusable: false; focused: false; selected: false; clickable: false; longClickable: false; contextClickable: false; enabled: true; password: false; scrollable: false; actions: [AccessibilityAction: ACTION_SELECT - null, AccessibilityAction: ACTION_CLEAR_SELECTION - null, AccessibilityAction: ACTION_ACCESSIBILITY_FOCUS - null, AccessibilityAction: ACTION_UNKNOWN - null]
06-27 16:36:31.654 W/QueryController(24837): AccessibilityNodeInfo returned a null child (1 of 2)
06-27 16:36:31.656 W/QueryController(24837): AccessibilityNodeInfo returned a null child (2 of 4)
06-27 16:36:31.656 W/QueryController(24837): parent = android.view.accessibility.AccessibilityNodeInfo@8006a90f; boundsInParent: Rect(0, 0 - 1919, 380); boundsInScreen: Rect(0, 905 - 1919, 1080); packageName: com.jamdeo.tv.vod; className: it.sephiroth.android.library.widget.HListView; text: null; error: null; maxTextLength: -1; contentDescription: null; viewIdResName: com.jamdeo.tv.vod:id/hlv_down; checkable: false; checked: false; focusable: false; focused: false; selected: false; clickable: true; longClickable: false; contextClickable: false; enabled: true; password: false; scrollable: false; actions: [AccessibilityAction: ACTION_SELECT - null, AccessibilityAction: ACTION_CLEAR_SELECTION - null, AccessibilityAction: ACTION_CLICK - null, AccessibilityAction: ACTION_ACCESSIBILITY_FOCUS - null, AccessibilityAction: ACTION_UNKNOWN - null]
06-27 16:36:31.660 W/QueryController(24837): AccessibilityNodeInfo returned a null child (3 of 4)
06-27 16:36:31.668 I/MediaPlayerMgr(24864): ## 2017-06-27 16:36:31.527 [24864,25715,:0] INFO ## [MediaPlayerMgr][SystemMediaPlayer.java]mBaseDuration=5723960
06-27 16:36:31.668 I/PlayerQualityReport(24864): ## 2017-06-27 16:36:31.528 [24864,24864,:0] INFO ## [PlayerQualityReport][]boss_cmd_vv,reportVV begin
06-27 16:36:31.668 I/NewPlayerQualityReport(24864): ## 2017-06-27 16:36:31.556 [24864,24864,:0] INFO ## [NewPlayerQualityReport][NewPlayerQualityReport.java]start
06-27 16:36:31.668 I/MediaPlayerMgr-1469170927(24864): ## 2017-06-27 16:36:31.558 [24864,24864,:0] INFO ## [MediaPlayerMgr-1469170927][MediaPlayerManager.java]start, state: STATE_RUNNING, midAdState: AD_STATE_NONE, postrollAdState: AD_STATE_NONE
06-27 16:36:31.668 I/MediaPlayerMgr-1469170927(24864): ## 2017-06-27 16:36:31.558 [24864,24864,:0] INFO ## [MediaPlayerMgr-1469170927][MediaPlayerManager.java]ResumeVideo
06-27 16:36:31.668 I/MediaPlayerMgr-1469170927(24864): ## 2017-06-27 16:36:31.558 [24864,24864,:0] INFO ## [MediaPlayerMgr-1469170927][MediaPlayerManager.java]SeekTo, state: STATE_RUNNING, postionMilsec = 0
06-27 16:36:31.668 I/MediaPlayerMgr-1469170927(24864): ## 2017-06-27 16:36:31.559 [24864,25690,:0] INFO ## [MediaPlayerMgr-1469170927][MediaPlayerManager.java]start, notify ui skip ad for vip
06-27 16:36:31.668 I/MediaPlayerMgr-1469170927(24864): ## 2017-06-27 16:36:31.560 [24864,24864,:0] INFO ## [MediaPlayerMgr-1469170927][MediaPlayerManager.java]SeekTo, position: 0, state: STATE_RUNNING
06-27 16:36:31.668 I/MediaPlayerMgr(24864): ## 2017-06-27 16:36:31.581 [24864,25715,:0] INFO ## [MediaPlayerMgr][SystemMediaPlayer.java]EventHandler msg msg.what: 4, value: 4, arg1: 0, arg2: 2
06-27 16:36:31.668 I/MediaPlayerMgr(24864): ## 2017-06-27 16:36:31.581 [24864,25715,:0] INFO ## [MediaPlayerMgr][SystemMediaPlayer.java]system player handleSeek state:STARTED, value0
06-27 16:36:31.668 I/MediaPlayerMgr(24864): ## 2017-06-27 16:36:31.581 [24864,25715,:0] INFO ## [MediaPlayerMgr][SystemMediaPlayer.java]In SysPlayer SeekTo: value= 0 mode= 2 duration= 5723960
06-27 16:36:31.668 I/PlayerQualityReport(24864): ## 2017-06-27 16:36:31.595 [24864,25480,:0] INFO ## [PlayerQualityReport][]boss_cmd_vv,reportVV before
06-27 16:36:31.668 I/PlayerQualityReport(24864): ## 2017-06-27 16:36:31.599 [24864,25480,:0] INFO ## [PlayerQualityReport][]boss_cmd_vv,reportVV after, success
06-27 16:36:31.668 I/@@@-P2P统计-@@@(24864): ## 2017-06-27 16:36:31.606 [24864,24864,:0] INFO ## [@@@-P2P统计-@@@][]拖动播放的次数=1次
06-27 16:36:31.668 I/TENCENT_AD_InternetService(24864): ## 2017-06-27 16:36:31.618 [24864,25710,:0] INFO ## [TENCENT_AD_InternetService]ping http://livep.l.t002.ottcn.com/livemsg?o=394&adtype=TK&soid=DB931F0200425952190D56780300&r90=1&l=17&refluence=17&requestl=17&tagid=0&pf=atv&si=576106250&ev=6.0.63.63&aver_flag=0&ip_filter=0&ufc_filter=0&backfunnel=401&use_axp=0&axpheader=1&vid=j0023nodb2a&live=0&aid_tpid=1&aid_tpid2=1037&aid_tpid3=10139&aid_dura=5724&aid_vid_drm=0&aid_cid_drm=0&aid_copyright=85&aid_cover=3dnq2dn9rj1kb45&aid_subtype=1048576_16_4&aid_vip_type=9&dura=5724&tpid=1&guid=080D3B2500E081E142ED016B562564FC&ty=web&coverid=3dnq2dn9rj1kb45&v=APP_AD_SDK&openudid=9e0ad9834696df8bf05349f55a851403&oadid=17&appversion=161201&lcount=1&chid=305&data=AS64N6HIoeOl%2F8hDY2NsaSncN3Vn07ebJ%2Fl46aoKoHdRMDQ1uEWeN4bjIrEtcWjiQl1qGTLijcwnrD%2BE9ywMOqXG0TlgZ9TJrsiINrVHFmqZET9ywSoVaPyixBdgj0IXzJdCByVo3dKfjZAG9M4DWy8XNm7fvvgpcV1GPN8yMLf2Fq5Q%2FJRhSbhPoLPEG%2B7OYa8HL23hqZJoLJEcMSSHKOAgov0TGXAjXv4BaeuqqQE0pvg7l9F6ML%2FVH%2F3OTvjgU3qYL%2BCFOKNHhEXEkCLyRmbKyCzloamaff5adIiaabQjCbsZ72PdprfxOSQwpVZFDuq%2FQSfzgLjpfRUUxSu9jrM1HLIdgdpdwWjNjWZAcxIKuiQ2wr9%2B36OTNoz3EsmBvKRjN3P2SBsetpCpv38q0s7C0hgJRmgiQmY9uYNQPdQg9EE5HZCUbgRVWPiMsG4QTdcDmxiU0mrvggKTIM%2Fm0mK7%2FX3WAxRrB7HJHDfJJDcY6mYhTOiIzbN7N%2FA7YYuvAFsXUUCPDJoWGsKiAapjpmLKQ5xZgVsoCoZYL%2Fv9PN0hpzCV4AIvKjMDVAbA%2BprQm2tLZp1QERUZDWzH7pIZvflnT93nW%2BPhk3kEitwXAXt2h8EibsKcLIl2VUqQamt0v0ro1EGx9k1Cif%2FXG10L24AIobg3XrtSNMi1Y1TdLzZQQATmo5j1fjOdMREAQuyRMuYGuJuGiTHekXw3yegCcw6BmYOOn2ME5BNDVULJVMPuTtLMu8jl8gw%3D succeed
06-27 16:36:31.668 I/TENCENT_AD_InternetService(24864): ## 2017-06-27 16:36:31.645 [24864,25710,:0] INFO ## [TENCENT_AD_InternetService]start ping, url:http://dp3.play.t002.ottcn.com/qqvideo/?
06-27 16:36:31.669 I/TENCENT_AD_InternetService(24864): ## 2017-06-27 16:36:31.646 [24864,25710,:0] INFO ## [TENCENT_AD_InternetService]doPostPing: {"adStat":{"tpid":"1","live":"0","mvid":"j0023nodb2a","adtt":"2109","pu":"1","videoDuration":"5724","adaptor":3,"oid":"1,1","adtype":"TL_TK","aid2oid":"245","errorcode":"101","adid":"17","merged":"0","vid2aid":"0","extra":{}},"data":"AS64N6HIoeOl\/8hDY2NsaSncN3Vn07ebJ\/l46aoKoHdRMDQ1uEWeN4bjIrEtcWjiQl1qGTLijcwnrD+E9ywMOqXG0TlgZ9TJrsiINrVHFmqZET9ywSoVaPyixBdgj0IXzJdCByVo3dKfjZAG9M4DWy8XNm7fvvgpcV1GPN8yMLf2Fq5Q\/JRhSbhPoLPEG+7OYa8HL23hqZJoLJEcMSSHKOAgov0TGXAjXv4BaeuqqQE0pvg7l9F6ML\/VH\/3OTvjgU3qYL+CFOKNHhEXEkCLyRmbKyCzloamaff5adIiaabQjCbsZ72PdprfxOSQwpVZFDuq\/QSfzgLjpfRUUxSu9jrM1HLIdgdpdwWjNjWZAcxIKuiQ2wr9+36OTNoz3EsmBvKRjN3P2SBsetpCpv38q0s7C0hgJRmgiQmY9uYNQPdQg9EE5HZCUbgRVWPiMsG4QTdcDmxiU0mrvggKTIM\/m0mK7\/X3WAxRrB7HJHDfJJDcY6mYhTOiIzbN7N\/A7YYuvAFsXUUCPDJoWGsKiAapjpmLKQ5xZgVsoCoZYL\/v9PN0hpzCV4AIvKjMDVAbA+prQm2tLZp1QERUZDWzH7pIZvfkz2DxAEjoGFJw8SnpBI9wV+ITJ5fFnQSm1vCW3\/VhXKUBHhONJw3pVyLZrctrudyjNWpnzfGsBxKErDnb5Ut9ZIMEsTU7dk8MSEuKOLrb78qNdRAdsXHrsO0yUYzQHtaS\/IpjGtBR3\/nTx7cNej+F4xMKNrXDqEOYWILkHtoiROJRGd3dJk4FQkbJBD0d6cFNSRwa2R2woVXUYoF\/V+wBT","chid":"305","pf":"atv","appversion":"161201","configversion":"-1"}
06-27 16:36:31.669 I/HLSP2P  (24864): ## 2017-06-27 16:36:31.650 [24864,25455,:0] INFO ## [HLSP2P][vod_hls_handler.cpp:39]task_id: 100001, _n: 1, uri: /vodhls/100001/0.ts
06-27 16:36:31.669 I/HLSP2P  (24864): ## 2017-06-27 16:36:31.650 [24864,25455,:0] INFO ## [HLSP2P][vod_hls_handler.cpp:398]ts_handler_request conn: 0xac063ea8 uri: /vodhls/100001/0.ts
06-27 16:36:31.669 I/HLSP2P  (24864): ## 2017-06-27 16:36:31.651 [24864,25455,:0] INFO ## [HLSP2P][vod_hls_handler.cpp:433]ts_handler_request task_id: 100001, uri: bytes=0-, filename: 0.ts, range[0, -1]
06-27 16:36:31.673 I/HLSP2P  (24864): ## 2017-06-27 16:36:31.669 [24864,25455,:0] INFO ## [HLSP2P][vod_hls_handler.cpp:514]ts_hanlder_poll TXP2P_GetTsSize task_id: 100001, filename: 0.ts, filesize: 539748
06-27 16:36:31.673 I/HLSP2P  (24864): ## 2017-06-27 16:36:31.670 [24864,25455,:0] INFO ## [HLSP2P][CacheManager.cpp:252][INFO][ReadTsData]read j0023nodb2a.320086.hls 0.ts finish, file size: 539748
06-27 16:36:31.673 I/HLSP2P  (24864): ## 2017-06-27 16:36:31.670 [24864,25455,:0] INFO ## [HLSP2P][VodCacheManager.cpp:780][DEBUG][UpdateCacheInfo]DownloadedTsCount: 2, PlayableTime = 12, PlayableTimeFromBegin = 23, PlayableTimePoint = 23
06-27 16:36:31.673 I/HLSP2P  (24864): ## 2017-06-27 16:36:31.671 [24864,25455,:0] INFO ## [HLSP2P][Task.cpp:465][INFO][CheckPreDownloadType]ReadTsData, lpszFileName: 0.ts, requestTimes: 3
06-27 16:36:31.673 I/HLSP2P  (24864): ## 2017-06-27 16:36:31.671 [24864,25455,:0] INFO ## [HLSP2P][Task.cpp:468][INFO][CheckPreDownloadType]IsNeedCheckPreDownload: 1, requestTimes: 3, sid: 0
06-27 16:36:31.673 I/HLSP2P  (24864): ## 2017-06-27 16:36:31.671 [24864,25455,:0] INFO ## [HLSP2P][Task.cpp:484][INFO][CheckPreDownloadType]PreDownloadHeadTsCount: 1
06-27 16:36:31.673 I/HLSP2P  (24864): ## 2017-06-27 16:36:31.672 [24864,25455,:0] INFO ## [HLSP2P][vod_hls_handler.cpp:581]ts_hanlder_poll TXP2P_ReadTsData Finish tsfile: 0.ts dataID: 100001 [0, 539747], nElapse: 2 ms
06-27 16:36:31.673 D/MediaHTTPConnection(24864): [Connection@58724378] response.heeader.null = HTTP/1.1 200 OK
06-27 16:36:31.673 D/MediaHTTPConnection(24864): [Connection@58724378] response.heeader.Accept-Ranges = bytes
06-27 16:36:31.674 D/MediaHTTPConnection(24864): [Connection@58724378] response.heeader.Connection = keep-alive
06-27 16:36:31.674 D/MediaHTTPConnection(24864): [Connection@58724378] response.heeader.Content-Length = 539748
06-27 16:36:31.674 D/MediaHTTPConnection(24864): [Connection@58724378] response.heeader.Content-Range = bytes 0-539747/539748
06-27 16:36:31.674 D/MediaHTTPConnection(24864): [Connection@58724378] response.heeader.Content-Type = video/MP2T
06-27 16:36:31.674 D/MediaHTTPConnection(24864): [Connection@58724378] response.heeader.X-Android-Received-Millis = 1498552591673
06-27 16:36:31.674 D/MediaHTTPConnection(24864): [Connection@58724378] response.heeader.X-Android-Response-Source = NETWORK 200
06-27 16:36:31.674 D/MediaHTTPConnection(24864): [Connection@58724378] response.heeader.X-Android-Selected-Protocol = http/1.1
06-27 16:36:31.674 D/MediaHTTPConnection(24864): [Connection@58724378] response.heeader.X-Android-Sent-Millis = 1498552591635
06-27 16:36:31.674 D/MediaHTTPConnection(24864): [Connection@58724378] mTotalSize = 539748
06-27 16:36:31.674 D/MediaHTTPConnection(24864): [Connection@58724378] getSize mTotalSize = 539748
06-27 16:36:31.678 I/TENCENT_AD_InternetService(24864): ## 2017-06-27 16:36:31.677 [24864,25504,:0] INFO ## [TENCENT_AD_InternetService]ping http://livep.l.t002.ottcn.com/livemsg?o=394&adtype=TL&soid=DB931F0200425952190D56780300&r90=1&l=17&refluence=17&requestl=17&tagid=0&pf=atv&si=576106250&ev=6.0.63.63&aver_flag=0&ip_filter=0&ufc_filter=0&backfunnel=401&use_axp=0&axpheader=1&vid=j0023nodb2a&live=0&aid_tpid=1&aid_tpid2=1037&aid_tpid3=10139&aid_dura=5724&aid_vid_drm=0&aid_cid_drm=0&aid_copyright=85&aid_cover=3dnq2dn9rj1kb45&aid_subtype=1048576_16_4&aid_vip_type=9&dura=5724&tpid=1&guid=080D3B2500E081E142ED016B562564FC&ty=web&coverid=3dnq2dn9rj1kb45&v=APP_AD_SDK&openudid=9e0ad9834696df8bf05349f55a851403&oadid=17&appversion=161201&lcount=1&chid=305&data=AS64N6HIoeOl%2F8hDY2NsaSncN3Vn07ebJ%2Fl46aoKoHdRMDQ1uEWeN4bjIrEtcWjiQl1qGTLijcwnrD%2BE9ywMOqXG0TlgZ9TJrsiINrVHFmqZET9ywSoVaPyixBdgj0IXzJdCByVo3dKfjZAG9M4DWy8XNm7fvvgpcV1GPN8yMLf2Fq5Q%2FJRhSbhPoLPEG%2B7OYa8HL23hqZJoLJEcMSSHKOAgov0TGXAjXv4BaeuqqQE0pvg7l9F6ML%2FVH%2F3OTvjgU3qYL%2BCFOKNHhEXEkCLyRmbKyCzloamaff5adIiaabQjCbsZ72PdprfxOSQwpVZFDuq%2FQSfzgLjpfRUUxSu9jrM1HLIdgdpdwWjNjWZAcxIKuiQ2wr9%2B36OTNoz3EsmBvKRjN3P2SBsetpCpv38q0s7C0hgJRmgiQmY9uYNQPdQg9EE5HZCUbgRVWPiMsG4QTdcDmxiU0mrvggKTIM%2Fm0mK7%2FX3WAxRrB7HJHDfJJDcY6mYhTOiIzbN7N%2FA7YYuvAFsXUUCPDJoWGsKiAapjpmLKQ5xZgVsoCoZYL%2Fv9PN0hpzCV4AIvKjMDVAbA%2BprQm2tLZp1QERUZDWzH7pIZvflnT93nW%2BPhk3kEitwXAXt2h8EibsKcLIl2VUqQamt0v0ro1EGx9k1Cif%2FXG10L24AIobg3XrtSNMi1Y1TdLzZQQATmo5j1fjOdMREAQuyRMuYGuJuGiTHekXw3yegCcw6BmYOOn2ME5BNDVULJVMPuTtLMu8jl8gw%3D succeed
06-27 16:36:31.691 D/ATSParser( 1668): Not discontinuity tag,should clear queue!
06-27 16:36:31.691 D/ATSParser( 1668): Not discontinuity tag,should clear queue!
06-27 16:36:31.691 I/ESQueue ( 1668): found something resembling an H.264/MPEG syncword at offset 1
06-27 16:36:31.697 I/MS_OMX_ADEC( 1668): Audio_Decode_PreprocessorInputData: startTS=0 us (0.000 secs), StartFlags=0x00000010
06-27 16:36:31.702 I/MS_OMX_ADEC( 1668): change sample rate (22050) to (44100)
06-27 16:36:31.702 I/MS_OMX_ADEC( 1668): change foramt SamplingRate 44100, Channels 2
06-27 16:36:31.703 I/MS_OMX_BASEPORT( 1668): [OMX.MS.AAC.Decoder]MS_OMX_FlushPort: 1
06-27 16:36:31.703 D/MSTAR_VDEC_API( 1668): u32SHMAddr = 0x23ebc000, u8DataOnMIU = 0x0
06-27 16:36:31.703 D/MSTAR_VDEC_API( 1668): u8AspectRate = 0x0, u32AspectWidth = 1280, u32AspectHeight = 720
06-27 16:36:31.703 D/MSTAR_VDEC_API( 1668): phyVsyncBridgeExtAddr = 0x23ebc800, u8DataOnMIU = 0x0, W/H [1280/720] CROP = [0 0 0 0]
06-27 16:36:31.703 D/MSTAR_VDEC_API( 1668): [0] Free Backup Config Data
06-27 16:36:31.703 I/ACodec  ( 1668): [OMX.MS.AAC.Decoder] Allocating 1 buffers of size 638976/638976 (from 638976 using Invalid) on output port
06-27 16:36:31.704 V/MediaCodec( 1668): output buffers allocated
06-27 16:36:31.705 V/MediaCodec( 1668): receive kWhatExecutingStateNotify
06-27 16:36:31.705 V/MediaCodec( 1668): [leodragon] set CB_CODEC_EXECUTING
06-27 16:36:31.705 D/NuPlayer( 1668): rrrr audio decoder executing, canreset set true
06-27 16:36:31.720 D/MS_OMX_ADEC( 1668): FormatConfirm=1, FormatChange=1
06-27 16:36:31.720 V/MediaCodec( 1668): codec output format changed
06-27 16:36:31.720 D/LiveSession( 1668): LiveSession::getStreamFormat StreamType =2,mStreamMask =3
06-27 16:36:31.720 V/APM::AudioPolicyManager( 1668): getOutput() device 2, stream 3, samplingRate 0, format 0, channelMask 3, flags 0
06-27 16:36:31.720 V/APM::AudioPolicyManager( 1668):   getOutputForDevice() returns output 2
06-27 16:36:31.720 V/APM::AudioPolicyManager( 1668): getOutput() device 2, stream 3, samplingRate 0, format 0, channelMask 3, flags 0
06-27 16:36:31.720 V/APM::AudioPolicyManager( 1668):   getOutputForDevice() returns output 2
06-27 16:36:31.720 V/APM::AudioPolicyManager( 1668): getOutputForAttr() usage=1, content=2, tag= flags=00000000 session 35 selectedDeviceId 0
06-27 16:36:31.720 V/APM::AudioPolicyManager( 1668): getOutputForAttr() device 0x2, samplingRate 44100, format 1, channelMask 3, flags 0
06-27 16:36:31.721 V/APM::AudioPolicyManager( 1668):   getOutputForDevice() returns output 2
06-27 16:36:31.721 V/APM::AudioPolicyManager( 1668): startOutput() output 2, stream 3, session 35
06-27 16:36:31.721 V/APM::AudioPolicyManager( 1668): setBeaconMute(1) mBeaconMuteRefCount=1 mBeaconPlayingRefCount=0
06-27 16:36:31.721 V/APM::AudioPolicyManager( 1668): getNewOutputDevice() selected device 2
06-27 16:36:31.721 V/APM::AudioPolicyManager( 1668): setOutputDevice() device 0002 delayMs 0
06-27 16:36:31.721 V/APM::AudioPolicyManager( 1668): setOutputDevice() prevDevice 0x0002
06-27 16:36:31.721 V/APM::AudioPolicyManager( 1668): setOutputDevice() changing device
06-27 16:36:31.721 V/AudioPolicyService( 1668): AudioCommandThread() adding create patch delay 0
06-27 16:36:31.721 V/AudioPolicyService( 1668): inserting command: 7 at index 0, num commands 0
06-27 16:36:31.721 V/AudioPolicyService( 1668): AudioCommandThread() waking up
06-27 16:36:31.722 V/AudioPolicyService( 1668): AudioCommandThread() processing create audio patch
06-27 16:36:31.727 I/audio_hw_primary( 1668): adev_create_audio_patch::mix->device 
06-27 16:36:31.727 V/AudioPolicyService( 1668): AudioCommandThread() going to sleep
06-27 16:36:31.727 V/APM::AudioPolicyManager( 1668): setOutputDevice() createAudioPatch returned 0 patchHandle 36num_sources 1 num_sinks 1
06-27 16:36:31.727 V/AudioPolicyService( 1668): AudioCommandThread() adding update audio patch list
06-27 16:36:31.727 V/AudioPolicyService( 1668): inserting command: 10 at index 0, num commands 0
06-27 16:36:31.728 V/AudioPolicyService( 1668): AudioCommandThread() adding set volume stream 0, volume 0.063096, output 2
06-27 16:36:31.728 V/AudioPolicyService( 1668): inserting command: 2 at index 0, num commands 0
06-27 16:36:31.728 V/AudioPolicyService( 1668): AudioCommandThread() waking up
06-27 16:36:31.728 V/AudioPolicyService( 1668): AudioCommandThread() processing update audio patch list
06-27 16:36:31.728 V/AudioPolicyService( 1668): AudioCommandThread() waking up
06-27 16:36:31.728 V/AudioPolicyService( 1668): AudioCommandThread() processing set volume stream 0,                             volume 0.063096, output 2
06-27 16:36:31.728 V/AudioPolicyService( 1668): AudioCommandThread() going to sleep
06-27 16:36:31.728 V/AudioPolicyService( 1668): AudioCommandThread() going to sleep
06-27 16:36:31.728 V/AudioPolicyService( 1668): AudioCommandThread() adding set volume stream 1, volume 0.000000, output 2
06-27 16:36:31.728 V/AudioPolicyService( 1668): inserting command: 2 at index 0, num commands 0
06-27 16:36:31.728 V/AudioPolicyService( 1668): AudioCommandThread() waking up
06-27 16:36:31.728 V/AudioPolicyService( 1668): AudioCommandThread() processing set volume stream 1,                             volume 0.000000, output 2
06-27 16:36:31.728 V/AudioPolicyService( 1668): AudioCommandThread() going to sleep
06-27 16:36:31.728 V/AudioPolicyService( 1668): AudioCommandThread() adding set volume stream 2, volume 0.000000, output 2
06-27 16:36:31.728 V/AudioPolicyService( 1668): inserting command: 2 at index 0, num commands 0
06-27 16:36:31.728 V/AudioPolicyService( 1668): AudioCommandThread() waking up
06-27 16:36:31.728 V/AudioPolicyService( 1668): AudioCommandThread() processing set volume stream 2,                             volume 0.000000, output 2
06-27 16:36:31.728 V/AudioPolicyService( 1668): AudioCommandThread() going to sleep
06-27 16:36:31.728 V/AudioPolicyService( 1668): AudioCommandThread() adding set parameter string spk_volume=0, io 0 ,delay 0
06-27 16:36:31.728 V/AudioPolicyService( 1668): inserting command: 3 at index 0, num commands 0
06-27 16:36:31.728 V/AudioPolicyService( 1668): AudioCommandThread() waking up
06-27 16:36:31.728 V/AudioPolicyService( 1668): AudioCommandThread() processing set parameters string spk_volume=0, io 0
06-27 16:36:31.728 D/audio_hw_raw( 1668): adev_set_parameters: spk_volume=0
06-27 16:36:31.728 V/AudioPolicyService( 1668): AudioCommandThread() going to sleep
06-27 16:36:31.729 V/AudioPolicyService( 1668): AudioCommandThread() adding set volume stream 3, volume 1.000000, output 2
06-27 16:36:31.729 V/AudioPolicyService( 1668): inserting command: 2 at index 0, num commands 0
06-27 16:36:31.729 V/AudioPolicyService( 1668): AudioCommandThread() waking up
06-27 16:36:31.729 V/AudioPolicyService( 1668): AudioCommandThread() processing set volume stream 3,                             volume 1.000000, output 2
06-27 16:36:31.729 V/AudioPolicyService( 1668): AudioCommandThread() going to sleep
