06-27 16:36:32.042 I/MiSysSrv( 1696): [XC,Cropping][_MDrv_SC_set_fetch_number_limit_impl, 8331] preview =>WritelimitBase[0][0] = (MS_IPM_BASE0[0]=700000) + (((u32Offset[3000000] + 0xF) & ~0xFL) * 3 / BYTE_PER_WORD)
06-27 16:36:32.042 I/MiSysSrv( 1696): [XC,Cropping][_MDrv_SC_set_fetch_number_limit_impl, 8341] =>WritelimitBase[a00000] = (MS_IPM_BASE0[0]=700000) + (((u32Offset[3000000] + 0xF) & ~0xFL) * 2 / BYTE_PER_WORD)
06-27 16:36:32.042 I/MiSysSrv( 1696): [XC,Cropping][_MDrv_SC_set_fetch_number_limit_impl, 8343] => u32WritelimitBase[809fffff] = (u32WritelimitBase - 1) | 0x2000000
06-27 16:36:32.042 I/MiSysSrv( 1696): [XC,Cropping][_MDrv_SC_set_fetch_number_limit_impl, 8490] Crop info: (x,y)=(0,0),(width,height)=(1280,720), interlaced = 0
06-27 16:36:32.042 I/MiSysSrv( 1696): [XC,Cropping][_MDrv_SC_set_fetch_number_limit_impl, 8687] Crop total offset pixel counts 0
06-27 16:36:32.043 I/MiSysSrv( 1696): [XC,Cropping][_MDrv_SC_set_fetch_number_limit_impl, 8692] Crop info: (x,y)=(0,0),(width,height)=(1280,720), interlaced = 0
06-27 16:36:32.043 I/MiSysSrv( 1696): [XC,Cropping][_MDrv_SC_set_fetch_number_limit_impl, 8722] LB offset 0, Pixel offset 0 Alighment: 64 bytes 
06-27 16:36:32.043 I/MiSysSrv( 1696): [XC,Cropping][_MDrv_SC_set_fetch_number_limit_impl, 8725] eFrameStoreNumber 102
06-27 16:36:32.043 I/MiSysSrv( 1696): [XC,Cropping][_MDrv_SC_set_fetch_number_limit_impl, 8733] bLinearMode = FALSE
06-27 16:36:32.043 I/MiSysSrv( 1696): [XC,Cropping][_MDrv_SC_set_fetch_number_limit_impl, 8737] Crop total offset pixel counts for field/frame 0 (eFrameStoreNumber: 102)
06-27 16:36:32.043 I/MiSysSrv( 1696): [XC,Cropping][_MDrv_SC_set_fetch_number_limit_impl, 8756] f.LineBuf offset 0, OPMOffset 0x0
06-27 16:36:32.043 I/MiSysSrv( 1696): [XC,Cropping][_MDrv_SC_set_fetch_number_limit_impl, 8994] f1. u16OPMFetch after alignment 1344, lboffset 0 
06-27 16:36:32.043 I/MiSysSrv( 1696): [XC,Cropping][_MDrv_SC_set_fetch_number_limit_impl, 9013] h.=> u32OPMBase0,1=700000,880000 -> +u32OPMCropOffset[0] =[XC,Cropping][_MDrv_SC_set_fetch_number_limit_impl, 9015] 0:700000 
06-27 16:36:32.044 I/MiSysSrv( 1696): [XC,Cropping][_MDrv_SC_set_fetch_number_limit_impl, 9017] 1:880000 
06-27 16:36:32.044 I/MiSysSrv( 1696): [XC,Cropping][_MDrv_SC_set_fetch_number_limit_impl, 9019] 2:700000 
06-27 16:36:32.044 I/MiSysSrv( 1696): [XC,Cropping][_MDrv_SC_set_fetch_number_limit_impl, 9263] Final DNR Offset/Fetch=0xf00, 0xf00, OPM Offset/Fetch=0xf00, 0x540, V_Length=0x2d0
06-27 16:36:32.044 I/MiSysSrv( 1696): [XC,Cropping][_MDrv_SC_set_fetch_number_limit_impl, 9279] Final u32DNRBase0/1/2=0x700000, 0x880000, 0x700000, u32OPMBase0/1/2=0x700000, 0x880000, 0x700000
06-27 16:36:32.044 I/MiSysSrv( 1696): [XC,Cropping][_MDrv_SC_set_fetch_number_limit_impl, 9282] ---------------------------------------------------
06-27 16:36:32.045 I/MiSysSrv( 1696): [XC,SetWindow][_MApi_XC_SetWindow, 5342] Physical DispWin HStart:  110  HEnd: 3949  Vstart:    8  VEnd: 2167 
06-27 16:36:32.045 I/MiSysSrv( 1696): [XC,SetWindow][Hal_SC_sw_db, 1656] [Hal_SC_sw_db, 1656] [DS] bDynamicScalingEnable0  
06-27 16:36:32.045 I/MiSysSrv( 1696): [XC,SetWindow][MDrv_XC_3D_LoadReg,15818] Windows[0] eInputMode=16, eOutputMode=0, b3Dstate=0
06-27 16:36:32.045 I/MiSysSrv( 1696): [XC,SetWindow][MDrv_XC_FRC_Set_Input3DFormat,  782] FRC Input 3D Type= 16
06-27 16:36:32.046 I/MiSysSrv( 1696): [XC,LPLL][MDrv_SC_IsForceFreerun, 1890] MDrv_SC_IsForceFreerun = 0
06-27 16:36:32.046 I/MiSysSrv( 1696): [XC,SetWindow][MApi_XC_SetWindow_U2, 5943] ============= SetWindow Done (Window : 0, src: 34) =============
06-27 16:36:32.047 I/MiSysSrv( 1696): [XC,LPLL][MDrv_SC_set_fpll, 1197] MDrv_SC_set_fpll(0,0)
06-27 16:36:32.047 I/MiSysSrv( 1696): [XC,LPLL][MDrv_SC_set_fpll, 1198] u32OrigLPLL = 253c82
06-27 16:36:32.047 I/MiSysSrv( 1696): [XC,LPLL][MDrv_SC_set_fpll, 1223] u32OrigLPLL = 253c82, L_BK_LPLL(0x0F) = 253c82
06-27 16:36:32.047 I/MiSysSrv( 1696): [XC,LPLL][MDrv_XC_FPLL_IsSupportLockFreqOnly, 3832] [MDrv_XC_FPLL_IsSupportLockFreqOnly][3832]gSrcInfo[MAIN_WINDOW].bFBL= 0
06-27 16:36:32.047 I/MiSysSrv( 1696): [XC,LPLL][MDrv_XC_FPLL_IsSupportLockFreqOnly, 3833] [MDrv_XC_FPLL_IsSupportLockFreqOnly][3833]gSrcInfo[MAIN_WINDOW].bR_FBL= 0
06-27 16:36:32.047 I/MiSysSrv( 1696): [XC,LPLL][MDrv_XC_FPLL_IsSupportLockFreqOnly, 3834] [MDrv_XC_FPLL_IsSupportLockFreqOnly][3834]gSrcInfo[MAIN_WINDOW].Status2.eMirrorMode= 0
06-27 16:36:32.047 I/MiSysSrv( 1696): [XC,LPLL][MDrv_XC_FPLL_IsSupportLockFreqOnly, 3835] [MDrv_XC_FPLL_IsSupportLockFreqOnly][3835]pXCResourcePrivate->stdrvXC_Display._bForceFreerun= 0
06-27 16:36:32.047 I/MiSysSrv( 1696): [XC,LPLL][MDrv_XC_FPLL_IsSupportLockFreqOnly, 3864]  IsSupportLockFreqOnly= 1
06-27 16:36:32.047 I/MiSysSrv( 1696): [XC,LPLL][_MApi_XC_FPLL_EnableLcokFreqOnly, 3758] [_MApi_XC_FPLL_EnableLcokFreqOnly][3758]feature is 0
06-27 16:36:32.047 I/MiSysSrv( 1696): [XC,LPLL][MDrv_Scaler_SetPhaseLimit, 3176] Phase Limit = 0x900
06-27 16:36:32.047 I/MiSysSrv( 1696): [XC,SetWindow][MDrv_SC_3D_IsOutputVfreq48hz,  349] @@ gSrcInfo[eWindow].stCapWin.height=2160, Input Vfreq=250
06-27 16:36:32.047 I/MiSysSrv( 1696): [XC,LPLL][MDrv_SC_Cal_FRC_Output_Vfreq,  813] u16DefaultVFreq = 600, u16InputVFreq =250
06-27 16:36:32.047 I/MiSysSrv( 1696): [XC,SetWindow][MDrv_SC_3D_IsOutputVfreq48hz,  349] @@ gSrcInfo[eWindow].stCapWin.height=2160, Input Vfreq=250
06-27 16:36:32.047 I/MiSysSrv( 1696): [XC,LPLL][MDrv_SC_Handle_Special_FRCTbl,  567] @@@ bIsOutput48hz = FALSE
06-27 16:36:32.047 I/MiSysSrv( 1696): [XC,LPLL][MDrv_SC_Handle_Special_FRCTbl,  604] u16DefaultVFreq=600, u8Ratio = 1
06-27 16:36:32.047 I/MiSysSrv( 1696): [XC,LPLL][MDrv_SC_Cal_FRC_Output_Vfreq,  827] InputV = 250, Tbl[1] = (160, 210)(1, 3)
06-27 16:36:32.047 I/MiSysSrv( 1696): [XC,LPLL][MDrv_SC_Cal_FRC_Output_Vfreq,  827] InputV = 250, Tbl[2] = (210, 245)(2, 5)
06-27 16:36:32.047 I/MiSysSrv( 1696): [XC,LPLL][MDrv_SC_Cal_FRC_Output_Vfreq,  827] InputV = 250, Tbl[3] = (245, 260)(1, 2)
06-27 16:36:32.047 I/MiSysSrv( 1696): [XC,LPLL][MDrv_SC_Cal_FRC_Output_Vfreq,  859] u16DefaultVFreq=600,u8FrcOut = 2, u16OutputVFreq = 500
06-27 16:36:32.047 I/MiSysSrv( 1696): [XC,LPLL][MDrv_SC_Cal_FRC_Output_Vfreq,  885] u16DefaultVFreq=600,u8FrcOut = 2, u16OutputVFreq = 500
06-27 16:36:32.047 I/MiSysSrv( 1696): [XC,LPLL][MDrv_SC_Cal_FRC_Output_Vfreq, 1033] u16DefaultVFreq=600,Final u8FrcOut = 2, u16OutputVFreq = 500
06-27 16:36:32.047 I/MiSysSrv( 1696): [XC,LPLL][MDrv_SC_Cal_FRC_Output_Vfreq, 1143] Frame Lock = True
06-27 16:36:32.047 I/MiSysSrv( 1696): [XC,LPLL][MApi_XC_SetPanelTiming_FSM, 5021] FSM: _u16OutputVFreqAfterFRC = 500
06-27 16:36:32.047 I/MiSysSrv( 1696): [XC,LPLL][MApi_XC_SetPanelTiming_FSM, 5059] u32HighAccurateInputVFreq = 50000
06-27 16:36:32.047 I/MiSysSrv( 1696): [XC,LPLL][MDrv_SC_set_Htt_Vtt, 2434] Default SyncWidth/back porch: H=30,80,V=2,88, Old Htt/Vtt=4400,2250
06-27 16:36:32.048 I/MiSysSrv( 1696): [XC,LPLL][_MDrv_XC_GetExPanelInfo, 2008] u16VFreq=500
06-27 16:36:32.048 I/MiSysSrv( 1696): [XC,LPLL][MDrv_SC_set_Htt_Vtt, 2459] PanelInfoEx: NO, org htt=4400, vtt=2250, vfreq=600; HighAccurateVFreq=500; Output Vfreq=50000, Mode=2
06-27 16:36:32.048 I/MiSysSrv( 1696): [XC,LPLL][MDrv_SC_adjust_output_htt_vtt, 1285] default Htt=4400, Vtt=2250, VFreq=600, dclk=594000000
06-27 16:36:32.048 I/MiSysSrv( 1696): [XC,LPLL][MDrv_SC_adjust_output_htt_vtt, 1292] 1.Htt=4400, Vtt=2250, VFreq=500, dclk=65503270
06-27 16:36:32.048 I/MiSysSrv( 1696): [XC,LPLL][MDrv_SC_adjust_output_htt_vtt, 1313] 2.Adjusted Htt=4400, Vtt=2700, VFreq=500, dclk=164503270
06-27 16:36:32.048 I/MiSysSrv( 1696): [XC,LPLL][MDrv_SC_set_Htt_Vtt, 2590] new htt=4400, vtt=2700, vfreq=500
06-27 16:36:32.048 I/MiSysSrv( 1696): [XC,LPLL][_MDrv_XC_SetHttVtt_Steply, 1481] SetHttVtt Steply: Mode=2, Value=2700, Step=1, Delay=1
06-27 16:36:32.048 I/MiSysSrv( 1696): [XC,LPLL][_MDrv_XC_SetHttVtt_Steply, 1636]  -> 2699
06-27 16:36:32.074 I/MiSysSrv( 1696): [XC,LPLL][MDrv_SC_set_Htt_Vtt, 2739] Htt_out, Vtt_out= 4400 , 2700
06-27 16:36:32.074 I/MiSysSrv( 1696): [XC,LPLL][MDrv_SC_set_Htt_Vtt, 2754] Set Vtt_out to TGEN, Vtt_out= 2700 
06-27 16:36:32.074 I/MiSysSrv( 1696): @@@ 4K2K patch for VTrigX/VtrigY tunning
06-27 16:36:32.074 I/MiSysSrv( 1696): [XC,LPLL][MDrv_FRC_Tx_SetTgen,  226] pPanelInfo->u16VTotal = 2700
06-27 16:36:32.074 I/MiSysSrv( 1696): [XC,LPLL][MDrv_FRC_Tx_SetTgen,  227] pPanelInfo->u16HTotal = 4400
06-27 16:36:32.074 I/MiSysSrv( 1696): [XC,LPLL][MDrv_FRC_Tx_SetTgen,  228] pPanelInfo->u16DE_VStart = 8
06-27 16:36:32.074 I/MiSysSrv( 1696): [XC,LPLL][MDrv_FRC_Tx_SetTgen,  229] pPanelInfo->u16Height = 2160
06-27 16:36:32.074 I/MiSysSrv( 1696): [XC,LPLL][MDrv_FRC_Tx_SetTgen,  230] pPanelInfo->u16HStart = 110
06-27 16:36:32.074 I/MiSysSrv( 1696): [XC,LPLL][MDrv_FRC_Tx_SetTgen,  231] pPanelInfo->u16u16Width = 3840
06-27 16:36:32.074 I/MiSysSrv( 1696): [XC,LPLL][MDrv_FRC_Tx_SetTgen,  232] pPanelInfo->u16HSyncStart = 0, pPanelInfo->u16HSyncEnd = 30
06-27 16:36:32.074 I/MiSysSrv( 1696): [XC,LPLL][MDrv_FRC_Tx_SetTgen,  233] pPanelInfo->u16VSyncStart = 2602, pPanelInfo->u16VSyncEnd = 2604
06-27 16:36:32.074 I/MiSysSrv( 1696): [XC,LPLL][MDrv_FRC_Tx_SetTgen,  234] pPanelInfo->u16VTrigY = 2610
06-27 16:36:32.074 I/MiSysSrv( 1696): [XC,LPLL][MDrv_FRC_Tx_SetTgen,  235] pPanelInfo->u16VTrigX = 366
06-27 16:36:32.077 I/MiSysSrv( 1696): [XC,SetWindow][MHal_XC_PixelShiftStatusChange,10217] enStatus: 3, psXCInstPri->u32DeviceID: 0.
06-27 16:36:32.077 I/MiSysSrv( 1696): [XC,SetWindow][MHal_XC_PixelShiftStatusChange,10309] gu16VPixelShiftRange: 0.
06-27 16:36:32.077 I/MiSysSrv( 1696): [XC,SetWindow][MHal_XC_PixelShiftStatusChange,10310] _eInput3DMode: 16.
06-27 16:36:32.077 I/MiSysSrv( 1696): [XC,SetWindow][MHal_XC_PixelShiftStatusChange,10311] _eOutput3DMode: 0.
06-27 16:36:32.077 I/MiSysSrv( 1696): [XC,SetWindow][MHal_XC_PixelShiftStatusChange,10312] ByPass EN_XC_PIXEL_SHIFT_FORCE_UPDATE.
06-27 16:36:32.082 I/HLSP2P  (24864): ## 2017-06-27 16:36:32.063 [24864,25459,:0] INFO ## [HLSP2P][HLSVodScheduler.cpp:415][INFO][OnSchedule]P2PKey: j0023nodb2a.320086.hls, taskID:100001, WatchTime: 2, RemainTime(0, 12), P2PTime(90, 120), Speed(2305.66KB/S, 0.00KB/S), MemInfo(0MB, 1728MB), CodeRate: 47
06-27 16:36:32.083 I/HLSP2P  (24864): ## 2017-06-27 16:36:32.064 [24864,25459,:0] INFO ## [HLSP2P][HLSVodScheduler.cpp:614][INFO][FastDownload]P2PKey: j0023nodb2a.320086.hls, taskID: 100001, http[0] is busy, return false
06-27 16:36:32.084 I/HLSP2P  (24864): ## 2017-06-27 16:36:32.065 [24864,25460,:0] INFO ## [HLSP2P][VodCacheManager.cpp:780][DEBUG][UpdateCacheInfo]DownloadedTsCount: 3, PlayableTime = 23, PlayableTimeFromBegin = 34, PlayableTimePoint = 34
06-27 16:36:32.084 I/HLSP2P  (24864): ## 2017-06-27 16:36:32.065 [24864,25460,:0] INFO ## [HLSP2P][VodCacheManager.cpp:687][INFO][SaveToFile]P2PKey: j0023nodb2a.320086.hls, ts[2] save to memory ok, Memory(3MB, 30MB), Cache(0MB, 0MB), NeedVodCache: 0, IsOffline: 0, Platform: 590603
06-27 16:36:32.085 I/HLSP2P  (24864): ## 2017-06-27 16:36:32.068 [24864,25460,:0] INFO ## [HLSP2P][HttpDownloader.cpp:344][DEBUG][HandleRecvData]http[0] download complete, content-length: 2255812, elapse: 968 ms, keep-alive: true
06-27 16:36:32.086 I/HLSP2P  (24864): ## 2017-06-27 16:36:32.069 [24864,25460,:0] INFO ## [HLSP2P][HLSVodScheduler.cpp:806][INFO][OnHttpComplete]P2PKey: j0023nodb2a.320086.hls, http[0] download ts(2) complete, nDownloaded: 2255812, nElapse: 968 ms, avgSpeed: 2275.39 KB/S, safeAvgSpeed: 2004KB/S, TsCompletePercent: 100
06-27 16:36:32.096 I/MiSysSrv( 1696): time out, wait 5 vsync to timeout!
06-27 16:36:32.096 I/MiSysSrv( 1696): [XC,LPLL][MDrv_SC_Set_LockFreeze_Point, 3109] LockPoint= 0x87A (2170)
06-27 16:36:32.097 I/MiSysSrv( 1696): [XC,LPLL][MDrv_SC_set_output_dclk, 6560] **** SetOutputDclk u16VFreq=500 ***
06-27 16:36:32.097 I/MiSysSrv( 1696): [XC,LPLL][MDrv_SC_set_output_dclk, 6561] **** SetOutputDclk u32AdjHighAccurateVFreq=50000 ***
06-27 16:36:32.097 I/MiSysSrv( 1696): [XC,LPLL][MDrv_SC_set_output_dclk, 6564] DefaultPanelInfo: MinSET = 0x1725d1, MaxSET = 0x1765d1
06-27 16:36:32.097 I/MiSysSrv( 1696): [XC,LPLL][MDrv_SC_set_output_dclk, 6584] g_XC_InitData.stPanelInfo.eLPLL_Type.eLPLL_Type=51, g_XC_InitData.stPanelInfo.eLPLL_Type.eLPLL_Mode=1
06-27 16:36:32.098 I/MiSysSrv( 1696): [XC,LPLL][_MDrv_XC_GetExPanelInfo, 2008] u16VFreq=500
06-27 16:36:32.098 I/MiSysSrv( 1696): @@11=6
06-27 16:36:32.098 I/MiSysSrv( 1696): @@11=6
06-27 16:36:32.098 I/MiSysSrv( 1696): @@11=6
06-27 16:36:32.098 I/MiSysSrv( 1696): @@11=6
06-27 16:36:32.098 I/MiSysSrv( 1696): [XC,LPLL][MDrv_SC_set_output_dclk, 6636] u32PllSet = 0x253c82, u32UpBound = 0x256fb4, u32LowBound = 0x25094e
06-27 16:36:32.098 I/MiSysSrv( 1696): [XC,LPLL][MDrv_SC_set_output_dclk, 6637] u32HighAccuratePllSet = 0x253c82, u32UpBound = 0x256fb4, u32LowBound = 0x25094e
06-27 16:36:32.098 I/MiSysSrv( 1696): [XC,LPLL][MDrv_SC_set_output_dclk, 6640] User forces Enable=1, LPLL limit=0x1600
06-27 16:36:32.098 I/MiSysSrv( 1696): [XC,LPLL][MDrv_SC_Set_Output_Dclk_Slowly, 3276] SetDCLK: Steps=1, DelayMs=0
06-27 16:36:32.100 D/DtvSourcePlugin-DTMB( 3472): Setting the EPG Updater state to: WAIT
06-27 16:36:32.111 I/System.out(24864): 100
06-27 16:36:32.111 I/VodApplication(24864): 前台 = com.jamdeo.tv.vod
06-27 16:36:32.111 I/VodApplication(24864): setUiKeyWords vod in foreground
06-27 16:36:32.111 D/speech_AiCoreTarget(24864): setUICmdsListener!
06-27 16:36:32.111 D/speech_CoreService( 3956): IAPPListener setListener!
06-27 16:36:32.112 D/speech_AiCoreTarget(24864): set APPListener!
06-27 16:36:32.112 I/VodApplication(24864): setUICmdsListener return true
06-27 16:36:32.116 I/MiSysSrv( 1696): [XC,LPLL][MDrv_SC_Set_Output_Dclk_Slowly, 3317] Direct set to 0x253c82
06-27 16:36:32.116 I/MiSysSrv( 1696): [XC,LPLL][MDrv_SC_set_output_dclk, 6663] **** SetOutputDclk-Normal CLK=5940000000, Set=0x253C82***
06-27 16:36:32.116 I/MiSysSrv( 1696): @@11=6
06-27 16:36:32.116 I/MiSysSrv( 1696): @@11=6
06-27 16:36:32.116 I/MiSysSrv( 1696): [XC,LPLL][MHal_XC_Calc_IGainPGain, 6659] MM=36,u8LGain1=32,Htt=4400,Vtt=2700,Ovs=2,Vco=10,i_gain=0,REGIg=5,u32XTAL_Clock=24000000
06-27 16:36:32.116 I/MiSysSrv( 1696): [XC,LPLL][MHal_XC_Calc_IGainPGain, 6665] new i_gain=1
06-27 16:36:32.116 I/MiSysSrv( 1696): [XC,LPLL][MHal_XC_Calc_IGainPGain, 6676] ==>LG1=32,iGain=1,I=2,P=3
06-27 16:36:32.116 I/MiSysSrv( 1696): [XC,LPLL][_MDrv_Scaler_SetIGainPGain, 2223] REG_IGain= 0x4 (4)
06-27 16:36:32.117 I/MiSysSrv( 1696): [XC,LPLL][_MDrv_Scaler_SetIGainPGain, 2224] REG_PGain= 0x5 (5)
06-27 16:36:32.117 I/MiSysSrv( 1696): [XC,LPLL][MDrv_XC_FPLL_IsSupportLockFreqOnly, 3832] [MDrv_XC_FPLL_IsSupportLockFreqOnly][3832]gSrcInfo[MAIN_WINDOW].bFBL= 0
06-27 16:36:32.117 I/MiSysSrv( 1696): [XC,LPLL][MDrv_XC_FPLL_IsSupportLockFreqOnly, 3833] [MDrv_XC_FPLL_IsSupportLockFreqOnly][3833]gSrcInfo[MAIN_WINDOW].bR_FBL= 0
06-27 16:36:32.117 I/MiSysSrv( 1696): [XC,LPLL][MDrv_XC_FPLL_IsSupportLockFreqOnly, 3834] [MDrv_XC_FPLL_IsSupportLockFreqOnly][3834]gSrcInfo[MAIN_WINDOW].Status2.eMirrorMode= 0
06-27 16:36:32.117 I/MiSysSrv( 1696): [XC,LPLL][MDrv_XC_FPLL_IsSupportLockFreqOnly, 3835] [MDrv_XC_FPLL_IsSupportLockFreqOnly][3835]pXCResourcePrivate->stdrvXC_Display._bForceFreerun= 0
06-27 16:36:32.117 I/MiSysSrv( 1696): [XC,LPLL][MDrv_XC_FPLL_IsSupportLockFreqOnly, 3864]  IsSupportLockFreqOnly= 1
06-27 16:36:32.117 I/MiSysSrv( 1696): [XC,LPLL][MDrv_SC_set_fpll, 1197] MDrv_SC_set_fpll(1,0)
06-27 16:36:32.117 I/MiSysSrv( 1696): [XC,LPLL][MDrv_SC_set_fpll, 1198] u32OrigLPLL = 253c82
06-27 16:36:32.117 I/MiSysSrv( 1696): [XC,LPLL][MDrv_SC_set_fpll, 1223] u32OrigLPLL = 253c82, L_BK_LPLL(0x0F) = 253c82
06-27 16:36:32.117 I/MiSysSrv( 1696): [XC,LPLL][MDrv_XC_FPLL_IsSupportLockFreqOnly, 3832] [MDrv_XC_FPLL_IsSupportLockFreqOnly][3832]gSrcInfo[MAIN_WINDOW].bFBL= 0
06-27 16:36:32.117 I/MiSysSrv( 1696): [XC,LPLL][MDrv_XC_FPLL_IsSupportLockFreqOnly, 3833] [MDrv_XC_FPLL_IsSupportLockFreqOnly][3833]gSrcInfo[MAIN_WINDOW].bR_FBL= 0
06-27 16:36:32.117 I/MiSysSrv( 1696): [XC,LPLL][MDrv_XC_FPLL_IsSupportLockFreqOnly, 3834] [MDrv_XC_FPLL_IsSupportLockFreqOnly][3834]gSrcInfo[MAIN_WINDOW].Status2.eMirrorMode= 0
06-27 16:36:32.117 I/MiSysSrv( 1696): [XC,LPLL][MDrv_XC_FPLL_IsSupportLockFreqOnly, 3835] [MDrv_XC_FPLL_IsSupportLockFreqOnly][3835]pXCResourcePrivate->stdrvXC_Display._bForceFreerun= 0
06-27 16:36:32.117 I/MiSysSrv( 1696): [XC,LPLL][MDrv_XC_FPLL_IsSupportLockFreqOnly, 3864]  IsSupportLockFreqOnly= 1
06-27 16:36:32.117 I/MiSysSrv( 1696): [XC,LPLL][_MApi_XC_FPLL_EnableLcokFreqOnly, 3758] [_MApi_XC_FPLL_EnableLcokFreqOnly][3758]feature is 1
06-27 16:36:32.117 I/MiSysSrv( 1696): [XC,SetWindow][MDrv_SC_3D_IsOutputVfreq48hz,  349] @@ gSrcInfo[eWindow].stCapWin.height=2160, Input Vfreq=250
06-27 16:36:32.117 I/MiSysSrv( 1696): [XC,LPLL][MDrv_SC_Cal_FRC_Output_Vfreq,  813] u16DefaultVFreq = 600, u16InputVFreq =250
06-27 16:36:32.117 I/MiSysSrv( 1696): [XC,SetWindow][MDrv_SC_3D_IsOutputVfreq48hz,  349] @@ gSrcInfo[eWindow].stCapWin.height=2160, Input Vfreq=250
06-27 16:36:32.117 I/MiSysSrv( 1696): [XC,LPLL][MDrv_SC_Handle_Special_FRCTbl,  567] @@@ bIsOutput48hz = FALSE
06-27 16:36:32.117 I/MiSysSrv( 1696): [XC,LPLL][MDrv_SC_Handle_Special_FRCTbl,  604] u16DefaultVFreq=600, u8Ratio = 1
06-27 16:36:32.117 I/MiSysSrv( 1696): [XC,LPLL][MDrv_SC_Cal_FRC_Output_Vfreq,  827] InputV = 250, Tbl[0] = (0, 160)(1, 4)
06-27 16:36:32.117 I/MiSysSrv( 1696): [XC,LPLL][MDrv_SC_Cal_FRC_Output_Vfreq,  827] InputV = 250, Tbl[1] = (160, 210)(1, 3)
06-27 16:36:32.117 I/MiSysSrv( 1696): [XC,LPLL][MDrv_SC_Cal_FRC_Output_Vfreq,  827] InputV = 250, Tbl[2] = (210, 245)(2, 5)
06-27 16:36:32.117 I/MiSysSrv( 1696): [XC,LPLL][MDrv_SC_Cal_FRC_Output_Vfreq,  827] InputV = 250, Tbl[3] = (245, 260)(1, 2)
06-27 16:36:32.117 I/MiSysSrv( 1696): [XC,LPLL][MDrv_SC_Cal_FRC_Output_Vfreq,  859] u16DefaultVFreq=600,u8FrcOut = 2, u16OutputVFreq = 500
06-27 16:36:32.117 I/MiSysSrv( 1696): [XC,LPLL][MDrv_SC_Cal_FRC_Output_Vfreq,  885] u16DefaultVFreq=600,u8FrcOut = 2, u16OutputVFreq = 500
06-27 16:36:32.117 I/MiSysSrv( 1696): [XC,LPLL][MDrv_SC_Cal_FRC_Output_Vfreq, 1033] u16DefaultVFreq=600,Final u8FrcOut = 2, u16OutputVFreq = 500
06-27 16:36:32.117 I/MiSysSrv( 1696): [XC,LPLL][MDrv_SC_Cal_FRC_Output_Vfreq, 1143] Frame Lock = True
06-27 16:36:32.119 I/PlaylistFetcher( 1668): download spend time 0.488,segment 0,duration 11.000,size 539748
06-27 16:36:32.120 I/PlaylistFetcher( 1668): download speed 8633.96 kbps,bitrate 383.344 kbps
06-27 16:36:32.121 D/PlaylistFetcher( 1668): PlaylistFetcher::onDownloadNext()
06-27 16:36:32.122 D/PlaylistFetcher( 1668): fetching segment 1 from (0 .. 547)
06-27 16:36:32.122 I/PlaylistFetcher( 1668): download 'http://127.0.0.1:14088/vodhls/100001/1.ts'
06-27 16:36:32.123 D/MediaHTTPConnection(24864): teardownConnection
06-27 16:36:32.123 D/MediaHTTPConnection(24864): close inputstream
06-27 16:36:32.125 D/MediaHTTPConnection(24864): seekTo 0
06-27 16:36:32.137 I/MiSysSrv( 1696): [leon.luo]No setGameMode
06-27 16:36:32.137 I/MiSysSrv( 1696): bColorRange0_255 is 1
06-27 16:36:32.137 I/MiSysSrv( 1696): [leon.luo]Start of XC Set PQ
06-27 16:36:32.137 I/MiSysSrv( 1696): BW Window:0, PQSource:9, Hsize:3840, Vsize: 2160, interlace:0, Vfreq=250
06-27 16:36:32.137 I/MiSysSrv( 1696): [Load UFSC PQ] Source index=2
06-27 16:36:32.139 I/MiSysSrv( 1696): [HDR][virtual MAPI_BOOL mapi_video_base::SetWindow(mapi_video_datatype::ST_MAPI_VIDEO_WINDOW_TYPE*, mapi_video_datatype::ST_MAPI_VIDEO_WINDOW_TYPE*, const mapi_video_datatype::ST_MAPI_VIDEO_ARC_INFO*) Line 4336] call LoadHdrMetadata
06-27 16:36:32.141 I/TVMW@source( 1731): resourceMediaInfoFunction srcid=13
06-27 16:36:32.142 I/hstvos  ( 1699): [0m[1;36m[mif][VIDEO_FW][_Mif_Video_Window_Callback][599] time[3601255] _Mif_Video_Window_Callback u32EventFlags: 131072, u8DisplayIndex: 0, u8WindowIndex: 0
06-27 16:36:32.142 I/TVMW@pqctrl( 1731): [getHDRType:551] HDR Type = 0
06-27 16:36:32.142 I/TVMW@picture( 1731): Hisense {GetPictureMode,472} Source = 13, pePictureMode = 0
06-27 16:36:32.140 I/hstvos  ( 2281): type=1400 audit(0.0:2598): avc: denied { getattr } for path="/tvconfig/config/hsdb/hs_user_setting.db" dev="mmcblk0p16" ino=185 scontext=u:r:logwrapper2:s0 tcontext=u:object_r:hstvos_file:s0 tclass=file permissive=1
06-27 16:36:32.140 I/hstvos  ( 2281): type=1400 audit(0.0:2599): avc: denied { read write } for name="hs_user_setting.db" dev="mmcblk0p16" ino=185 scontext=u:r:logwrapper2:s0 tcontext=u:object_r:hstvos_file:s0 tclass=file permissive=1
06-27 16:36:32.140 I/hstvos  ( 2281): type=1400 audit(0.0:2600): avc: denied { open } for path="/tvconfig/config/hsdb/hs_user_setting.db" dev="mmcblk0p16" ino=185 scontext=u:r:logwrapper2:s0 tcontext=u:object_r:hstvos_file:s0 tclass=file permissive=1
06-27 16:36:32.140 I/hstvos  ( 2281): type=1400 audit(0.0:2601): avc: denied { lock } for path="/tvconfig/config/hsdb/hs_user_setting.db" dev="mmcblk0p16" ino=185 scontext=u:r:logwrapper2:s0 tcontext=u:object_r:hstvos_file:s0 tclass=file permissive=1
06-27 16:36:32.144 I/hstvos  ( 2281): type=1400 audit(0.0:2602): avc: denied { setattr } for name="hs_user_setting.db-journal" dev="mmcblk0p16" ino=358 scontext=u:r:logwrapper2:s0 tcontext=u:object_r:hstvos_file:s0 tclass=file permissive=1
06-27 16:36:32.154 E/MiVideoService( 1928): Function MiVideoGetImplHandle,m_ClientPid 1950: error: invalid res handle!
06-27 16:36:32.154 I/MiSysSrv( 1696): in funciton convert_to_impl_handle line 665. 0xabd42f24, invalid resource handle 0x042f1b22 in mi_res_list
06-27 16:36:32.154 E/til@com ( 2539): Cominit open uart error: No such file or directory
06-27 16:36:32.161 I/TransNumbers(24864): arabicTrans: 一
06-27 16:36:32.161 I/TransNumbers(24864): arabicTrans: 
06-27 16:36:32.163 I/MiSysSrv( 1696): [mapi_video_base@Line 1537] [u32PqDelayTime=360,u32UsedTime=16,u16VideoUnMuteTime=0,u32RealyDelayTime=344]
06-27 16:36:32.172 I/AudioFlinger( 1668): BUFFER TIMEOUT: remove(4096) from active list on thread 0xec50f008
06-27 16:36:32.173 I/HLSP2P  (24864): ## 2017-06-27 16:36:32.124 [24864,25459,:0] INFO ## [HLSP2P][Scheduler.cpp:1564][DEBUG][OnHttpComplete]P2PKey: j0023nodb2a.320086.hls, taskID: 100001, ts(2) download Finish, ts count: 548
06-27 16:36:32.173 D/PowerManagerService( 2310): updateWakeLockWorkSourceInternal: lock=136921362 [AudioMix], ws=null
06-27 16:36:32.173 I/HLSP2P  (24864): ## 2017-06-27 16:36:32.170 [24864,25455,:0] INFO ## [HLSP2P][vod_hls_handler.cpp:39]task_id: 100001, _n: 1, uri: /vodhls/100001/1.ts
06-27 16:36:32.173 I/HLSP2P  (24864): ## 2017-06-27 16:36:32.170 [24864,25455,:0] INFO ## [HLSP2P][vod_hls_handler.cpp:398]ts_handler_request conn: 0xac063ea8 uri: /vodhls/100001/1.ts
06-27 16:36:32.173 I/HLSP2P  (24864): ## 2017-06-27 16:36:32.170 [24864,25455,:0] INFO ## [HLSP2P][vod_hls_handler.cpp:433]ts_handler_request task_id: 100001, uri: bytes=0-, filename: 1.ts, range[0, -1]
06-27 16:36:32.173 I/HLSP2P  (24864): ## 2017-06-27 16:36:32.172 [24864,25455,:0] INFO ## [HLSP2P][vod_hls_handler.cpp:514]ts_hanlder_poll TXP2P_GetTsSize task_id: 100001, filename: 1.ts, filesize: 1397780
06-27 16:36:32.174 I/TransNumbers(24864): arabicTrans: 八
06-27 16:36:32.174 I/TransNumbers(24864): arabicTrans: 
06-27 16:36:32.174 I/HLSP2P  (24864): ## 2017-06-27 16:36:32.174 [24864,25459,:0] INFO ## [HLSP2P][HttpDownloader.cpp:86][DEBUG][SendRequest]http[0] use the same link(150.138.226.23:80) to send request
06-27 16:36:32.175 I/TransNumbers(24864): arabicTrans: 四
06-27 16:36:32.176 I/HLSP2P  (24864): ## 2017-06-27 16:36:32.175 [24864,25459,:0] INFO ## [HLSP2P][HttpDownloader.cpp:220][INFO][SendRequestOnConnected]http[0] send http request ok, host = 150.138.226.23, port = 80, strTarget = /moviets.tc.qq.com/exo0sxhO-wPLzKJOo3zqSuOa9zgQcKJ2E9l01g1uIA6wFBF93MA23sY-I82ZvY005-pIvKRR4Zvs7qFPEPoQQmURPSyyKieps5VsUOVMKSLr_JJyFs1AzJbQSYQQsE2p66r1PckO9FBbjrNogUHkOQ/03_j0023nodb2a.320086.1.ts?cdncode=%2F18907E7BE0798990%2F&index=3&start=34760&end=44960&brs=4193340&bre=6014495&ver=4&cost=low, range: 0-1821155, MaxSpeed: 0KB
06-27 16:36:32.176 I/HLSP2P  (24864): ## 2017-06-27 16:36:32.175 [24864,25459,:0] INFO ## [HLSP2P][Scheduler.cpp:502][DEBUG][DownloadWithHttp]keyid: j0023nodb2a.320086.hls, http[0] download ts(3) send request ok
06-27 16:36:32.176 I/HLSP2P  (24864): ## 2017-06-27 16:36:32.175 [24864,25459,:0] INFO ## [HLSP2P][HLSVodScheduler.cpp:673][INFO][FastDownload]P2PKey: j0023nodb2a.320086.hls, taskID: 100001, http download ts(3) ok, range: 0-1821155, length: 1821156
06-27 16:36:32.177 D/speech_AiCoreTarget(24864): setLocalCmdlist.size:30
06-27 16:36:32.177 I/DetailVideoFrameLayoutContainer(24864): onProgress  position = 180
06-27 16:36:32.177 I/DetailVideoFrameLayoutContainer(24864): status = UNKOWN
06-27 16:36:32.177 I/DetailVideoFrameLayoutContainer(24864): BasePlayInfo.sFirstFrameStart = false
06-27 16:36:32.177 I/DetailVideoFrameLayoutContainer(24864): mIsSeekTo = false
06-27 16:36:32.177 I/DetailVideoFrameLayoutContainer(24864): mDuration = 5723000   Movie duration =5723000
06-27 16:36:32.177 I/DetailVideoFrameLayoutContainer(24864): mFirstFrameToPlayNum = 0
06-27 16:36:32.181 D/MediaHTTPConnection(24864): [Connection@25580840] response.heeader.null = HTTP/1.1 200 OK
06-27 16:36:32.181 D/MediaHTTPConnection(24864): [Connection@25580840] response.heeader.Accept-Ranges = bytes
06-27 16:36:32.181 D/MediaHTTPConnection(24864): [Connection@25580840] response.heeader.Connection = keep-alive
06-27 16:36:32.181 D/MediaHTTPConnection(24864): [Connection@25580840] response.heeader.Content-Length = 1397780
06-27 16:36:32.181 D/MediaHTTPConnection(24864): [Connection@25580840] response.heeader.Content-Range = bytes 0-1397779/1397780
06-27 16:36:32.181 D/MediaHTTPConnection(24864): [Connection@25580840] response.heeader.Content-Type = video/MP2T
06-27 16:36:32.181 D/MediaHTTPConnection(24864): [Connection@25580840] response.heeader.X-Android-Received-Millis = 1498552592181
06-27 16:36:32.181 D/MediaHTTPConnection(24864): [Connection@25580840] response.heeader.X-Android-Response-Source = NETWORK 200
06-27 16:36:32.181 D/MediaHTTPConnection(24864): [Connection@25580840] response.heeader.X-Android-Selected-Protocol = http/1.1
06-27 16:36:32.182 D/MediaHTTPConnection(24864): [Connection@25580840] response.heeader.X-Android-Sent-Millis = 1498552592126
06-27 16:36:32.182 D/MediaHTTPConnection(24864): [Connection@25580840] mTotalSize = 1397780
06-27 16:36:32.182 D/MediaHTTPConnection(24864): [Connection@25580840] getSize mTotalSize = 1397780
06-27 16:36:32.183 V/AudioPolicyService( 1668): AudioCommandThread() adding stop output 2
06-27 16:36:32.183 V/AudioPolicyService( 1668): inserting command: 5 at index 0, num commands 0
06-27 16:36:32.183 V/AudioPolicyService( 1668): AudioCommandThread() waking up
06-27 16:36:32.183 V/AudioPolicyService( 1668): AudioCommandThread() processing stop output 2
06-27 16:36:32.183 V/APM::AudioPolicyManager( 1668): stopOutput() output 2, stream 3, session 35
06-27 16:36:32.183 V/APM::AudioPolicyManager( 1668): setBeaconMute(1) mBeaconMuteRefCount=0 mBeaconPlayingRefCount=0
06-27 16:36:32.183 V/APM::AudioPolicyManager( 1668): getNewOutputDevice() selected device 2
06-27 16:36:32.183 V/APM::AudioPolicyManager( 1668): setOutputDevice() device 0002 delayMs 20
06-27 16:36:32.183 V/APM::AudioPolicyManager( 1668): setOutputDevice() prevDevice 0x0002
06-27 16:36:32.183 V/APM::AudioPolicyManager( 1668): setOutputDevice() setting same device 0x0002 or null device
06-27 16:36:32.183 V/AudioPolicyService( 1668): AudioCommandThread() going to sleep
06-27 16:36:32.198 I/HLSP2P  (24864): ## 2017-06-27 16:36:32.197 [24864,25460,:0] INFO ## [HLSP2P][HttpDownloader.cpp:412][INFO][HandleHeaderData]http[0] header: HTTP/1.1 206 Partial Content
06-27 16:36:32.198 I/HLSP2P  (24864): Content-Range: bytes 0-1821155/1821156
06-27 16:36:32.198 I/HLSP2P  (24864): Content-Length: 1821156
06-27 16:36:32.198 I/HLSP2P  (24864): Accept-Ranges: bytes
06-27 16:36:32.198 I/HLSP2P  (24864): X-ServerIp: 150.138.226.23
06-27 16:36:32.198 I/HLSP2P  (24864): X-RespTime: 27/Jun/2017:16:36:32 +0800
06-27 16:36:32.198 I/HLSP2P  (24864): Client-Ip: 219.147.31.2
06-27 16:36:32.198 I/HLSP2P  (24864): Client-Flow: 
06-27 16:36:32.198 I/HLSP2P  (24864): Access-Control-Allow-Origin: *
06-27 16:36:32.198 I/HLSP2P  (24864): Cache-Control: max-age=7200
06-27 16:36:32.198 I/HLSP2P  (24864): Content-Type: video/MP2T
06-27 16:36:32.198 I/HLSP2P  (24864): 
06-27 16:36:32.198 I/HLSP2P  (24864): 
06-27 16:36:32.201 D/PowerManagerService( 2310): acquireWakeLockInternal: lock=40834514, flags=0x1, tag="NetworkStats", ws=null, uid=1000, pid=2310
06-27 16:36:32.202 D/NtpTrustedTime( 2310): currentTimeMillis() cache hit
06-27 16:36:32.221 D/NtpTrustedTime( 2310): currentTimeMillis() cache hit
06-27 16:36:32.226 D/NtpTrustedTime( 2310): currentTimeMillis() cache hit
06-27 16:36:32.226 D/NtpTrustedTime( 2310): currentTimeMillis() cache hit
06-27 16:36:32.224 I/hstvos  ( 2281): type=1400 audit(0.0:2603): avc: denied { read } for name="hsdb" dev="mmcblk0p16" ino=168 scontext=u:r:logwrapper2:s0 tcontext=u:object_r:hstvos_file:s0 tclass=dir permissive=1
06-27 16:36:32.224 I/hstvos  ( 2281): type=1400 audit(0.0:2604): avc: denied { open } for path="/tvconfig/config/hsdb" dev="mmcblk0p16" ino=168 scontext=u:r:logwrapper2:s0 tcontext=u:object_r:hstvos_file:s0 tclass=dir permissive=1
06-27 16:36:32.231 D/PowerManagerService( 2310): releaseWakeLockInternal: lock=40834514 [NetworkStats], flags=0x0
06-27 16:36:32.233 I/MiSysSrv( 1696): [XC,LPLL][MDrv_SC_set_fpll, 1197] MDrv_SC_set_fpll(1,0)
06-27 16:36:32.233 I/MiSysSrv( 1696): [XC,LPLL][MDrv_SC_set_fpll, 1198] u32OrigLPLL = 253c82
06-27 16:36:32.233 I/MiSysSrv( 1696): [XC,LPLL][MDrv_SC_set_fpll, 1223] u32OrigLPLL = 253c82, L_BK_LPLL(0x0F) = 253c82
06-27 16:36:32.233 I/MiSysSrv( 1696): [XC,LPLL][MDrv_XC_FPLL_IsSupportLockFreqOnly, 3832] [MDrv_XC_FPLL_IsSupportLockFreqOnly][3832]gSrcInfo[MAIN_WINDOW].bFBL= 0
06-27 16:36:32.233 I/MiSysSrv( 1696): [XC,LPLL][MDrv_XC_FPLL_IsSupportLockFreqOnly, 3833] [MDrv_XC_FPLL_IsSupportLockFreqOnly][3833]gSrcInfo[MAIN_WINDOW].bR_FBL= 0
06-27 16:36:32.233 I/MiSysSrv( 1696): [XC,LPLL][MDrv_XC_FPLL_IsSupportLockFreqOnly, 3834] [MDrv_XC_FPLL_IsSupportLockFreqOnly][3834]gSrcInfo[MAIN_WINDOW].Status2.eMirrorMode= 0
06-27 16:36:32.233 I/MiSysSrv( 1696): [XC,LPLL][MDrv_XC_FPLL_IsSupportLockFreqOnly, 3835] [MDrv_XC_FPLL_IsSupportLockFreqOnly][3835]pXCResourcePrivate->stdrvXC_Display._bForceFreerun= 0
06-27 16:36:32.233 I/MiSysSrv( 1696): [XC,LPLL][MDrv_XC_FPLL_IsSupportLockFreqOnly, 3864]  IsSupportLockFreqOnly= 1
06-27 16:36:32.233 I/MiSysSrv( 1696): [XC,LPLL][_MApi_XC_FPLL_EnableLcokFreqOnly, 3758] [_MApi_XC_FPLL_EnableLcokFreqOnly][3758]feature is 1
06-27 16:36:32.233 I/MiSysSrv( 1696): [XC,LPLL][MDrv_XC_FPLL_IsSupportLockFreqOnly, 3832] [MDrv_XC_FPLL_IsSupportLockFreqOnly][3832]gSrcInfo[MAIN_WINDOW].bFBL= 0
06-27 16:36:32.233 I/MiSysSrv( 1696): [XC,LPLL][MDrv_XC_FPLL_IsSupportLockFreqOnly, 3833] [MDrv_XC_FPLL_IsSupportLockFreqOnly][3833]gSrcInfo[MAIN_WINDOW].bR_FBL= 0
06-27 16:36:32.233 I/MiSysSrv( 1696): [XC,LPLL][MDrv_XC_FPLL_IsSupportLockFreqOnly, 3834] [MDrv_XC_FPLL_IsSupportLockFreqOnly][3834]gSrcInfo[MAIN_WINDOW].Status2.eMirrorMode= 0
06-27 16:36:32.233 I/MiSysSrv( 1696): [XC,LPLL][MDrv_XC_FPLL_IsSupportLockFreqOnly, 3835] [MDrv_XC_FPLL_IsSupportLockFreqOnly][3835]pXCResourcePrivate->stdrvXC_Display._bForceFreerun= 0
06-27 16:36:32.233 I/MiSysSrv( 1696): [XC,LPLL][MDrv_XC_FPLL_IsSupportLockFreqOnly, 3864]  IsSupportLockFreqOnly= 1
06-27 16:36:32.241 I/HLSP2P  (24864): ## 2017-06-27 16:36:32.198 [24864,25460,:0] INFO ## [HLSP2P][HttpDownloader.cpp:478][DEBUG][OnHttpReturnOK]http[0] get file size ok, filesize: 1821156
06-27 16:36:32.250 I/TVMW@common(25778): 
06-27 16:36:32.250 I/TVMW@common(25778):  *** pid = 0 *** 
06-27 16:36:32.248 I/hstvos  (25778): type=1400 audit(0.0:2605): avc: denied { execute } for name="sh" dev="mmcblk0p12" ino=606 scontext=u:r:logwrapper2:s0 tcontext=u:object_r:shell_exec:s0 tclass=file permissive=1
06-27 16:36:32.248 I/hstvos  (25778): type=1400 audit(0.0:2606): avc: denied { read open } for path="/system/bin/sh" dev="mmcblk0p12" ino=606 scontext=u:r:logwrapper2:s0 tcontext=u:object_r:shell_exec:s0 tclass=file permissive=1
06-27 16:36:32.248 I/hstvos  (25778): type=1400 audit(0.0:2607): avc: denied { execute_no_trans } for path="/system/bin/sh" dev="mmcblk0p12" ino=606 scontext=u:r:logwrapper2:s0 tcontext=u:object_r:shell_exec:s0 tclass=file permissive=1
06-27 16:36:32.254 I/TVMW@devctrl( 1731): wdt
06-27 16:36:32.287 I/HLSP2P  (24864): ## 2017-06-27 16:36:32.287 [24864,25455,:0] INFO ## [HLSP2P][CacheManager.cpp:252][INFO][ReadTsData]read j0023nodb2a.320086.hls 1.ts finish, file size: 1397780
06-27 16:36:32.289 I/HLSP2P  (24864): ## 2017-06-27 16:36:32.287 [24864,25455,:0] INFO ## [HLSP2P][VodCacheManager.cpp:780][DEBUG][UpdateCacheInfo]DownloadedTsCount: 3, PlayableTime = 11, PlayableTimeFromBegin = 34, PlayableTimePoint = 34
06-27 16:36:32.291 I/HLSP2P  (24864): ## 2017-06-27 16:36:32.288 [24864,25455,:0] INFO ## [HLSP2P][vod_hls_handler.cpp:581]ts_hanlder_poll TXP2P_ReadTsData Finish tsfile: 1.ts dataID: 100001 [0, 1397779], nElapse: 1 ms
06-27 16:36:32.309 I/MediaPlayerMgr(24864): ## 2017-06-27 16:36:32.309 [24864,25721,:0] INFO ## [MediaPlayerMgr][SystemMediaPlayer.java]Test mediaplayer.: 180
06-27 16:36:32.314 I/MiSysSrv( 1696): [XC,LPLL][_MApi_XC_FPLL_LockFreqOnly, 3970] [_MApi_XC_FPLL_LockFreqOnly][3970]u16InHtt=5804, u16InVtt=2205
06-27 16:36:32.314 I/MiSysSrv( 1696): [XC,LPLL][_MApi_XC_FPLL_LockFreqOnly, 3971] [_MApi_XC_FPLL_LockFreqOnly][3971]u16OutHtt=4400, u16OutVtt=2700
06-27 16:36:32.314 I/MiSysSrv( 1696): [XC,LPLL][_MApi_XC_FPLL_LockFreqOnly, 3972] [_MApi_XC_FPLL_LockFreqOnly][3972]u32InDiv =1, u32OutDiv=2
06-27 16:36:32.314 I/MiSysSrv( 1696): [XC,LPLL][_MApi_XC_FPLL_LockFreqOnly, 3973] [_MApi_XC_FPLL_LockFreqOnly][3973gSrcInfo[MAIN_WINDOW].bInterlace=0, reg_bInterlace=0
06-27 16:36:32.314 I/MiSysSrv( 1696): [XC,LPLL][_MApi_XC_FPLL_LockFreqOnly, 3997] [_MApi_XC_FPLL_LockFreqOnly][3997]u32InputClkDiv=12797820, u32OutputClkDiv=5940000
06-27 16:36:32.314 I/MiSysSrv( 1696): [XC,LPLL][_MApi_XC_FPLL_LockFreqOnly, 4031] [_MApi_XC_FPLL_LockFreqOnly][4031]u16OutVtt=2710, u32MaxOutVtt=2709
06-27 16:36:32.314 I/MiSysSrv( 1696): [XC,LPLL][_MApi_XC_FPLL_LockFreqOnly, 4063] [_MApi_XC_FPLL_LockFreqOnly][4063]u32InputClkDiv=12797820, u32OutputClkDiv=5959800
06-27 16:36:32.314 I/MiSysSrv( 1696): [XC,LPLL][_MApi_XC_FPLL_LockFreqOnly, 4068] [_MApi_XC_FPLL_LockFreqOnly][4068]u32InputClkDiv=10157, u32OutputClkDiv=4730
06-27 16:36:32.314 I/MiSysSrv( 1696): [XC,LPLL][_MApi_XC_FPLL_LockFreqOnly, 4104] [_MApi_XC_FPLL_LockFreqOnly][4104]u32InputClkDiv=10156, u32OutputClkDiv=4729
06-27 16:36:32.338 I/MiSysSrv( 1696): @@11=6
06-27 16:36:32.340 I/MiSysSrv( 1696): @@11=6
06-27 16:36:32.341 I/TVMW@picture( 1731): Hisense {getMEMCLevelForHAL,1344} eMemcLevel = 2
06-27 16:36:32.341 D/til@system( 2539): get TIL_MEMC_MODE
06-27 16:36:32.342 I/MiSysSrv( 1696): [XC,LPLL][_MApi_XC_FPLL_LockFreqOnly, 4218] [_MApi_XC_FPLL_LockFreqOnly][4218]u64Htt=4400, u64Vtt=2709, u32OutputVfreq =500
06-27 16:36:32.342 I/MiSysSrv( 1696): [XC,LPLL][_MApi_XC_FPLL_LockFreqOnly, 4219] [_MApi_XC_FPLL_LockFreqOnly][4219]u64DClk=5959800000, u32PllSet=0x251cd7
06-27 16:36:32.349 I/TVMW@picture( 1731): Hisense {getMEMCLevel,1332} source = 13, memcLevel = 2
06-27 16:36:32.479 I/DetailVideoFrameLayoutContainer(24864): mNowTotalRxBytes = 444909  mLastTotalRxBytes = 442599  mNowTimeStamp = 3601593  mLastTimeStamp = 3601083
06-27 16:36:32.479 I/DetailVideoFrameLayoutContainer(24864):  now download speed is 4.0MB/s
06-27 16:36:32.508 I/MiSysSrv( 1696): [leon.luo]Start of EnableVideoMute = 0 time: [3601621]
06-27 16:36:32.508 I/MiSysSrv( 1696): [XC,SetWindow][MDrv_SC_GenerateBlackVideo,  402] SC0 GenerateBlackVideo enable = 0,ewindow = 0
06-27 16:36:32.508 I/MiSysSrv( 1696): [videomute][leon.luo][3476]Hal_SC_set_main_black_screen_burst = 0
06-27 16:36:32.518 I/MiSysSrv( 1696): [jeremy.chan][436][video unmute on driver done]
06-27 16:36:32.520 D/vsyncbridge( 1632): [0] handle_thread thread got msg 0x1, mState = 2
06-27 16:36:32.520 I/TVMW@pqctrl( 1731): [getHDRType:551] HDR Type = 0
06-27 16:36:32.520 D/vsyncbridge( 1632): Overlay 0 state change from 2 to 3
06-27 16:36:32.520 I/TVMW@picture( 1731): Hisense {GetPictureMode,472} Source = 13, pePictureMode = 0
06-27 16:36:32.520 D/vsyncbridge( 1632): VSYNC_BRIDGE_INIT clear dispQ
06-27 16:36:32.520 D/vsyncbridge( 1632): panelWidth = 3840, panelHeight = 2160, [3840 2160 600] bIsMVOPAutoGenBlack = 1
06-27 16:36:32.520 D/vsyncbridge( 1632): Display Path INIT END: 1
06-27 16:36:32.520 D/vsyncbridge( 1632): [Time] display_init: 731, ref: 800
06-27 16:36:32.520 D/BufferQueueProducer( 1632): [SurfaceView] wait disp path init done
06-27 16:36:32.520 D/vsyncbridge( 1632): [update_ds_table,  696] DispW:3840 DispH:2160 
06-27 16:36:32.520 D/vsyncbridge( 1632): [update_ds_table,  700] Cap.x:984 Cap.y:30 CapW:1280 CapH:720 
06-27 16:36:32.521 D/vsyncbridge( 1632): [update_ds_table,  701] enInputSourceType:34 
06-27 16:36:32.521 D/vsyncbridge( 1632): [update_ds_table,  703] u16InputVTotal:2205  u16InputVFreq:250 
06-27 16:36:32.521 D/vsyncbridge( 1632): [update_ds_table,  705] bInterlace:0  u16DefaultHtotal:0 
06-27 16:36:32.521 D/vsyncbridge( 1632): [update_ds_table,  708] bPreHCusScaling:1  bPreVCusScaling:1 
06-27 16:36:32.521 D/vsyncbridge( 1632): [update_ds_table,  710] u16PreHCusScalingSrc:1280  u16PreHCusScalingDst:1280 
06-27 16:36:32.521 D/vsyncbridge( 1632): [update_ds_table,  712] u16PreVCusScalingSrc:720  u16PreVCusScalingSrc:720 
06-27 16:36:32.521 D/vsyncbridge( 1632): [update_ds_table,  715] bHCusScaling:0  bVCusScaling:0 
06-27 16:36:32.521 D/vsyncbridge( 1632): [update_ds_table,  717] u16HCusScalingSrc:0  u16HCusScalingDst:0 
06-27 16:36:32.521 D/vsyncbridge( 1632): [update_ds_table,  719] u16VCusScalingSrc:0  u16VCusScalingDst:0 
06-27 16:36:32.521 D/vsyncbridge( 1632): disp_old[0 0 3840 2160], disp_new[0 0 3840 2160], crop[0 0 1280 720]
06-27 16:36:32.521 D/vsyncbridge( 1632): [update_ds_table,  905] SW DS !!! 
06-27 16:36:32.521 D/vsyncbridge( 1632): [update_ds_table,  907] stXC_SetWin_Info.stCapWin.width1280  stXC_SetWin_Info.stCapWin.height:720
06-27 16:36:32.521 D/vsyncbridge( 1632): [update_ds_table,  909] stXC_SetWin_Info.stCropWin.width1280  stXC_SetWin_Info.stCropWin.height:720
06-27 16:36:32.521 D/vsyncbridge( 1632): [update_ds_table,  910] MApi_XC_GetDynamicScalingStatus():1 
06-27 16:36:32.522 D/        ( 1632): Alert: cannot get frameCount from IOCTL, eWindow=0! Fall back to original frame mode
06-27 16:36:32.522 D/vsyncbridge( 1632): [0] Wait mvop timing u16_mvop_vstart = 46
06-27 16:36:32.522 D/vsyncbridge( 1632): [0] Wait mvop timing end u16Vcnt = 906 !!
06-27 16:36:32.523 V/MediaCodec( 1668): mediacodec CodecBase::kWhatRenderInitialized
06-27 16:36:32.523 V/MediaCodec( 1668): CodecBase::kWhatRenderInitialized ---- start  notifyVsyncBridgeInited:0....
06-27 16:36:32.523 V/MediaCodec( 1668): set CB_VSYNCBRIDGE_INITED
06-27 16:36:32.524 D/TVMW@picturedata( 1731): function getBacklightMode line 1552 *mode=4 stEnergy.u8EnergyMode=4
06-27 16:36:32.526 D/NuPlayerRenderer( 1668): notifyVsyncBridgeInited,change AnchorTime to 100000
06-27 16:36:32.526 I/NuPlayerDecoder( 1668):  VSInitOver is true!!!
06-27 16:36:32.526 V/NuPlayer( 1668): setWaitVideoCodec(false)
06-27 16:36:32.526 D/NuPlayer( 1668): video rendering start
06-27 16:36:32.526 D/NuPlayerDriver( 1668): notifyListener_l(0xabf28250), (200, 3, 0)
06-27 16:36:32.527 D/NuPlayer( 1668): video rendering start
06-27 16:36:32.527 D/NuPlayerDriver( 1668): notifyListener_l(0xabf28250), (200, 3, 0)
06-27 16:36:32.531 W/MediaPlayer(24864): info/warning (3, 0)
06-27 16:36:32.531 I/YoukuInitTool(24864): hisense2ThirdBySdk : mBindYoukuNum:0
06-27 16:36:32.531 I/MediaPlayerMgr(24864): ## 2017-06-27 16:36:32.531 [24864,25690,:0] INFO ## [MediaPlayerMgr][SystemMediaPlayer.java]onInfo, what: 3, extra: 0
06-27 16:36:32.532 I/YoukuInitTool(24864): mBindYoukuNum:1
06-27 16:36:32.534 I/hstvos  ( 1699): [0m+_+bl: [getBacklightUser:1586] *userValue=15 stEnergy.u8Energy_Userdata=15
06-27 16:36:32.538 D/TVMW@picturedata( 1731): setBacklightMode.function setBacklightMode line 1565 mode=4 stEnergy.data=15 
06-27 16:36:32.545 D/vsyncbridge( 1632): [0] enter vsync_bridge_monitor_thread
06-27 16:36:32.545 W/MediaPlayer(24864): info/warning (3, 0)
06-27 16:36:32.548 D/vsyncbridge( 1632): Overlay[0] wait_disp_show W 2, R 1, Cur 255, wait time = 17ms
06-27 16:36:32.552 E/TV_JNI_CONFIG( 2539): til_get_cfg_param returned fail -22!
06-27 16:36:32.552 E/StorageHelper( 2539): NativeConfigStorageHelper load() failed. Native getOption returned :-22
06-27 16:36:32.552 W/ConfigurationService( 2539): errorFlag = null, continue to recycle check
06-27 16:36:32.568 I/MediaPlayerMgr(24864): ## 2017-06-27 16:36:32.535 [24864,25690,:0] INFO ## [MediaPlayerMgr][SystemMediaPlayer.java]onInfo, msg id:23
06-27 16:36:32.569 I/MediaPlayerMgr-1469170927(24864): ## 2017-06-27 16:36:32.537 [24864,25690,:0] INFO ## [MediaPlayerMgr-1469170927][MediaPlayerManager.java]PlayerCore msg arrives: PLAYER_BASE_INFO_START_RENDERING, value: 23, arg1: 0, arg2: 0
06-27 16:36:32.569 I/TencentPlayView(24864):  onInfo what = 23 extra =null sFirstFrameStart = false status =UNKOWN
06-27 16:36:32.572 I/TencentPlayView(24864): sFirstFrameStart = false
06-27 16:36:32.572 I/MediaPlayerMgr(24864): ## 2017-06-27 16:36:32.572 [24864,25690,:0] INFO ## [MediaPlayerMgr][SystemMediaPlayer.java]onInfo, what: 3, extra: 0
06-27 16:36:32.578 I/DetailVideoFrameLayoutContainer(24864): firstFrameStartUi
06-27 16:36:32.578 I/DetailVideoFrameLayoutContainer(24864): sVideoStartPlayTime = 3601693
06-27 16:36:32.579 D/DetailVideoFrameLayoutContainer(24864): checkBufferTime bufferStart:false
06-27 16:36:32.591 I/TencentPlayView(24864):  onInfo what = 23 extra =null sFirstFrameStart = true status =UNKOWN
06-27 16:36:32.592 I/TencentPlayView(24864): sFirstFrameStart = true
06-27 16:36:32.592 I/TVMW@picture( 1731): change backlight mode success
06-27 16:36:32.593 I/TVMW@picture( 1731): Hisense {GetBrightness,561} source = 13, brightness = 50
06-27 16:36:32.593 I/TVMW@picture( 1731): Hisense {GetContrast,625} source = 13, contrast = 50
06-27 16:36:32.593 I/TVMW@database( 1731): IsNLASettingDirty=0,u8Index=13[GetNLASetting]
06-27 16:36:32.593 D/TVMW@convert( 1731): +_+pic: inputMax=100,inputMin=0,get db data: nlaData.p0[30],p25[80],p50[128],p75[192],p100[255],[func:mw2SdkNonLinear]
06-27 16:36:32.600 I/hstvos  ( 1699): [1;36m[HSHAL][HS_PQ][HS_HAL_PQ_SetBrightness][260] Entry.time[3601707] OK
06-27 16:36:32.600 I/hstvos  ( 1699): [0m[1;32m[HSHAL][HS_PQ][HS_HAL_PQ_SetBrightness][261] time[3601711] u32Brightness 128 
06-27 16:36:32.601 I/BasePlayInfo(24864):  actionType = 3
06-27 16:36:32.602 V/PackageManager( 2310): getPackageInfo com.jamdeo.tv.vod: Package{b954081 com.jamdeo.tv.vod}
06-27 16:36:32.604 I/VodHttpClient(24864): get url=http://10.18.217.45/vodreporter/play?Version=1.2&PFAPPCode=1000000760&licence=youku&DeviceCode=LED55V1UCQ0000888&DeviceId=86100300900000200000060b480cc826&CustomerId=5965522&SubscriberId=13286940&paymentId=&entranceID=4002&videoId=110122189371&playType=0&mediaType=0&payType=1&entranceType=9002&EndType=0&entranceDetail=1%2C4&venderId=1011&accessoryMedia=11012218937&retentionTime=995&resolution=31&resourceType=9002&mediaId=11012218937&ActionType=3
06-27 16:36:32.608 W/JournalReportUtil(24864): log upload success
06-27 16:36:32.610 I/MediaPlayerMgr(24864): ## 2017-06-27 16:36:32.572 [24864,25690,:0] INFO ## [MediaPlayerMgr][SystemMediaPlayer.java]onInfo, msg id:23
06-27 16:36:32.613 I/MediaPlayerMgr-1469170927(24864): ## 2017-06-27 16:36:32.591 [24864,25690,:0] INFO ## [MediaPlayerMgr-1469170927][MediaPlayerManager.java]PlayerCore msg arrives: PLAYER_BASE_INFO_START_RENDERING, value: 23, arg1: 0, arg2: 0
06-27 16:36:32.618 I/TVMW@pqctrl( 1731): SetBrightness input value = 50, output value = 128 s32Ret = 0
06-27 16:36:32.618 I/TVMW@database( 1731): IsNLASettingDirty=0,u8Index=13[GetNLASetting]
06-27 16:36:32.618 D/TVMW@convert( 1731): +_+pic: inputMax=100,inputMin=0,get db data: nlaData.p0[30],p25[80],p50[128],p75[192],p100[255],[func:mw2SdkNonLinear]
06-27 16:36:32.618 I/hstvos  ( 1699):  [0m[1;36m[HSHAL][HS_PQ][HS_HAL_PQ_SetBrightness][263] Exit OK[3601732] OK
06-27 16:36:32.618 I/hstvos  ( 1699): [0m[1;32m[HSHAL][HS_PQ][HS_HAL_PQ_SetContrast][287] time[3601732] u32Contrast 128 
06-27 16:36:32.620 I/TVMW@pqctrl( 1731): SetContrast input value = 50, output value = 128 s32Ret = 0
06-27 16:36:32.620 I/TVMW@picture( 1731): Hisense {GetSaturation,684} source = 13, saturation = 50
06-27 16:36:32.620 I/TVMW@database( 1731): IsNLASettingDirty=0,u8Index=13[GetNLASetting]
06-27 16:36:32.620 D/TVMW@convert( 1731): +_+pic: inputMax=100,inputMin=0,get db data: nlaData.p0[0],p25[64],p50[128],p75[192],p100[255],[func:mw2SdkNonLinear]
06-27 16:36:32.621 I/hstvos  ( 1699):  [0m[1;36m[HSHAL][HS_PQ][HS_HAL_PQ_SetContrast][290] Exit OK[3601734] OK
06-27 16:36:32.621 I/hstvos  ( 1699): [0m[1;36m[HSHAL][HS_PQ][HS_HAL_PQ_SetSaturation][336] Entry.time[3601734] OK
06-27 16:36:32.621 I/hstvos  ( 1699): [0m[1;32m[HSHAL][HS_PQ][HS_HAL_PQ_SetSaturation][337] time[3601734] u32Saturation 128 
06-27 16:36:32.623 I/TVMW@pqctrl( 1731): SetSaturation input value = 50, output value = 128 s32Ret = 0
06-27 16:36:32.623 I/TVMW@picture( 1731): Hisense {GetSharpness,743} source = 13, sharpness = 50
06-27 16:36:32.623 I/TVMW@database( 1731): IsNLASettingDirty=0,u8Index=13[GetNLASetting]
06-27 16:36:32.623 D/TVMW@convert( 1731): +_+pic: inputMax=100,inputMin=0,get db data: nlaData.p0[0],p25[12],p50[28],p75[45],p100[63],[func:mw2SdkNonLinear]
06-27 16:36:32.623 I/hstvos  ( 1699):  [0m[1;36m[HSHAL][HS_PQ][HS_HAL_PQ_SetSaturation][341] Exit OK[3601737] OK
06-27 16:36:32.623 I/hstvos  ( 1699): [0m[1;36m[HSHAL][HS_PQ][HS_HAL_PQ_SetSharpness][427] Entry.time[3601738] OK
06-27 16:36:32.623 I/hstvos  ( 1699): [0m[1;32m[HSHAL][HS_PQ][HS_HAL_PQ_SetSharpness][428] time[3601738] u32Sharpness 28 
06-27 16:36:32.629 D/NuPlayerDriver( 1668): notifyListener_l(0xabf28250), (3, 0, 0)
06-27 16:36:32.638 I/TVMW@pqctrl( 1731): SetSharpness input value = 50, output value = 28 s32Ret = 0
06-27 16:36:32.638 I/TVMW@picture( 1731): Hisense {GetHue,811} source = 13, hue = 50
06-27 16:36:32.638 I/TVMW@picture( 1731): source:13,no need to get colorSys here.
06-27 16:36:32.638 I/TVMW@picture( 1731): +_+pic: eColorSys = 1
06-27 16:36:32.638 I/TVMW@database( 1731): IsNLASettingDirty=0,u8Index=13[GetNLASetting]
06-27 16:36:32.638 D/TVMW@convert( 1731): +_+pic: inputMax=100,inputMin=0,get db data: nlaData.p0[35],p25[42],p50[50],p75[57],p100[65],[func:mw2SdkNonLinear]
06-27 16:36:32.639 I/TVMW@pqctrl( 1731): SetHue input value = 50, output value = 50 s32Ret = 0
06-27 16:36:32.639 I/hstvos  ( 1699):  [0m[1;36m[HSHAL][HS_PQ][HS_HAL_PQ_SetSharpness][433] Exit OK[3601752] OK
06-27 16:36:32.639 I/hstvos  ( 1699): [0m[1;36m[HSHAL][HS_PQ][HS_HAL_PQ_SetHue][360] Entry.time[3601752] OK
06-27 16:36:32.639 I/hstvos  ( 1699): [0m[1;32m[HSHAL][HS_PQ][HS_HAL_PQ_SetHue][361] time[3601752] u32Hue 50 
06-27 16:36:32.639 I/hstvos  ( 1699):  [0m[1;36m[HSHAL][HS_PQ][HS_HAL_PQ_SetHue][365] Exit OK[3601753] OK
06-27 16:36:32.640 I/TVMW@pqctrl( 1731): [getHDRType:551] HDR Type = 0
06-27 16:36:32.640 I/TVMW@videoctrl( 1731): current source:13[GetTimmingResolution]
06-27 16:36:32.644 E/MiVideoService( 1928): Function MiVideoGetImplHandle,m_ClientPid 1731: error: invalid res handle!
06-27 16:36:32.644 I/MiSysSrv( 1696): in funciton convert_to_impl_handle line 665. 0xabd3cf0c, invalid resource handle 0x04301b22 in mi_res_list
06-27 16:36:32.648 V/HDMI  HotPlugDetectionAction( 2310): Poll all devices.
06-27 16:36:32.656 I/hstvos  ( 2105): type=1400 audit(0.0:2608): avc: denied { getattr } for path="/tvconfig/config/hsdb/hs_customer.db" dev="mmcblk0p16" ino=179 scontext=u:r:logwrapper2:s0 tcontext=u:object_r:hstvos_file:s0 tclass=file permissive=1
06-27 16:36:32.656 I/hstvos  ( 2105): type=1400 audit(0.0:2609): avc: denied { read write } for name="hs_customer.db" dev="mmcblk0p16" ino=179 scontext=u:r:logwrapper2:s0 tcontext=u:object_r:hstvos_file:s0 tclass=file permissive=1
06-27 16:36:32.656 I/hstvos  ( 2105): type=1400 audit(0.0:2610): avc: denied { open } for path="/tvconfig/config/hsdb/hs_customer.db" dev="mmcblk0p16" ino=179 scontext=u:r:logwrapper2:s0 tcontext=u:object_r:hstvos_file:s0 tclass=file permissive=1
06-27 16:36:32.656 I/hstvos  ( 2105): type=1400 audit(0.0:2611): avc: denied { lock } for path="/tvconfig/config/hsdb/hs_customer.db" dev="mmcblk0p16" ino=179 scontext=u:r:logwrapper2:s0 tcontext=u:object_r:hstvos_file:s0 tclass=file permissive=1
06-27 16:36:32.663 I/hstvos  ( 1699): [0m[1;32m[HSHAL][HS_VIDEO][HS_HAL_Video_Get_TimmingInfo][1160] time[3601777] eStage = 2, info: W 1280,H 720 F 25 
06-27 16:36:32.664 D/TVMW@picturedata( 1731): function getBacklightMode line 1552 *mode=4 stEnergy.u8EnergyMode=4
06-27 16:36:32.664 E/MiVideoService( 1928): Function MiVideoGetImplHandle,m_ClientPid 1731: error: invalid res handle!
06-27 16:36:32.664 I/MiSysSrv( 1696): in funciton convert_to_impl_handle line 665. 0xabd42fac, invalid resource handle 0x04311b22 in mi_res_list
06-27 16:36:32.668 I/TVMW@videoctrl( 1731): [GetTimmingResolution:3113] Get MEDIA timming info Sucessful!
06-27 16:36:32.669 I/TVMW@videoctrl( 1731): Hisense  CurrentSource = 13, GetTimmingResolution Video Width = 1280 tRet = 0
