06-27 16:36:31.729 V/AudioPolicyService( 1668): AudioCommandThread() adding set volume stream 4, volume 0.000000, output 2
06-27 16:36:31.729 V/AudioPolicyService( 1668): inserting command: 2 at index 0, num commands 0
06-27 16:36:31.729 V/AudioPolicyService( 1668): AudioCommandThread() waking up
06-27 16:36:31.729 V/AudioPolicyService( 1668): AudioCommandThread() processing set volume stream 4,                             volume 0.000000, output 2
06-27 16:36:31.729 V/AudioPolicyService( 1668): AudioCommandThread() going to sleep
06-27 16:36:31.729 V/AudioPolicyService( 1668): AudioCommandThread() adding set volume stream 5, volume 0.000000, output 2
06-27 16:36:31.729 V/AudioPolicyService( 1668): inserting command: 2 at index 0, num commands 0
06-27 16:36:31.729 V/AudioPolicyService( 1668): AudioCommandThread() waking up
06-27 16:36:31.729 V/AudioPolicyService( 1668): AudioCommandThread() processing set volume stream 5,                             volume 0.000000, output 2
06-27 16:36:31.729 V/AudioPolicyService( 1668): AudioCommandThread() going to sleep
06-27 16:36:31.729 V/APM::AudioPolicyManager( 1668): checkAndSetVolume() cannot set stream 6 volume with force use = 0 for comm
06-27 16:36:31.729 V/AudioPolicyService( 1668): AudioCommandThread() adding set volume stream 7, volume 0.000000, output 2
06-27 16:36:31.729 V/AudioPolicyService( 1668): inserting command: 2 at index 0, num commands 0
06-27 16:36:31.729 V/AudioPolicyService( 1668): AudioCommandThread() waking up
06-27 16:36:31.729 V/AudioPolicyService( 1668): AudioCommandThread() processing set volume stream 7,                             volume 0.000000, output 2
06-27 16:36:31.729 V/AudioPolicyService( 1668): AudioCommandThread() going to sleep
06-27 16:36:31.729 V/AudioPolicyService( 1668): AudioCommandThread() adding set volume stream 8, volume 0.000000, output 2
06-27 16:36:31.729 V/AudioPolicyService( 1668): inserting command: 2 at index 0, num commands 0
06-27 16:36:31.729 V/AudioPolicyService( 1668): AudioCommandThread() waking up
06-27 16:36:31.729 V/AudioPolicyService( 1668): AudioCommandThread() processing set volume stream 8,                             volume 0.000000, output 2
06-27 16:36:31.729 V/AudioPolicyService( 1668): AudioCommandThread() going to sleep
06-27 16:36:31.729 V/AudioPolicyService( 1668): AudioCommandThread() adding set volume stream 10, volume 0.000000, output 2
06-27 16:36:31.729 V/AudioPolicyService( 1668): inserting command: 2 at index 0, num commands 0
06-27 16:36:31.729 V/AudioPolicyService( 1668): AudioCommandThread() waking up
06-27 16:36:31.729 V/AudioPolicyService( 1668): AudioCommandThread() processing set volume stream 10,                             volume 0.000000, output 2
06-27 16:36:31.729 V/AudioPolicyService( 1668): AudioCommandThread() going to sleep
06-27 16:36:31.729 V/AudioPolicyService( 1668): AudioCommandThread() adding set volume stream 11, volume 0.000002, output 2
06-27 16:36:31.729 V/AudioPolicyService( 1668): inserting command: 2 at index 0, num commands 0
06-27 16:36:31.729 V/AudioPolicyService( 1668): AudioCommandThread() waking up
06-27 16:36:31.729 V/AudioPolicyService( 1668): AudioCommandThread() processing set volume stream 11,                             volume 0.000002, output 2
06-27 16:36:31.729 V/AudioPolicyService( 1668): AudioCommandThread() going to sleep
06-27 16:36:31.729 V/AudioPolicyService( 1668): AudioCommandThread() adding set volume stream 12, volume 1.000000, output 2
06-27 16:36:31.729 V/AudioPolicyService( 1668): inserting command: 2 at index 0, num commands 0
06-27 16:36:31.729 V/AudioPolicyService( 1668): AudioCommandThread() waking up
06-27 16:36:31.730 V/AudioPolicyService( 1668): AudioCommandThread() processing set volume stream 12,                             volume 1.000000, output 2
06-27 16:36:31.730 V/AudioPolicyService( 1668): AudioCommandThread() going to sleep
06-27 16:36:31.730 V/AudioPolicyService( 1668): AudioCommandThread() adding set parameter string spk_volume=0, io 0 ,delay 0
06-27 16:36:31.730 V/AudioPolicyService( 1668): inserting command: 3 at index 0, num commands 0
06-27 16:36:31.730 V/AudioPolicyService( 1668): AudioCommandThread() waking up
06-27 16:36:31.730 V/AudioPolicyService( 1668): AudioCommandThread() processing set parameters string spk_volume=0, io 0
06-27 16:36:31.730 D/audio_hw_raw( 1668): adev_set_parameters: spk_volume=0
06-27 16:36:31.730 V/AudioPolicyService( 1668): AudioCommandThread() going to sleep
06-27 16:36:31.730 V/APM::AudioPolicyManager( 1668): listAudioPorts() role 0 type 0 num_ports 0 ports 0xab88eeb8
06-27 16:36:31.730 V/APM::AudioPolicyManager( 1668): listAudioPorts() got 0 ports needed 13
06-27 16:36:31.732 V/APM::AudioPolicyManager( 1668): listAudioPorts() role 0 type 0 num_ports 0 ports 0xab3c56a8
06-27 16:36:31.732 V/APM::AudioPolicyManager( 1668): listAudioPorts() got 0 ports needed 13
06-27 16:36:31.734 V/APM::AudioPolicyManager( 1668): listAudioPorts() role 0 type 0 num_ports 0 ports 0xab88eeb8
06-27 16:36:31.734 V/APM::AudioPolicyManager( 1668): listAudioPorts() got 0 ports needed 13
06-27 16:36:31.734 V/APM::AudioPolicyManager( 1668): listAudioPorts() role 0 type 0 num_ports 13 ports 0xab42d6f0
06-27 16:36:31.734 V/APM::AudioPolicyManager( 1668): listAudioPorts() got 13 ports needed 13
06-27 16:36:31.737 V/APM::AudioPolicyManager( 1668): listAudioPorts() role 0 type 0 num_ports 0 ports 0xab88eeb8
06-27 16:36:31.737 V/APM::AudioPolicyManager( 1668): listAudioPorts() got 0 ports needed 13
06-27 16:36:31.738 I/audio_hw_primary( 1668): open output pcm for device [AUDIO_DEVICE_OUT_SPEAKER], path[HW DMA Reader1]
06-27 16:36:31.738 I/audio_hw_primary( 1668): pcm format:  ch[2], fs[48000], multi[0]
06-27 16:36:31.738 E/Utopia  ( 1668): [AUDIO]MDrv_AUDIO_PCM_Open: Open PCM device
06-27 16:36:31.738 E/Utopia  ( 1668): [AUDIO]HAL_AUDIO_PCM_HwDma_Reader1_Open: Open HW DMA Reader1
06-27 16:36:31.738 E/Utopia  ( 1668): [AUDIO]MDrv_AUDIO_PCM_Open: return device-id 0
06-27 16:36:31.738 E/audio_hw_primary( 1668): pcm output open ok,  device_id:0
06-27 16:36:31.738 E/Utopia  ( 1668): [AUDIO]MDrv_AUDIO_PCM_Start: Start PCM device-id 0
06-27 16:36:31.738 E/Utopia  ( 1668): [AUDIO]HAL_AUDIO_PCM_HwDma_Reader1_Start: Start HW DMA Reader1
06-27 16:36:31.738 E/Utopia  ( 1668): [AUDIO]HAL_AUDIO_PCM_HwDma_Reader1_Write: Warning! PCM buffer empty!
06-27 16:36:31.738 E/Utopia  ( 1668): [AUDIO]HAL_AUDIO_PCM_HwDma_Reader1_Stop: Stop HW DMA Reader1
06-27 16:36:31.738 E/Utopia  ( 1668): [AUDIO]HAL_AUDIO_PCM_HwDma_Reader1_Start: Start HW DMA Reader1
06-27 16:36:31.742 V/APM::AudioPolicyManager( 1668): listAudioPorts() role 0 type 0 num_ports 0 ports 0xab88eeb8
06-27 16:36:31.743 V/APM::AudioPolicyManager( 1668): listAudioPorts() got 0 ports needed 13
06-27 16:36:31.743 V/APM::AudioPolicyManager( 1668): listAudioPorts() role 0 type 0 num_ports 0 ports 0xab88eeb8
06-27 16:36:31.743 V/APM::AudioPolicyManager( 1668): listAudioPorts() got 0 ports needed 13
06-27 16:36:31.743 V/APM::AudioPolicyManager( 1668): listAudioPorts() role 0 type 0 num_ports 0 ports 0xab888c80
06-27 16:36:31.743 V/APM::AudioPolicyManager( 1668): listAudioPorts() got 0 ports needed 13
06-27 16:36:31.744 V/APM::AudioPolicyManager( 1668): listAudioPorts() role 0 type 0 num_ports 0 ports 0xab888c80
06-27 16:36:31.744 V/APM::AudioPolicyManager( 1668): listAudioPorts() got 0 ports needed 13
06-27 16:36:31.744 V/APM::AudioPolicyManager( 1668): listAudioPorts() role 0 type 0 num_ports 0 ports 0xab888c80
06-27 16:36:31.745 V/APM::AudioPolicyManager( 1668): listAudioPorts() got 0 ports needed 13
06-27 16:36:31.745 D/PowerManagerService( 2310): updateWakeLockWorkSourceInternal: lock=136921362 [AudioMix], ws=WorkSource{10021}
06-27 16:36:31.748 V/APM::AudioPolicyManager( 1668): listAudioPorts() role 0 type 0 num_ports 13 ports 0xab42d6f0
06-27 16:36:31.748 V/APM::AudioPolicyManager( 1668): listAudioPorts() got 13 ports needed 13
06-27 16:36:31.748 V/APM::AudioPolicyManager( 1668): listAudioPorts() role 0 type 0 num_ports 13 ports 0xab42d6f0
06-27 16:36:31.748 V/APM::AudioPolicyManager( 1668): listAudioPorts() got 13 ports needed 13
06-27 16:36:31.751 V/APM::AudioPolicyManager( 1668): listAudioPorts() role 0 type 0 num_ports 13 ports 0xab42d6f0
06-27 16:36:31.751 V/APM::AudioPolicyManager( 1668): listAudioPorts() got 13 ports needed 13
06-27 16:36:31.753 V/APM::AudioPolicyManager( 1668): listAudioPorts() role 0 type 0 num_ports 13 ports 0xab42d6f0
06-27 16:36:31.753 V/APM::AudioPolicyManager( 1668): listAudioPorts() got 13 ports needed 13
06-27 16:36:31.753 V/APM::AudioPolicyManager( 1668): listAudioPorts() role 0 type 0 num_ports 13 ports 0xab42d6f0
06-27 16:36:31.754 V/APM::AudioPolicyManager( 1668): listAudioPorts() got 13 ports needed 13
06-27 16:36:31.758 V/APM::AudioPolicyManager( 1668): listAudioPorts() role 0 type 0 num_ports 13 ports 0xab4c44d0
06-27 16:36:31.758 V/APM::AudioPolicyManager( 1668): listAudioPorts() got 13 ports needed 13
06-27 16:36:31.758 V/APM::AudioPolicyManager( 1668): listAudioPorts() role 0 type 0 num_ports 13 ports 0xab4b7f80
06-27 16:36:31.758 V/APM::AudioPolicyManager( 1668): listAudioPorts() got 13 ports needed 13
06-27 16:36:31.759 V/APM::AudioPolicyManager( 1668): listAudioPorts() role 0 type 0 num_ports 13 ports 0xab42d6f0
06-27 16:36:31.759 V/APM::AudioPolicyManager( 1668): listAudioPorts() got 13 ports needed 13
06-27 16:36:31.760 E/Utopia  ( 1668): [AUDIO]HAL_AUDIO_PCM_HwDma_Reader1_Write: Warning! PCM buffer empty!
06-27 16:36:31.760 E/Utopia  ( 1668): [AUDIO]HAL_AUDIO_PCM_HwDma_Reader1_Stop: Stop HW DMA Reader1
06-27 16:36:31.760 E/Utopia  ( 1668): [AUDIO]HAL_AUDIO_PCM_HwDma_Reader1_Start: Start HW DMA Reader1
06-27 16:36:31.762 I/TENCENT_AD_InternetService(24864): ## 2017-06-27 16:36:31.756 [24864,25710,:0] INFO ## [TENCENT_AD_InternetService]ping http://dp3.play.t002.ottcn.com/qqvideo/?{"adStat":{"tpid":"1","live":"0","mvid":"j0023nodb2a","adtt":"2109","pu":"1","videoDuration":"5724","adaptor":3,"oid":"1,1","adtype":"TL_TK","aid2oid":"245","errorcode":"101","adid":"17","merged":"0","vid2aid":"0","extra":{}},"data":"AS64N6HIoeOl\/8hDY2NsaSncN3Vn07ebJ\/l46aoKoHdRMDQ1uEWeN4bjIrEtcWjiQl1qGTLijcwnrD+E9ywMOqXG0TlgZ9TJrsiINrVHFmqZET9ywSoVaPyixBdgj0IXzJdCByVo3dKfjZAG9M4DWy8XNm7fvvgpcV1GPN8yMLf2Fq5Q\/JRhSbhPoLPEG+7OYa8HL23hqZJoLJEcMSSHKOAgov0TGXAjXv4BaeuqqQE0pvg7l9F6ML\/VH\/3OTvjgU3qYL+CFOKNHhEXEkCLyRmbKyCzloamaff5adIiaabQjCbsZ72PdprfxOSQwpVZFDuq\/QSfzgLjpfRUUxSu9jrM1HLIdgdpdwWjNjWZAcxIKuiQ2wr9+36OTNoz3EsmBvKRjN3P2SBsetpCpv38q0s7C0hgJRmgiQmY9uYNQPdQg9EE5HZCUbgRVWPiMsG4QTdcDmxiU0mrvggKTIM\/m0mK7\/X3WAxRrB7HJHDfJJDcY6mYhTOiIzbN7N\/A7YYuvAFsXUUCPDJoWGsKiAapjpmLKQ5xZgVsoCoZYL\/v9PN0hpzCV4AIvKjMDVAbA+prQm2tLZp1QERUZDWzH7pIZvfkz2DxAEjoGFJw8SnpBI9wV+ITJ5fFnQSm1vCW3\/VhXKUBHhONJw3pVyLZrctrudyjNWpnzfGsBxKErDnb5Ut9ZIMEsTU7dk8MSEuKOLrb78qNdRAdsXHrsO0yUYzQHtaS\/IpjGtBR3\/nTx7cNej+F4xMKNrXDqEOYWILkHtoiROJRGd3dJk4FQkbJBD0d6cFNSRwa2R2woVXUYoF\/V+wBT","chid":"305","pf":"atv","appversion":"161201","configversion":"-1"} succeed
06-27 16:36:31.778 D/MSTAR_VDEC_API( 1668): [Time] first_get_frame: 137, ref: 60
06-27 16:36:31.779 D/MSTAR_VDEC_DBG( 1668): Stream ID: 0, Rate : 0 [Vsync Rate : 0](E:0,D:0,S:0,F:5) 
06-27 16:36:31.781 V/MediaCodec( 1668): codec output format changed
06-27 16:36:31.781 V/NuPlayer( 1668): [kWhatVideoNotify] nuplayerdecoder return kWhatVideoSizeChanged
06-27 16:36:31.781 D/LiveSession( 1668): LiveSession::getStreamFormat StreamType =2,mStreamMask =3
06-27 16:36:31.781 V/NuPlayer( 1668): Video output format changed to 1280 x 720 (crop: 1280 x 720 @ (0, 0))
06-27 16:36:31.781 D/NuPlayerDriver( 1668): notifyListener_l(0xabf28250), (5, 1280, 720)
06-27 16:36:31.783 V/NuPlayerDriver( 1668): notifySeekComplete(0xabf28250)
06-27 16:36:31.783 D/NuPlayerDriver( 1668): notifyListener_l(0xabf28250), (4, 0, 0)
06-27 16:36:31.784 V/NuPlayer( 1668): media rendering started
06-27 16:36:31.784 D/NuPlayerDriver( 1668): notifyListener_l(0xabf28250), (6, 0, 0)
06-27 16:36:31.787 I/TencentPlayView(24864):  onSeekComplete sFirstFrameStart=false
06-27 16:36:31.788 E/art     (24864): No implementation found for void com.tencent.p2pproxy.DownloadFacade.setPlayingState(int, int) (tried Java_com_tencent_p2pproxy_DownloadFacade_setPlayingState and Java_com_tencent_p2pproxy_DownloadFacade_setPlayingState__II)
06-27 16:36:31.788 W/System.err(24864): java.lang.UnsatisfiedLinkError: No implementation found for void com.tencent.p2pproxy.DownloadFacade.setPlayingState(int, int) (tried Java_com_tencent_p2pproxy_DownloadFacade_setPlayingState and Java_com_tencent_p2pproxy_DownloadFacade_setPlayingState__II)
06-27 16:36:31.788 W/System.err(24864): 	at com.tencent.p2pproxy.DownloadFacade.setPlayingState(Native Method)
06-27 16:36:31.788 W/System.err(24864): 	at com.tencent.httpproxy.d.setPlayingState(PlayManagerImpl.java:849)
06-27 16:36:31.788 W/System.err(24864): 	at com.tencent.qqlive.mediaplayer.logic.MediaPlayerManager$b.handleMessage(MediaPlayerManager.java:5752)
06-27 16:36:31.788 W/System.err(24864): 	at android.os.Handler.dispatchMessage(Handler.java:102)
06-27 16:36:31.788 W/System.err(24864): 	at android.os.Looper.loop(Looper.java:148)
06-27 16:36:31.788 W/System.err(24864): 	at android.os.HandlerThread.run(HandlerThread.java:61)
06-27 16:36:31.789 E/BufferQueueProducer( 1632): fromProcess: /system/bin/mediaserver
06-27 16:36:31.789 D/vsyncbridge( 1632): vsync_bridge_render_frame: [0]switch not on !
06-27 16:36:31.790 D/vsyncbridge( 1632): Display Path INIT BEGIN
06-27 16:36:31.794 I/MediaPlayerMgr(24864): ## 2017-06-27 16:36:31.786 [24864,25690,:0] INFO ## [MediaPlayerMgr][SystemMediaPlayer.java]onSeekComplete(), and position:0
06-27 16:36:31.799 I/MediaPlayerMgr-1469170927(24864): ## 2017-06-27 16:36:31.787 [24864,25690,:0] INFO ## [MediaPlayerMgr-1469170927][MediaPlayerManager.java]PlayerCore msg arrives: PLAYER_BASE_SEEK_COMPLETED, value: 1, arg1: 0, arg2: 0
06-27 16:36:31.808 D/hwcomposer( 1632): Overlay[0], bInUsed = 1, bIsForceClose = 0
06-27 16:36:31.810 D/vsyncbridge( 1632): [0] handle_thread thread got msg 0x1, mState = 0
06-27 16:36:31.810 D/vsyncbridge( 1632): Overlay 0 state change from 0 to 1
06-27 16:36:31.810 D/vsyncbridge( 1632): Init Overlay 0
06-27 16:36:31.810 V/RMClient( 1632): #4:RMClient
06-27 16:36:31.810 V/RMClient( 1632): #3:~RMClient
06-27 16:36:31.810 V/RMClient( 1632): #3:RMClient::returnAllResources, skipped due to no hold resource
06-27 16:36:31.811 V/RMClientListener( 1632): ~RMClientListener
06-27 16:36:31.811 V/RMClient( 1632): #4:requestResourceAsync
06-27 16:36:31.811 D/vsyncbridge( 1632): Wrapper_connect IN.
06-27 16:36:31.823 I/MiSysSrv( 1696): [0mnone MI_DBG_LVL_L in PROC_CMD_LINE!
06-27 16:36:31.823 I/MiSysSrv( 1696): none MI_DBG_LVL_H in PROC_CMD_LINE!
06-27 16:36:31.823 I/MiSysSrv( 1696): [1;32m[MI INFO]:_MI_HWCAPS_UpdateDmxCaps[616]: [HWCAPS]:Info: dmx caps has been updated!
06-27 16:36:31.823 I/MiSysSrv( 1696): [0m[1;32m[MI INFO]:_MI_HWCAPS_UpdateVideoCaps[602]: [HWCAPS]:Info: video caps has been updated!
06-27 16:36:31.823 I/MiSysSrv( 1696): [0m[1;32m[MI INFO]:_MI_HWCAPS_UpdateAudioCaps[524]: [HWCAPS]:Info:audio caps has been updated!
06-27 16:36:31.823 I/MiSysSrv( 1696): [0m[utopia shm warning] 				register duplicated shared memory ID 222: MODULE_DMX@0xf5a95030
06-27 16:36:31.823 I/MiSysSrv( 1696): [utopia shm warning] 				register duplicated shared memory ID 223: MODULE_DMX_PRI@0xf5a950b0
06-27 16:36:31.823 I/MiSysSrv( 1696): [utopia module warning] register duplicated module: MODULE_DMX
06-27 16:36:31.823 I/MiSysSrv( 1696): [utopia shm warning] 				register duplicated shared memory ID 224: DMX@0xf5a950b8
06-27 16:36:31.823 I/MiSysSrv( 1696): [utopia shm warning] 				register duplicated shared memory ID 225: DMX_PRI@0xf5a951b0
06-27 16:36:31.823 I/MiSysSrv( 1696): [utopia rpool warning] MODULE_DMX has already been established in this processRPOOL_DMX_0
06-27 16:36:31.828 V/RMClient( 1632): #4:onMessageReceived creq
06-27 16:36:31.829 I/MiSysSrv( 1696): [HAL_TSP_CPU_SetBase][4206] load firmware (address, size) = (0x000a0000, 0x000054d7)
06-27 16:36:31.829 I/MiSysSrv( 1696): firmware 111 0x000a0000 0x00000000 0x00000a00
06-27 16:36:31.830 V/RMClient( 1632): #4:kWhatCmdResourceRequest
06-27 16:36:31.831 V/RMAllocator( 1636): handleRequest
06-27 16:36:31.831 V/RMClient( 1632): #4:Done
06-27 16:36:31.831 V/RMAllocator( 1636): handleRequest new ClientInfo, client=2439433664 id=4
06-27 16:36:31.832 I/RMAllocator( 1636): ClientInfo this=2439432464, mRMClient=2439433664. id=4
06-27 16:36:31.832 V/RMAllocator( 1636): handleRequest new ClientInfo=2439432464, client=2439433664 id=4
06-27 16:36:31.832 V/RMAllocator( 1636): allocateResources
06-27 16:36:31.832 V/RMAllocator( 1636): allocateOneResource
06-27 16:36:31.832 V/RMClient( 1632): #4:handleRequestDone
06-27 16:36:31.832 V/RMClient( 1632): #4:onMessageReceived ldon
06-27 16:36:31.832 V/RMClient( 1632): #4:kWhatRequestDone
06-27 16:36:31.832 D/vsyncbridge( 1632): handleRequestDone: mOverlayID = 0, mState = 0x1
06-27 16:36:31.832 V/RMClient( 1632): #4:Done
06-27 16:36:31.833 I/MiSysSrv( 1696): [1;32m[MI INFO]:_MI_HWCAPS_UpdateDmxCaps[616]: [HWCAPS]:Info: dmx caps has been updated!
06-27 16:36:31.833 I/MiSysSrv( 1696): [0m[1;32m[MI INFO]:_MI_HWCAPS_UpdateVideoCaps[602]: [HWCAPS]:Info: video caps has been updated!
06-27 16:36:31.833 I/MiSysSrv( 1696): [0m[1;32m[MI INFO]:_MI_HWCAPS_UpdateAudioCaps[524]: [HWCAPS]:Info:audio caps has been updated!
06-27 16:36:31.833 I/MiSysSrv( 1696): [0m[1;31m[MI ERR ]: MI_CreateTask[1568]: 1568 pStackBase is 0xabd3d328, u32StackSize is 0x2000, page size is 0x1000, NOT ALIGN!!! Use default stack by libc
06-27 16:36:31.834 I/MiSysSrv( 1696): [0m[1;31m[MI ERR ]: MI_CreateTask[1568]: 1568 pStackBase is 0xabd3f330, u32StackSize is 0x2000, page size is 0x1000, NOT ALIGN!!! Use default stack by libc
06-27 16:36:31.834 I/MiSysSrv( 1696): [0m[1;31m[MI ERR ]: MI_CreateTask[1568]: 1568 pStackBase is 0xabd4b810, u32StackSize is 0x2000, page size is 0x1000, NOT ALIGN!!! Use default stack by libc
06-27 16:36:31.834 I/MiSysSrv( 1696): [0m[1;31m[MI ERR ]: MI_CreateTask[1568]: 1568 pStackBase is 0xabd4d818, u32StackSize is 0x2000, page size is 0x1000, NOT ALIGN!!! Use default stack by libc
06-27 16:36:31.834 I/MiSysSrv( 1696): [0m[1;31m[MI ERR ]: MI_CreateTask[1568]: 1568 pStackBase is 0xabd4f820, u32StackSize is 0x2000, page size is 0x1000, NOT ALIGN!!! Use default stack by libc
06-27 16:36:31.834 I/MiSysSrv( 1696): [0m[1;31m[MI ERR ]: MI_CreateTask[1568]: 1568 pStackBase is 0xabd51828, u32StackSize is 0x2000, page size is 0x1000, NOT ALIGN!!! Use default stack by libc
06-27 16:36:31.835 I/MiSysSrv( 1696): [0m[1;31m[MI ERR ]: MI_CreateTask[1568]: 1568 pStackBase is 0xabd53830, u32StackSize is 0x2000, page size is 0x1000, NOT ALIGN!!! Use default stack by libc
06-27 16:36:31.835 I/MiSysSrv( 1696): [0m[1;31m[MI ERR ]: MI_CreateTask[1568]: 1568 pStackBase is 0xabd55838, u32StackSize is 0x2000, page size is 0x1000, NOT ALIGN!!! Use default stack by libc
06-27 16:36:31.838 I/TVMW@picture( 1731): Hisense {getMEMCLevelForHAL,1344} eMemcLevel = 2
06-27 16:36:31.839 D/til@system( 2539): get TIL_MEMC_MODE
06-27 16:36:31.839 I/TVMW@picture( 1731): Hisense {getMEMCLevel,1332} source = 13, memcLevel = 2
06-27 16:36:31.840 E/TVMW@videoctrl( 1731): hs_mw_videoctrl.cpp getOsdShow result is        0
06-27 16:36:31.840 D/hwcomposer( 1632): lastVideoPlanes is dirty
06-27 16:36:31.840 D/hwcomposer( 1632): lastHWWindowInfo is dirty
06-27 16:36:31.843 I/MtaSDK  (24864): [pool-20-thread-1(609): null:-1] - http recv response status code:200, content length:29
06-27 16:36:31.844 I/MtaSDK  (24864): [pool-20-thread-1(609): null:-1] - http get response data:{"ret":0}
06-27 16:36:31.874 I/MiSysSrv( 1696): [0mnone MI_DBG_LVL_L in PROC_CMD_LINE!
06-27 16:36:31.874 I/MiSysSrv( 1696): none MI_DBG_LVL_H in PROC_CMD_LINE!
06-27 16:36:31.874 I/MiSysSrv( 1696): [1;32m[MI INFO]:_MI_HWCAPS_UpdateVideoCaps[602]: [1;31m[MI ERR ]: _MI_Video_CB_Task[256]: g_VideoEvt = NULL! or _bInStrStage
06-27 16:36:31.874 I/MiSysSrv( 1696): [0m[HWCAPS]:Info: video caps has been updated!
06-27 16:36:31.875 I/hstvos  ( 1699): [0m[1;33m[HSHAL][HS_VIDEO][HS_HAL_Video_Get_SignalStatusSync][952] time[3600989] source = 13, video signal changed ! before = 0 ; now 1 !!! 
06-27 16:36:31.875 I/hstvos  ( 1699): [0m[1;32m[HSHAL][HS_VIDEO][HS_HAL_Video_Get_SignalStatusSync][965] time[3600989] source = 13, *signal == 1  !
06-27 16:36:31.878 I/ContentDetailActivity(24864):  ethInfo[type: Ethernet[], state: CONNECTED/CONNECTED, reason: (unspecified), extra: a8:a6:48:0c:c8:26, roaming: false, failover: false, isAvailable: true]
06-27 16:36:31.894 E/MiVideoService( 1928): Function MiVideoGetImplHandle,m_ClientPid 1950: error: invalid res handle!
06-27 16:36:31.894 I/MiSysSrv( 1696): [0min funciton convert_to_impl_handle line 665. 0xca5012cc, invalid resource handle 0x04281b22 in mi_res_list
06-27 16:36:31.896 I/MiSysSrv( 1696): [0m[mapi_video_base@Line 1833] Initialize:1833 Video Init : Win Change[0->0], Source Change[42->34]
06-27 16:36:31.896 I/MiSysSrv( 1696): [GetModuleParameter_string]ModuleParameter[3] : find M_HDR:F_HDR_OPEN_OTT = 1
06-27 16:36:31.896 I/MiSysSrv( 1696): [GetModuleParameter_string]ModuleParameter[4] : find M_HDR:F_HDR_DOLBY_OTT = 1
06-27 16:36:31.896 I/MiSysSrv( 1696): [Hal_SC_mux_dispatch][686]src_port=100, dest_port=1
06-27 16:36:31.898 D/PowerManagerService( 2310): acquireWakeLockInternal: lock=40834514, flags=0x1, tag="NetworkStats", ws=null, uid=1000, pid=2310
06-27 16:36:31.898 D/NtpTrustedTime( 2310): currentTimeMillis() cache hit
06-27 16:36:31.903 E/MiVideoService( 1928): Function MiVideoGetImplHandle,m_ClientPid 1731: error: invalid res handle!
06-27 16:36:31.903 I/MiSysSrv( 1696): in funciton convert_to_impl_handle line 665. 0xabd42f24, invalid resource handle 0x04291b22 in mi_res_list
06-27 16:36:31.903 I/MiSysSrv( 1696): [XC,SetWindow][MDrv_SC_SetMCDIBufferAddress, 8947] Change MCDI mode = 0  FB_Start_Addr=16980000, Size=10000
06-27 16:36:31.903 I/MiSysSrv( 1696): [XC,SetWindow][MDrv_SC_SetMCDIBufferAddress, 8947] Change MCDI mode = 1  FB_Start_Addr=16880000, Size=100000
06-27 16:36:31.903 I/MiSysSrv( 1696): [XC,SetWindow][msAPI_Scaler_Field_Detect, 2465] DTV [XC,SetWindow][msAPI_Scaler_Field_Detect, 2478] -> Progressive
06-27 16:36:31.910 E/MiVideoService( 1928): Function MiVideoGetImplHandle,m_ClientPid 1950: error: invalid res handle!
06-27 16:36:31.910 I/MiSysSrv( 1696): in funciton convert_to_impl_handle line 665. 0xcbf02bcc, invalid resource handle 0x042a1b22 in mi_res_list
06-27 16:36:31.915 I/MediaPlayerMgr(24864): ## 2017-06-27 16:36:31.913 [24864,25721,:0] INFO ## [MediaPlayerMgr][SystemMediaPlayer.java]Test mediaplayer.: 180
06-27 16:36:31.916 E/vsyncbridge( 1632): Fail to MI_V3D_GetHandle(...).
06-27 16:36:31.923 D/vsyncbridge( 1632): [0] handle_thread thread got msg 0x1, mState = 1
06-27 16:36:31.923 D/vsyncbridge( 1632): Overlay 0 state change from 1 to 2
06-27 16:36:31.923 D/vsyncbridge( 1632): enWin=0, enCodecType=11, miu=0, frameRate=25000, interlace=0, Hsize=1280, Vsize=720, {0, 0, 0, 0}
06-27 16:36:31.923 D/vsyncbridge( 1632): crop[0 0 1280 720] disp[0 0 1920 1080] [1280, 720] apptype = 0
06-27 16:36:31.928 E/vsyncbridge( 1632): Fail to MI_V3D_GetHandle(...).
06-27 16:36:31.928 E/vsyncbridge( 1632): Fail to get v3d handle.
06-27 16:36:31.928 E/vsyncbridge( 1632): Fail to get v3d status.
06-27 16:36:31.928 D/vsyncbridge( 1632): Current 3D format = 0, PIPMode = 0
06-27 16:36:31.928 D/vsyncbridge( 1632): Wrapper_Video_setMode 0, DS: 1 , 3D: 0 
06-27 16:36:31.928 I/vsyncbridge( 1632): Skip 4K2K Pannel setting .
06-27 16:36:31.930 E/MiVideoService( 1928): Function MiVideoGetImplHandle,m_ClientPid 1731: error: invalid res handle!
06-27 16:36:31.930 I/MiSysSrv( 1696): in funciton convert_to_impl_handle line 665. 0xc8b010e4, invalid resource handle 0x042b1b22 in mi_res_list
06-27 16:36:31.936 I/MiSysSrv( 1696): [Hal_SC_Sub_SRAM_PowerDown_Control,10117]  not support this device ID![1;31m[MI ERR ]: MI_ATOM_DISPLAY_SetMmMode[5028]: MI_ATOM_DISPLAY_SetMmMode CodecType=11, MIU=0, FrameRate=25000, Interlace=0, HSize=3840, VSize=2160, top=0, bot=0, left=0, right=0,pVideo=0xabd31fe0
06-27 16:36:31.936 I/MiSysSrv( 1696): [0m[XC,SetWindow][MHal_FRC_IPM_SetBaseAddr,  791] Same Main_FRCM_F2_Start_Addr=0, no need to set again, return it! 
06-27 16:36:31.936 I/MiSysSrv( 1696): [XC,SetWindow][MHal_FRC_IPM_SetBaseAddr,  897] Set Main_FRC_L_Start_Addr=2073600
06-27 16:36:31.936 I/MiSysSrv( 1696): [XC,SetWindow][MHal_FRC_OPM_SetBaseAddr, 1048] Same Main_FRCM_F2_Start_Addr=0, no need to set again, return it! 
06-27 16:36:31.936 I/MiSysSrv( 1696): [XC,SetWindow][MHal_FRC_OPM_SetBaseAddr, 1115] Set Main_FRC_L_Start_Addr=2073600
06-27 16:36:31.936 I/MiSysSrv( 1696): [XC,SetWindow][MHal_FRC_IPM_R_SetBaseAddr,  921] Same Main_FRCM_F2_Start_Addr=78796800, no need to set again, return it! 
06-27 16:36:31.936 I/MiSysSrv( 1696): [XC,SetWindow][MHal_FRC_OPM_R_SetBaseAddr, 1202] Set Main_FRC_R_Start_Addr=4536000
06-27 16:36:31.936 I/MiSysSrv( 1696): [XC,SetWindow][MHal_FRC_ME1_SetBaseAddr, 1269] Set Main_FRC_L_Start_Addr=8803360
06-27 16:36:31.936 I/MiSysSrv( 1696): [XC,SetWindow][MHal_FRC_ME2_SetBaseAddr, 1365] Set Main_FRC_L_Start_Addr=9009488
06-27 16:36:31.936 I/MiSysSrv( 1696): [XC,SetWindow][MHal_FRC_Halo_SetBaseAddr, 1429] Set Main_FRC_L_Start_Addr=9140048
06-27 16:36:31.936 I/MiSysSrv( 1696): [XC,SetWindow][MHal_FRC_IPM_SetBaseAddr,  791] Same Main_FRCM_F2_Start_Addr=0, no need to set again, return it! 
06-27 16:36:31.936 I/MiSysSrv( 1696): [XC,SetWindow][MHal_FRC_IPM_SetBaseAddr,  897] Set Main_FRC_L_Start_Addr=2073600
06-27 16:36:31.936 I/MiSysSrv( 1696): [XC,SetWindow][MHal_FRC_OPM_SetBaseAddr, 1048] Same Main_FRCM_F2_Start_Addr=0, no need to set again, return it! 
06-27 16:36:31.936 I/MiSysSrv( 1696): [XC,SetWindow][MHal_FRC_OPM_SetBaseAddr, 1115] Set Main_FRC_L_Start_Addr=2073600
06-27 16:36:31.936 I/MiSysSrv( 1696): [XC,SetWindow][MHal_FRC_IPM_R_SetBaseAddr,  921] Same Main_FRCM_F2_Start_Addr=78796800, no need to set again, return it! 
06-27 16:36:31.936 I/MiSysSrv( 1696): [XC,SetWindow][MHal_FRC_OPM_R_SetBaseAddr, 1202] Set Main_FRC_R_Start_Addr=4536000
06-27 16:36:31.936 I/MiSysSrv( 1696): [XC,SetWindow][MHal_FRC_ME1_SetBaseAddr, 1269] Set Main_FRC_L_Start_Addr=8803360
06-27 16:36:31.936 I/MiSysSrv( 1696): [XC,SetWindow][MHal_FRC_ME2_SetBaseAddr, 1365] Set Main_FRC_L_Start_Addr=9009488
06-27 16:36:31.936 I/MiSysSrv( 1696): [XC,SetWindow][MHal_FRC_Halo_SetBaseAddr, 1429] Set Main_FRC_L_Start_Addr=9140048
06-27 16:36:31.936 I/MiSysSrv( 1696): [XC,SetWindow][MHal_FRC_IPM_SetBaseAddr,  791] Same Main_FRCM_F2_Start_Addr=0, no need to set again, return it! 
06-27 16:36:31.936 I/MiSysSrv( 1696): [XC,SetWindow][MHal_FRC_IPM_SetBaseAddr,  897] Set Main_FRC_L_Start_Addr=2073600
06-27 16:36:31.937 I/MiSysSrv( 1696): [XC,SetWindow][MHal_FRC_OPM_SetBaseAddr, 1048] Same Main_FRCM_F2_Start_Addr=0, no need to set again, return it! 
06-27 16:36:31.937 I/MiSysSrv( 1696): [XC,SetWindow][MHal_FRC_OPM_SetBaseAddr, 1115] Set Main_FRC_L_Start_Addr=2073600
06-27 16:36:31.937 I/MiSysSrv( 1696): [XC,SetWindow][MHal_FRC_IPM_R_SetBaseAddr,  921] Same Main_FRCM_F2_Start_Addr=78796800, no need to set again, return it! 
06-27 16:36:31.937 I/MiSysSrv( 1696): [XC,SetWindow][MHal_FRC_OPM_R_SetBaseAddr, 1202] Set Main_FRC_R_Start_Addr=4536000
06-27 16:36:31.937 I/MiSysSrv( 1696): [XC,SetWindow][MHal_FRC_ME1_SetBaseAddr, 1269] Set Main_FRC_L_Start_Addr=8803360
06-27 16:36:31.937 I/MiSysSrv( 1696): [XC,SetWindow][MHal_FRC_ME2_SetBaseAddr, 1365] Set Main_FRC_L_Start_Addr=9009488
06-27 16:36:31.937 I/MiSysSrv( 1696): [XC,SetWindow][MHal_FRC_Halo_SetBaseAddr, 1429] Set Main_FRC_L_Start_Addr=9140048
06-27 16:36:31.937 I/MiSysSrv( 1696): [XC,SetWindow][MHal_FRC_IPM_SetBaseAddr,  791] Same Main_FRCM_F2_Start_Addr=0, no need to set again, return it! 
06-27 16:36:31.937 I/MiSysSrv( 1696): [XC,SetWindow][MHal_FRC_IPM_SetBaseAddr,  897] Set Main_FRC_L_Start_Addr=2073600
06-27 16:36:31.937 I/MiSysSrv( 1696): [XC,SetWindow][MHal_FRC_OPM_SetBaseAddr, 1048] Same Main_FRCM_F2_Start_Addr=0, no need to set again, return it! 
06-27 16:36:31.937 I/MiSysSrv( 1696): [XC,SetWindow][MHal_FRC_OPM_SetBaseAddr, 1115] Set Main_FRC_L_Start_Addr=2073600
06-27 16:36:31.937 I/MiSysSrv( 1696): [XC,SetWindow][MHal_FRC_IPM_R_SetBaseAddr,  921] Same Main_FRCM_F2_Start_Addr=78796800, no need to set again, return it! 
06-27 16:36:31.937 I/MiSysSrv( 1696): [XC,SetWindow][MHal_FRC_OPM_R_SetBaseAddr, 1202] Set Main_FRC_R_Start_Addr=4536000
06-27 16:36:31.937 I/MiSysSrv( 1696): [XC,SetWindow][MHal_FRC_ME1_SetBaseAddr, 1269] Set Main_FRC_L_Start_Addr=8803360
06-27 16:36:31.937 I/MiSysSrv( 1696): [XC,SetWindow][MHal_FRC_ME2_SetBaseAddr, 1365] Set Main_FRC_L_Start_Addr=9009488
06-27 16:36:31.937 I/MiSysSrv( 1696): [XC,SetWindow][MHal_FRC_Halo_SetBaseAddr, 1429] Set Main_FRC_L_Start_Addr=9140048
06-27 16:36:31.937 I/MiSysSrv( 1696): [mapi_video_base@Line 4819] m_bSetMode=1 this=0xabd31fe0
06-27 16:36:31.948 I/MiSysSrv( 1696): [1;31m[MI ERR ]: _MI_VIDEO_SetMmMvopMode[4700]: CodecType=11, MIU=0, FrameRate=25000, Interlace=0, HSize=3840, VSize=2160, top=0, bot=0, left=0, right=0,pVideo=0xcbe01b10
06-27 16:36:31.948 I/MiSysSrv( 1696): [0mMVOP switch to MIU 0.
06-27 16:36:31.948 I/MiSysSrv( 1696): ->u16FrameRate = 25000
06-27 16:36:31.948 I/MiSysSrv( 1696): ->u8Interlace = 0
06-27 16:36:31.948 I/MiSysSrv( 1696): ->u16HorSize = 3840
06-27 16:36:31.948 I/MiSysSrv( 1696): ->u16VerSize = 2160
06-27 16:36:31.948 I/MiSysSrv( 1696): [Utopia][Utopia]: [Warning] xc support pVOPTiming->u16H_TotalCount >= 4095 after CL 712830
06-27 16:36:31.950 I/MiSysSrv( 1696): SetMmMvopMode,1606
06-27 16:36:31.950 D/vsyncbridge( 1632): int Wrapper_Video_setMode_mi(MS_VideoInfo*, int) @ line: 1052: Enter Start ds.
06-27 16:36:31.951 D/vsyncbridge( 1632): vsync_bridge_CalAspectRatio type = 0
06-27 16:36:31.951 D/vsyncbridge( 1632): panel [3840 2160] osd [1920 1080] ratio [2.000000 2.000000]
06-27 16:36:31.951 D/vsyncbridge( 1632): apply ratio, disp_win[0 0 3840 2160] crop_win[0 0 1280 720]
06-27 16:36:31.951 D/vsyncbridge( 1632): disp_old[0 0 3840 2160], disp_new[0 0 3840 2160], crop[0 0 1280 720]
06-27 16:36:31.951 D/vsyncbridge( 1632): Wrapper_Video_setXCWin IN.
06-27 16:36:31.951 D/vsyncbridge( 1632): Wrapper_Video_setXCWin 0
06-27 16:36:31.953 I/MiSysSrv( 1696): [1;31m[MI ERR ]: onTransact[4418]: MI_Display_CtrlType_e:2
06-27 16:36:31.953 I/MiSysSrv( 1696): [1;31m[MI ERR ]: MiDisplayPrivateCtrl[2429]: Invalid MI_Display_CtrlType_e:2
06-27 16:36:31.953 I/MiSysSrv( 1696): [0m~~~~> MI_IMPL_DISPLAY_SetWindowAttr(): [IN]hWinHandle=0xffff0700, [IN]eAttrType=1, [IN]pUserParams=0xd1800034
06-27 16:36:31.954 D/NtpTrustedTime( 2310): currentTimeMillis() cache hit
06-27 16:36:31.953 I/MiSysSrv( 1696): [leon.luo]Start of EnableVideoMute = 1 time: [3601066]
06-27 16:36:31.958 I/MiSysSrv( 1696): [XC,SetWindow][MDrv_SC_GenerateBlackVideo,  402] SC0 GenerateBlackVideo enable = 1,ewindow = 0
06-27 16:36:31.958 I/MiSysSrv( 1696): [videomute][leon.luo][3476]Hal_SC_set_main_black_screen_burst = 1
06-27 16:36:31.961 D/NtpTrustedTime( 2310): currentTimeMillis() cache hit
06-27 16:36:31.961 D/NtpTrustedTime( 2310): currentTimeMillis() cache hit
06-27 16:36:31.963 D/PowerManagerService( 2310): releaseWakeLockInternal: lock=40834514 [NetworkStats], flags=0x0
06-27 16:36:31.965 E/MiVideoService( 1928): Function MiVideoGetImplHandle,m_ClientPid 1731: error: invalid res handle!
06-27 16:36:31.966 I/hstvos  ( 1699): [0m[1;33m[HSHAL][HS_VIDEO][HS_HAL_Video_Get_SignalStatusSync][952] time[3601080] source = 13, video signal changed ! before = 1 ; now 0 !!! 
06-27 16:36:31.967 I/MiSysSrv( 1696): [0min funciton convert_to_impl_handle line 665. 0xcbe0201c, invalid resource handle 0x042c1b22 in mi_res_list
06-27 16:36:31.969 I/DetailVideoFrameLayoutContainer(24864): mNowTotalRxBytes = 442599  mLastTotalRxBytes = 440816  mNowTimeStamp = 3601083  mLastTimeStamp = 3600579
06-27 16:36:31.969 I/DetailVideoFrameLayoutContainer(24864):  now download speed is 3.0MB/s
06-27 16:36:31.973 I/MiSysSrv( 1696): [jeremy.chan][432][video mute on driver done]
06-27 16:36:31.976 E/MiVideoService( 1928): Function MiVideoGetImplHandle,m_ClientPid 1731: error: invalid res handle!
06-27 16:36:31.976 I/MiSysSrv( 1696): in funciton convert_to_impl_handle line 665. 0xabd3cf0c, invalid resource handle 0x042d1b22 in mi_res_list
06-27 16:36:31.982 I/MiSysSrv( 1696): [1;31m[MI ERR ]: mi_display_needSkipOpSetting[1018]: Fail to MI_V3D_GetHandle(), V3D is disable.
06-27 16:36:31.982 I/MiSysSrv( 1696): [0m[mapi_video_base@Line 2237] Lock window disabled @ x,y,w,h=0,0,0,0
06-27 16:36:31.982 D/vsyncbridge( 1632): DisplayWindow (0 0) 3840 X 2160.
06-27 16:36:31.982 I/hstvos  ( 1699): [0m[1;36m[mif][VIDEO_FW][_Mif_Video_Window_Callback][590] time[3601096] _Mif_Video_Window_Callback u32EventFlags: 65536, width: 3840, height: 2160
06-27 16:36:31.986 I/MiSysSrv( 1696): [leon.luo]setPqBypass
06-27 16:36:31.986 I/MiSysSrv( 1696): [mapi_video_base@Line 2684] CropWin assigned: x,y,w,h=0,0,1280,720
06-27 16:36:31.986 I/MiSysSrv( 1696): [mapi_video_base@Line 2838] SrcWin1[Win=0]: x,y,w,h=984,30,3840,2160
06-27 16:36:31.986 I/MiSysSrv( 1696): [mapi_video_base@Line 2839] CropWin1: x,y,w,h=0,0,1280,720
06-27 16:36:31.986 I/MiSysSrv( 1696): [mapi_video_base@Line 2840] DispWin1: x,y,w,h=0,0,3840,2160
06-27 16:36:31.986 I/MiSysSrv( 1696): [mapi_video_base@Line 2925] CropWin1.1: x,y,w,h=0,0,1280,720
06-27 16:36:31.986 I/MiSysSrv( 1696): === open 3D OverScan ===
06-27 16:36:31.986 I/MiSysSrv( 1696): [mapi_video_base@Line 2927] CropWin1.2: x,y,w,h=0,0,1280,720
06-27 16:36:31.986 I/MiSysSrv( 1696): [mapi_video_base@Line 2932] SrcWin2: x,y,w,h=984,30,3840,2160
06-27 16:36:31.986 I/MiSysSrv( 1696): [mapi_video_base@Line 2933] CropWin2: x,y,w,h=0,0,1280,720
06-27 16:36:31.986 I/MiSysSrv( 1696): [mapi_video_base@Line 2934] DispWin2: x,y,w,h=0,0,3840,2160
06-27 16:36:31.987 I/MiSysSrv( 1696): [mapi_video_base@Line 3031] SrcWin3: x,y,w,h=984,30,3840,2160
06-27 16:36:31.987 I/MiSysSrv( 1696): [mapi_video_base@Line 3032] CropWin3: x,y,w,h=0,0,1280,720
06-27 16:36:31.987 I/MiSysSrv( 1696): [mapi_video_base@Line 3033] DispWin3: x,y,w,h=0,0,3840,2160
06-27 16:36:31.987 I/MiSysSrv( 1696): [mapi_video_base@Line 3226] SrcWin5[Win=0]: x,y,w,h=984,30,3840,2160
06-27 16:36:31.987 I/MiSysSrv( 1696): [mapi_video_base@Line 3227] CropWin5: x,y,w,h=0,0,1280,720
06-27 16:36:31.987 I/MiSysSrv( 1696): [mapi_video_base@Line 3228] DispWin5: x,y,w,h=0,0,3840,2160
06-27 16:36:31.987 I/MiSysSrv( 1696): [mapi_video_base@Line 3261][MOVEWINDOW] m_stCurWinInfo={34, {984,30,3840,2160},
06-27 16:36:31.987 I/MiSysSrv( 1696):         {0,0,3840,2160}, {0,0,1280,720},    0,0,250,2205,0,0,
06-27 16:36:31.987 I/MiSysSrv( 1696):         0,0,0,0,0,0,    0,   1,3840,3840,1,2160,2160,0}
06-27 16:36:31.987 I/MiSysSrv( 1696): [mapi_video_base@Line 3272][MOVEWINDOW] m_stPrevXCSetWinInfo={0, {0,0,0,0},
06-27 16:36:31.987 I/MiSysSrv( 1696):         {0,0,0,0}, {0,0,0,0},    0,0,0,0,0,0,
06-27 16:36:31.987 I/MiSysSrv( 1696):         0,0,0,0,0,0,    0,   0,0,0,0,0,0,0}
06-27 16:36:31.987 I/MiSysSrv( 1696): [mapi_video_base@Line 3277][MOVEWINDOW] SetXcWindow input Source  change
06-27 16:36:31.987 I/MiSysSrv( 1696): [mapi_video_base@Line 3285][MOVEWINDOW] SetXcWindow Capture Window  change
06-27 16:36:31.987 I/MiSysSrv( 1696): [mapi_video_base@Line 3294][MOVEWINDOW] SetXCWindow Crop Window  change
06-27 16:36:31.987 I/MiSysSrv( 1696): [mapi_video_base@Line 3301][MOVEWINDOW] SetXCWindow Display Size Window  change
06-27 16:36:31.987 I/MiSysSrv( 1696): [mapi_video_base@Line 3323][MOVEWINDOW] SetXCWindow Scaling Timing change
06-27 16:36:31.987 I/MiSysSrv( 1696): [mapi_video_base@Line 3348][MOVEWINDOW] SetXCWindow Post CusScaling change
06-27 16:36:31.987 I/MiSysSrv( 1696): [leon.luo]Game Mode --No-- change m_bEnPrevGameMode = 0, 0
06-27 16:36:31.987 I/MiSysSrv( 1696): [XC,LPLL][MApi_SC_ForceFreerun_U2, 1854] MApi_SC_ForceFreerun = 0
06-27 16:36:31.987 I/MiSysSrv( 1696): [XC,LPLL][MApi_SC_ForceFreerun_U2, 1854] MApi_SC_ForceFreerun = 0
06-27 16:36:31.987 I/MiSysSrv( 1696): [mapi_video_base@Line 3462][MOVEWINDOW] SetXCWindow  Reset
06-27 16:36:31.987 I/MiSysSrv( 1696): [XC,SetWindow][_MApi_XC_SetWindow, 4776] ============= SetWindow Start (Window : 0, src: 34) =============
06-27 16:36:31.987 I/MiSysSrv( 1696): [XC,SetWindow][_MApi_XC_SetWindow, 4777] CapWin  x:  984  y:   30  w: 3840  h: 2160 
06-27 16:36:31.987 I/MiSysSrv( 1696): [XC,SetWindow][_MApi_XC_SetWindow, 4778] CropWin x:    0  y:    0  w: 1280  h:  720 
06-27 16:36:31.987 I/MiSysSrv( 1696): [XC,SetWindow][_MApi_XC_SetWindow, 4779] DispWin x:  110  y:    8  w: 3840  h: 2160 
06-27 16:36:31.987 I/MiSysSrv( 1696): [XC,SetWindow][_MApi_XC_SetWindow, 4784] Panel   x:  110  y:    8  w: 3840  h: 2160 
06-27 16:36:31.987 I/MiSysSrv( 1696): [XC,SetWindow][_MApi_XC_SetWindow, 4785] Mirror/Interlace/Hdup = 0/0/0
06-27 16:36:31.987 I/MiSysSrv( 1696): [XC,SetWindow][_MApi_XC_SetWindow, 4786] H/V total = (0, 2205), VFreq = 250
06-27 16:36:31.987 I/MiSysSrv( 1696): [XC,SetWindow][_MApi_XC_SetWindow, 4787] Pre  H cus scaling 1 (3840 -> 3840)
06-27 16:36:31.987 I/MiSysSrv( 1696): [XC,SetWindow][_MApi_XC_SetWindow, 4788] Pre  V cus scaling 1 (2160 -> 2160)
06-27 16:36:31.987 I/MiSysSrv( 1696): [XC,SetWindow][_MApi_XC_SetWindow, 4789] Post H cus scaling 0 (0 -> 0)
06-27 16:36:31.987 I/MiSysSrv( 1696): [XC,SetWindow][_MApi_XC_SetWindow, 4790] Post V cus scaling 0 (0 -> 0)
06-27 16:36:31.987 I/MiSysSrv( 1696): [XC,SetWindow][_MApi_XC_SetWindow, 4874] [_MApi_XC_SetWindow, 4874][CMA], bIsGetCMA[self]=1 bIsGetCMA[cobuff]=0 
06-27 16:36:31.987 I/MiSysSrv( 1696): [XC,SetWindow][_MApi_XC_SetWindow, 4875] [_MApi_XC_SetWindow, 4875][CMA], au32CMAMemSCMSize[self]=6000000 au32CMAMemSCMSize[cobuff]=0 u32DualMiuMemSize=0
06-27 16:36:31.987 I/MiSysSrv( 1696): [XC,SetWindow][_MApi_XC_SetWindow, 4876] [_MApi_XC_SetWindow, 4876][CMA], u32PreCMAMemSCMSize[self]=0 u32PreCMAMemSCMSize[cobuff]=0 
06-27 16:36:31.987 I/MiSysSrv( 1696): [XC,SetWindow][_MApi_XC_SetWindow, 4877] [_MApi_XC_SetWindow, 4877][CMA], u32PreCMAMemFRCMSize[self]=0 u32PreCMAMemFRCMSize[cobuff]=0 
06-27 16:36:31.987 I/MiSysSrv( 1696): [XC,SetWindow][_MApi_XC_SetWindow, 4878] [_MApi_XC_SetWindow, 4878][CMA], u32PreCMAMemDualSCMSize=0 
06-27 16:36:31.995 I/hstvos  ( 1699): [0m[1;32m[HSHAL][HS_VIDEO][HS_HAL_Video_Get_TimmingInfo][1160] time[3601108] eStage = 2, info: W 1280,H 720 F 25 
06-27 16:36:32.000 E/MiVideoService( 1928): Function MiVideoGetImplHandle,m_ClientPid 1731: error: invalid res handle!
06-27 16:36:32.000 I/MiSysSrv( 1696): in funciton convert_to_impl_handle line 665. 0xc8b010e4, invalid resource handle 0x042e1b22 in mi_res_list
06-27 16:36:32.002 D/TVMW@videoctrl( 1731): video timming: framerate[25], height[720], width[1280]
06-27 16:36:32.002 I/TVMW@mediaplayer( 1731): Hisense Media Start Playing, getTimmingInfo width = 1280 height = 720 framerate = 25 !
06-27 16:36:32.002 I/TVMW@mediaplayer( 1731): Hisense Video Start Playing, SetMediaPictureParam !
06-27 16:36:32.002 I/TVMW@picture( 1731): Hisense Video Start Playing, setPictureParam !
06-27 16:36:32.002 I/hstvos  ( 1699): [0m[1;32m[HSHAL][HS_VIDEO][HS_HAL_Video_Get_TimmingInfo][1232] time[3601117] source = 13, video timming: framerate[25], height[720], width[1280], interlace[0], formathdmi[0]!
06-27 16:36:32.030 I/MiSysSrv( 1696): [35mFunction = MApi_CMA_Pool_GetMem, Line = 347, alloc_param->virt_addr is 0xBDB80000[m
06-27 16:36:32.030 I/MiSysSrv( 1696): [XC,SetWindow][_MApi_XC_SetWindow, 4894] [_MApi_XC_SetWindow, 4894][CMA], u32CMAAddr[CMA_XC_SELF_MEM]=ce000000 
06-27 16:36:32.030 I/MiSysSrv( 1696): [XC,SetWindow][_MApi_XC_SetWindow, 4927] [_MApi_XC_SetWindow, 4927][CMA], Release cobuff buff!
06-27 16:36:32.030 I/MiSysSrv( 1696): [XC,SetWindow][Hal_SC_set_write_limit,  755] eWindow=0, MHal_XC_GetDNRBufAddress=b4c800, MHal_XC_GetDNRBufSize=0
06-27 16:36:32.030 I/MiSysSrv( 1696): [XC,SetWindow][Hal_SC_set_write_limit,  756] eWindow=0, u32MinLimitAddress=b4c800, u32MaxLimitAddress=b4c7ff
06-27 16:36:32.030 I/MiSysSrv( 1696): [XC,SetWindow][MDrv_XC_SetFrameBufferAddress, 1225] Change Main_FB_Start_Addr=e000000, Size=6000000
06-27 16:36:32.030 I/MiSysSrv( 1696): [XC,SetWindow][Hal_SC_set_write_limit,  755] eWindow=0, MHal_XC_GetDNRBufAddress=700000, MHal_XC_GetDNRBufSize=300000
06-27 16:36:32.030 I/MiSysSrv( 1696): [XC,SetWindow][Hal_SC_set_write_limit,  756] eWindow=0, u32MinLimitAddress=700000, u32MaxLimitAddress=9fffff
06-27 16:36:32.030 I/MiSysSrv( 1696): [XC,SetWindow][_MApi_XC_SetWindow, 5032] [_MApi_XC_SetWindow, 5032] [DS] u16VBox_Htotal:3840 u16VBox_Vtotal:2160  
06-27 16:36:32.030 I/MiSysSrv( 1696): [XC,SetWindow][_MApi_XC_SetWindow, 5073] [_MApi_XC_SetWindow, 5073] [DS] [PQSrcData] width:3840 height:2160  
06-27 16:36:32.030 I/MiSysSrv( 1696): [XC,SetWindow][_MDrv_XC_Set_PQ_SourceData, 3423] PQSetSource:Input src=34, win=0,
06-27 16:36:32.030 I/MiSysSrv( 1696): [XC,SetWindow][_MDrv_XC_Set_PQ_SourceData, 3424] PQSetSource:   PQ src=9, win=0
06-27 16:36:32.030 I/MiSysSrv( 1696): [Load PQ] Panel index=6, Source index=149
06-27 16:36:32.030 I/MiSysSrv( 1696): [XC,SetWindow][msAPI_Scaler_SetMode, 3030] E_MS_XC_MEM_FMT_AUTO
06-27 16:36:32.030 I/MiSysSrv( 1696): [XC,SetWindow][msAPI_Scaler_SetMode, 3052] MemFmt422=1
06-27 16:36:32.031 I/MiSysSrv( 1696): [XC,SetWindow][msAPI_Scaler_SetMode, 3129] bMemYUVFmt=1, RGBin=0
06-27 16:36:32.031 I/MiSysSrv( 1696): [XC,SetWindow][msAPI_Scaler_Field_Detect, 2465] DTV [XC,SetWindow][msAPI_Scaler_Field_Detect, 2478] -> Progressive
06-27 16:36:32.031 I/MiSysSrv( 1696): [XC,SetWindow][_MApi_XC_SetWindow, 5170] UCNR enabled: NO 
06-27 16:36:32.032 I/MiSysSrv( 1696): [XC,SetWindow][MDrv_SC_set_2p_mode,10834] MVOP is 1P mode
06-27 16:36:32.032 I/MiSysSrv( 1696): [XC,SetWindow][MDrv_SC_set_prescaling_ratio, 2327] [MDrv_SC_set_prescaling_ratio, 2327] [DS] [PRE] eWindow[0] VSrc=2160, VDst=2160, bBilinear=0  
06-27 16:36:32.032 I/MiSysSrv( 1696): [XC,SetWindow][MDrv_SC_set_prescaling_ratio, 2542] [PRE]eWindow[0] VSrc=2160, VDst=2160, bBilinear=0
06-27 16:36:32.032 I/MiSysSrv( 1696): [XC,SetWindow][MDrv_SC_set_prescaling_ratio, 2743] [MDrv_SC_set_prescaling_ratio, 2743] [DS] u16V_Length:2160 
06-27 16:36:32.032 I/MiSysSrv( 1696): [XC,SetWindow][MDrv_SC_set_prescaling_ratio, 2926] stHSDSamplingInfo.u32ratio=0,bHSDRet=1
06-27 16:36:32.033 I/MiSysSrv( 1696): [XC,SetWindow][MDrv_SC_set_prescaling_ratio, 2979] PQ HSD_SAMPLING: eWindow[0] HSrc=3840, HDst=3840
06-27 16:36:32.033 I/MiSysSrv( 1696): [XC,SetWindow][MDrv_SC_set_prescaling_ratio, 3091] [PRE]Force Prescaling Down : 0  _bPQSetPreScalingrate : 0 
06-27 16:36:32.033 I/MiSysSrv( 1696): [XC,SetWindow][MDrv_SC_3D_Adjust_PreHorDstSize,  888] PreHorDstSize(Mainwindow): 3840
06-27 16:36:32.034 I/MiSysSrv( 1696): [XC,LPLL][MDrv_XC_FPLL_IsSupportLockFreqOnly, 3832] [MDrv_XC_FPLL_IsSupportLockFreqOnly][3832]gSrcInfo[MAIN_WINDOW].bFBL= 0
06-27 16:36:32.034 I/MiSysSrv( 1696): [XC,LPLL][MDrv_XC_FPLL_IsSupportLockFreqOnly, 3833] [MDrv_XC_FPLL_IsSupportLockFreqOnly][3833]gSrcInfo[MAIN_WINDOW].bR_FBL= 0
06-27 16:36:32.034 I/MiSysSrv( 1696): [XC,LPLL][MDrv_XC_FPLL_IsSupportLockFreqOnly, 3834] [MDrv_XC_FPLL_IsSupportLockFreqOnly][3834]gSrcInfo[MAIN_WINDOW].Status2.eMirrorMode= 0
06-27 16:36:32.035 I/MiSysSrv( 1696): [XC,LPLL][MDrv_XC_FPLL_IsSupportLockFreqOnly, 3835] [MDrv_XC_FPLL_IsSupportLockFreqOnly][3835]pXCResourcePrivate->stdrvXC_Display._bForceFreerun= 0
06-27 16:36:32.035 I/MiSysSrv( 1696): [XC,LPLL][MDrv_XC_FPLL_IsSupportLockFreqOnly, 3864]  IsSupportLockFreqOnly= 1
06-27 16:36:32.035 I/MiSysSrv( 1696): [XC,SetWindow][MDrv_XC_AdjustPrescalingForFrameNum, 2198] force to 3 or more frame mode for only lock freq in 3D mode
06-27 16:36:32.035 I/MiSysSrv( 1696): [XC,SetWindow][MDrv_SC_set_prescaling_ratio, 3248] eWindow[0] HSrc=3840, HDst=3840
06-27 16:36:32.036 I/MiSysSrv( 1696): [XC,SetWindow][MDrv_SC_set_prescaling_ratio, 3347] [PRE]eWindow[0] HSrc=3840, HDst=3840, bAdvMode=3
06-27 16:36:32.036 I/MiSysSrv( 1696): [XC,SetWindow][MDrv_SC_set_prescaling_ratio, 3466] [PRE]HRatio=0xc0100000, VRatio=0x0, u16V_Length = 2160
06-27 16:36:32.037 I/MiSysSrv( 1696): [XC,SetWindow][_MApi_XC_SetWindow, 5185] CapWin  x:  984  y:   30  w: 3840  h: 2160 
06-27 16:36:32.037 I/MiSysSrv( 1696): [XC,SetWindow][_MApi_XC_SetWindow, 5186] CropWin x:    0  y:    0  w: 1280  h:  720 
06-27 16:36:32.037 I/MiSysSrv( 1696): [XC,SetWindow][MDrv_SC_set_crop_window, 1714] W=3840, W PSD=3840
06-27 16:36:32.037 I/MiSysSrv( 1696): [XC,SetWindow][MDrv_SC_set_crop_window, 1715] Scaled crop[1] x,y,w,h=0,0,1280,720
06-27 16:36:32.037 I/MiSysSrv( 1696): [XC,SetWindow][MDrv_SC_set_crop_window, 1741] Scaled crop[2] x,y,w,h=0,0,1280,720
06-27 16:36:32.037 I/MiSysSrv( 1696): [XC,SetWindow][MDrv_SC_set_crop_window, 1831] Scaled crop[3] x,y,w,h=0,0,1280,720
06-27 16:36:32.037 I/MiSysSrv( 1696): [XC,SetWindow][MDrv_SC_set_crop_window, 1835] Scaled crop[4] x,y,w,h=0,0,1280,720
06-27 16:36:32.037 I/MiSysSrv( 1696): [XC,SetWindow][_MApi_XC_SetWindow, 5205] CapWin  x:  984  y:   30  w: 3840  h: 2160 
06-27 16:36:32.038 I/MiSysSrv( 1696): [XC,SetWindow][_MApi_XC_SetWindow, 5206] CropWin x:    0  y:    0  w: 1280  h:  720 
06-27 16:36:32.038 I/MiSysSrv( 1696): [XC,SetWindow][_MApi_XC_SetWindow, 5207] DispWin x:  110  y:    8  w: 3840  h: 2160 
06-27 16:36:32.038 I/MiSysSrv( 1696): [XC,SetWindow][MDrv_SC_3D_Adjust_PostHorSrcSize, 1479] PostHorSrcSize(Mainwindow): 3840
06-27 16:36:32.038 I/MiSysSrv( 1696): [XC,SetWindow][MDrv_SC_3D_Adjust_PostHorDstSize, 1570] PostHorDstSize(Mainwindow): 3840
06-27 16:36:32.038 I/MiSysSrv( 1696): [XC,SetWindow][MDrv_SC_set_postscaling_ratio, 3554] [PST]HSrc=1280, HDst=3840
06-27 16:36:32.039 I/MiSysSrv( 1696): [XC,SetWindow][MDrv_SC_set_postscaling_ratio, 3644] [PST]VCusScaling=FALSE
06-27 16:36:32.039 I/MiSysSrv( 1696): [XC,SetWindow][MDrv_SC_set_postscaling_ratio, 3652] [PST]VSrc=720, VDst=2160, eDeInterlaceMode=1, bFBL=0, bInterlace=0
06-27 16:36:32.039 I/MiSysSrv( 1696): [XC,SetWindow][MDrv_SC_set_postscaling_ratio, 3695] [PST]VSrc=720, VDst=2160, eDeInterlaceMode=1, bFBL=0, bInterlace=0
06-27 16:36:32.039 I/MiSysSrv( 1696): [XC,SetWindow][MDrv_SC_set_postscaling_ratio, 3975] [PST]HRatio=0x1055555, VRatio=0x1055412, u16V_Length=720
06-27 16:36:32.039 I/MiSysSrv( 1696): [XC,SetWindow][Hal_SC_set_write_limit,  755] eWindow=0, MHal_XC_GetDNRBufAddress=700000, MHal_XC_GetDNRBufSize=300000
06-27 16:36:32.040 I/MiSysSrv( 1696): [XC,SetWindow][Hal_SC_set_write_limit,  756] eWindow=0, u32MinLimitAddress=700000, u32MaxLimitAddress=9fffff
06-27 16:36:32.040 I/MiSysSrv( 1696): [XC,Cropping][_MDrv_SC_set_fetch_number_limit_impl, 7878] ===================================================
06-27 16:36:32.040 I/MiSysSrv( 1696): [XC,Cropping][_MDrv_SC_set_fetch_number_limit_impl, 7881] u16DNRFetch=3840 ->[XC,Cropping][_MDrv_SC_set_fetch_number_limit_impl, 7895]  3840 
06-27 16:36:32.040 I/MiSysSrv( 1696): [XC,Cropping][_MDrv_SC_set_fetch_number_limit_impl, 7997] u16DNROffset=3840
06-27 16:36:32.040 I/MiSysSrv( 1696): [XC,Cropping][_MDrv_SC_set_fetch_number_limit_impl, 7998]  3840
06-27 16:36:32.040 I/MiSysSrv( 1696): [XC,Cropping][_MDrv_SC_set_fetch_number_limit_impl, 8067] align width = 0
06-27 16:36:32.040 I/MiSysSrv( 1696): [XC,Cropping][_MDrv_SC_set_fetch_number_limit_impl, 8113] =>Framesize(24883200)= VSizeAfterPreSD(2160) * DNROffset(3840) * BytesPer2Pixel(6)/2
06-27 16:36:32.040 I/MiSysSrv( 1696): [XC,SetWindow][MDrv_XC_GetPQSuggestedFrameNum, 4982] MDrv_XC_GetPQSuggestedFrameNum(0) get 2 frame count
06-27 16:36:32.040 I/MiSysSrv( 1696): [XC,SetWindow][_Mdrv_XC_Refine_FrameNum, 4428] [_Mdrv_XC_Refine_FrameNum, 4428] u32Framesize:24883200 u32DNRBufSize:100663296 
06-27 16:36:32.041 I/MiSysSrv( 1696): [XC,SetWindow][_Mdrv_XC_Refine_FrameNum, 4429] [_Mdrv_XC_Refine_FrameNum, 4429] u32Dynamic_scale_size:24883200 enPQSuggestedFrameNum:100 
06-27 16:36:32.041 I/MiSysSrv( 1696): [XC,SetWindow][_Mdrv_XC_Refine_FrameNum, 4569] if it's not 3 frame mode, linear mode should also be closed
06-27 16:36:32.041 I/MiSysSrv( 1696): [XC,Cropping][_Mdrv_XC_Refine_FrameNum, 4623] pFrameStoreNumber: 102 , corresponding factor is: 4
06-27 16:36:32.041 I/MiSysSrv( 1696): [XC,Cropping][_MDrv_SC_set_fetch_number_limit_impl, 8173] gSrcInfo[eWindow].bLinearMode 0 
06-27 16:36:32.041 I/MiSysSrv( 1696): [XC,Cropping][_MDrv_SC_set_fetch_number_limit_impl, 8174] FrameMode 102 
06-27 16:36:32.041 I/MiSysSrv( 1696): [XC,SetWindow][_MDrv_XC_Set_FrameNum, 5138] bIsFRCMBuff(0) enFBType = 102 
06-27 16:36:32.041 I/MiSysSrv( 1696): [XC,Cropping][_MDrv_SC_set_fetch_number_limit_impl, 8274] =>MAIN DNRBase1[880000]= MS_IPM_BASE0[0]=(700000) + ((u32Offset[3000000]/32 + 0x01) & ~0x01L)
06-27 16:36:32.041 I/MiSysSrv( 1696): [XC,Cropping][_MDrv_SC_set_fetch_number_limit_impl, 8289] =>DNRBase2[700000])
06-27 16:36:32.041 I/MiSysSrv( 1696): [XC,Cropping][_MDrv_SC_set_fetch_number_limit_impl, 8310] =>u32OPMBase0[700000]= MS_IPM_BASE0[0][700000] => [XC,Cropping][_MDrv_SC_set_fetch_number_limit_impl, 8311] u32OPMBase1[880000]= u32IPMBase1[880000] 
06-27 16:36:32.042 I/MiSysSrv( 1696): [XC,Cropping][_MDrv_SC_set_fetch_number_limit_impl, 8312] u32OPMBase2[700000] 
06-27 16:36:32.042 I/MiSysSrv( 1696): [XC,Cropping][_MDrv_SC_set_fetch_number_limit_impl, 8324] => u16V_Writelimit[2160]= u16V_CapSize=2160 
06-27 16:36:32.042 I/MiSysSrv( 1696): [XC,Cropping][_MDrv_SC_set_fetch_number_limit_impl, 8327] => i=0, u16V_Writelimit[2160]= (u16V_Writelimit+1) / 2
