06-27 16:36:32.677 D/TVMW@picturedata( 1731): function getBacklightMode line 1552 *mode=4 stEnergy.u8EnergyMode=4
06-27 16:36:32.684 I/TVMW@pqctrl( 1731): [getHDRType:551] HDR Type = 0
06-27 16:36:32.690 I/TVMW@pqctrl( 1731): [getHDRType:551] HDR Type = 0
06-27 16:36:32.690 I/TVMW@pqctrl( 1731): Hisense UI GammaIndex = 0, Color Temp = 0, MW GammaTable = 0
06-27 16:36:32.690 I/hstvos  ( 1699): [0m[1;32m[HSHAL][HS_PQ][HS_HAL_PQ_SetGamma][800] time[3601804] DefaultGammaIdx[17]  s32GammaIndex 0 
06-27 16:36:32.690 I/hstvos  ( 1699): [0m[1;32m[HSHAL][HS_PQ][HS_HAL_PQ_SetGamma][803] time[3601804] --------------------GammaTableCfg Start------------------
06-27 16:36:32.690 I/hstvos  ( 1699): [0m[1;32m[HSHAL][HS_PQ][HS_HAL_PQ_SetGamma][804] time[3601804] Gamma Table size = 18
06-27 16:36:32.693 I/MiSysSrv( 1696): MDrv_PQ_EnableScalerGamma :enable gamma: 1 
06-27 16:36:32.696 I/MiSysSrv( 1696): MApi_XC_MLoad_GetStatus()
06-27 16:36:32.699 I/hstvos  ( 1699): [0m+_+bl: [getBacklightUser:1586] *userValue=15 stEnergy.u8Energy_Userdata=15
06-27 16:36:32.699 I/hstvos  ( 1699): +_+bl: [getBacklightUser:1586] *userValue=15 stEnergy.u8Energy_Userdata=15
06-27 16:36:32.712 V/InputMethodService( 2868): startInput(): editor=android.view.inputmethod.EditorInfo@a519333
06-27 16:36:32.714 E/DetailVideoFrameLayoutContainer(24864):  errorCode=--errorExtra=
06-27 16:36:32.714 V/InputMethodService( 2868): CALL: onFinishInput
06-27 16:36:32.718 I/TVMW@pqctrl( 1731): setGamma OUT,ret:0
06-27 16:36:32.718 I/DetailVideoFrameLayoutContainer(24864): onProgress  position = 284
06-27 16:36:32.718 I/DetailVideoFrameLayoutContainer(24864): status = UNKOWN
06-27 16:36:32.718 I/DetailVideoFrameLayoutContainer(24864): BasePlayInfo.sFirstFrameStart = true
06-27 16:36:32.718 I/DetailVideoFrameLayoutContainer(24864): mIsSeekTo = false
06-27 16:36:32.718 I/DetailVideoFrameLayoutContainer(24864): mDuration = 5723000   Movie duration =5723000
06-27 16:36:32.718 I/DetailVideoFrameLayoutContainer(24864): mFirstFrameToPlayNum = 1
06-27 16:36:32.718 I/vodhttpclient(24864): set status = PLAYING
06-27 16:36:32.720 I/hstvos  ( 1699): [1;36m[HSHAL][HS_PQ][HS_HAL_PQ_SetColorTemp][479] Entry.time[3601832] OK
06-27 16:36:32.720 I/hstvos  ( 1699): [0m[1;32m[HSHAL][HS_PQ][HS_HAL_PQ_SetColorTemp][481] time[3601832] pstColorTemp B[1008 :1024] G[984:1024] R[1040:1024] 
06-27 16:36:32.721 I/TVMW@pqctrl( 1731): setColorTemp OUT,ret:0
06-27 16:36:32.721 I/TVMW@picture( 1731): Hisense {getDynamicContrast,2516} source = 13, bDynaContEnable = 1
06-27 16:36:32.721 D/TVMW@pqctrl( 1731): [setDynamicContrastMode:494] ENTER OK
06-27 16:36:32.722 I/hstvos  ( 1699):  [0m[1;36m[HSHAL][HS_PQ][HS_HAL_PQ_SetColorTemp][492] Exit OK[3601835] OK
06-27 16:36:32.722 I/hstvos  ( 1699): [0m[1;36m[HSHAL][HS_PQ][HS_HAL_PQ_SetDynamicContrastMode][1111] Entry.time[3601836] OK
06-27 16:36:32.722 I/hstvos  ( 1699): [0m[1;32m[HSHAL][HS_PQ][HS_HAL_PQ_SetDynamicContrastMode][1112] time[3601836]  DCILevel 2 
06-27 16:36:32.724 I/TVMW@pqctrl( 1731): [getHDRType:551] HDR Type = 0
06-27 16:36:32.724 I/TVMW@picture( 1731): Hisense {GetPictureMode,472} Source = 13, pePictureMode = 0
06-27 16:36:32.724 D/TVMW@pqctrl( 1731): [GetColorGamutType:668] ENTER OK
06-27 16:36:32.726 I/hstvos  ( 1699): [0m[1;36m[HSHAL][HS_PQ][HS_HAL_PQ_SetDynamicContrastMode][1136] Exit OK[3601837] OK
06-27 16:36:32.727 E/Utopia  ( 1668): [AUDIO]MDrv_AUDIO_PCM_Stop: Stop PCM device-id 0
06-27 16:36:32.727 E/Utopia  ( 1668): [AUDIO]HAL_AUDIO_PCM_HwDma_Reader1_Stop: Stop HW DMA Reader1
06-27 16:36:32.727 E/Utopia  ( 1668): [AUDIO]MDrv_AUDIO_PCM_Close: Close PCM device-id 0
06-27 16:36:32.727 E/Utopia  ( 1668): [AUDIO]HAL_AUDIO_PCM_HwDma_Reader1_Close: Close HW DMA Reader1
06-27 16:36:32.727 E/Utopia  ( 1668): [AUDIO]HAL_AUDIO_PCM_HwDma_Reader1_Flush: Flush HW DMA Reader1
06-27 16:36:32.727 E/Utopia  ( 1668): [AUDIO]HAL_AUDIO_PCM_HwDma_Reader1_Stop: Stop HW DMA Reader1
06-27 16:36:32.729 D/PowerManagerService( 2310): releaseWakeLockInternal: lock=136921362 [AudioMix], flags=0x0
06-27 16:36:32.730 D/PowerManagerService( 2310): releaseWakeLockInternal: lock=256940768 [AudioMix], flags=0x0
06-27 16:36:32.731 I/TVMW@pqctrl( 1731): [getHDRType:551] HDR Type = 0
06-27 16:36:32.731 I/TVMW@picture( 1731): setColorSpace OUT,ret:0
06-27 16:36:32.731 I/TVMW@picture( 1731): Hisense {getNR,1218} source = 13, nr = 2
06-27 16:36:32.731 D/TVMW@pqctrl( 1731): [setNR:212] ENTER OK
06-27 16:36:32.731 I/hstvos  ( 1699): [0m[1;36m[HSHAL][HS_PQ][HS_HAL_PQ_SetNR][383] Entry.time[3601845] OK
06-27 16:36:32.731 I/hstvos  ( 1699): [0m[1;32m[HSHAL][HS_PQ][HS_HAL_PQ_SetNR][384] time[3601845] nrLevel 2 
06-27 16:36:32.733 D/PowerManagerService( 2310): releaseWakeLockInternal: lock=22044899 [AudioMix], flags=0x0
06-27 16:36:32.739 I/TVMW@pqctrl( 1731): [getHDRType:551] HDR Type = 0
06-27 16:36:32.739 I/TVMW@picture( 1731): Hisense {GetPictureMode,472} Source = 13, pePictureMode = 0
06-27 16:36:32.740 I/TVMW@pqctrl( 1731): [getHDRType:551] HDR Type = 0
06-27 16:36:32.740 D/TVMW@pqctrl( 1731): [SetColorCurveIndex:648] ENTER OK eColorCurveIdx = 0
06-27 16:36:32.741 I/MiSysSrv( 1696): (_MDrv_PQ_SetGRuleStatus, 6344)GRuleType(13) is bigger than STD PQ's(10), so consider it as CUSTOMER PQ's GRule Type
06-27 16:36:32.741 I/hstvos  ( 1699):  [0m[leon.luo]Mif_Picture_SetDemoColor = 0
06-27 16:36:32.743 I/hstvos  ( 1699): [leon.luo]Mif_Picture_SetHDRColor = 0
06-27 16:36:32.744 I/MiSysSrv( 1696): (_MDrv_PQ_SetGRuleStatus, 6344)GRuleType(12) is bigger than STD PQ's(10), so consider it as CUSTOMER PQ's GRule Type
06-27 16:36:32.744 I/TVMW@picture( 1731): setColorCurveIndex OUT,ret:0
06-27 16:36:32.744 D/TVMW@pqctrl( 1731): [GetColorCorrection:606] ENTER OK
06-27 16:36:32.745 I/hstvos  ( 1699): [1;36m[HSHAL][HS_PQ][HS_HAL_PQ_SetColorCurveIndex][1355] Exit OK[3601858] OK
06-27 16:36:32.747 I/MediaPlayerMgr(24864): ## 2017-06-27 16:36:32.712 [24864,25721,:0] INFO ## [MediaPlayerMgr][SystemMediaPlayer.java]Test mediaplayer.: 284
06-27 16:36:32.749 I/YoukuInitTool(24864): mYoukuToken:AwAbAAD/////AAAA|1498552592|15|aWQ6MTA0NTQ0NTY2Myxubjrmtbfkv6HnlKjmiLc4ODA3MzA0MjA0LHZpcDpmYWxzZSx5dGlkOjEwNDU0NDU2NjMsdGlkOjA=|2c9b80e51b8536b533a2c9a5110f63a6|2a3aed9d091d78234508c3233a8780ecce823ef4--mYoukuUserId=1045445663
06-27 16:36:32.750 I/YoukuInitTool(24864): checkYoukuCookieefreshMsg mYoukuLoginSuccess=truemYoukuRefreshTime=1200
06-27 16:36:32.758 D/PowerManagerService( 2310): acquireWakeLockInternal: lock=40834514, flags=0x1, tag="NetworkStats", ws=null, uid=1000, pid=2310
06-27 16:36:32.759 D/NtpTrustedTime( 2310): currentTimeMillis() cache hit
06-27 16:36:32.764 D/TVMW@pqctrl( 1731): [SetColorCorrection:595] ENTER OK
06-27 16:36:32.764 I/hstvos  ( 1699): [0m[1;36m[HSHAL][HS_PQ][HS_HAL_PQ_GetColorCorrection][1475] Exit OK[3601878] OK
06-27 16:36:32.769 I/TVMW@picture( 1731): ColorCorrectionLogicControl OUT,ret:0
06-27 16:36:32.769 D/TVMW@pqctrl( 1731): [GetColorCorrection:606] ENTER OK
06-27 16:36:32.769 I/hstvos  ( 1699): [0m[1;36m[HSHAL][HS_PQ][HS_HAL_PQ_SetColorCorrection][1385] Exit OK[3601883] OK
06-27 16:36:32.772 D/TVMW@pqctrl( 1731): [SetColorCorrection:595] ENTER OK
06-27 16:36:32.772 I/hstvos  ( 1699): [0m[1;36m[HSHAL][HS_PQ][HS_HAL_PQ_GetColorCorrection][1475] Exit OK[3601886] OK
06-27 16:36:32.772 W/AudioTrack( 1668): releaseBuffer() track 0xab50b628 disabled due to previous underrun, restarting
06-27 16:36:32.772 V/APM::AudioPolicyManager( 1668): startOutput() output 2, stream 3, session 35
06-27 16:36:32.772 V/APM::AudioPolicyManager( 1668): setBeaconMute(1) mBeaconMuteRefCount=1 mBeaconPlayingRefCount=0
06-27 16:36:32.772 V/APM::AudioPolicyManager( 1668): getNewOutputDevice() selected device 2
06-27 16:36:32.773 V/APM::AudioPolicyManager( 1668): setOutputDevice() device 0002 delayMs 0
06-27 16:36:32.773 V/APM::AudioPolicyManager( 1668): setOutputDevice() prevDevice 0x0002
06-27 16:36:32.773 V/APM::AudioPolicyManager( 1668): setOutputDevice() changing device
06-27 16:36:32.773 V/AudioPolicyService( 1668): AudioCommandThread() adding create patch delay 0
06-27 16:36:32.773 V/AudioPolicyService( 1668): inserting command: 7 at index 0, num commands 0
06-27 16:36:32.773 V/AudioPolicyService( 1668): AudioCommandThread() waking up
06-27 16:36:32.773 V/AudioPolicyService( 1668): AudioCommandThread() processing create audio patch
06-27 16:36:32.773 I/audio_hw_primary( 1668): adev_create_audio_patch::mix->device 
06-27 16:36:32.774 V/AudioPolicyService( 1668): AudioCommandThread() going to sleep
06-27 16:36:32.774 V/APM::AudioPolicyManager( 1668): setOutputDevice() createAudioPatch returned 0 patchHandle 37num_sources 1 num_sinks 1
06-27 16:36:32.774 V/AudioPolicyService( 1668): AudioCommandThread() adding update audio patch list
06-27 16:36:32.774 V/AudioPolicyService( 1668): inserting command: 10 at index 0, num commands 0
06-27 16:36:32.774 V/AudioPolicyService( 1668): AudioCommandThread() waking up
06-27 16:36:32.774 V/AudioPolicyService( 1668): AudioCommandThread() processing update audio patch list
06-27 16:36:32.774 V/AudioPolicyService( 1668): AudioCommandThread() adding set volume stream 0, volume 0.063096, output 2
06-27 16:36:32.774 V/AudioPolicyService( 1668): inserting command: 2 at index 0, num commands 0
06-27 16:36:32.774 V/AudioPolicyService( 1668): AudioCommandThread() waking up
06-27 16:36:32.774 V/AudioPolicyService( 1668): AudioCommandThread() processing set volume stream 0,                             volume 0.063096, output 2
06-27 16:36:32.774 V/AudioPolicyService( 1668): AudioCommandThread() going to sleep
06-27 16:36:32.774 V/AudioPolicyService( 1668): AudioCommandThread() adding set volume stream 1, volume 0.000000, output 2
06-27 16:36:32.774 V/AudioPolicyService( 1668): inserting command: 2 at index 0, num commands 0
06-27 16:36:32.774 V/AudioPolicyService( 1668): AudioCommandThread() waking up
06-27 16:36:32.774 V/AudioPolicyService( 1668): AudioCommandThread() processing set volume stream 1,                             volume 0.000000, output 2
06-27 16:36:32.774 V/AudioPolicyService( 1668): AudioCommandThread() going to sleep
06-27 16:36:32.774 V/AudioPolicyService( 1668): AudioCommandThread() going to sleep
06-27 16:36:32.774 V/AudioPolicyService( 1668): AudioCommandThread() adding set volume stream 2, volume 0.000000, output 2
06-27 16:36:32.774 V/AudioPolicyService( 1668): inserting command: 2 at index 0, num commands 0
06-27 16:36:32.774 V/AudioPolicyService( 1668): AudioCommandThread() waking up
06-27 16:36:32.774 V/AudioPolicyService( 1668): AudioCommandThread() processing set volume stream 2,                             volume 0.000000, output 2
06-27 16:36:32.774 V/AudioPolicyService( 1668): AudioCommandThread() going to sleep
06-27 16:36:32.774 V/AudioPolicyService( 1668): AudioCommandThread() adding set parameter string spk_volume=0, io 0 ,delay 0
06-27 16:36:32.774 V/AudioPolicyService( 1668): inserting command: 3 at index 0, num commands 0
06-27 16:36:32.774 V/AudioPolicyService( 1668): AudioCommandThread() waking up
06-27 16:36:32.774 V/AudioPolicyService( 1668): AudioCommandThread() processing set parameters string spk_volume=0, io 0
06-27 16:36:32.774 D/audio_hw_raw( 1668): adev_set_parameters: spk_volume=0
06-27 16:36:32.774 V/AudioPolicyService( 1668): AudioCommandThread() going to sleep
06-27 16:36:32.774 V/AudioPolicyService( 1668): AudioCommandThread() adding set volume stream 3, volume 1.000000, output 2
06-27 16:36:32.774 V/AudioPolicyService( 1668): inserting command: 2 at index 0, num commands 0
06-27 16:36:32.774 V/AudioPolicyService( 1668): AudioCommandThread() waking up
06-27 16:36:32.774 V/AudioPolicyService( 1668): AudioCommandThread() processing set volume stream 3,                             volume 1.000000, output 2
06-27 16:36:32.774 V/AudioPolicyService( 1668): AudioCommandThread() going to sleep
06-27 16:36:32.775 V/AudioPolicyService( 1668): AudioCommandThread() adding set volume stream 4, volume 0.000000, output 2
06-27 16:36:32.775 V/AudioPolicyService( 1668): inserting command: 2 at index 0, num commands 0
06-27 16:36:32.775 V/AudioPolicyService( 1668): AudioCommandThread() waking up
06-27 16:36:32.775 V/AudioPolicyService( 1668): AudioCommandThread() processing set volume stream 4,                             volume 0.000000, output 2
06-27 16:36:32.775 V/AudioPolicyService( 1668): AudioCommandThread() going to sleep
06-27 16:36:32.775 V/AudioPolicyService( 1668): AudioCommandThread() adding set volume stream 5, volume 0.000000, output 2
06-27 16:36:32.775 V/AudioPolicyService( 1668): inserting command: 2 at index 0, num commands 0
06-27 16:36:32.775 V/AudioPolicyService( 1668): AudioCommandThread() waking up
06-27 16:36:32.775 V/AudioPolicyService( 1668): AudioCommandThread() processing set volume stream 5,                             volume 0.000000, output 2
06-27 16:36:32.775 V/AudioPolicyService( 1668): AudioCommandThread() going to sleep
06-27 16:36:32.775 V/APM::AudioPolicyManager( 1668): checkAndSetVolume() cannot set stream 6 volume with force use = 0 for comm
06-27 16:36:32.775 V/AudioPolicyService( 1668): AudioCommandThread() adding set volume stream 7, volume 0.000000, output 2
06-27 16:36:32.775 V/AudioPolicyService( 1668): inserting command: 2 at index 0, num commands 0
06-27 16:36:32.775 V/AudioPolicyService( 1668): AudioCommandThread() waking up
06-27 16:36:32.775 V/AudioPolicyService( 1668): AudioCommandThread() processing set volume stream 7,                             volume 0.000000, output 2
06-27 16:36:32.775 V/AudioPolicyService( 1668): AudioCommandThread() going to sleep
06-27 16:36:32.775 V/AudioPolicyService( 1668): AudioCommandThread() adding set volume stream 8, volume 0.000000, output 2
06-27 16:36:32.775 V/AudioPolicyService( 1668): inserting command: 2 at index 0, num commands 0
06-27 16:36:32.775 V/AudioPolicyService( 1668): AudioCommandThread() waking up
06-27 16:36:32.775 V/AudioPolicyService( 1668): AudioCommandThread() processing set volume stream 8,                             volume 0.000000, output 2
06-27 16:36:32.775 V/AudioPolicyService( 1668): AudioCommandThread() going to sleep
06-27 16:36:32.775 V/AudioPolicyService( 1668): AudioCommandThread() adding set volume stream 10, volume 0.000000, output 2
06-27 16:36:32.775 V/AudioPolicyService( 1668): inserting command: 2 at index 0, num commands 0
06-27 16:36:32.775 V/AudioPolicyService( 1668): AudioCommandThread() waking up
06-27 16:36:32.775 V/AudioPolicyService( 1668): AudioCommandThread() processing set volume stream 10,                             volume 0.000000, output 2
06-27 16:36:32.775 V/AudioPolicyService( 1668): AudioCommandThread() going to sleep
06-27 16:36:32.775 V/AudioPolicyService( 1668): AudioCommandThread() adding set volume stream 11, volume 0.000002, output 2
06-27 16:36:32.775 V/AudioPolicyService( 1668): inserting command: 2 at index 0, num commands 0
06-27 16:36:32.775 V/AudioPolicyService( 1668): AudioCommandThread() waking up
06-27 16:36:32.775 V/AudioPolicyService( 1668): AudioCommandThread() processing set volume stream 11,                             volume 0.000002, output 2
06-27 16:36:32.775 V/AudioPolicyService( 1668): AudioCommandThread() going to sleep
06-27 16:36:32.775 V/AudioPolicyService( 1668): AudioCommandThread() adding set volume stream 12, volume 1.000000, output 2
06-27 16:36:32.775 V/AudioPolicyService( 1668): inserting command: 2 at index 0, num commands 0
06-27 16:36:32.775 V/AudioPolicyService( 1668): AudioCommandThread() waking up
06-27 16:36:32.775 V/AudioPolicyService( 1668): AudioCommandThread() processing set volume stream 12,                             volume 1.000000, output 2
06-27 16:36:32.775 V/AudioPolicyService( 1668): AudioCommandThread() going to sleep
06-27 16:36:32.775 V/AudioPolicyService( 1668): AudioCommandThread() adding set parameter string spk_volume=0, io 0 ,delay 0
06-27 16:36:32.775 V/AudioPolicyService( 1668): inserting command: 3 at index 0, num commands 0
06-27 16:36:32.775 V/AudioPolicyService( 1668): AudioCommandThread() waking up
06-27 16:36:32.775 V/AudioPolicyService( 1668): AudioCommandThread() processing set parameters string spk_volume=0, io 0
06-27 16:36:32.776 D/audio_hw_raw( 1668): adev_set_parameters: spk_volume=0
06-27 16:36:32.776 V/AudioPolicyService( 1668): AudioCommandThread() going to sleep
06-27 16:36:32.784 I/audio_hw_primary( 1668): open output pcm for device [AUDIO_DEVICE_OUT_SPEAKER], path[HW DMA Reader1]
06-27 16:36:32.784 I/audio_hw_primary( 1668): pcm format:  ch[2], fs[48000], multi[0]
06-27 16:36:32.784 E/Utopia  ( 1668): [AUDIO]MDrv_AUDIO_PCM_Open: Open PCM device
06-27 16:36:32.784 E/Utopia  ( 1668): [AUDIO]HAL_AUDIO_PCM_HwDma_Reader1_Open: Open HW DMA Reader1
06-27 16:36:32.784 E/Utopia  ( 1668): [AUDIO]MDrv_AUDIO_PCM_Open: return device-id 0
06-27 16:36:32.784 E/audio_hw_primary( 1668): pcm output open ok,  device_id:0
06-27 16:36:32.784 E/Utopia  ( 1668): [AUDIO]MDrv_AUDIO_PCM_Start: Start PCM device-id 0
06-27 16:36:32.784 E/Utopia  ( 1668): [AUDIO]HAL_AUDIO_PCM_HwDma_Reader1_Start: Start HW DMA Reader1
06-27 16:36:32.784 E/Utopia  ( 1668): [AUDIO]HAL_AUDIO_PCM_HwDma_Reader1_Write: Warning! PCM buffer empty!
06-27 16:36:32.784 E/Utopia  ( 1668): [AUDIO]HAL_AUDIO_PCM_HwDma_Reader1_Stop: Stop HW DMA Reader1
06-27 16:36:32.785 E/Utopia  ( 1668): [AUDIO]HAL_AUDIO_PCM_HwDma_Reader1_Start: Start HW DMA Reader1
06-27 16:36:32.787 D/MSTAR_VDEC_DBG( 1668): Stream ID: 0, Rate : 8 [Vsync Rate : 21](E:0,D:0,S:0,F:26) 
06-27 16:36:32.795 D/NtpTrustedTime( 2310): currentTimeMillis() cache hit
06-27 16:36:32.796 D/NtpTrustedTime( 2310): currentTimeMillis() cache hit
06-27 16:36:32.796 D/PowerManagerService( 2310): releaseWakeLockInternal: lock=40834514 [NetworkStats], flags=0x0
06-27 16:36:32.796 D/NtpTrustedTime( 2310): currentTimeMillis() cache hit
06-27 16:36:32.806 E/Utopia  ( 1668): [AUDIO]HAL_AUDIO_PCM_HwDma_Reader1_Write: Warning! PCM buffer empty!
06-27 16:36:32.806 E/Utopia  ( 1668): [AUDIO]HAL_AUDIO_PCM_HwDma_Reader1_Stop: Stop HW DMA Reader1
06-27 16:36:32.806 E/Utopia  ( 1668): [AUDIO]HAL_AUDIO_PCM_HwDma_Reader1_Start: Start HW DMA Reader1
06-27 16:36:32.810 D/PowerManagerService( 2310): acquireWakeLockInternal: lock=230842777, flags=0x1, tag="AudioMix", ws=null, uid=1013, pid=0
06-27 16:36:32.812 V/APM::AudioPolicyManager( 1668): listAudioPorts() role 0 type 0 num_ports 0 ports 0xab3c4da8
06-27 16:36:32.812 V/APM::AudioPolicyManager( 1668): listAudioPorts() got 0 ports needed 13
06-27 16:36:32.812 I/TVMW@picture( 1731): ColorCorrectionLogicControl OUT,ret:0
06-27 16:36:32.812 D/TVMW@pqctrl( 1731): [GetColorCorrection:606] ENTER OK
06-27 16:36:32.812 I/hstvos  ( 1699): [0m[1;36m[HSHAL][HS_PQ][HS_HAL_PQ_SetColorCorrection][1385] Exit OK[3601926] OK
06-27 16:36:32.813 V/APM::AudioPolicyManager( 1668): listAudioPorts() role 0 type 0 num_ports 13 ports 0xab4e1910
06-27 16:36:32.813 V/APM::AudioPolicyManager( 1668): listAudioPorts() got 13 ports needed 13
06-27 16:36:32.816 V/APM::AudioPolicyManager( 1668): listAudioPorts() role 0 type 0 num_ports 0 ports 0xab3620b0
06-27 16:36:32.817 V/APM::AudioPolicyManager( 1668): listAudioPorts() got 0 ports needed 13
06-27 16:36:32.817 V/APM::AudioPolicyManager( 1668): listAudioPorts() role 0 type 0 num_ports 0 ports 0xab341198
06-27 16:36:32.817 V/APM::AudioPolicyManager( 1668): listAudioPorts() got 0 ports needed 13
06-27 16:36:32.826 V/APM::AudioPolicyManager( 1668): listAudioPorts() role 0 type 0 num_ports 0 ports 0xab88d400
06-27 16:36:32.826 V/APM::AudioPolicyManager( 1668): listAudioPorts() got 0 ports needed 13
06-27 16:36:32.831 V/APM::AudioPolicyManager( 1668): listAudioPorts() role 0 type 0 num_ports 0 ports 0xab3502e8
06-27 16:36:32.831 V/APM::AudioPolicyManager( 1668): listAudioPorts() got 0 ports needed 13
06-27 16:36:32.831 D/PowerManagerService( 2310): updateWakeLockWorkSourceInternal: lock=230842777 [AudioMix], ws=null
06-27 16:36:32.834 D/TVMW@pqctrl( 1731): [SetColorCorrection:595] ENTER OK
06-27 16:36:32.834 I/hstvos  ( 1699): [0m[1;36m[HSHAL][HS_PQ][HS_HAL_PQ_GetColorCorrection][1475] Exit OK[3601948] OK
06-27 16:36:32.836 V/APM::AudioPolicyManager( 1668): listAudioPorts() role 0 type 0 num_ports 0 ports 0xabab7c70
06-27 16:36:32.836 V/APM::AudioPolicyManager( 1668): listAudioPorts() got 0 ports needed 13
06-27 16:36:32.836 V/APM::AudioPolicyManager( 1668): listAudioPorts() role 0 type 0 num_ports 0 ports 0xabab7c70
06-27 16:36:32.836 V/APM::AudioPolicyManager( 1668): listAudioPorts() got 0 ports needed 13
06-27 16:36:32.838 V/APM::AudioPolicyManager( 1668): listAudioPorts() role 0 type 0 num_ports 0 ports 0xab88eeb8
06-27 16:36:32.838 V/APM::AudioPolicyManager( 1668): listAudioPorts() got 0 ports needed 13
06-27 16:36:32.839 V/APM::AudioPolicyManager( 1668): listAudioPorts() role 0 type 0 num_ports 0 ports 0xab8fbbb0
06-27 16:36:32.839 V/APM::AudioPolicyManager( 1668): listAudioPorts() got 0 ports needed 13
06-27 16:36:32.842 I/TVMW@picture( 1731): ColorCorrectionLogicControl OUT,ret:0
06-27 16:36:32.842 D/TVMW@pqctrl( 1731): [GetColorCorrection:606] ENTER OK
06-27 16:36:32.843 I/hstvos  ( 1699): [0m[1;36m[HSHAL][HS_PQ][HS_HAL_PQ_SetColorCorrection][1385] Exit OK[3601957] OK
06-27 16:36:32.845 D/PowerManagerService( 2310): updateWakeLockWorkSourceInternal: lock=230842777 [AudioMix], ws=WorkSource{10021}
06-27 16:36:32.849 V/APM::AudioPolicyManager( 1668): listAudioPorts() role 0 type 0 num_ports 13 ports 0xab4e1910
06-27 16:36:32.849 V/APM::AudioPolicyManager( 1668): listAudioPorts() got 13 ports needed 13
06-27 16:36:32.850 E/SOGOUIME_JNI( 2868): reset
06-27 16:36:32.850 E/SOGOUIME_JNI( 2868): getCandidates
06-27 16:36:32.850 E/SOGOUIME_JNI( 2868): ime_get_uncommitted_length
06-27 16:36:32.850 E/SOGOUIME_JNI( 2868): getCandidates
06-27 16:36:32.851 D/SogouIME API( 2868): ==============num:32
06-27 16:36:32.851 E/SOGOUIME_JNI( 2868): ime_get_uncommitted_length
06-27 16:36:32.851 D/SogouIME( 2868): mFocusedComponent:30   isHkbEnable:false
06-27 16:36:32.851 E/SOGOUIME_JNI( 2868): ime_get_uncommitted_length
06-27 16:36:32.851 E/SOGOUIME_JNI( 2868): ime_get_committed_length
06-27 16:36:32.851 E/SOGOUIME_JNI( 2868): getComposingInfo
06-27 16:36:32.851 E/SOGOUIME_JNI( 2868): getComposingInfo
06-27 16:36:32.851 E/SOGOUIME_JNI( 2868): getCorrectInfo
06-27 16:36:32.851 E/SOGOUIME_JNI( 2868): getComposingInfo
06-27 16:36:32.854 V/APM::AudioPolicyManager( 1668): listAudioPorts() role 0 type 0 num_ports 13 ports 0xab4e1910
06-27 16:36:32.854 V/APM::AudioPolicyManager( 1668): listAudioPorts() got 13 ports needed 13
06-27 16:36:32.854 V/APM::AudioPolicyManager( 1668): listAudioPorts() role 0 type 0 num_ports 13 ports 0xab4e1910
06-27 16:36:32.854 V/APM::AudioPolicyManager( 1668): listAudioPorts() got 13 ports needed 13
06-27 16:36:32.859 D/TVMW@pqctrl( 1731): [SetColorCorrection:595] ENTER OK
06-27 16:36:32.859 I/hstvos  ( 1699): [0m[1;36m[HSHAL][HS_PQ][HS_HAL_PQ_GetColorCorrection][1475] Exit OK[3601973] OK
06-27 16:36:32.861 V/APM::AudioPolicyManager( 1668): listAudioPorts() role 0 type 0 num_ports 13 ports 0xab4e1910
06-27 16:36:32.861 V/APM::AudioPolicyManager( 1668): listAudioPorts() got 13 ports needed 13
06-27 16:36:32.864 V/APM::AudioPolicyManager( 1668): listAudioPorts() role 0 type 0 num_ports 13 ports 0xab4e1910
06-27 16:36:32.864 V/APM::AudioPolicyManager( 1668): listAudioPorts() got 13 ports needed 13
06-27 16:36:32.864 I/TVMW@picture( 1731): ColorCorrectionLogicControl OUT,ret:0
06-27 16:36:32.864 D/TVMW@pqctrl( 1731): [GetColorCorrection:606] ENTER OK
06-27 16:36:32.864 I/hstvos  ( 1699): [0m[1;36m[HSHAL][HS_PQ][HS_HAL_PQ_SetColorCorrection][1385] Exit OK[3601979] OK
06-27 16:36:32.866 V/APM::AudioPolicyManager( 1668): listAudioPorts() role 0 type 0 num_ports 13 ports 0xab4e1910
06-27 16:36:32.866 V/APM::AudioPolicyManager( 1668): listAudioPorts() got 13 ports needed 13
06-27 16:36:32.868 V/APM::AudioPolicyManager( 1668): listAudioPorts() role 0 type 0 num_ports 13 ports 0xab4e1910
06-27 16:36:32.868 V/APM::AudioPolicyManager( 1668): listAudioPorts() got 13 ports needed 13
06-27 16:36:32.868 V/APM::AudioPolicyManager( 1668): listAudioPorts() role 0 type 0 num_ports 13 ports 0xab4e6f58
06-27 16:36:32.868 V/APM::AudioPolicyManager( 1668): listAudioPorts() got 13 ports needed 13
06-27 16:36:32.868 V/InputMethodService( 2868): CALL: onStartInput
06-27 16:36:32.869 E/SOGOUIME_JNI( 2868): invalidateCommitWordPinyinNative
06-27 16:36:32.869 D/SogouIME( 2868): =====configKeyboard=======是否有硬件盘:false     硬件盘是否不再隐藏：false
06-27 16:36:32.869 E/SOGOUIME_JNI( 2868): ime_set_hard_kb_enable
06-27 16:36:32.876 D/TVMW@pqctrl( 1731): [SetColorCorrection:595] ENTER OK
06-27 16:36:32.877 I/hstvos  ( 1699): [0m[1;36m[HSHAL][HS_PQ][HS_HAL_PQ_GetColorCorrection][1475] Exit OK[3601990] OK
06-27 16:36:32.883 I/TVMW@picture( 1731): ColorCorrectionLogicControl OUT,ret:0
06-27 16:36:32.883 D/TVMW@pqctrl( 1731): [GetColorCorrection:606] ENTER OK
06-27 16:36:32.883 I/hstvos  ( 1699): [0m[1;36m[HSHAL][HS_PQ][HS_HAL_PQ_SetColorCorrection][1385] Exit OK[3601997] OK
06-27 16:36:32.892 D/TVMW@pqctrl( 1731): [SetColorCorrection:595] ENTER OK
06-27 16:36:32.892 I/hstvos  ( 1699): [0m[1;36m[HSHAL][HS_PQ][HS_HAL_PQ_GetColorCorrection][1475] Exit OK[3602006] OK
06-27 16:36:32.896 I/TVMW@picture( 1731): ColorCorrectionLogicControl OUT,ret:0
06-27 16:36:32.896 D/TVMW@pqctrl( 1731): [GetColorCorrection:606] ENTER OK
06-27 16:36:32.896 I/hstvos  ( 1699): [0m[1;36m[HSHAL][HS_PQ][HS_HAL_PQ_SetColorCorrection][1385] Exit OK[3602010] OK
06-27 16:36:32.899 D/AudioFlinger( 1668): mixer(0xec50f008) throttle end: throttle time(31)
06-27 16:36:32.906 D/TVMW@pqctrl( 1731): [SetColorCorrection:595] ENTER OK
06-27 16:36:32.906 I/hstvos  ( 1699): [0m[1;36m[HSHAL][HS_PQ][HS_HAL_PQ_GetColorCorrection][1475] Exit OK[3602020] OK
06-27 16:36:32.910 I/TVMW@picture( 1731): ColorCorrectionLogicControl OUT,ret:0
06-27 16:36:32.910 I/hstvos  ( 1699): [0m[1;36m[HSHAL][HS_PQ][HS_HAL_PQ_SetColorCorrection][1385] Exit OK[3602024] OK
06-27 16:36:32.912 I/TVMW@pqctrl( 1731): [getHDRType:551] HDR Type = 0
06-27 16:36:32.912 I/TVMW@picture( 1731): Hisense {GetPictureMode,472} Source = 13, pePictureMode = 0
06-27 16:36:32.912 I/TVMW@picture( 1731): Hisense {getMEMCLevel,1332} source = 13, memcLevel = 2
06-27 16:36:32.912 I/TVMW@pqctrl( 1731): 
06-27 16:36:32.912 I/TVMW@pqctrl( 1731):  Hisense FRCType = 3 MemcLevel = 2
06-27 16:36:32.912 D/TVMW@pqctrl( 1731): [SetSocMemcLevel:689] ENTER OK
06-27 16:36:32.913 I/hstvos  ( 1699): [0m[1;36m[HSHAL][HS_PQ][HS_HAL_PQ_SetMEMCLevel][1211] Entry.time[3602026] OK
06-27 16:36:32.913 I/hstvos  ( 1699): [0m[1;32m[HSHAL][HS_PQ][HS_HAL_PQ_SetMEMCLevel][1212] time[3602026] 
06-27 16:36:32.913 I/hstvos  ( 1699):  eMEMCLevel is 2
06-27 16:36:32.914 I/MiSysSrv( 1696): ~~~~> MI_IMPL_DISPLAY_SetWindowAttr(): [IN]hWinHandle=0xffff0700, [IN]eAttrType=7, [IN]pUserParams=0xd1ffe7c0
06-27 16:36:32.914 I/MiSysSrv( 1696): [leon.luo]SetMfcLevel = 2
06-27 16:36:32.918 D/TVMW@pqctrl( 1731): [SetSocMemcLevel,695,0] EXIT OK
06-27 16:36:32.918 I/TVMW@picture( 1731): HsmwMEMCLogicControl OUT,ret:0
06-27 16:36:32.918 I/TVMW@picture( 1731): setPicModeForSource OUT,ret:0
06-27 16:36:32.919 I/hstvos  ( 1699): [0m[1;36m[HSHAL][HS_PQ][HS_HAL_PQ_SetMEMCLevel][1232] Exit OK[3602032] OK
06-27 16:36:32.921 I/TVMW@pqctrl( 1731): [getHDRType:551] HDR Type = 0
06-27 16:36:32.921 I/TVMW@picture( 1731): SetMediaPictureParam OUT,ret:0
06-27 16:36:32.949 E/MiVideoService( 1928): Function MiVideoGetImplHandle,m_ClientPid 1731: error: invalid res handle!
06-27 16:36:32.950 I/MiSysSrv( 1696): in funciton convert_to_impl_handle line 665. 0xca5012cc, invalid resource handle 0x04321b22 in mi_res_list
06-27 16:36:32.959 D/HttpHandler(24864): [339] a.a: HTTP response for request=<[ ] http://api.hismarttv.com/cam/share/get_third_bind_info?randStr=ed799312-2d6a-4b19-9259-4148962fc726&languageId=0&thirdPlatformId=1104&version=7.3&accessToken=534F365759AD8B2239A8634663A86A37_003533986106295&sourceType=1&format=0&timeStamp=1498552588&sign=aNumWGQWJ2QZ5syYMULML%2BZeLMqFaxH%2FNTltj7ViFNA3su2z%2FcYhZ8RPwjd7Q8sD53v1ATpJZMh%2ByGNVkOEF8A%3D%3D 0xd92e3aa9 NORMAL 47> [lifetime=4086], [size=500], [rc=200], [retryCount=0]
06-27 16:36:32.964 I/MediaPlayerMgr-1469170927(24864): ## 2017-06-27 16:36:32.960 [24864,25716,:0] INFO ## [MediaPlayerMgr-1469170927][MediaPlayerManager.java]CheckWaitMediaData:RealStartPlay:mLastPosition = 180,mCurPosition = 284
06-27 16:36:32.974 E/MiVideoService( 1928): Function MiVideoGetImplHandle,m_ClientPid 1731: error: invalid res handle!
06-27 16:36:32.975 I/MiSysSrv( 1696): in funciton convert_to_impl_handle line 665. 0xc8b010e4, invalid resource handle 0x04331b22 in mi_res_list
06-27 16:36:32.979 I/YoukuInitTool(24864): mYoukuToken:AwAbAAD/////AAAA|1498552588|15|aWQ6MTA0NTQ0NTY2Myxubjrmtbfkv6HnlKjmiLc4ODA3MzA0MjA0LHZpcDpmYWxzZSx5dGlkOjEwNDU0NDU2NjMsdGlkOjA=|324bad368a0e62bbc40877392181156c|1bb415a3145e897a6998d4154b8471be217110d0--mYoukuUserId=1045445663
06-27 16:36:32.980 I/YoukuInitTool(24864): checkYoukuCookieefreshMsg mYoukuLoginSuccess=truemYoukuRefreshTime=1200
06-27 16:36:33.001 E/MiVideoService( 1928): Function MiVideoGetImplHandle,m_ClientPid 1731: error: invalid res handle!
06-27 16:36:33.001 I/MiSysSrv( 1696): in funciton convert_to_impl_handle line 665. 0xc8b01054, invalid resource handle 0x04341b22 in mi_res_list
06-27 16:36:33.028 E/MiVideoService( 1928): Function MiVideoGetImplHandle,m_ClientPid 1731: error: invalid res handle!
06-27 16:36:33.028 I/MiSysSrv( 1696): in funciton convert_to_impl_handle line 665. 0xca5012cc, invalid resource handle 0x04351b22 in mi_res_list
06-27 16:36:33.032 I/HLSP2P  (24864): ## 2017-06-27 16:36:33.031 [24864,25460,:0] INFO ## [HLSP2P][VodCacheManager.cpp:780][DEBUG][UpdateCacheInfo]DownloadedTsCount: 4, PlayableTime = 21, PlayableTimeFromBegin = 44, PlayableTimePoint = 44
06-27 16:36:33.042 I/HLSP2P  (24864): ## 2017-06-27 16:36:33.041 [24864,25460,:0] INFO ## [HLSP2P][VodCacheManager.cpp:687][INFO][SaveToFile]P2PKey: j0023nodb2a.320086.hls, ts[3] save to memory ok, Memory(5MB, 30MB), Cache(0MB, 0MB), NeedVodCache: 0, IsOffline: 0, Platform: 590603
06-27 16:36:33.044 I/HLSP2P  (24864): ## 2017-06-27 16:36:33.042 [24864,25460,:0] INFO ## [HLSP2P][HttpDownloader.cpp:344][DEBUG][HandleRecvData]http[0] download complete, content-length: 1821156, elapse: 867 ms, keep-alive: true
06-27 16:36:33.047 I/HLSP2P  (24864): ## 2017-06-27 16:36:33.042 [24864,25460,:0] INFO ## [HLSP2P][HLSVodScheduler.cpp:806][INFO][OnHttpComplete]P2PKey: j0023nodb2a.320086.hls, http[0] download ts(3) complete, nDownloaded: 1821156, nElapse: 867 ms, avgSpeed: 2050.78 KB/S, safeAvgSpeed: 2015KB/S, TsCompletePercent: 100
06-27 16:36:33.048 I/HLSP2P  (24864): ## 2017-06-27 16:36:33.046 [24864,25459,:0] INFO ## [HLSP2P][Scheduler.cpp:1564][DEBUG][OnHttpComplete]P2PKey: j0023nodb2a.320086.hls, taskID: 100001, ts(3) download Finish, ts count: 548
06-27 16:36:33.051 E/MiVideoService( 1928): Function MiVideoGetImplHandle,m_ClientPid 1731: error: invalid res handle!
06-27 16:36:33.051 I/MiSysSrv( 1696): in funciton convert_to_impl_handle line 665. 0xabd3cf0c, invalid resource handle 0x04361b22 in mi_res_list
06-27 16:36:33.054 I/HLSP2P  (24864): ## 2017-06-27 16:36:33.046 [24864,25459,:0] INFO ## [HLSP2P][HttpDownloader.cpp:86][DEBUG][SendRequest]http[0] use the same link(150.138.226.23:80) to send request
06-27 16:36:33.056 I/TVMW@picture( 1731): Hisense {getMEMCLevelForHAL,1344} eMemcLevel = 2
06-27 16:36:33.059 D/til@system( 2539): get TIL_MEMC_MODE
06-27 16:36:33.060 I/TVMW@picture( 1731): Hisense {getMEMCLevel,1332} source = 13, memcLevel = 2
06-27 16:36:33.064 E/TVMW@videoctrl( 1731): hs_mw_videoctrl.cpp getOsdShow result is        1
06-27 16:36:33.065 I/TVMW@pqctrl( 1731): [getHDRType:551] HDR Type = 0
06-27 16:36:33.065 I/TVMW@picture( 1731): Hisense {GetPictureMode,472} Source = 13, pePictureMode = 0
06-27 16:36:33.065 I/TVMW@picture( 1731): Hisense {setMEMCLevelTemp,1304} ePicMode = 0, eAspect = 0, eFRCTypeIndex = 3, memcLevel = 0
06-27 16:36:33.065 I/TVMW@picture( 1731): setMEMCLevelTemp OUT,ret:0
06-27 16:36:33.072 I/HLSP2P  (24864): ## 2017-06-27 16:36:33.069 [24864,25459,:0] INFO ## [HLSP2P][HttpDownloader.cpp:220][INFO][SendRequestOnConnected]http[0] send http request ok, host = 150.138.226.23, port = 80, strTarget = /moviets.tc.qq.com/exo0sxhO-wPLzKJOo3zqSuOa9zgQcKJ2E9l01g1uIA6wFBF93MA23sY-I82ZvY005-pIvKRR4Zvs7qFPEPoQQmURPSyyKieps5VsUOVMKSLr_JJyFs1AzJbQSYQQsE2p66r1PckO9FBbjrNogUHkOQ/04_j0023nodb2a.320086.1.ts?cdncode=%2F18907E7BE0798990%2F&index=4&start=44960&end=54440&brs=6014496&bre=7448747&ver=4&cost=low, range: 0-1434251, MaxSpeed: 0KB
06-27 16:36:33.078 E/MiVideoService( 1928): Function MiVideoGetImplHandle,m_ClientPid 1731: error: invalid res handle!
06-27 16:36:33.078 I/MiSysSrv( 1696): in funciton convert_to_impl_handle line 665. 0xca401874, invalid resource handle 0x04371b22 in mi_res_list
06-27 16:36:33.081 I/HLSP2P  (24864): ## 2017-06-27 16:36:33.076 [24864,25460,:0] INFO ## [HLSP2P][HttpDownloader.cpp:412][INFO][HandleHeaderData]http[0] header: HTTP/1.1 206 Partial Content
06-27 16:36:33.081 I/HLSP2P  (24864): Content-Range: bytes 0-1434251/1434252
06-27 16:36:33.081 I/HLSP2P  (24864): Content-Length: 1434252
06-27 16:36:33.081 I/HLSP2P  (24864): Accept-Ranges: bytes
06-27 16:36:33.081 I/HLSP2P  (24864): X-ServerIp: 150.138.226.23
06-27 16:36:33.081 I/HLSP2P  (24864): X-RespTime: 27/Jun/2017:16:36:32 +0800
06-27 16:36:33.081 I/HLSP2P  (24864): Client-Ip: 219.147.31.2
06-27 16:36:33.081 I/HLSP2P  (24864): Client-Flow: 
06-27 16:36:33.081 I/HLSP2P  (24864): Access-Control-Allow-Origin: *
06-27 16:36:33.081 I/HLSP2P  (24864): Cache-Control: max-age=7200
06-27 16:36:33.081 I/HLSP2P  (24864): Content-Type: video/MP2T
06-27 16:36:33.081 I/HLSP2P  (24864): 
06-27 16:36:33.081 I/HLSP2P  (24864): 
06-27 16:36:33.084 I/HLSP2P  (24864): ## 2017-06-27 16:36:33.076 [24864,25460,:0] INFO ## [HLSP2P][HttpDownloader.cpp:478][DEBUG][OnHttpReturnOK]http[0] get file size ok, filesize: 1434252
06-27 16:36:33.090 I/HLSP2P  (24864): ## 2017-06-27 16:36:33.089 [24864,25459,:0] INFO ## [HLSP2P][Scheduler.cpp:502][DEBUG][DownloadWithHttp]keyid: j0023nodb2a.320086.hls, http[0] download ts(4) send request ok
06-27 16:36:33.104 E/MiVideoService( 1928): Function MiVideoGetImplHandle,m_ClientPid 1731: error: invalid res handle!
06-27 16:36:33.104 I/MiSysSrv( 1696): in funciton convert_to_impl_handle line 665. 0xc8b010e4, invalid resource handle 0x04381b22 in mi_res_list
06-27 16:36:33.106 E/HDMI_CEC( 2310): Send Message TO[5] the send message length is: [0] 
06-27 16:36:33.107 E/HDMI_CEC( 2310): OP[0x7c],  
06-27 16:36:33.107 E/HDMI_CEC( 2310): ========
06-27 16:36:33.110 I/HLSP2P  (24864): ## 2017-06-27 16:36:33.090 [24864,25459,:0] INFO ## [HLSP2P][HLSVodScheduler.cpp:673][INFO][FastDownload]P2PKey: j0023nodb2a.320086.hls, taskID: 100001, http download ts(4) ok, range: 0-1434251, length: 1434252
06-27 16:36:33.119 I/MediaPlayerMgr(24864): ## 2017-06-27 16:36:33.111 [24864,25721,:0] INFO ## [MediaPlayerMgr][SystemMediaPlayer.java]Test mediaplayer.: 421
06-27 16:36:33.138 E/MiVideoService( 1928): Function MiVideoGetImplHandle,m_ClientPid 1731: error: invalid res handle!
06-27 16:36:33.138 I/MiSysSrv( 1696): in funciton convert_to_impl_handle line 665. 0xc8b01054, invalid resource handle 0x04391b22 in mi_res_list
06-27 16:36:33.154 E/til@com ( 2539): Cominit open uart error: No such file or directory
06-27 16:36:33.155 I/TVMW@devctrl( 1731): wdt
06-27 16:36:33.164 E/MiVideoService( 1928): Function MiVideoGetImplHandle,m_ClientPid 1731: error: invalid res handle!
06-27 16:36:33.164 I/MiSysSrv( 1696): in funciton convert_to_impl_handle line 665. 0xc8b010e4, invalid resource handle 0x043a1b22 in mi_res_list
06-27 16:36:33.181 E/HDMI_CEC( 2310): MI_CEC_SendTxPolling, ErrCode[4] 
06-27 16:36:33.188 E/MiVideoService( 1928): Function MiVideoGetImplHandle,m_ClientPid 1731: error: invalid res handle!
06-27 16:36:33.188 I/MiSysSrv( 1696): in funciton convert_to_impl_handle line 665. 0xca401874, invalid resource handle 0x043b1b22 in mi_res_list
06-27 16:36:33.199 I/PlaylistFetcher( 1668): download spend time 1.077,segment 1,duration 12.000,size 1397780
06-27 16:36:33.199 I/PlaylistFetcher( 1668): download speed 10142.15 kbps,bitrate 910.013 kbps
06-27 16:36:33.200 D/PlaylistFetcher( 1668): PlaylistFetcher::onDownloadNext()
06-27 16:36:33.200 D/PlaylistFetcher( 1668): fetching segment 2 from (0 .. 547)
06-27 16:36:33.200 I/PlaylistFetcher( 1668): download 'http://127.0.0.1:14088/vodhls/100001/2.ts'
06-27 16:36:33.200 D/MediaHTTPConnection(24864): teardownConnection
06-27 16:36:33.200 D/MediaHTTPConnection(24864): close inputstream
06-27 16:36:33.201 D/MediaHTTPConnection(24864): seekTo 0
06-27 16:36:33.205 I/HLSP2P  (24864): ## 2017-06-27 16:36:33.205 [24864,25455,:0] INFO ## [HLSP2P][vod_hls_handler.cpp:39]task_id: 100001, _n: 1, uri: /vodhls/100001/2.ts
06-27 16:36:33.207 I/HLSP2P  (24864): ## 2017-06-27 16:36:33.206 [24864,25455,:0] INFO ## [HLSP2P][vod_hls_handler.cpp:398]ts_handler_request conn: 0xac063ea8 uri: /vodhls/100001/2.ts
06-27 16:36:33.208 I/HLSP2P  (24864): ## 2017-06-27 16:36:33.207 [24864,25455,:0] INFO ## [HLSP2P][vod_hls_handler.cpp:433]ts_handler_request task_id: 100001, uri: bytes=0-, filename: 2.ts, range[0, -1]
06-27 16:36:33.211 I/HLSP2P  (24864): ## 2017-06-27 16:36:33.211 [24864,25455,:0] INFO ## [HLSP2P][vod_hls_handler.cpp:514]ts_hanlder_poll TXP2P_GetTsSize task_id: 100001, filename: 2.ts, filesize: 2255812
06-27 16:36:33.213 E/MiVideoService( 1928): Function MiVideoGetImplHandle,m_ClientPid 1731: error: invalid res handle!
06-27 16:36:33.214 I/MiSysSrv( 1696): in funciton convert_to_impl_handle line 665. 0xabd3cf0c, invalid resource handle 0x043c1b22 in mi_res_list
06-27 16:36:33.214 E/HDMI_CEC( 2310): Sending polling message can't be response. 
06-27 16:36:33.221 D/MediaHTTPConnection(24864): [Connection@189960556] response.heeader.null = HTTP/1.1 200 OK
06-27 16:36:33.221 D/MediaHTTPConnection(24864): [Connection@189960556] response.heeader.Accept-Ranges = bytes
06-27 16:36:33.221 D/MediaHTTPConnection(24864): [Connection@189960556] response.heeader.Connection = keep-alive
06-27 16:36:33.221 D/MediaHTTPConnection(24864): [Connection@189960556] response.heeader.Content-Length = 2255812
06-27 16:36:33.221 D/MediaHTTPConnection(24864): [Connection@189960556] response.heeader.Content-Range = bytes 0-2255811/2255812
06-27 16:36:33.221 D/MediaHTTPConnection(24864): [Connection@189960556] response.heeader.Content-Type = video/MP2T
06-27 16:36:33.221 D/MediaHTTPConnection(24864): [Connection@189960556] response.heeader.X-Android-Received-Millis = 1498552593221
06-27 16:36:33.221 D/MediaHTTPConnection(24864): [Connection@189960556] response.heeader.X-Android-Response-Source = NETWORK 200
06-27 16:36:33.221 D/MediaHTTPConnection(24864): [Connection@189960556] response.heeader.X-Android-Selected-Protocol = http/1.1
06-27 16:36:33.221 D/MediaHTTPConnection(24864): [Connection@189960556] response.heeader.X-Android-Sent-Millis = 1498552593204
06-27 16:36:33.221 D/MediaHTTPConnection(24864): [Connection@189960556] mTotalSize = 2255812
06-27 16:36:33.221 D/MediaHTTPConnection(24864): [Connection@189960556] getSize mTotalSize = 2255812
06-27 16:36:33.228 D/PowerManagerService( 2310): acquireWakeLockInternal: lock=40834514, flags=0x1, tag="NetworkStats", ws=null, uid=1000, pid=2310
06-27 16:36:33.229 D/NtpTrustedTime( 2310): currentTimeMillis() cache hit
06-27 16:36:33.231 I/HLSP2P  (24864): ## 2017-06-27 16:36:33.230 [24864,25459,:0] INFO ## [HLSP2P][HLSVodScheduler.cpp:415][INFO][OnSchedule]P2PKey: j0023nodb2a.320086.hls, taskID:100001, WatchTime: 3, RemainTime(0, 21), P2PTime(90, 120), Speed(1872.07KB/S, 0.00KB/S), MemInfo(0MB, 1722MB), CodeRate: 82
06-27 16:36:33.233 I/HLSP2P  (24864): ## 2017-06-27 16:36:33.231 [24864,25459,:0] INFO ## [HLSP2P][HLSVodScheduler.cpp:614][INFO][FastDownload]P2PKey: j0023nodb2a.320086.hls, taskID: 100001, http[0] is busy, return false
06-27 16:36:33.239 I/DetailVideoFrameLayoutContainer(24864): onProgress  position = 421
06-27 16:36:33.239 I/DetailVideoFrameLayoutContainer(24864): status = PLAYING
06-27 16:36:33.239 I/DetailVideoFrameLayoutContainer(24864): BasePlayInfo.sFirstFrameStart = true
06-27 16:36:33.239 I/DetailVideoFrameLayoutContainer(24864): mIsSeekTo = false
06-27 16:36:33.239 I/DetailVideoFrameLayoutContainer(24864): mDuration = 5723000   Movie duration =5723000
06-27 16:36:33.239 D/DetailVideoFrameLayoutContainer(24864): checkBufferTime bufferStart:false
06-27 16:36:33.239 I/DetailVideoFrameLayoutContainer(24864): correct center img
06-27 16:36:33.241 E/MiVideoService( 1928): Function MiVideoGetImplHandle,m_ClientPid 1731: error: invalid res handle!
06-27 16:36:33.241 I/MiSysSrv( 1696): in funciton convert_to_impl_handle line 665. 0xabd42fac, invalid resource handle 0x043d1b22 in mi_res_list
06-27 16:36:33.265 D/NtpTrustedTime( 2310): currentTimeMillis() cache hit
06-27 16:36:33.267 E/MiVideoService( 1928): Function MiVideoGetImplHandle,m_ClientPid 1731: error: invalid res handle!
06-27 16:36:33.267 I/MiSysSrv( 1696): in funciton convert_to_impl_handle line 665. 0xc8b010e4, invalid resource handle 0x043e1b22 in mi_res_list
06-27 16:36:33.272 D/PowerManagerService( 2310): releaseWakeLockInternal: lock=40834514 [NetworkStats], flags=0x0
06-27 16:36:33.273 D/NtpTrustedTime( 2310): currentTimeMillis() cache hit
06-27 16:36:33.273 D/NtpTrustedTime( 2310): currentTimeMillis() cache hit
06-27 16:36:33.290 I/MiSysSrv( 1696): in funciton convert_to_impl_handle line 665. 0xabd3cf0c, invalid resource handle 0x043f1b22 in mi_res_list
06-27 16:36:33.290 E/MiVideoService( 1928): Function MiVideoGetImplHandle,m_ClientPid 1731: error: invalid res handle!
06-27 16:36:33.291 I/bt_hci  ( 2856): BLE HCI(id=62) event = 0x02)
06-27 16:36:33.291 I/bt_hci  ( 2856): btu_ble_process_adv_pkt
06-27 16:36:33.291 D/bt_btm  ( 2856): btm_ble_update_inq_result scan_rsp=false, to_report=false,                              scan_type_active=1
06-27 16:36:33.291 D/bt_btm  ( 2856): BR/EDR NOT SUPPORT bit set, LE only device
06-27 16:36:33.291 I/bt_hci  ( 2856): BLE HCI(id=62) event = 0x02)
06-27 16:36:33.291 I/bt_hci  ( 2856): btu_ble_process_adv_pkt
06-27 16:36:33.292 D/bt_btm  ( 2856): BR/EDR NOT SUPPORT bit set, LE only device
06-27 16:36:33.292 E/bt_btm  ( 2856): [BLE Inquiry Trace]btm_ble_process_adv_pkt_cont: Received BLE Scan Response.
06-27 16:36:33.292 D/bt_btif ( 2856): bta_dm_observe_results_cb
06-27 16:36:33.292 I/bt_btm  ( 2856): BTM_InqDbRead: bd addr [698538082db7]
06-27 16:36:33.292 E/bt_btif ( 2856): [BLE Inquiry Trace]bta_scan_results_cb event=BTA_DM_INQ_RES_EVT
06-27 16:36:33.292 I/bt_btm  ( 2856): BTM_CheckEirData type=0x09
06-27 16:36:33.292 I/bt_btm  ( 2856): BTM_CheckEirData type=0x09
06-27 16:36:33.292 I/bt_btm  ( 2856): BTM_CheckEirData type=0x08
06-27 16:36:33.292 D/bt_btif ( 2856): in, bd addr:69:85:38:08:2d:b7, prop type:5, len:4
06-27 16:36:33.292 I/bt_btif ( 2856): HAL bt_gatt_callbacks->client->scan_result_cb
06-27 16:36:33.300 D/BluetoothLeScanner( 2500): onScanResult() - ScanResult{mDevice=69:85:38:08:2D:B7, mScanRecord=ScanRecord [mAdvertiseFlags=6, mServiceUuids=null, mManufacturerSpecificData={76=[16, 2, 11, 0]}, mServiceData={}, mTxPowerLevel=-2147483648, mDeviceName=null], mRssi=-76, mTimestampNanos=3602408433723}
06-27 16:36:33.314 E/HeaderTokenManager( 3339): initHiCloudService: Fetching token is failed.
06-27 16:36:33.323 E/MiVideoService( 1928): Function MiVideoGetImplHandle,m_ClientPid 1731: error: invalid res handle!
06-27 16:36:33.323 I/MiSysSrv( 1696): in funciton convert_to_impl_handle line 665. 0xcbf02c74, invalid resource handle 0x04401b22 in mi_res_list
06-27 16:36:33.360 E/MiVideoService( 1928): Function MiVideoGetImplHandle,m_ClientPid 1731: error: invalid res handle!
06-27 16:36:33.360 I/MiSysSrv( 1696): in funciton convert_to_impl_handle line 665. 0xc8b010e4, invalid resource handle 0x04411b22 in mi_res_list
06-27 16:36:33.364 I/HLSP2P  (24864): ## 2017-06-27 16:36:33.361 [24864,25716,:0] INFO ## [HLSP2P][DownloadManager.cpp:579]set remain time: 0, taskId: 100001
06-27 16:36:33.388 E/MiVideoService( 1928): Function MiVideoGetImplHandle,m_ClientPid 1731: error: invalid res handle!
06-27 16:36:33.388 I/MiSysSrv( 1696): in funciton convert_to_impl_handle line 665. 0xc8a01694, invalid resource handle 0x04421b22 in mi_res_list
06-27 16:36:33.412 E/MiVideoService( 1928): Function MiVideoGetImplHandle,m_ClientPid 1731: error: invalid res handle!
06-27 16:36:33.412 I/MiSysSrv( 1696): in funciton convert_to_impl_handle line 665. 0xcbf02c74, invalid resource handle 0x04431b22 in mi_res_list
06-27 16:36:33.423 I/IRSIVTDataReport(24864): ## 2017-06-27 16:36:33.423 [24864,25736,:0] INFO ## [IRSIVTDataReport]needReportEvent is empty, isReporting: false
06-27 16:36:33.429 I/HLSP2P  (24864): ## 2017-06-27 16:36:33.429 [24864,25455,:0] INFO ## [HLSP2P][CacheManager.cpp:252][INFO][ReadTsData]read j0023nodb2a.320086.hls 2.ts finish, file size: 2255812
06-27 16:36:33.434 I/HLSP2P  (24864): ## 2017-06-27 16:36:33.432 [24864,25455,:0] INFO ## [HLSP2P][VodCacheManager.cpp:780][DEBUG][UpdateCacheInfo]DownloadedTsCount: 4, PlayableTime = 10, PlayableTimeFromBegin = 44, PlayableTimePoint = 44
06-27 16:36:33.443 E/MiVideoService( 1928): Function MiVideoGetImplHandle,m_ClientPid 1731: error: invalid res handle!
06-27 16:36:33.444 I/MiSysSrv( 1696): in funciton convert_to_impl_handle line 665. 0xca5012cc, invalid resource handle 0x04441b22 in mi_res_list
06-27 16:36:33.446 I/HLSP2P  (24864): ## 2017-06-27 16:36:33.446 [24864,25455,:0] INFO ## [HLSP2P][vod_hls_handler.cpp:581]ts_hanlder_poll TXP2P_ReadTsData Finish tsfile: 2.ts dataID: 100001 [0, 2255811], nElapse: 6 ms
06-27 16:36:33.475 E/MiVideoService( 1928): Function MiVideoGetImplHandle,m_ClientPid 1731: error: invalid res handle!
06-27 16:36:33.476 I/MiSysSrv( 1696): in funciton convert_to_impl_handle line 665. 0xca401874, invalid resource handle 0x04451b22 in mi_res_list
06-27 16:36:33.504 E/MiVideoService( 1928): Function MiVideoGetImplHandle,m_ClientPid 1731: error: invalid res handle!
06-27 16:36:33.508 I/MiSysSrv( 1696): in funciton convert_to_impl_handle line 665. 0xc8a0163c, invalid resource handle 0x04461b22 in mi_res_list
06-27 16:36:33.517 I/MediaPlayerMgr(24864): ## 2017-06-27 16:36:33.507 [24864,25721,:0] INFO ## [MediaPlayerMgr][SystemMediaPlayer.java]Test mediaplayer.: 819
06-27 16:36:33.532 E/MiVideoService( 1928): Function MiVideoGetImplHandle,m_ClientPid 1731: error: invalid res handle!
06-27 16:36:33.532 I/MiSysSrv( 1696): in funciton convert_to_impl_handle line 665. 0xcbf02c74, invalid resource handle 0