06-27 16:37:37.788 I/MiSysSrv( 1696): [1;31m<<<MI_ATOM_DISPLAY_GetHdrAttributes[7815] Ret=4[0m[1;31m<<<MI_IMPL_DISPLAY_GetWindowAttr[3738] return ERR!
06-27 16:37:37.788 I/TVMW@pqctrl( 1731): [getHDRType:551] HDR Type = 0
06-27 16:37:37.788 I/TVMW@picture( 1731): Hisense {GetPictureMode,472} Source = 13, pePictureMode = 0
06-27 16:37:37.789 I/TVMW@picture( 1731): Hisense {setMEMCLevelTemp,1304} ePicMode = 0, eAspect = 0, eFRCTypeIndex = 3, memcLevel = 0
06-27 16:37:37.789 I/TVMW@picture( 1731): setMEMCLevelTemp OUT,ret:0
06-27 16:37:37.790 I/YoukuInitTool(26344): mYoukuToken:AwAbAAD/////AAAA|1498552657|15|aWQ6MTA0NTQ0NTY2Myxubjrmtbfkv6HnlKjmiLc4ODA3MzA0MjA0LHZpcDpmYWxzZSx5dGlkOjEwNDU0NDU2NjMsdGlkOjA=|0bbaefb23b15e3fee915a3a836637bf2|a9953e243682c8f3c67869199b9f5f4ca5766c2d--mYoukuUserId=1045445663
06-27 16:37:37.792 I/YoukuInitTool(26344): checkYoukuCookieefreshMsg mYoukuLoginSuccess=truemYoukuRefreshTime=1200
06-27 16:37:37.820 I/bt_hci  ( 2856): BLE HCI(id=62) event = 0x02)
06-27 16:37:37.820 I/bt_hci  ( 2856): btu_ble_process_adv_pkt
06-27 16:37:37.820 D/bt_btm  ( 2856): btm_ble_update_inq_result scan_rsp=false, to_report=false,                              scan_type_active=1
06-27 16:37:37.820 D/bt_btm  ( 2856): BR/EDR NOT SUPPORT bit set, LE only device
06-27 16:37:37.821 I/bt_hci  ( 2856): BLE HCI(id=62) event = 0x02)
06-27 16:37:37.821 I/bt_hci  ( 2856): btu_ble_process_adv_pkt
06-27 16:37:37.821 D/bt_btm  ( 2856): BR/EDR NOT SUPPORT bit set, LE only device
06-27 16:37:37.821 E/bt_btm  ( 2856): [BLE Inquiry Trace]btm_ble_process_adv_pkt_cont: Received BLE Scan Response.
06-27 16:37:37.822 D/bt_btif ( 2856): bta_dm_observe_results_cb
06-27 16:37:37.822 I/bt_btm  ( 2856): BTM_InqDbRead: bd addr [66cc1e0ff30d]
06-27 16:37:37.822 E/bt_btif ( 2856): [BLE Inquiry Trace]bta_scan_results_cb event=BTA_DM_INQ_RES_EVT
06-27 16:37:37.822 I/bt_btm  ( 2856): BTM_CheckEirData type=0x09
06-27 16:37:37.822 I/bt_btm  ( 2856): BTM_CheckEirData type=0x09
06-27 16:37:37.822 I/bt_btm  ( 2856): BTM_CheckEirData type=0x08
06-27 16:37:37.822 D/bt_btif ( 2856): in, bd addr:66:cc:1e:0f:f3:0d, prop type:5, len:4
06-27 16:37:37.822 I/bt_btif ( 2856): HAL bt_gatt_callbacks->client->scan_result_cb
06-27 16:37:37.823 D/BluetoothLeScanner( 2500): onScanResult() - ScanResult{mDevice=66:CC:1E:0F:F3:0D, mScanRecord=ScanRecord [mAdvertiseFlags=6, mServiceUuids=null, mManufacturerSpecificData={76=[16, 2, 11, 0]}, mServiceData={}, mTxPowerLevel=-2147483648, mDeviceName=null], mRssi=-71, mTimestampNanos=3666936801124}
06-27 16:37:38.011 I/TVMW@devctrl( 1731): wdt
06-27 16:37:38.171 E/til@com ( 2539): Cominit open uart error: No such file or directory
06-27 16:37:38.291 I/TVMW@picture( 1731): Hisense {getMEMCLevelForHAL,1344} eMemcLevel = 2
06-27 16:37:38.291 D/til@system( 2539): get TIL_MEMC_MODE
06-27 16:37:38.292 I/TVMW@picture( 1731): Hisense {getMEMCLevel,1332} source = 13, memcLevel = 2
06-27 16:37:38.293 I/MiSysSrv( 1696): [0mNot support now! 42, change to mm_video!!!
06-27 16:37:38.294 I/MiSysSrv( 1696): [HDR][virtual EN_MAPI_HDR_RESULT mapi_video_base::GetHdrAttributes(EN_MAPI_HDR_ATTRIBUTES, EN_MAPI_HDR_TYPE, void*, MAPI_U16) Line 9641] win 0, input 42 not support!
06-27 16:37:38.294 I/MiSysSrv( 1696): [1;31m<<<MI_ATOM_DISPLAY_GetHdrAttributes[7815] Ret=4[0m[1;31m<<<MI_IMPL_DISPLAY_GetWindowAttr[3738] return ERR!
06-27 16:37:38.294 I/TVMW@pqctrl( 1731): [getHDRType:551] HDR Type = 0
06-27 16:37:38.294 I/TVMW@picture( 1731): Hisense {GetPictureMode,472} Source = 13, pePictureMode = 0
06-27 16:37:38.294 I/TVMW@picture( 1731): Hisense {setMEMCLevelTemp,1304} ePicMode = 0, eAspect = 0, eFRCTypeIndex = 3, memcLevel = 0
06-27 16:37:38.294 I/TVMW@picture( 1731): setMEMCLevelTemp OUT,ret:0
06-27 16:37:38.400 I/YoukuInitTool(26344): hisense2ThirdBySdk : mBindYoukuNum:0
06-27 16:37:38.402 I/YoukuInitTool(26344): mBindYoukuNum:1
06-27 16:37:38.500 I/YoukuInitTool(26344): mYoukuToken:AwAbAAD/////AAAA|1498552658|15|aWQ6MTA0NTQ0NTY2Myxubjrmtbfkv6HnlKjmiLc4ODA3MzA0MjA0LHZpcDpmYWxzZSx5dGlkOjEwNDU0NDU2NjMsdGlkOjA=|898e7cb435b8a0e14f1974e27d3345ae|ce7001267e0459882b889f52c1489520d3b24921--mYoukuUserId=1045445663
06-27 16:37:38.505 I/YoukuInitTool(26344): checkYoukuCookieefreshMsg mYoukuLoginSuccess=truemYoukuRefreshTime=1200
06-27 16:37:38.621 E/TV_JNI_CONFIG( 2539): til_get_cfg_param returned fail -22!
06-27 16:37:38.621 E/StorageHelper( 2539): NativeConfigStorageHelper load() failed. Native getOption returned :-22
06-27 16:37:38.621 W/ConfigurationService( 2539): errorFlag = null, continue to recycle check
06-27 16:37:38.794 I/TVMW@picture( 1731): Hisense {getMEMCLevelForHAL,1344} eMemcLevel = 2
06-27 16:37:38.794 D/til@system( 2539): get TIL_MEMC_MODE
06-27 16:37:38.794 I/TVMW@picture( 1731): Hisense {getMEMCLevel,1332} source = 13, memcLevel = 2
06-27 16:37:38.796 I/TVMW@pqctrl( 1731): [getHDRType:551] HDR Type = 0
06-27 16:37:38.796 I/MiSysSrv( 1696): [0mNot support now! 42, change to mm_video!!!
06-27 16:37:38.796 I/MiSysSrv( 1696): [HDR][virtual EN_MAPI_HDR_RESULT mapi_video_base::GetHdrAttributes(EN_MAPI_HDR_ATTRIBUTES, EN_MAPI_HDR_TYPE, void*, MAPI_U16) Line 9641] win 0, input 42 not support!
06-27 16:37:38.796 I/MiSysSrv( 1696): [1;31m<<<MI_ATOM_DISPLAY_GetHdrAttributes[7815] Ret=4[0m[1;31m<<<MI_IMPL_DISPLAY_GetWindowAttr[3738] return ERR!
06-27 16:37:38.796 I/TVMW@picture( 1731): Hisense {GetPictureMode,472} Source = 13, pePictureMode = 0
06-27 16:37:38.796 I/TVMW@picture( 1731): Hisense {setMEMCLevelTemp,1304} ePicMode = 0, eAspect = 0, eFRCTypeIndex = 3, memcLevel = 0
06-27 16:37:38.796 I/TVMW@picture( 1731): setMEMCLevelTemp OUT,ret:0
06-27 16:37:38.911 I/TVMW@devctrl( 1731): wdt
06-27 16:37:38.992 I/YoukuInitTool(26344): hisense2ThirdBySdk : mBindYoukuNum:0
06-27 16:37:38.994 I/YoukuInitTool(26344): mBindYoukuNum:1
06-27 16:37:39.073 I/YoukuInitTool(26344): mYoukuToken:AwAbAAD/////AAAA|1498552659|15|aWQ6MTA0NTQ0NTY2Myxubjrmtbfkv6HnlKjmiLc4ODA3MzA0MjA0LHZpcDpmYWxzZSx5dGlkOjEwNDU0NDU2NjMsdGlkOjA=|7fc7a739ecfd331f1229cea4d7608787|49d81da2280e7087940fe294da68cce99506db93--mYoukuUserId=1045445663
06-27 16:37:39.074 I/YoukuInitTool(26344): checkYoukuCookieefreshMsg mYoukuLoginSuccess=truemYoukuRefreshTime=1200
06-27 16:37:39.106 D/HiCloudSourcePlugin( 3472): Delta Updating Task Runnning...
06-27 16:37:39.126 D/DtvSourcePlugin-DTMB( 3472): Setting the EPG Updater state to: WAIT
06-27 16:37:39.172 E/til@com ( 2539): Cominit open uart error: No such file or directory
06-27 16:37:39.264 I/bt_hci  ( 2856): BLE HCI(id=62) event = 0x02)
06-27 16:37:39.264 I/bt_hci  ( 2856): btu_ble_process_adv_pkt
06-27 16:37:39.264 D/bt_btm  ( 2856): btm_ble_update_inq_result scan_rsp=false, to_report=false,                              scan_type_active=1
06-27 16:37:39.264 D/bt_btm  ( 2856): BR/EDR NOT SUPPORT bit set, LE only device
06-27 16:37:39.297 I/TVMW@picture( 1731): Hisense {getMEMCLevelForHAL,1344} eMemcLevel = 2
06-27 16:37:39.298 D/til@system( 2539): get TIL_MEMC_MODE
06-27 16:37:39.298 I/TVMW@picture( 1731): Hisense {getMEMCLevel,1332} source = 13, memcLevel = 2
06-27 16:37:39.302 I/MiSysSrv( 1696): [0mNot support now! 42, change to mm_video!!!
06-27 16:37:39.302 I/MiSysSrv( 1696): [HDR][virtual EN_MAPI_HDR_RESULT mapi_video_base::GetHdrAttributes(EN_MAPI_HDR_ATTRIBUTES, EN_MAPI_HDR_TYPE, void*, MAPI_U16) Line 9641] win 0, input 42 not support!
06-27 16:37:39.302 I/MiSysSrv( 1696): [1;31m<<<MI_ATOM_DISPLAY_GetHdrAttributes[7815] Ret=4[0m[1;31m<<<MI_IMPL_DISPLAY_GetWindowAttr[3738] return ERR!
06-27 16:37:39.302 I/TVMW@pqctrl( 1731): [getHDRType:551] HDR Type = 0
06-27 16:37:39.302 I/TVMW@picture( 1731): Hisense {GetPictureMode,472} Source = 13, pePictureMode = 0
06-27 16:37:39.302 I/TVMW@picture( 1731): Hisense {setMEMCLevelTemp,1304} ePicMode = 0, eAspect = 0, eFRCTypeIndex = 3, memcLevel = 0
06-27 16:37:39.302 I/TVMW@picture( 1731): setMEMCLevelTemp OUT,ret:0
06-27 16:37:39.340 D/MC_MEMORY( 3088): max: 256.261888 Mb, heap: 4.4848 Mb, allocated: 3.3715 Mb, free: 1.1133 Mb, native heap: 6.6810 Mb, native allocated: 6.6789 Mb, native free: 0.20 Mb
06-27 16:37:39.706 I/YoukuInitTool(26344): hisense2ThirdBySdk : mBindYoukuNum:0
06-27 16:37:39.708 I/YoukuInitTool(26344): mBindYoukuNum:1
06-27 16:37:39.796 I/YoukuInitTool(26344): mYoukuToken:AwAbAAD/////AAAA|1498552659|15|aWQ6MTA0NTQ0NTY2Myxubjrmtbfkv6HnlKjmiLc4ODA3MzA0MjA0LHZpcDpmYWxzZSx5dGlkOjEwNDU0NDU2NjMsdGlkOjA=|7fc7a739ecfd331f1229cea4d7608787|49d81da2280e7087940fe294da68cce99506db93--mYoukuUserId=1045445663
06-27 16:37:39.797 I/YoukuInitTool(26344): checkYoukuCookieefreshMsg mYoukuLoginSuccess=truemYoukuRefreshTime=1200
06-27 16:37:39.805 I/TVMW@picture( 1731): Hisense {getMEMCLevelForHAL,1344} eMemcLevel = 2
06-27 16:37:39.806 D/til@system( 2539): get TIL_MEMC_MODE
06-27 16:37:39.806 I/TVMW@picture( 1731): Hisense {getMEMCLevel,1332} source = 13, memcLevel = 2
06-27 16:37:39.810 I/MiSysSrv( 1696): [0mNot support now! 42, change to mm_video!!!
06-27 16:37:39.810 I/MiSysSrv( 1696): [HDR][virtual EN_MAPI_HDR_RESULT mapi_video_base::GetHdrAttributes(EN_MAPI_HDR_ATTRIBUTES, EN_MAPI_HDR_TYPE, void*, MAPI_U16) Line 9641] win 0, input 42 not support!
06-27 16:37:39.810 I/MiSysSrv( 1696): [1;31m<<<MI_ATOM_DISPLAY_GetHdrAttributes[7815] Ret=4[0m[1;31m<<<MI_IMPL_DISPLAY_GetWindowAttr[3738] return ERR!
06-27 16:37:39.811 I/TVMW@pqctrl( 1731): [getHDRType:551] HDR Type = 0
06-27 16:37:39.811 I/TVMW@picture( 1731): Hisense {GetPictureMode,472} Source = 13, pePictureMode = 0
06-27 16:37:39.811 I/TVMW@picture( 1731): Hisense {setMEMCLevelTemp,1304} ePicMode = 0, eAspect = 0, eFRCTypeIndex = 3, memcLevel = 0
06-27 16:37:39.811 I/TVMW@picture( 1731): setMEMCLevelTemp OUT,ret:0
06-27 16:37:39.813 I/TVMW@devctrl( 1731): wdt
06-27 16:37:39.930 I/bt_hci  ( 2856): BLE HCI(id=62) event = 0x02)
06-27 16:37:39.930 I/bt_hci  ( 2856): btu_ble_process_adv_pkt
06-27 16:37:39.930 D/bt_btm  ( 2856): btm_ble_update_inq_result scan_rsp=false, to_report=false,                              scan_type_active=1
06-27 16:37:39.930 D/bt_btm  ( 2856): Random address, treating device as LE only
06-27 16:37:39.931 I/bt_hci  ( 2856): BLE HCI(id=62) event = 0x02)
06-27 16:37:39.931 I/bt_hci  ( 2856): btu_ble_process_adv_pkt
06-27 16:37:39.931 D/bt_btm  ( 2856): Random address, treating device as LE only
06-27 16:37:39.931 E/bt_btm  ( 2856): [BLE Inquiry Trace]btm_ble_process_adv_pkt_cont: Received BLE Scan Response.
06-27 16:37:39.931 D/bt_btif ( 2856): bta_dm_observe_results_cb
06-27 16:37:39.931 I/bt_btm  ( 2856): BTM_InqDbRead: bd addr [48b794062b07]
06-27 16:37:39.931 E/bt_btif ( 2856): [BLE Inquiry Trace]bta_scan_results_cb event=BTA_DM_INQ_RES_EVT
06-27 16:37:39.931 I/bt_btm  ( 2856): BTM_CheckEirData type=0x09
06-27 16:37:39.931 I/bt_btm  ( 2856): BTM_CheckEirData type=0x09
06-27 16:37:39.931 I/bt_btm  ( 2856): BTM_CheckEirData type=0x08
06-27 16:37:39.931 D/bt_btif ( 2856): in, bd addr:48:b7:94:06:2b:07, prop type:5, len:4
06-27 16:37:39.931 I/bt_btif ( 2856): HAL bt_gatt_callbacks->client->scan_result_cb
06-27 16:37:39.932 D/BluetoothLeScanner( 2500): onScanResult() - ScanResult{mDevice=48:B7:94:06:2B:07, mScanRecord=ScanRecord [mAdvertiseFlags=26, mServiceUuids=null, mManufacturerSpecificData={}, mServiceData={}, mTxPowerLevel=-2147483648, mDeviceName=null], mRssi=-76, mTimestampNanos=3669046469291}
06-27 16:37:40.133 D/QrRecognization( 2879): handleMessage msg=4
06-27 16:37:40.133 D/QrRecognization( 2879): handleMessage msg=1
06-27 16:37:40.133 D/QrRecognization( 2879): start update screenshot
06-27 16:37:40.133 D/QrRecognization( 2879): QR detection is not enabled in tile com.jamdeo.tv.vod
06-27 16:37:40.134 D/QrRecognization( 2879): error in getBitmap from screen
06-27 16:37:40.172 E/til@com ( 2539): Cominit open uart error: No such file or directory
06-27 16:37:40.219 E/HeaderTokenManager( 3339): initHiCloudService: Fetching token is failed.
06-27 16:37:40.274 I/YoukuInitTool(26344): hisense2ThirdBySdk : mBindYoukuNum:0
06-27 16:37:40.275 I/YoukuInitTool(26344): mBindYoukuNum:1
06-27 16:37:40.312 I/TVMW@picture( 1731): Hisense {getMEMCLevelForHAL,1344} eMemcLevel = 2
06-27 16:37:40.313 D/til@system( 2539): get TIL_MEMC_MODE
06-27 16:37:40.313 I/TVMW@picture( 1731): Hisense {getMEMCLevel,1332} source = 13, memcLevel = 2
06-27 16:37:40.319 I/TVMW@pqctrl( 1731): [getHDRType:551] HDR Type = 0
06-27 16:37:40.319 I/TVMW@picture( 1731): Hisense {GetPictureMode,472} Source = 13, pePictureMode = 0
06-27 16:37:40.319 I/TVMW@picture( 1731): Hisense {setMEMCLevelTemp,1304} ePicMode = 0, eAspect = 0, eFRCTypeIndex = 3, memcLevel = 0
06-27 16:37:40.319 I/TVMW@picture( 1731): setMEMCLevelTemp OUT,ret:0
06-27 16:37:40.321 I/MiSysSrv( 1696): [0mNot support now! 42, change to mm_video!!!
06-27 16:37:40.321 I/MiSysSrv( 1696): [HDR][virtual EN_MAPI_HDR_RESULT mapi_video_base::GetHdrAttributes(EN_MAPI_HDR_ATTRIBUTES, EN_MAPI_HDR_TYPE, void*, MAPI_U16) Line 9641] win 0, input 42 not support!
06-27 16:37:40.321 I/MiSysSrv( 1696): [1;31m<<<MI_ATOM_DISPLAY_GetHdrAttributes[7815] Ret=4[0m[1;31m<<<MI_IMPL_DISPLAY_GetWindowAttr[3738] return ERR!
06-27 16:37:40.354 I/YoukuInitTool(26344): mYoukuToken:AwAbAAD/////AAAA|1498552660|15|aWQ6MTA0NTQ0NTY2Myxubjrmtbfkv6HnlKjmiLc4ODA3MzA0MjA0LHZpcDpmYWxzZSx5dGlkOjEwNDU0NDU2NjMsdGlkOjA=|7e006464b7ce5adde8a78fbdcd0575f3|4e741c5f49c3eb9e488433abb3181a3ea999d521--mYoukuUserId=1045445663
06-27 16:37:40.356 I/YoukuInitTool(26344): checkYoukuCookieefreshMsg mYoukuLoginSuccess=truemYoukuRefreshTime=1200
06-27 16:37:40.508 I/bt_hci  ( 2856): BLE HCI(id=62) event = 0x02)
06-27 16:37:40.508 I/bt_hci  ( 2856): btu_ble_process_adv_pkt
06-27 16:37:40.508 D/bt_btm  ( 2856): btm_ble_update_inq_result scan_rsp=false, to_report=false,                              scan_type_active=1
06-27 16:37:40.508 D/bt_btm  ( 2856): BR/EDR NOT SUPPORT bit set, LE only device
06-27 16:37:40.509 I/bt_hci  ( 2856): BLE HCI(id=62) event = 0x02)
06-27 16:37:40.509 I/bt_hci  ( 2856): btu_ble_process_adv_pkt
06-27 16:37:40.509 D/bt_btm  ( 2856): BR/EDR NOT SUPPORT bit set, LE only device
06-27 16:37:40.510 E/bt_btm  ( 2856): [BLE Inquiry Trace]btm_ble_process_adv_pkt_cont: Received BLE Scan Response.
06-27 16:37:40.510 D/bt_btif ( 2856): bta_dm_observe_results_cb
06-27 16:37:40.510 I/bt_btm  ( 2856): BTM_InqDbRead: bd addr [698538082db7]
06-27 16:37:40.510 E/bt_btif ( 2856): [BLE Inquiry Trace]bta_scan_results_cb event=BTA_DM_INQ_RES_EVT
06-27 16:37:40.510 I/bt_btm  ( 2856): BTM_CheckEirData type=0x09
06-27 16:37:40.510 I/bt_btm  ( 2856): BTM_CheckEirData type=0x09
06-27 16:37:40.510 I/bt_btm  ( 2856): BTM_CheckEirData type=0x08
06-27 16:37:40.510 D/bt_btif ( 2856): in, bd addr:69:85:38:08:2d:b7, prop type:5, len:4
06-27 16:37:40.510 I/bt_btif ( 2856): HAL bt_gatt_callbacks->client->scan_result_cb
06-27 16:37:40.511 D/BluetoothLeScanner( 2500): onScanResult() - ScanResult{mDevice=69:85:38:08:2D:B7, mScanRecord=ScanRecord [mAdvertiseFlags=6, mServiceUuids=null, mManufacturerSpecificData={76=[12, 14, 8, -32, -46, 44, 13, -121, -90, 55, 41, 75, -51, 12, 71, 4]}, mServiceData={}, mTxPowerLevel=-2147483648, mDeviceName=null], mRssi=-80, mTimestampNanos=3669624828207}
06-27 16:37:40.624 E/TV_JNI_CONFIG( 2539): til_get_cfg_param returned fail -22!
06-27 16:37:40.624 E/StorageHelper( 2539): NativeConfigStorageHelper load() failed. Native getOption returned :-22
06-27 16:37:40.624 W/ConfigurationService( 2539): errorFlag = null, continue to recycle check
06-27 16:37:40.713 I/TVMW@devctrl( 1731): wdt
06-27 16:37:40.820 I/TVMW@picture( 1731): Hisense {getMEMCLevelForHAL,1344} eMemcLevel = 2
06-27 16:37:40.820 D/til@system( 2539): get TIL_MEMC_MODE
06-27 16:37:40.821 I/TVMW@picture( 1731): Hisense {getMEMCLevel,1332} source = 13, memcLevel = 2
06-27 16:37:40.823 I/TVMW@pqctrl( 1731): [getHDRType:551] HDR Type = 0
06-27 16:37:40.823 I/TVMW@picture( 1731): Hisense {GetPictureMode,472} Source = 13, pePictureMode = 0
06-27 16:37:40.823 I/TVMW@picture( 1731): Hisense {setMEMCLevelTemp,1304} ePicMode = 0, eAspect = 0, eFRCTypeIndex = 3, memcLevel = 0
06-27 16:37:40.823 I/TVMW@picture( 1731): setMEMCLevelTemp OUT,ret:0
06-27 16:37:40.823 I/MiSysSrv( 1696): [0mNot support now! 42, change to mm_video!!!
06-27 16:37:40.823 I/MiSysSrv( 1696): [HDR][virtual EN_MAPI_HDR_RESULT mapi_video_base::GetHdrAttributes(EN_MAPI_HDR_ATTRIBUTES, EN_MAPI_HDR_TYPE, void*, MAPI_U16) Line 9641] win 0, input 42 not support!
06-27 16:37:40.823 I/MiSysSrv( 1696): [1;31m<<<MI_ATOM_DISPLAY_GetHdrAttributes[7815] Ret=4[0m[1;31m<<<MI_IMPL_DISPLAY_GetWindowAttr[3738] return ERR!
06-27 16:37:40.996 I/YoukuInitTool(26344): hisense2ThirdBySdk : mBindYoukuNum:0
06-27 16:37:40.998 I/YoukuInitTool(26344): mBindYoukuNum:1
06-27 16:37:41.086 I/YoukuInitTool(26344): mYoukuToken:AwAbAAD/////AAAA|1498552661|15|aWQ6MTA0NTQ0NTY2Myxubjrmtbfkv6HnlKjmiLc4ODA3MzA0MjA0LHZpcDpmYWxzZSx5dGlkOjEwNDU0NDU2NjMsdGlkOjA=|5e2cf87501e55b1b13ef5a447c60e234|99d503f52ef76e178921a86117c35c6109dc0053--mYoukuUserId=1045445663
06-27 16:37:41.087 I/YoukuInitTool(26344): checkYoukuCookieefreshMsg mYoukuLoginSuccess=truemYoukuRefreshTime=1200
06-27 16:37:41.172 E/til@com ( 2539): Cominit open uart error: No such file or directory
06-27 16:37:41.268 W/UiAutomatorBridge(26317): Could not detect idle state.
06-27 16:37:41.268 W/UiAutomatorBridge(26317): java.util.concurrent.TimeoutException: No idle state with idle timeout: 500 within global timeout: 10000
06-27 16:37:41.268 W/UiAutomatorBridge(26317): 	at android.app.UiAutomation.waitForIdle(UiAutomation.java:591)
06-27 16:37:41.268 W/UiAutomatorBridge(26317): 	at com.android.uiautomator.core.UiAutomatorBridge.waitForIdle(UiAutomatorBridge.java:96)
06-27 16:37:41.268 W/UiAutomatorBridge(26317): 	at com.android.uiautomator.core.UiAutomatorBridge.waitForIdle(UiAutomatorBridge.java:91)
06-27 16:37:41.268 W/UiAutomatorBridge(26317): 	at com.android.uiautomator.core.QueryController.findAccessibilityNodeInfo(QueryController.java:143)
06-27 16:37:41.268 W/UiAutomatorBridge(26317): 	at com.android.uiautomator.core.QueryController.findAccessibilityNodeInfo(QueryController.java:138)
06-27 16:37:41.268 W/UiAutomatorBridge(26317): 	at com.android.uiautomator.core.UiObject.findAccessibilityNodeInfo(UiObject.java:168)
06-27 16:37:41.268 W/UiAutomatorBridge(26317): 	at com.android.uiautomator.core.UiObject.waitForExists(UiObject.java:852)
06-27 16:37:41.268 W/UiAutomatorBridge(26317): 	at com.android.uiautomator.core.UiObject.exists(UiObject.java:903)
06-27 16:37:41.268 W/UiAutomatorBridge(26317): 	at com.android.uiautomator.common.UiWatchers$4.checkForCondition(UiWatchers.java:107)
06-27 16:37:41.268 W/UiAutomatorBridge(26317): 	at com.android.uiautomator.core.UiDevice.runWatchers(UiDevice.java:557)
06-27 16:37:41.268 W/UiAutomatorBridge(26317): 	at com.android.uiautomator.core.UiObject.findAccessibilityNodeInfo(UiObject.java:173)
06-27 16:37:41.268 W/UiAutomatorBridge(26317): 	at com.android.uiautomator.core.UiObject.waitForExists(UiObject.java:852)
06-27 16:37:41.268 W/UiAutomatorBridge(26317): 	at com.android.uiautomator.core.UiObject.exists(UiObject.java:903)
06-27 16:37:41.268 W/UiAutomatorBridge(26317): 	at io.appium.android.bootstrap.utils.TheWatchers.isDialogPresent(TheWatchers.java:51)
06-27 16:37:41.268 W/UiAutomatorBridge(26317): 	at io.appium.android.bootstrap.utils.TheWatchers.check(TheWatchers.java:36)
06-27 16:37:41.268 W/UiAutomatorBridge(26317): 	at io.appium.android.bootstrap.SocketServer$1.run(SocketServer.java:140)
06-27 16:37:41.268 W/UiAutomatorBridge(26317): 	at java.util.Timer$TimerImpl.run(Timer.java:284)
06-27 16:37:41.325 I/TVMW@picture( 1731): Hisense {getMEMCLevelForHAL,1344} eMemcLevel = 2
06-27 16:37:41.326 D/til@system( 2539): get TIL_MEMC_MODE
06-27 16:37:41.327 I/TVMW@picture( 1731): Hisense {getMEMCLevel,1332} source = 13, memcLevel = 2
06-27 16:37:41.329 I/TVMW@pqctrl( 1731): [getHDRType:551] HDR Type = 0
06-27 16:37:41.329 I/TVMW@picture( 1731): Hisense {GetPictureMode,472} Source = 13, pePictureMode = 0
06-27 16:37:41.330 I/TVMW@picture( 1731): Hisense {setMEMCLevelTemp,1304} ePicMode = 0, eAspect = 0, eFRCTypeIndex = 3, memcLevel = 0
06-27 16:37:41.330 I/TVMW@picture( 1731): setMEMCLevelTemp OUT,ret:0
06-27 16:37:41.330 I/MiSysSrv( 1696): [0mNot support now! 42, change to mm_video!!!
06-27 16:37:41.330 I/MiSysSrv( 1696): [HDR][virtual EN_MAPI_HDR_RESULT mapi_video_base::GetHdrAttributes(EN_MAPI_HDR_ATTRIBUTES, EN_MAPI_HDR_TYPE, void*, MAPI_U16) Line 9641] win 0, input 42 not support!
06-27 16:37:41.330 I/MiSysSrv( 1696): [1;31m<<<MI_ATOM_DISPLAY_GetHdrAttributes[7815] Ret=4[0m[1;31m<<<MI_IMPL_DISPLAY_GetWindowAttr[3738] return ERR!
06-27 16:37:41.361 I/bt_hci  ( 2856): BLE HCI(id=62) event = 0x02)
06-27 16:37:41.361 I/bt_hci  ( 2856): btu_ble_process_adv_pkt
06-27 16:37:41.361 D/bt_btm  ( 2856): Random address, treating device as LE only
06-27 16:37:41.361 E/bt_btm  ( 2856): [BLE Inquiry Trace]btm_ble_process_adv_pkt_cont: Received BLE Scan Response.
06-27 16:37:41.361 D/bt_btif ( 2856): bta_dm_observe_results_cb
06-27 16:37:41.361 I/bt_btm  ( 2856): BTM_InqDbRead: bd addr [7fa92e17a03c]
06-27 16:37:41.361 E/bt_btif ( 2856): [BLE Inquiry Trace]bta_scan_results_cb event=BTA_DM_INQ_RES_EVT
06-27 16:37:41.361 I/bt_btm  ( 2856): BTM_CheckEirData type=0x09
06-27 16:37:41.361 I/bt_btm  ( 2856): BTM_CheckEirData type=0x09
06-27 16:37:41.361 I/bt_btm  ( 2856): BTM_CheckEirData type=0x08
06-27 16:37:41.361 D/bt_btif ( 2856): in, bd addr:7f:a9:2e:17:a0:3c, prop type:5, len:4
06-27 16:37:41.361 I/bt_btif ( 2856): HAL bt_gatt_callbacks->client->scan_result_cb
06-27 16:37:41.362 D/BluetoothLeScanner( 2500): onScanResult() - ScanResult{mDevice=7F:A9:2E:17:A0:3C, mScanRecord=ScanRecord [mAdvertiseFlags=-1, mServiceUuids=null, mManufacturerSpecificData={76=[7, 25, 1, 2, 32, 2, -8, 15, 0, 0, 0, 117, -55, -117, -56, 31, -28, -24, 71, -70, -10, 11, 102, -128, 44, 95, -109]}, mServiceData={}, mTxPowerLevel=-2147483648, mDeviceName=null], mRssi=-83, mTimestampNanos=3670476138290}
06-27 16:37:41.434 D/MyLocalStartService( 4229): currentName is :com.jamdeo.tv.vod
06-27 16:37:41.556 I/YoukuInitTool(26344): hisense2ThirdBySdk : mBindYoukuNum:0
06-27 16:37:41.557 I/YoukuInitTool(26344): mBindYoukuNum:1
06-27 16:37:41.613 I/TVMW@devctrl( 1731): wdt
06-27 16:37:41.658 I/YoukuInitTool(26344): mYoukuToken:AwAbAAD/////AAAA|1498552661|15|aWQ6MTA0NTQ0NTY2Myxubjrmtbfkv6HnlKjmiLc4ODA3MzA0MjA0LHZpcDpmYWxzZSx5dGlkOjEwNDU0NDU2NjMsdGlkOjA=|5e2cf87501e55b1b13ef5a447c60e234|99d503f52ef76e178921a86117c35c6109dc0053--mYoukuUserId=1045445663
06-27 16:37:41.659 I/YoukuInitTool(26344): checkYoukuCookieefreshMsg mYoukuLoginSuccess=truemYoukuRefreshTime=1200
06-27 16:37:41.831 I/TVMW@picture( 1731): Hisense {getMEMCLevelForHAL,1344} eMemcLevel = 2
06-27 16:37:41.832 D/til@system( 2539): get TIL_MEMC_MODE
06-27 16:37:41.832 I/TVMW@picture( 1731): Hisense {getMEMCLevel,1332} source = 13, memcLevel = 2
06-27 16:37:41.835 I/MiSysSrv( 1696): [0mNot support now! 42, change to mm_video!!!
06-27 16:37:41.835 I/MiSysSrv( 1696): [HDR][virtual EN_MAPI_HDR_RESULT mapi_video_base::GetHdrAttributes(EN_MAPI_HDR_ATTRIBUTES, EN_MAPI_HDR_TYPE, void*, MAPI_U16) Line 9641] win 0, input 42 not support!
06-27 16:37:41.835 I/MiSysSrv( 1696): [1;31m<<<MI_ATOM_DISPLAY_GetHdrAttributes[7815] Ret=4[0m[1;31m<<<MI_IMPL_DISPLAY_GetWindowAttr[3738] return ERR!
06-27 16:37:41.835 I/TVMW@pqctrl( 1731): [getHDRType:551] HDR Type = 0
06-27 16:37:41.835 I/TVMW@picture( 1731): Hisense {GetPictureMode,472} Source = 13, pePictureMode = 0
06-27 16:37:41.835 I/TVMW@picture( 1731): Hisense {setMEMCLevelTemp,1304} ePicMode = 0, eAspect = 0, eFRCTypeIndex = 3, memcLevel = 0
06-27 16:37:41.835 I/TVMW@picture( 1731): setMEMCLevelTemp OUT,ret:0
06-27 16:37:41.923 I/bt_hci  ( 2856): BLE HCI(id=62) event = 0x02)
06-27 16:37:41.923 I/bt_hci  ( 2856): btu_ble_process_adv_pkt
06-27 16:37:41.923 D/bt_btm  ( 2856): btm_ble_update_inq_result scan_rsp=false, to_report=false,                              scan_type_active=1
06-27 16:37:41.923 D/bt_btm  ( 2856): BR/EDR NOT SUPPORT bit set, LE only device
06-27 16:37:41.924 I/bt_hci  ( 2856): BLE HCI(id=62) event = 0x02)
06-27 16:37:41.924 I/bt_hci  ( 2856): btu_ble_process_adv_pkt
06-27 16:37:41.924 D/bt_btm  ( 2856): BR/EDR NOT SUPPORT bit set, LE only device
06-27 16:37:41.924 E/bt_btm  ( 2856): [BLE Inquiry Trace]btm_ble_process_adv_pkt_cont: Received BLE Scan Response.
06-27 16:37:41.924 D/bt_btif ( 2856): bta_dm_observe_results_cb
06-27 16:37:41.924 I/bt_btm  ( 2856): BTM_InqDbRead: bd addr [66cc1e0ff30d]
06-27 16:37:41.924 E/bt_btif ( 2856): [BLE Inquiry Trace]bta_scan_results_cb event=BTA_DM_INQ_RES_EVT
06-27 16:37:41.924 I/bt_btm  ( 2856): BTM_CheckEirData type=0x09
06-27 16:37:41.924 I/bt_btm  ( 2856): BTM_CheckEirData type=0x09
06-27 16:37:41.924 I/bt_btm  ( 2856): BTM_CheckEirData type=0x08
06-27 16:37:41.924 D/bt_btif ( 2856): in, bd addr:66:cc:1e:0f:f3:0d, prop type:5, len:4
06-27 16:37:41.924 I/bt_btif ( 2856): HAL bt_gatt_callbacks->client->scan_result_cb
06-27 16:37:41.925 D/BluetoothLeScanner( 2500): onScanResult() - ScanResult{mDevice=66:CC:1E:0F:F3:0D, mScanRecord=ScanRecord [mAdvertiseFlags=6, mServiceUuids=null, mManufacturerSpecificData={76=[16, 2, 11, 0]}, mServiceData={}, mTxPowerLevel=-2147483648, mDeviceName=null], mRssi=-80, mTimestampNanos=3671039050957}
06-27 16:37:42.109 I/bt_hci  ( 2856): BLE HCI(id=62) event = 0x02)
06-27 16:37:42.109 I/bt_hci  ( 2856): btu_ble_process_adv_pkt
06-27 16:37:42.109 D/bt_btm  ( 2856): btm_ble_update_inq_result scan_rsp=false, to_report=false,                              scan_type_active=1
06-27 16:37:42.109 D/bt_btm  ( 2856): BR/EDR NOT SUPPORT bit set, LE only device
06-27 16:37:42.111 I/bt_hci  ( 2856): BLE HCI(id=62) event = 0x02)
06-27 16:37:42.111 I/bt_hci  ( 2856): btu_ble_process_adv_pkt
06-27 16:37:42.111 D/bt_btm  ( 2856): BR/EDR NOT SUPPORT bit set, LE only device
06-27 16:37:42.111 E/bt_btm  ( 2856): [BLE Inquiry Trace]btm_ble_process_adv_pkt_cont: Received BLE Scan Response.
06-27 16:37:42.111 D/bt_btif ( 2856): bta_dm_observe_results_cb
06-27 16:37:42.111 I/bt_btm  ( 2856): BTM_InqDbRead: bd addr [66cc1e0ff30d]
06-27 16:37:42.111 E/bt_btif ( 2856): [BLE Inquiry Trace]bta_scan_results_cb event=BTA_DM_INQ_RES_EVT
06-27 16:37:42.111 I/bt_btm  ( 2856): BTM_CheckEirData type=0x09
06-27 16:37:42.111 I/bt_btm  ( 2856): BTM_CheckEirData type=0x09
06-27 16:37:42.111 I/bt_btm  ( 2856): BTM_CheckEirData type=0x08
06-27 16:37:42.111 D/bt_btif ( 2856): in, bd addr:66:cc:1e:0f:f3:0d, prop type:5, len:4
06-27 16:37:42.111 I/bt_btif ( 2856): HAL bt_gatt_callbacks->client->scan_result_cb
06-27 16:37:42.112 D/BluetoothLeScanner( 2500): onScanResult() - ScanResult{mDevice=66:CC:1E:0F:F3:0D, mScanRecord=ScanRecord [mAdvertiseFlags=6, mServiceUuids=null, mManufacturerSpecificData={76=[16, 2, 11, 0]}, mServiceData={}, mTxPowerLevel=-2147483648, mDeviceName=null], mRssi=-71, mTimestampNanos=3671226171623}
06-27 16:37:42.168 D/DtvSourcePlugin-DTMB( 3472): Setting the EPG Updater state to: WAIT
06-27 16:37:42.172 E/til@com ( 2539): Cominit open uart error: No such file or directory
06-27 16:37:42.287 I/YoukuInitTool(26344): hisense2ThirdBySdk : mBindYoukuNum:0
06-27 16:37:42.289 I/YoukuInitTool(26344): mBindYoukuNum:1
06-27 16:37:42.338 I/TVMW@picture( 1731): Hisense {getMEMCLevelForHAL,1344} eMemcLevel = 2
06-27 16:37:42.338 D/til@system( 2539): get TIL_MEMC_MODE
06-27 16:37:42.338 I/TVMW@picture( 1731): Hisense {getMEMCLevel,1332} source = 13, memcLevel = 2
06-27 16:37:42.341 I/TVMW@pqctrl( 1731): [getHDRType:551] HDR Type = 0
06-27 16:37:42.341 I/TVMW@picture( 1731): Hisense {GetPictureMode,472} Source = 13, pePictureMode = 0
06-27 16:37:42.341 I/TVMW@picture( 1731): Hisense {setMEMCLevelTemp,1304} ePicMode = 0, eAspect = 0, eFRCTypeIndex = 3, memcLevel = 0
06-27 16:37:42.341 I/TVMW@picture( 1731): setMEMCLevelTemp OUT,ret:0
06-27 16:37:42.342 I/MiSysSrv( 1696): [0mNot support now! 42, change to mm_video!!!
06-27 16:37:42.342 I/MiSysSrv( 1696): [HDR][virtual EN_MAPI_HDR_RESULT mapi_video_base::GetHdrAttributes(EN_MAPI_HDR_ATTRIBUTES, EN_MAPI_HDR_TYPE, void*, MAPI_U16) Line 9641] win 0, input 42 not support!
06-27 16:37:42.342 I/MiSysSrv( 1696): [1;31m<<<MI_ATOM_DISPLAY_GetHdrAttributes[7815] Ret=4[0m[1;31m<<<MI_IMPL_DISPLAY_GetWindowAttr[3738] return ERR!
06-27 16:37:42.368 I/YoukuInitTool(26344): mYoukuToken:AwAbAAD/////AAAA|1498552662|15|aWQ6MTA0NTQ0NTY2Myxubjrmtbfkv6HnlKjmiLc4ODA3MzA0MjA0LHZpcDpmYWxzZSx5dGlkOjEwNDU0NDU2NjMsdGlkOjA=|4ed309e5f5c13ffe7f90888ca6bd6d9b|add73a68e4e26e90337be11e8cc2b9a5ebaa9fb5--mYoukuUserId=1045445663
06-27 16:37:42.369 I/YoukuInitTool(26344): checkYoukuCookieefreshMsg mYoukuLoginSuccess=truemYoukuRefreshTime=1200
06-27 16:37:42.514 I/TVMW@devctrl( 1731): wdt
06-27 16:37:42.625 E/TV_JNI_CONFIG( 2539): til_get_cfg_param returned fail -22!
06-27 16:37:42.625 E/StorageHelper( 2539): NativeConfigStorageHelper load() failed. Native getOption returned :-22
06-27 16:37:42.625 W/ConfigurationService( 2539): errorFlag = null, continue to recycle check
06-27 16:37:42.843 I/TVMW@picture( 1731): Hisense {getMEMCLevelForHAL,1344} eMemcLevel = 2
06-27 16:37:42.844 D/til@system( 2539): get TIL_MEMC_MODE
06-27 16:37:42.844 I/TVMW@picture( 1731): Hisense {getMEMCLevel,1332} source = 13, memcLevel = 2
06-27 16:37:42.847 I/TVMW@pqctrl( 1731): [getHDRType:551] HDR Type = 0
06-27 16:37:42.847 I/TVMW@picture( 1731): Hisense {GetPictureMode,472} Source = 13, pePictureMode = 0
06-27 16:37:42.847 I/TVMW@picture( 1731): Hisense {setMEMCLevelTemp,1304} ePicMode = 0, eAspect = 0, eFRCTypeIndex = 3, memcLevel = 0
06-27 16:37:42.847 I/TVMW@picture( 1731): setMEMCLevelTemp OUT,ret:0
06-27 16:37:42.847 I/MiSysSrv( 1696): [0mNot support now! 42, change to mm_video!!!
06-27 16:37:42.847 I/MiSysSrv( 1696): [HDR][virtual EN_MAPI_HDR_RESULT mapi_video_base::GetHdrAttributes(EN_MAPI_HDR_ATTRIBUTES, EN_MAPI_HDR_TYPE, void*, MAPI_U16) Line 9641] win 0, input 42 not support!
06-27 16:37:42.847 I/MiSysSrv( 1696): [1;31m<<<MI_ATOM_DISPLAY_GetHdrAttributes[7815] Ret=4[0m[1;31m<<<MI_IMPL_DISPLAY_GetWindowAttr[3738] return ERR!
06-27 16:37:42.856 I/HLSP2P  ( 2838): ## 2017-06-27 16:37:42.854 [2838,3745,:0] INFO ## [HLSP2P][DownloadManager.cpp:35][INFO][TryExtendCacheSize]system memory total size : 3581M, free size : 1980M, cache add to 100MB
06-27 16:37:42.858 I/YoukuInitTool(26344): hisense2ThirdBySdk : mBindYoukuNum:0
06-27 16:37:42.859 I/YoukuInitTool(26344): mBindYoukuNum:1
06-27 16:37:42.957 I/YoukuInitTool(26344): mYoukuToken:AwAbAAD/////AAAA|1498552662|15|aWQ6MTA0NTQ0NTY2Myxubjrmtbfkv6HnlKjmiLc4ODA3MzA0MjA0LHZpcDpmYWxzZSx5dGlkOjEwNDU0NDU2NjMsdGlkOjA=|4ed309e5f5c13ffe7f90888ca6bd6d9b|add73a68e4e26e90337be11e8cc2b9a5ebaa9fb5--mYoukuUserId=1045445663
06-27 16:37:42.959 I/YoukuInitTool(26344): checkYoukuCookieefreshMsg mYoukuLoginSuccess=truemYoukuRefreshTime=1200
06-27 16:37:43.052 I/bt_hci  ( 2856): BLE HCI(id=62) event = 0x02)
06-27 16:37:43.052 I/bt_hci  ( 2856): btu_ble_process_adv_pkt
06-27 16:37:43.052 D/bt_btm  ( 2856): btm_ble_update_inq_result scan_rsp=false, to_report=false,                              scan_type_active=1
06-27 16:37:43.052 D/bt_btm  ( 2856): BR/EDR NOT SUPPORT bit set, LE only device
06-27 16:37:43.173 E/til@com ( 2539): Cominit open uart error: No such file or directory
06-27 16:37:43.204 I/1010    (26344): get in transf
06-27 16:37:43.205 D/UTMini  (26344): d:::[get] maxCount:350
06-27 16:37:43.208 D/UTMini  (26344): usertrack:::[calStreamNames]eventId:19999 lStreamNames:[stm_d]
06-27 16:37:43.211 D/UTMini  (26344): usertrack:::[calStreamNames]eventId:19999 lStreamNames:[stm_d]
06-27 16:37:43.213 D/UTMini  (26344): usertrack:::[calStreamNames]eventId:2001 lStreamNames:[stm_p]
06-27 16:37:43.217 I/UTMini  (26344): post content:::WVIZN7pUJVBgDx0oCEq85Q==||WVIZN7siuMcYAHzCEGT9YQ==||Hisense||VIDAA_TV||1920*1080||Unknown||Unknown||Unknown||3bc88b3d7a9d5cbe||wdm_13666102||3.2.21.4.20||-||-||-||-||Unknown||a||6.0||5.0.0.427732||1498552632617||WUjaRFUnE0gDAGbAvEclVq9x||mini||-||387_3||-||-||_tkid=wasu,_mac=02:00:00:00:00:00,_abi=arm64-v8a,_umid=utdid||1498552641532||MasterView||19999||wasu_load||-||132||device=MSD6A938,meta=tvid%03sv_enum%04030297032A8A6480CC826%02userkey%03sv_enum%04,osVersion=23,tvid=030297032A8A6480CC826,manufacturer=Hisense,success=1,chip=maserati,osName=android
06-27 16:37:43.218 I/UTMini  (26344): post content:::WVIZN7pUJVBgDx0oCEq85Q==||WVIZN7siuMcYAHzCEGT9YQ==||Hisense||VIDAA_TV||1920*1080||Unknown||Unknown||Unknown||3bc88b3d7a9d5cbe||wdm_13666102||3.2.21.4.20||-||-||-||-||Unknown||a||6.0||5.0.0.427732||1498552632617||WUjaRFUnE0gDAGbAvEclVq9x||mini||-||387_2||-||-||_tkid=wasu,_mac=02:00:00:00:00:00,_abi=arm64-v8a,_umid=utdid||1498552641397||MasterView||19999||wasu_regist||-||3186||device=MSD6A938,meta=tvid%03sv_enum%04030297032A8A6480CC826%02userkey%03sv_enum%04,osVersion=23,tvid=030297032A8A6480CC826,manufacturer=Hisense,success=1,chip=maserati,osName=android
06-27 16:37:43.219 I/UTMini  (26344): post content:::WVIZN7pUJVBgDx0oCEq85Q==||WVIZN7siuMcYAHzCEGT9YQ==||Hisense||VIDAA_TV||1920*1080||Unknown||Unknown||Unknown||3bc88b3d7a9d5cbe||wdm_13666102||3.2.21.4.20||-||-||-||-||Unknown||a||6.0||5.0.0.427732||1498552632617||WUjaRFUnE0gDAGbAvEclVq9x||mini||-||387_1||-||-||_mac=02:00:00:00:00:00,_abi=arm64-v8a,_umid=utdid||1498552638408||VodLoading||2001||-||-||5186||-
06-27 16:37:43.221 D/UTMini  (26344): TransferDataBuilder:::averagePackageSize:345.5
06-27 16:37:43.239 V/EventHub( 2310): wake() called
06-27 16:37:43.239 V/EventHub( 2310): awoken after wake()
06-27 16:37:43.258 E/HeaderTokenManager( 3339): initHiCloudService: Fetching token is failed.
06-27 16:37:43.298 I/UTMini  (26344): request:::http://adash.m.taobao.com/rest/sur?ak=wdm_13666102&av=3.2.21.4.20&c=3bc88b3d7a9d5cbe&v=3.0&s=9f253dd3eb8fd0872ba2a17815e54331&d=WUjaRFUnE0gDAGbAvEclVq9x&sv=5.0.0&p=a&t=1498552663223&u=&is=0
06-27 16:37:43.298 I/UTMini  (26344): result:::{"t":1498552663135,"ret":"","success":"success"}
06-27 16:37:43.307 D/UTMini  (26344): d:::[delete] logs.size():3
06-27 16:37:43.318 D/UTMini  (26344): UTSqliteLogStore:::delete 3 isSuccess:true
06-27 16:37:43.318 I/UTMini  (26344): UploadTask:::winsize:350
06-27 16:37:43.330 I/1010    (26344): get in transf
06-27 16:37:43.330 D/UTMini  (26344): d:::[get] maxCount:350
06-27 16:37:43.348 I/TVMW@picture( 1731): Hisense {getMEMCLevelForHAL,1344} eMemcLevel = 2
06-27 16:37:43.350 D/til@system( 2539): get TIL_MEMC_MODE
06-27 16:37:43.350 I/TVMW@picture( 1731): Hisense {getMEMCLevel,1332} source = 13, memcLevel = 2
06-27 16:37:43.353 I/TVMW@pqctrl( 1731): [getHDRType:551] HDR Type = 0
06-27 16:37:43.353 I/TVMW@picture( 1731): Hisense {GetPictureMode,472} Source = 13, pePictureMode = 0
06-27 16:37:43.353 I/TVMW@picture( 1731): Hisense {setMEMCLevelTemp,1304} ePicMode = 0, eAspect = 0, eFRCTypeIndex = 3, memcLevel = 0
06-27 16:37:43.353 I/TVMW@picture( 1731): setMEMCLevelTemp OUT,ret:0
06-27 16:37:43.353 I/MiSysSrv( 1696): [0mNot support now! 42, change to mm_video!!!
06-27 16:37:43.353 I/MiSysSrv( 1696): [HDR][virtual EN_MAPI_HDR_RESULT mapi_video_base::GetHdrAttributes(EN_MAPI_HDR_ATTRIBUTES, EN_MAPI_HDR_TYPE, void*, MAPI_U16) Line 9641] win 0, input 42 not support!
06-27 16:37:43.353 I/MiSysSrv( 1696): [1;31m<<<MI_ATOM_DISPLAY_GetHdrAttributes[7815] Ret=4[0m[1;31m<<<MI_IMPL_DISPLAY_GetWindowAttr[3738] return ERR!
06-27 16:37:43.414 I/TVMW@devctrl( 1731): wdt
06-27 16:37:43.570 I/YoukuInitTool(26344): hisense2ThirdBySdk : mBindYoukuNum:0
06-27 16:37:43.571 I/YoukuInitTool(26344): mBindYoukuNum:1
06-27 16:37:43.619 I/HLSP2P  (26344): ## 2017-06-27 16:37:43.618 [26344,26930,:0] INFO ## [HLSP2P][TaskManager.cpp:855][INFO][UpdateGlobalInfo]totalDataSize: 0, totalMemorySize: 0, totalCacheSize: 0, curUploadSpeedKB: 0
06-27 16:37:43.619 I/HLSP2P  (26344): ## 2017-06-27 16:37:43.619 [26344,26930,:0] INFO ## [HLSP2P][TaskManager.cpp:1325][INFO][TryAdjustMemorySize]system memory total size: 3581M, free size: 1980MB, cache add to 30MB, AppState: 14
06-27 16:37:43.666 I/YoukuInitTool(26344): mYoukuToken:AwAbAAD/////AAAA|1498552663|15|aWQ6MTA0NTQ0NTY2Myxubjrmtbfkv6HnlKjmiLc4ODA3MzA0MjA0LHZpcDpmYWxzZSx5dGlkOjEwNDU0NDU2NjMsdGlkOjA=|6e91a00708f78cc75fb345cff1c227a1|2ef49860b8b5c861cf4ad28ac0932bbbdec4d962--mYoukuUserId=1045445663
06-27 16:37:43.677 I/YoukuInitTool(26344): checkYoukuCookieefreshMsg mYoukuLoginSuccess=truemYoukuRefreshTime=1200
06-27 16:37:43.855 I/TVMW@picture( 1731): Hisense {getMEMCLevelForHAL,1344} eMemcLevel = 2
06-27 16:37:43.856 D/til@system( 2539): get TIL_MEMC_MODE
06-27 16:37:43.856 I/TVMW@picture( 1731): Hisense {getMEMCLevel,1332} source = 13, memcLevel = 2
06-27 16:37:43.858 I/TVMW@pqctrl( 1731): [getHDRType:551] HDR Type = 0
06-27 16:37:43.858 I/TVMW@picture( 1731): Hisense {GetPictureMode,472} Source = 13, pePictureMode = 0
06-27 16:37:43.858 I/MiSysSrv( 1696): [0mNot support now! 42, change to mm_video!!!
06-27 16:37:43.858 I/MiSysSrv( 1696): [HDR][virtual EN_MAPI_HDR_RESULT mapi_video_base::GetHdrAttributes(EN_MAPI_HDR_ATTRIBUTES, EN_MAPI_HDR_TYPE, void*, MAPI_U16) Line 9641] win 0, input 42 not support!
06-27 16:37:43.858 I/MiSysSrv( 1696): [1;31m<<<MI_ATOM_DISPLAY_GetHdrAttributes[7815] Ret=4[0m[1;31m<<<MI_IMPL_DISPLAY_GetWindowAttr[3738] return ERR!
06-27 16:37:43.858 I/TVMW@picture( 1731): Hisense {setMEMCLevelTemp,1304} ePicMode = 0, eAspect = 0, eFRCTypeIndex = 3, memcLevel = 0
06-27 16:37:43.858 I/TVMW@picture( 1731): setMEMCLevelTemp OUT,ret:0
06-27 16:37:44.159 I/YoukuInitTool(26344): hisense2ThirdBySdk : mBindYoukuNum:0
06-27 16:37:44.161 I/YoukuInitTool(26344): mBindYoukuNum:1
06-27 16:37:44.173 E/til@com ( 2539): Cominit open uart error: No such file or directory
06-27 16:37:44.245 I/YoukuInitTool(26344): mYoukuToken:AwAbAAD/////AAAA|1498552664|15|aWQ6MTA0NTQ0NTY2Myxubjrmtbfkv6HnlKjmiLc4ODA3MzA0MjA0LHZpcDpmYWxzZSx5dGlkOjEwNDU0NDU2NjMsdGlkOjA=|fff536f7446ac9f25903c2c0033b3961|47c27775fa69c1221f2537f7e7ec336a9031e4b0--mYoukuUserId=1045445663
06-27 16:37:44.245 I/YoukuInitTool(26344): checkYoukuCookieefreshMsg mYoukuLoginSuccess=truemYoukuRefreshTime=1200
06-27 16:37:44.318 I/TVMW@devctrl( 1731): wdt
06-27 16:37:44.360 I/TVMW@picture( 1731): Hisense {getMEMCLevelForHAL,1344} eMemcLevel = 2
06-27 16:37:44.360 D/til@system( 2539): get TIL_MEMC_MODE
06-27 16:37:44.361 I/TVMW@picture( 1731): Hisense {getMEMCLevel,1332} source = 13, memcLevel = 2
06-27 16:37:44.363 I/TVMW@pqctrl( 1731): [getHDRType:551] HDR Type = 0
06-27 16:37:44.363 I/TVMW@picture( 1731): Hisense {GetPictureMode,472} Source = 13, pePictureMode = 0
06-27 16:37:44.363 I/TVMW@picture( 1731): Hisense {setMEMCLevelTemp,1304} ePicMode = 0, eAspect = 0, eFRCTypeIndex = 3, memcLevel = 0
06-27 16:37:44.363 I/TVMW@picture( 1731): setMEMCLevelTemp OUT,ret:0
06-27 16:37:44.365 I/MiSysSrv( 1696): [0mNot support now! 42, change to mm_video!!!
06-27 16:37:44.365 I/MiSysSrv( 1696): [HDR][virtual EN_MAPI_HDR_RESULT mapi_video_base::GetHdrAttributes(EN_MAPI_HDR_ATTRIBUTES, EN_MAPI_HDR_TYPE, void*, MAPI_U16) Line 9641] win 0, input 42 not support!
06-27 16:37:44.365 I/MiSysSrv( 1696): [1;31m<<<MI_ATOM_DISPLAY_GetHdrAttributes[7815] Ret=4[0m[1;31m<<<MI_IMPL_DISPLAY_GetWindowAttr[3738] return ERR!
06-27 16:37:44.400 D/MC_MEMORY( 3088): max: 256.261888 Mb, heap: 4.4848 Mb, allocated: 3.3720 Mb, free: 1.1128 Mb, native heap: 6.6810 Mb, native allocated: 6.6789 Mb, native free: 0.20 Mb
06-27 16:37:44.572 I/bt_hci  ( 2856): BLE HCI(id=62) event = 0x02)
06-27 16:37:44.572 I/bt_hci  ( 2856): btu_ble_process_adv_pkt
06-27 16:37:44.572 D/bt_btm  ( 2856): btm_ble_update_inq_result scan_rsp=false, to_report=false,                              scan_type_active=1
06-27 16:37:44.572 D/bt_btm  ( 2856): BR/EDR NOT SUPPORT bit set, LE only device
06-27 16:37:44.572 I/bt_hci  ( 2856): BLE HCI(id=62) event = 0x02)
06-27 16:37:44.572 I/bt_hci  ( 2856): btu_ble_process_adv_pkt
06-27 16:37:44.572 D/bt_btm  ( 2856): BR/EDR NOT SUPPORT bit set, LE only device
06-27 16:37:44.572 E/bt_btm  ( 2856): [BLE Inquiry Trace]btm_ble_process_adv_pkt_cont: Received BLE Scan Response.
06-27 16:37:44.573 D/bt_btif ( 2856): bta_dm_observe_results_cb
06-27 16:37:44.573 I/bt_btm  ( 2856): BTM_InqDbRead: bd addr [7f784d909e4d]
06-27 16:37:44.573 E/bt_btif ( 2856): [BLE Inquiry Trace]bta_scan_results_cb event=BTA_DM_INQ_RES_EVT
06-27 16:37:44.573 I/bt_btm  ( 2856): BTM_CheckEirData type=0x09
06-27 16:37:44.573 I/bt_btm  ( 2856): BTM_CheckEirData type=0x09
06-27 16:37:44.573 I/bt_btm  ( 2856): BTM_CheckEirData type=0x08
06-27 16:37:44.573 D/bt_btif ( 2856): in, bd addr:7f:78:4d:90:9e:4d, prop type:5, len:4
06-27 16:37:44.573 I/bt_btif ( 2856): HAL bt_gatt_callbacks->client->scan_result_cb
06-27 16:37:44.575 D/BluetoothLeScanner( 2500): onScanResult() - ScanResult{mDevice=7F:78:4D:90:9E:4D, mScanRecord=ScanRecord [mAdvertiseFlags=6, mServiceUuids=null, mManufacturerSpecificData={76=[12, 14, 0, -106, 108, 18, 13, 69, 15, -103, -101, -3, -70, 124, 61, -116]}, mServiceData={}, mTxPowerLevel=-2147483648, mDeviceName=null], mRssi=-80, mTimestampNanos=3673687781539}
06-27 16:37:44.628 E/TV_JNI_CONFIG( 2539): til_get_cfg_param returned fail -22!
06-27 16:37:44.628 E/StorageHelper( 2539): NativeConfigStorageHelper load() failed. Native getOption returned :-22
06-27 16:37:44.628 W/ConfigurationService( 2539): errorFlag = null, continue to recycle check
06-27 16:37:44.867 I/TVMW@picture( 1731): Hisense {getMEMCLevelForHAL,1344} eMemcLevel = 2
06-27 16:37:44.868 D/til@system( 2539): get TIL_MEMC_MODE
06-27 16:37:44.868 I/TVMW@picture( 1731): Hisense {getMEMCLevel,1332} source = 13, memcLevel = 2
06-27 16:37:44.870 I/MiSysSrv( 1696): [0mNot support now! 42, change to mm_video!!!
06-27 16:37:44.870 I/MiSysSrv( 1696): [HDR][virtual EN_MAPI_HDR_RESULT mapi_video_base::GetHdrAttributes(EN_MAPI_HDR_ATTRIBUTES, EN_MAPI_HDR_TYPE, void*, MAPI_U16) Line 9641] win 0, input 42 not support!
06-27 16:37:44.870 I/MiSysSrv( 1696): [1;31m<<<MI_ATOM_DISPLAY_GetHdrAttributes[7815] Ret=4[0m[1;31m<<<MI_IMPL_DISPLAY_GetWindowAttr[3738] return ERR!
06-27 16:37:44.871 I/TVMW@pqctrl( 1731): [getHDRType:551] HDR Type = 0
06-27 16:37:44.871 I/TVMW@picture( 1731): Hisense {GetPictureMode,472} Source = 13, pePictureMode = 0
06-27 16:37:44.871 I/TVMW@picture( 1731): Hisense {setMEMCLevelTemp,1304} ePicMode = 0, eAspect = 0, eFRCTypeIndex = 3, memcLevel = 0
06-27 16:37:44.871 I/TVMW@picture( 1731): setMEMCLevelTemp OUT,ret:0
06-27 16:37:44.881 I/YoukuInitTool(26344): hisense2ThirdBySdk : mBindYoukuNum:0
06-27 16:37:44.886 I/YoukuInitTool(26344): mBindYoukuNum:1
06-27 16:37:44.972 I/YoukuInitTool(26344): mYoukuToken:AwAbAAD/////AAAA|1498552664|15|aWQ6MTA0NTQ0NTY2Myxubjrmtbfkv6HnlKjmiLc4ODA3MzA0MjA0LHZpcDpmYWxzZSx5dGlkOjEwNDU0NDU2NjMsdGlkOjA=|fff536f7446ac9f25903c2c0033b3961|47c27775fa69c1221f2537f7e7ec336a9031e4b0--mYoukuUserId=1045445663
06-27 16:37:44.973 I/YoukuInitTool(26344): checkYoukuCookieefreshMsg mYoukuLoginSuccess=truemYoukuRefreshTime=1200
06-27 16:37:45.174 E/til@com ( 2539): Cominit open uart error: No such file or directory
06-27 16:37:45.205 D/DtvSourcePlugin-DTMB( 3472): Setting the EPG Updater state to: WAIT
06-27 16:37:45.218 I/TVMW@devctrl( 1731): wdt
06-27 16:37:45.373 I/TVMW@picture( 1731): Hisense {getMEMCLevelForHAL,1344} eMemcLevel = 2
06-27 16:37:45.374 D/til@system( 2539): get TIL_MEMC_MODE
06-27 16:37:45.374 I/TVMW@picture( 1731): Hisense {getMEMCLevel,1332} source = 13, memcLevel = 2
06-27 16:37:45.379 I/MiSysSrv( 1696): [0mNot support now! 42, change to mm_video!!!
06-27 16:37:45.379 I/MiSysSrv( 1696): [HDR][virtual EN_MAPI_HDR_RESULT mapi_video_base::GetHdrAttributes(EN_MAPI_HDR_ATTRIBUTES, EN_MAPI_HDR_TYPE, void*, MAPI_U16) Line 9641] win 0, input 42 not support!
06-27 16:37:45.379 I/MiSysSrv( 1696): [1;31m<<<MI_ATOM_DISPLAY_GetHdrAttributes[7815] Ret=4[0m[1;31m<<<MI_IMPL_DISPLAY_GetWindowAttr[3738] return ERR!
06-27 16:37:45.379 I/TVMW@pqctrl( 1731): [getHDRType:551] HDR Type = 0
06-27 16:37:45.379 I/TVMW@picture( 1731): Hisense {GetPictureMode,472} Source = 13, pePictureMode = 0
06-27 16:37:45.379 I/TVMW@picture( 1731): Hisense {setMEMCLevelTemp,1304} ePicMode = 0, eAspect = 0, eFRCTypeIndex = 3, memcLevel = 0
06-27 16:37:45.379 I/TVMW@picture( 1731): setMEMCLevelTemp OUT,ret:0
06-27 16:37:45.445 I/YoukuInitTool(26344): hisense2ThirdBySdk : mBindYoukuNum:0
06-27 16:37:45.446 I/YoukuInitTool(26344): mBindYoukuNum:1
06-27 16:37:45.540 I/YoukuInitTool(26344): mYoukuToken:AwAbAAD/////AAAA|1498552665|15|aWQ6MTA0NTQ0NTY2Myxubjrmtbfkv6HnlKjmiLc4ODA3MzA0MjA0LHZpcDpmYWxzZSx5dGlkOjEwNDU0NDU2NjMsdGlkOjA=|97c4070a1d34a6227c30e0954b1af1c0|2d3b506de3b4d60a0401bca07e20a14df9c0a3c1--mYoukuUserId=1045445663
06-27 16:37:45.541 I/YoukuInitTool(26344): checkYoukuCookieefreshMsg mYoukuLoginSuccess=truemYoukuRefreshTime=1200
06-27 16:37:45.581 W/UiAutomatorBridge(26317): Could not detect idle state.
06-27 16:37:45.581 W/UiAutomatorBridge(26317): java.util.concurrent.TimeoutException: No idle state with idle timeout: 500 within global timeout: 10000
06-27 16:37:45.581 W/UiAutomatorBridge(26317): 	at android.app.UiAutomation.waitForIdle(UiAutomation.java:591)
06-27 16:37:45.581 W/UiAutomatorBridge(26317): 	at com.android.uiautomator.core.UiAutomatorBridge.waitForIdle(UiAutomatorBridge.java:96)
06-27 16:37:45.581 W/UiAutomatorBridge(26317): 	at com.android.uiautomator.core.UiDevice.waitForIdle(UiDevice.java:485)
06-27 16:37:45.581 W/UiAutomatorBridge(26317): 	at com.android.uiautomator.core.UiDevice.waitForIdle(UiDevice.java:475)
06-27 16:37:45.581 W/UiAutomatorBridge(26317): 	at com.android.uiautomator.core.UiDevice.pressKeyCode(UiDevice.java:314)
06-27 16:37:45.581 W/UiAutomatorBridge(26317): 	at io.appium.android.bootstrap.handler.PressKeyCode.execute(PressKeyCode.java:64)
06-27 16:37:45.581 W/UiAutomatorBridge(26317): 	at io.appium.android.bootstrap.AndroidCommandExecutor.execute(AndroidCommandExecutor.java:81)
06-27 16:37:45.581 W/UiAutomatorBridge(26317): 	at io.appium.android.bootstrap.SocketServer.runCommand(SocketServer.java:203)
06-27 16:37:45.581 W/UiAutomatorBridge(26317): 	at io.appium.android.bootstrap.SocketServer.handleClientData(SocketServer.java:105)
06-27 16:37:45.581 W/UiAutomatorBridge(26317): 	at io.appium.android.bootstrap.SocketServer.listenForever(SocketServer.java:159)
06-27 16:37:45.581 W/UiAutomatorBridge(26317): 	at io.appium.android.bootstrap.Bootstrap.testRunServer(Bootstrap.java:37)
06-27 16:37:45.581 W/UiAutomatorBridge(26317): 	at java.lang.reflect.Method.invoke(Native Method)
06-27 16:37:45.581 W/UiAutomatorBridge(26317): 	at junit.framework.TestCase.runTest(TestCase.java:168)
06-27 16:37:45.581 W/UiAutomatorBridge(26317): 	at junit.framework.TestCase.runBare(TestCase.java:134)
06-27 16:37:45.581 W/UiAutomatorBridge(26317): 	at junit.framework.TestResult$1.protect(TestResult.java:115)
06-27 16:37:45.581 W/UiAutomatorBridge(26317): 	at junit.framework.TestResult.runProtected(TestResult.java:133)
06-27 16:37:45.581 W/UiAutomatorBridge(26317): 	at junit.framework.TestResult.run(TestResult.java:118)
06-27 16:37:45.581 W/UiAutomatorBridge(26317): 	at junit.framework.TestCase.run(TestCase.java:124)
06-27 16:37:45.581 W/UiAutomatorBridge(26317): 	at com.android.uiautomator.testrunner.UiAutomatorTestRunner.start(UiAutomatorTestRunner.java:160)
06-27 16:37:45.581 W/UiAutomatorBridge(26317): 	at com.android.uiautomator.testrunner.UiAutomatorTestRunner.run(UiAutomatorTestRunner.java:96)
06-27 16:37:45.581 W/UiAutomatorBridge(26317): 	at com.android.commands.uiautomator.RunTestCommand.run(RunTestCommand.java:91)
06-27 16:37:45.581 W/UiAutomatorBridge(26317): 	at com.android.commands.uiautomator.Launcher.main(Launcher.java:83)
06-27 16:37:45.581 W/UiAutomatorBridge(26317): 	at com.android.internal.os.RuntimeInit.nativeFinishInit(Native Method)
06-27 16:37:45.581 W/UiAutomatorBridge(26317): 	at com.android.internal.os.RuntimeInit.main(RuntimeInit.java:251)
06-27 16:37:45.582 D/GlobalInputEventMonitoringService( 2310): interceptKeyBeforeQueueing(), event:19, mNeedMonitorKeyEvent:true, mWaitForKeyUpEvent:false
06-27 16:37:45.582 D/GlobalInputEventMonitoringService( 2310): processKeyEvent(), processKeyEvent event:19
06-27 16:37:45.582 D/WindowManager( 2310): interceptKeyTq keycode=19 interactive=true keyguardActive=false policyFlags=2b000000
06-27 16:37:45.582 D/PowerManagerService( 2310): userActivityNoUpdateLocked: eventTime=3674695, event=1, flags=0x0, uid=1000
06-27 16:37:45.582 D/PowerManagerService( 2310): --updatePowerStateLocked--
06-27 16:37:45.582 D/PowerManagerService( 2310): updateWakeLockSummaryLocked: mWakefulness=Awake, mWakeLockSummary=0x0
06-27 16:37:45.582 D/PowerManagerService( 2310): updateUserActivitySummaryLocked: mWakefulness=Awake, mUserActivitySummary=0x1, nextTimeout=3682695 (in 7998 ms)
06-27 16:37:45.583 D/PowerManagerService( 2310): updateDisplayPowerStateLocked: mDisplayReady=true, policy=3, mWakefulness=1, mWakeLockSummary=0x0, mUserActivitySummary=0x1, mBootCompleted=true, mScreenBrightnessBoostInProgress=false
06-27 16:37:45.583 D/PowerManagerService( 2310): updateSuspendBlockerLocked:  needWakeLockSuspendBlocker = false needDisplaySuspendBlocker = true autoSuspend = false interactive = true
06-27 16:37:45.583 D/PowerManagerService( 2310): Releasing suspend blocker "PowerManagerService.WakeLocks".
06-27 16:37:45.583 D/WindowManager( 2310): interceptKeyTi keyCode=19 down=true repeatCount=0 keyguardOn=false mHomePressed=false canceled=false
06-27 16:37:45.583 D/WindowManager( 2310): Hisense systemkey event: 19
