06-27 16:38:03.246 D/AndroidRuntime(27250): Calling main entry com.android.commands.am.Am
06-27 16:38:03.259 W/MountService( 2310): No primary storage defined yet; hacking together a stub
06-27 16:38:03.262 D/MediaScannerReceiver( 2438): action: android.intent.action.MEDIA_SCANNER_SCAN_FILE path: /data/local/tmp/screenshot.png
06-27 16:38:03.263 D/AndroidRuntime(27250): Shutting down VM
06-27 16:38:03.459 D/DtvSourcePlugin-DTMB( 3472): Setting the EPG Updater state to: WAIT
06-27 16:38:03.551 I/bt_hci  ( 2856): BLE HCI(id=62) event = 0x02)
06-27 16:38:03.551 I/bt_hci  ( 2856): btu_ble_process_adv_pkt
06-27 16:38:03.551 D/bt_btm  ( 2856): btm_ble_update_inq_result scan_rsp=false, to_report=false,                              scan_type_active=1
06-27 16:38:03.551 D/bt_btm  ( 2856): BR/EDR NOT SUPPORT bit set, LE only device
06-27 16:38:03.552 I/bt_hci  ( 2856): BLE HCI(id=62) event = 0x02)
06-27 16:38:03.552 I/bt_hci  ( 2856): btu_ble_process_adv_pkt
06-27 16:38:03.552 D/bt_btm  ( 2856): BR/EDR NOT SUPPORT bit set, LE only device
06-27 16:38:03.552 E/bt_btm  ( 2856): [BLE Inquiry Trace]btm_ble_process_adv_pkt_cont: Received BLE Scan Response.
06-27 16:38:03.552 D/bt_btif ( 2856): bta_dm_observe_results_cb
06-27 16:38:03.552 I/bt_btm  ( 2856): BTM_InqDbRead: bd addr [a45e60ba5314]
06-27 16:38:03.552 E/bt_btif ( 2856): [BLE Inquiry Trace]bta_scan_results_cb event=BTA_DM_INQ_RES_EVT
06-27 16:38:03.552 I/bt_btm  ( 2856): BTM_CheckEirData type=0x09
06-27 16:38:03.553 I/bt_btm  ( 2856): BTM_CheckEirData type=0x09
06-27 16:38:03.553 I/bt_btm  ( 2856): BTM_CheckEirData type=0x08
06-27 16:38:03.553 D/bt_btif ( 2856): in, bd addr:a4:5e:60:ba:53:14, prop type:5, len:4
06-27 16:38:03.553 I/bt_btif ( 2856): HAL bt_gatt_callbacks->client->scan_result_cb
06-27 16:38:03.554 D/BluetoothLeScanner( 2500): onScanResult() - ScanResult{mDevice=A4:5E:60:BA:53:14, mScanRecord=ScanRecord [mAdvertiseFlags=6, mServiceUuids=null, mManufacturerSpecificData={76=[16, 2, 11, 0]}, mServiceData={}, mTxPowerLevel=-2147483648, mDeviceName=null], mRssi=-76, mTimestampNanos=3692668219535}
06-27 16:38:03.556 I/bt_hci  ( 2856): BLE HCI(id=62) event = 0x02)
06-27 16:38:03.556 I/bt_hci  ( 2856): btu_ble_process_adv_pkt
06-27 16:38:03.556 D/bt_btm  ( 2856): btm_ble_update_inq_result scan_rsp=false, to_report=false,                              scan_type_active=1
06-27 16:38:03.556 D/bt_btm  ( 2856): Random address, treating device as LE only
06-27 16:38:03.556 I/bt_hci  ( 2856): BLE HCI(id=62) event = 0x02)
06-27 16:38:03.556 I/bt_hci  ( 2856): btu_ble_process_adv_pkt
06-27 16:38:03.556 D/bt_btm  ( 2856): Random address, treating device as LE only
06-27 16:38:03.556 E/bt_btm  ( 2856): [BLE Inquiry Trace]btm_ble_process_adv_pkt_cont: Received BLE Scan Response.
06-27 16:38:03.556 D/bt_btif ( 2856): bta_dm_observe_results_cb
06-27 16:38:03.556 I/bt_btm  ( 2856): BTM_InqDbRead: bd addr [48b794062b07]
06-27 16:38:03.556 E/bt_btif ( 2856): [BLE Inquiry Trace]bta_scan_results_cb event=BTA_DM_INQ_RES_EVT
06-27 16:38:03.556 I/bt_btm  ( 2856): BTM_CheckEirData type=0x09
06-27 16:38:03.556 I/bt_btm  ( 2856): BTM_CheckEirData type=0x09
06-27 16:38:03.556 I/bt_btm  ( 2856): BTM_CheckEirData type=0x08
06-27 16:38:03.556 D/bt_btif ( 2856): in, bd addr:48:b7:94:06:2b:07, prop type:5, len:4
06-27 16:38:03.556 I/bt_btif ( 2856): HAL bt_gatt_callbacks->client->scan_result_cb
06-27 16:38:03.557 D/BluetoothLeScanner( 2500): onScanResult() - ScanResult{mDevice=48:B7:94:06:2B:07, mScanRecord=ScanRecord [mAdvertiseFlags=26, mServiceUuids=null, mManufacturerSpecificData={}, mServiceData={}, mTxPowerLevel=-2147483648, mDeviceName=null], mRssi=-75, mTimestampNanos=3692671197118}
06-27 16:38:03.562 I/YoukuInitTool(26344): hisense2ThirdBySdk : mBindYoukuNum:0
06-27 16:38:03.563 I/YoukuInitTool(26344): mBindYoukuNum:1
06-27 16:38:03.605 I/TVMW@picture( 1731): Hisense {getMEMCLevelForHAL,1344} eMemcLevel = 2
06-27 16:38:03.606 D/til@system( 2539): get TIL_MEMC_MODE
06-27 16:38:03.606 I/TVMW@picture( 1731): Hisense {getMEMCLevel,1332} source = 13, memcLevel = 2
06-27 16:38:03.608 I/TVMW@pqctrl( 1731): [getHDRType:551] HDR Type = 0
06-27 16:38:03.608 I/TVMW@picture( 1731): Hisense {GetPictureMode,472} Source = 13, pePictureMode = 0
06-27 16:38:03.608 I/TVMW@picture( 1731): Hisense {setMEMCLevelTemp,1304} ePicMode = 0, eAspect = 0, eFRCTypeIndex = 3, memcLevel = 0
06-27 16:38:03.608 I/TVMW@picture( 1731): setMEMCLevelTemp OUT,ret:0
06-27 16:38:03.609 I/MiSysSrv( 1696): [0mNot support now! 42, change to mm_video!!!
06-27 16:38:03.609 I/MiSysSrv( 1696): [HDR][virtual EN_MAPI_HDR_RESULT mapi_video_base::GetHdrAttributes(EN_MAPI_HDR_ATTRIBUTES, EN_MAPI_HDR_TYPE, void*, MAPI_U16) Line 9641] win 0, input 42 not support!
06-27 16:38:03.609 I/MiSysSrv( 1696): [1;31m<<<MI_ATOM_DISPLAY_GetHdrAttributes[7815] Ret=4[0m[1;31m<<<MI_IMPL_DISPLAY_GetWindowAttr[3738] return ERR!
06-27 16:38:03.644 I/YoukuInitTool(26344): mYoukuToken:AwAbAAD/////AAAA|1498552683|15|aWQ6MTA0NTQ0NTY2Myxubjrmtbfkv6HnlKjmiLc4ODA3MzA0MjA0LHZpcDpmYWxzZSx5dGlkOjEwNDU0NDU2NjMsdGlkOjA=|e95bae72ae395e2989aa75b54f344e7c|660dbad5132db064f57d8e96317b49f58b0ef6e2--mYoukuUserId=1045445663
06-27 16:38:03.645 I/YoukuInitTool(26344): checkYoukuCookieefreshMsg mYoukuLoginSuccess=truemYoukuRefreshTime=1200
06-27 16:38:03.691 D/PowerManagerService( 2310): acquireWakeLockInternal: lock=40834514, flags=0x1, tag="NetworkStats", ws=null, uid=1000, pid=2310
06-27 16:38:03.691 D/NtpTrustedTime( 2310): currentTimeMillis() cache hit
06-27 16:38:03.702 D/NtpTrustedTime( 2310): currentTimeMillis() cache hit
06-27 16:38:03.704 D/PowerManagerService( 2310): releaseWakeLockInternal: lock=40834514 [NetworkStats], flags=0x0
06-27 16:38:03.705 D/NtpTrustedTime( 2310): currentTimeMillis() cache hit
06-27 16:38:03.705 D/NtpTrustedTime( 2310): currentTimeMillis() cache hit
06-27 16:38:04.110 I/TVMW@picture( 1731): Hisense {getMEMCLevelForHAL,1344} eMemcLevel = 2
06-27 16:38:04.111 D/til@system( 2539): get TIL_MEMC_MODE
06-27 16:38:04.111 I/TVMW@picture( 1731): Hisense {getMEMCLevel,1332} source = 13, memcLevel = 2
06-27 16:38:04.113 I/TVMW@pqctrl( 1731): [getHDRType:551] HDR Type = 0
06-27 16:38:04.113 I/TVMW@picture( 1731): Hisense {GetPictureMode,472} Source = 13, pePictureMode = 0
06-27 16:38:04.114 I/TVMW@picture( 1731): Hisense {setMEMCLevelTemp,1304} ePicMode = 0, eAspect = 0, eFRCTypeIndex = 3, memcLevel = 0
06-27 16:38:04.114 I/TVMW@picture( 1731): setMEMCLevelTemp OUT,ret:0
06-27 16:38:04.116 I/MiSysSrv( 1696): [0mNot support now! 42, change to mm_video!!!
06-27 16:38:04.116 I/MiSysSrv( 1696): [HDR][virtual EN_MAPI_HDR_RESULT mapi_video_base::GetHdrAttributes(EN_MAPI_HDR_ATTRIBUTES, EN_MAPI_HDR_TYPE, void*, MAPI_U16) Line 9641] win 0, input 42 not support!
06-27 16:38:04.116 I/MiSysSrv( 1696): [1;31m<<<MI_ATOM_DISPLAY_GetHdrAttributes[7815] Ret=4[0m[1;31m<<<MI_IMPL_DISPLAY_GetWindowAttr[3738] return ERR!
06-27 16:38:04.131 I/TVMW@devctrl( 1731): wdt
06-27 16:38:04.148 D/HDMI    ( 2310): [P]:AllocatedAddress=[]
06-27 16:38:04.178 E/til@com ( 2539): Cominit open uart error: No such file or directory
06-27 16:38:04.407 I/YoukuInitTool(26344): hisense2ThirdBySdk : mBindYoukuNum:0
06-27 16:38:04.408 I/YoukuInitTool(26344): mBindYoukuNum:1
06-27 16:38:04.462 I/bt_hci  ( 2856): BLE HCI(id=62) event = 0x02)
06-27 16:38:04.462 I/bt_hci  ( 2856): btu_ble_process_adv_pkt
06-27 16:38:04.462 D/bt_btm  ( 2856): btm_ble_update_inq_result scan_rsp=false, to_report=false,                              scan_type_active=1
06-27 16:38:04.462 D/bt_btm  ( 2856): BR/EDR NOT SUPPORT bit set, LE only device
06-27 16:38:04.463 I/bt_hci  ( 2856): BLE HCI(id=62) event = 0x02)
06-27 16:38:04.463 I/bt_hci  ( 2856): btu_ble_process_adv_pkt
06-27 16:38:04.463 D/bt_btm  ( 2856): BR/EDR NOT SUPPORT bit set, LE only device
06-27 16:38:04.463 E/bt_btm  ( 2856): [BLE Inquiry Trace]btm_ble_process_adv_pkt_cont: Received BLE Scan Response.
06-27 16:38:04.463 D/bt_btif ( 2856): bta_dm_observe_results_cb
06-27 16:38:04.463 I/bt_btm  ( 2856): BTM_InqDbRead: bd addr [a45e60ba5314]
06-27 16:38:04.463 E/bt_btif ( 2856): [BLE Inquiry Trace]bta_scan_results_cb event=BTA_DM_INQ_RES_EVT
06-27 16:38:04.463 I/bt_btm  ( 2856): BTM_CheckEirData type=0x09
06-27 16:38:04.463 I/bt_btm  ( 2856): BTM_CheckEirData type=0x09
06-27 16:38:04.463 I/bt_btm  ( 2856): BTM_CheckEirData type=0x08
06-27 16:38:04.463 D/bt_btif ( 2856): in, bd addr:a4:5e:60:ba:53:14, prop type:5, len:4
06-27 16:38:04.463 I/bt_btif ( 2856): HAL bt_gatt_callbacks->client->scan_result_cb
06-27 16:38:04.464 D/BluetoothLeScanner( 2500): onScanResult() - ScanResult{mDevice=A4:5E:60:BA:53:14, mScanRecord=ScanRecord [mAdvertiseFlags=6, mServiceUuids=null, mManufacturerSpecificData={76=[16, 2, 11, 0]}, mServiceData={}, mTxPowerLevel=-2147483648, mDeviceName=null], mRssi=-77, mTimestampNanos=3693578133535}
06-27 16:38:04.527 I/YoukuInitTool(26344): mYoukuToken:AwAbAAD/////AAAA|1498552684|15|aWQ6MTA0NTQ0NTY2Myxubjrmtbfkv6HnlKjmiLc4ODA3MzA0MjA0LHZpcDpmYWxzZSx5dGlkOjEwNDU0NDU2NjMsdGlkOjA=|3e05bf5089405621fbae2a6809e9b843|2ce5ee6ec3a273af4d075f3c930d49c6b7a2dd05--mYoukuUserId=1045445663
06-27 16:38:04.528 I/YoukuInitTool(26344): checkYoukuCookieefreshMsg mYoukuLoginSuccess=truemYoukuRefreshTime=1200
06-27 16:38:04.539 E/HeaderTokenManager( 3339): initHiCloudService: Fetching token is failed.
06-27 16:38:04.605 D/MC_MEMORY( 3088): max: 256.261888 Mb, heap: 4.4848 Mb, allocated: 3.3736 Mb, free: 1.1111 Mb, native heap: 6.6810 Mb, native allocated: 6.6789 Mb, native free: 0.20 Mb
06-27 16:38:04.620 I/TVMW@picture( 1731): Hisense {getMEMCLevelForHAL,1344} eMemcLevel = 2
06-27 16:38:04.621 D/til@system( 2539): get TIL_MEMC_MODE
06-27 16:38:04.621 I/TVMW@picture( 1731): Hisense {getMEMCLevel,1332} source = 13, memcLevel = 2
06-27 16:38:04.626 I/MiSysSrv( 1696): [0mNot support now! 42, change to mm_video!!!
06-27 16:38:04.626 I/MiSysSrv( 1696): [HDR][virtual EN_MAPI_HDR_RESULT mapi_video_base::GetHdrAttributes(EN_MAPI_HDR_ATTRIBUTES, EN_MAPI_HDR_TYPE, void*, MAPI_U16) Line 9641] win 0, input 42 not support!
06-27 16:38:04.626 I/MiSysSrv( 1696): [1;31m<<<MI_ATOM_DISPLAY_GetHdrAttributes[7815] Ret=4[0m[1;31m<<<MI_IMPL_DISPLAY_GetWindowAttr[3738] return ERR!
06-27 16:38:04.626 I/TVMW@pqctrl( 1731): [getHDRType:551] HDR Type = 0
06-27 16:38:04.626 I/TVMW@picture( 1731): Hisense {GetPictureMode,472} Source = 13, pePictureMode = 0
06-27 16:38:04.626 I/TVMW@picture( 1731): Hisense {setMEMCLevelTemp,1304} ePicMode = 0, eAspect = 0, eFRCTypeIndex = 3, memcLevel = 0
06-27 16:38:04.626 I/TVMW@picture( 1731): setMEMCLevelTemp OUT,ret:0
06-27 16:38:04.648 E/TV_JNI_CONFIG( 2539): til_get_cfg_param returned fail -22!
06-27 16:38:04.648 E/StorageHelper( 2539): NativeConfigStorageHelper load() failed. Native getOption returned :-22
06-27 16:38:04.648 W/ConfigurationService( 2539): errorFlag = null, continue to recycle check
06-27 16:38:04.845 I/YoukuInitTool(26344): hisense2ThirdBySdk : mBindYoukuNum:0
06-27 16:38:04.847 I/YoukuInitTool(26344): mBindYoukuNum:1
06-27 16:38:04.936 I/YoukuInitTool(26344): mYoukuToken:AwAbAAD/////AAAA|1498552684|15|aWQ6MTA0NTQ0NTY2Myxubjrmtbfkv6HnlKjmiLc4ODA3MzA0MjA0LHZpcDpmYWxzZSx5dGlkOjEwNDU0NDU2NjMsdGlkOjA=|3e05bf5089405621fbae2a6809e9b843|2ce5ee6ec3a273af4d075f3c930d49c6b7a2dd05--mYoukuUserId=1045445663
06-27 16:38:04.937 I/YoukuInitTool(26344): checkYoukuCookieefreshMsg mYoukuLoginSuccess=truemYoukuRefreshTime=1200
06-27 16:38:05.031 I/TVMW@devctrl( 1731): wdt
06-27 16:38:05.128 I/TVMW@picture( 1731): Hisense {getMEMCLevelForHAL,1344} eMemcLevel = 2
06-27 16:38:05.129 D/til@system( 2539): get TIL_MEMC_MODE
06-27 16:38:05.129 I/TVMW@picture( 1731): Hisense {getMEMCLevel,1332} source = 13, memcLevel = 2
06-27 16:38:05.134 I/TVMW@pqctrl( 1731): [getHDRType:551] HDR Type = 0
06-27 16:38:05.135 I/TVMW@picture( 1731): Hisense {GetPictureMode,472} Source = 13, pePictureMode = 0
06-27 16:38:05.135 I/TVMW@picture( 1731): Hisense {setMEMCLevelTemp,1304} ePicMode = 0, eAspect = 0, eFRCTypeIndex = 3, memcLevel = 0
06-27 16:38:05.135 I/TVMW@picture( 1731): setMEMCLevelTemp OUT,ret:0
06-27 16:38:05.135 I/MiSysSrv( 1696): [0mNot support now! 42, change to mm_video!!!
06-27 16:38:05.135 I/MiSysSrv( 1696): [HDR][virtual EN_MAPI_HDR_RESULT mapi_video_base::GetHdrAttributes(EN_MAPI_HDR_ATTRIBUTES, EN_MAPI_HDR_TYPE, void*, MAPI_U16) Line 9641] win 0, input 42 not support!
06-27 16:38:05.135 I/MiSysSrv( 1696): [1;31m<<<MI_ATOM_DISPLAY_GetHdrAttributes[7815] Ret=4[0m[1;31m<<<MI_IMPL_DISPLAY_GetWindowAttr[3738] return ERR!
06-27 16:38:05.178 E/til@com ( 2539): Cominit open uart error: No such file or directory
06-27 16:38:05.310 I/HLSP2P  ( 2838): ## 2017-06-27 16:38:05.310 [2838,3745,:0] INFO ## [HLSP2P][DownloadManager.cpp:35][INFO][TryExtendCacheSize]system memory total size : 3581M, free size : 1978M, cache add to 100MB
06-27 16:38:05.636 I/TVMW@picture( 1731): Hisense {getMEMCLevelForHAL,1344} eMemcLevel = 2
06-27 16:38:05.637 D/til@system( 2539): get TIL_MEMC_MODE
06-27 16:38:05.637 I/TVMW@picture( 1731): Hisense {getMEMCLevel,1332} source = 13, memcLevel = 2
06-27 16:38:05.640 I/TVMW@pqctrl( 1731): [getHDRType:551] HDR Type = 0
06-27 16:38:05.640 I/TVMW@picture( 1731): Hisense {GetPictureMode,472} Source = 13, pePictureMode = 0
06-27 16:38:05.640 I/MiSysSrv( 1696): [0mNot support now! 42, change to mm_video!!!
06-27 16:38:05.640 I/MiSysSrv( 1696): [HDR][virtual EN_MAPI_HDR_RESULT mapi_video_base::GetHdrAttributes(EN_MAPI_HDR_ATTRIBUTES, EN_MAPI_HDR_TYPE, void*, MAPI_U16) Line 9641] win 0, input 42 not support!
06-27 16:38:05.640 I/MiSysSrv( 1696): [1;31m<<<MI_ATOM_DISPLAY_GetHdrAttributes[7815] Ret=4[0m[1;31m<<<MI_IMPL_DISPLAY_GetWindowAttr[3738] return ERR!
06-27 16:38:05.640 I/TVMW@picture( 1731): Hisense {setMEMCLevelTemp,1304} ePicMode = 0, eAspect = 0, eFRCTypeIndex = 3, memcLevel = 0
06-27 16:38:05.640 I/TVMW@picture( 1731): setMEMCLevelTemp OUT,ret:0
06-27 16:38:05.729 I/YoukuInitTool(26344): hisense2ThirdBySdk : mBindYoukuNum:0
06-27 16:38:05.730 I/YoukuInitTool(26344): mBindYoukuNum:1
06-27 16:38:05.749 I/bt_hci  ( 2856): BLE HCI(id=62) event = 0x02)
06-27 16:38:05.749 I/bt_hci  ( 2856): btu_ble_process_adv_pkt
06-27 16:38:05.749 D/bt_btm  ( 2856): btm_ble_update_inq_result scan_rsp=false, to_report=false,                              scan_type_active=1
06-27 16:38:05.749 D/bt_btm  ( 2856): Random address, treating device as LE only
06-27 16:38:05.818 I/YoukuInitTool(26344): mYoukuToken:AwAbAAD/////AAAA|1498552685|15|aWQ6MTA0NTQ0NTY2Myxubjrmtbfkv6HnlKjmiLc4ODA3MzA0MjA0LHZpcDpmYWxzZSx5dGlkOjEwNDU0NDU2NjMsdGlkOjA=|a042bf17deb49d9b7522e22c3926cfe5|fba3ca31cbfbf958e3b595166c1acaba403707e1--mYoukuUserId=1045445663
06-27 16:38:05.824 I/YoukuInitTool(26344): checkYoukuCookieefreshMsg mYoukuLoginSuccess=truemYoukuRefreshTime=1200
06-27 16:38:05.931 I/TVMW@devctrl( 1731): wdt
06-27 16:38:06.099 I/HLSP2P  (26344): ## 2017-06-27 16:38:06.098 [26344,26930,:0] INFO ## [HLSP2P][TaskManager.cpp:855][INFO][UpdateGlobalInfo]totalDataSize: 0, totalMemorySize: 0, totalCacheSize: 0, curUploadSpeedKB: 0
06-27 16:38:06.103 I/HLSP2P  (26344): ## 2017-06-27 16:38:06.102 [26344,26930,:0] INFO ## [HLSP2P][TaskManager.cpp:1325][INFO][TryAdjustMemorySize]system memory total size: 3581M, free size: 1978MB, cache add to 30MB, AppState: 14
06-27 16:38:06.137 I/YoukuInitTool(26344): hisense2ThirdBySdk : mBindYoukuNum:0
06-27 16:38:06.138 I/YoukuInitTool(26344): mBindYoukuNum:1
06-27 16:38:06.143 I/TVMW@picture( 1731): Hisense {getMEMCLevelForHAL,1344} eMemcLevel = 2
06-27 16:38:06.144 D/til@system( 2539): get TIL_MEMC_MODE
06-27 16:38:06.145 I/TVMW@picture( 1731): Hisense {getMEMCLevel,1332} source = 13, memcLevel = 2
06-27 16:38:06.147 I/MiSysSrv( 1696): [0mNot support now! 42, change to mm_video!!!
06-27 16:38:06.147 I/MiSysSrv( 1696): [HDR][virtual EN_MAPI_HDR_RESULT mapi_video_base::GetHdrAttributes(EN_MAPI_HDR_ATTRIBUTES, EN_MAPI_HDR_TYPE, void*, MAPI_U16) Line 9641] win 0, input 42 not support!
06-27 16:38:06.147 I/MiSysSrv( 1696): [1;31m<<<MI_ATOM_DISPLAY_GetHdrAttributes[7815] Ret=4[0m[1;31m<<<MI_IMPL_DISPLAY_GetWindowAttr[3738] return ERR!
06-27 16:38:06.148 I/TVMW@pqctrl( 1731): [getHDRType:551] HDR Type = 0
06-27 16:38:06.148 I/TVMW@picture( 1731): Hisense {GetPictureMode,472} Source = 13, pePictureMode = 0
06-27 16:38:06.148 I/TVMW@picture( 1731): Hisense {setMEMCLevelTemp,1304} ePicMode = 0, eAspect = 0, eFRCTypeIndex = 3, memcLevel = 0
06-27 16:38:06.148 I/TVMW@picture( 1731): setMEMCLevelTemp OUT,ret:0
06-27 16:38:06.178 E/til@com ( 2539): Cominit open uart error: No such file or directory
06-27 16:38:06.188 D/DLNAService( 3088): sync DLNA devices
06-27 16:38:06.188 D/MediaBrowser( 3088): updateMediaSources type=2
06-27 16:38:06.188 D/MediaSourceManager( 3088): updateMediaSources type=2
06-27 16:38:06.233 I/YoukuInitTool(26344): mYoukuToken:AwAbAAD/////AAAA|1498552686|15|aWQ6MTA0NTQ0NTY2Myxubjrmtbfkv6HnlKjmiLc4ODA3MzA0MjA0LHZpcDpmYWxzZSx5dGlkOjEwNDU0NDU2NjMsdGlkOjA=|396afd97f4ad525025c4642d7cc07b7c|474a28579f237f7daf0fefd785444aefd24215fb--mYoukuUserId=1045445663
06-27 16:38:06.238 I/YoukuInitTool(26344): checkYoukuCookieefreshMsg mYoukuLoginSuccess=truemYoukuRefreshTime=1200
06-27 16:38:06.499 D/DtvSourcePlugin-DTMB( 3472): Setting the EPG Updater state to: WAIT
06-27 16:38:06.630 D/MyLocalStartService( 4229): currentName is :com.jamdeo.tv.vod
06-27 16:38:06.650 E/TV_JNI_CONFIG( 2539): til_get_cfg_param returned fail -22!
06-27 16:38:06.651 E/StorageHelper( 2539): NativeConfigStorageHelper load() failed. Native getOption returned :-22
06-27 16:38:06.651 W/ConfigurationService( 2539): errorFlag = null, continue to recycle check
06-27 16:38:06.652 I/TVMW@picture( 1731): Hisense {getMEMCLevelForHAL,1344} eMemcLevel = 2
06-27 16:38:06.653 D/til@system( 2539): get TIL_MEMC_MODE
06-27 16:38:06.654 I/TVMW@picture( 1731): Hisense {getMEMCLevel,1332} source = 13, memcLevel = 2
06-27 16:38:06.658 I/MiSysSrv( 1696): [0mNot support now! 42, change to mm_video!!!
06-27 16:38:06.658 I/MiSysSrv( 1696): [HDR][virtual EN_MAPI_HDR_RESULT mapi_video_base::GetHdrAttributes(EN_MAPI_HDR_ATTRIBUTES, EN_MAPI_HDR_TYPE, void*, MAPI_U16) Line 9641] win 0, input 42 not support!
06-27 16:38:06.658 I/MiSysSrv( 1696): [1;31m<<<MI_ATOM_DISPLAY_GetHdrAttributes[7815] Ret=4[0m[1;31m<<<MI_IMPL_DISPLAY_GetWindowAttr[3738] return ERR!
06-27 16:38:06.658 I/TVMW@pqctrl( 1731): [getHDRType:551] HDR Type = 0
06-27 16:38:06.658 I/TVMW@picture( 1731): Hisense {GetPictureMode,472} Source = 13, pePictureMode = 0
06-27 16:38:06.658 I/TVMW@picture( 1731): Hisense {setMEMCLevelTemp,1304} ePicMode = 0, eAspect = 0, eFRCTypeIndex = 3, memcLevel = 0
06-27 16:38:06.658 I/TVMW@picture( 1731): setMEMCLevelTemp OUT,ret:0
06-27 16:38:06.834 I/TVMW@devctrl( 1731): wdt
06-27 16:38:07.024 I/YoukuInitTool(26344): hisense2ThirdBySdk : mBindYoukuNum:0
06-27 16:38:07.025 I/YoukuInitTool(26344): mBindYoukuNum:1
06-27 16:38:07.059 I/bt_hci  ( 2856): BLE HCI(id=62) event = 0x02)
06-27 16:38:07.059 I/bt_hci  ( 2856): btu_ble_process_adv_pkt
06-27 16:38:07.059 D/bt_btm  ( 2856): btm_ble_update_inq_result scan_rsp=false, to_report=false,                              scan_type_active=1
06-27 16:38:07.059 D/bt_btm  ( 2856): BR/EDR NOT SUPPORT bit set, LE only device
06-27 16:38:07.133 I/YoukuInitTool(26344): mYoukuToken:AwAbAAD/////AAAA|1498552687|15|aWQ6MTA0NTQ0NTY2Myxubjrmtbfkv6HnlKjmiLc4ODA3MzA0MjA0LHZpcDpmYWxzZSx5dGlkOjEwNDU0NDU2NjMsdGlkOjA=|f0dc198dbe01b9a4c4941bcfe01d1634|baf32edd6b77333729649b96e6bd269763347b2d--mYoukuUserId=1045445663
06-27 16:38:07.137 I/YoukuInitTool(26344): checkYoukuCookieefreshMsg mYoukuLoginSuccess=truemYoukuRefreshTime=1200
06-27 16:38:07.161 I/TVMW@picture( 1731): Hisense {getMEMCLevelForHAL,1344} eMemcLevel = 2
06-27 16:38:07.162 D/til@system( 2539): get TIL_MEMC_MODE
06-27 16:38:07.162 I/TVMW@picture( 1731): Hisense {getMEMCLevel,1332} source = 13, memcLevel = 2
06-27 16:38:07.164 I/MiSysSrv( 1696): [0mNot support now! 42, change to mm_video!!!
06-27 16:38:07.164 I/MiSysSrv( 1696): [HDR][virtual EN_MAPI_HDR_RESULT mapi_video_base::GetHdrAttributes(EN_MAPI_HDR_ATTRIBUTES, EN_MAPI_HDR_TYPE, void*, MAPI_U16) Line 9641] win 0, input 42 not support!
06-27 16:38:07.164 I/MiSysSrv( 1696): [1;31m<<<MI_ATOM_DISPLAY_GetHdrAttributes[7815] Ret=4[0m[1;31m<<<MI_IMPL_DISPLAY_GetWindowAttr[3738] return ERR!
06-27 16:38:07.164 I/TVMW@pqctrl( 1731): [getHDRType:551] HDR Type = 0
06-27 16:38:07.165 I/TVMW@picture( 1731): Hisense {GetPictureMode,472} Source = 13, pePictureMode = 0
06-27 16:38:07.165 I/TVMW@picture( 1731): Hisense {setMEMCLevelTemp,1304} ePicMode = 0, eAspect = 0, eFRCTypeIndex = 3, memcLevel = 0
06-27 16:38:07.165 I/TVMW@picture( 1731): setMEMCLevelTemp OUT,ret:0
06-27 16:38:07.178 E/til@com ( 2539): Cominit open uart error: No such file or directory
06-27 16:38:07.223 I/HLSP2P  (26344): ## 2017-06-27 16:38:07.223 [26344,26930,:0] INFO ## [HLSP2P][PeerServer.cpp:548][DEBUG][SendHeartBeatReq][PeerServer] send hearbeat to 123.126.121.155:30013 ok
06-27 16:38:07.243 I/HLSP2P  (26344): ## 2017-06-27 16:38:07.243 [26344,26932,:0] INFO ## [HLSP2P][PeerServer.cpp:718][INFO][OnHeartBeatRsp][PeerServer] ps heartbeat rsp ok
06-27 16:38:07.439 I/YoukuInitTool(26344): hisense2ThirdBySdk : mBindYoukuNum:0
06-27 16:38:07.440 I/YoukuInitTool(26344): mBindYoukuNum:1
06-27 16:38:07.534 I/YoukuInitTool(26344): mYoukuToken:AwAbAAD/////AAAA|1498552687|15|aWQ6MTA0NTQ0NTY2Myxubjrmtbfkv6HnlKjmiLc4ODA3MzA0MjA0LHZpcDpmYWxzZSx5dGlkOjEwNDU0NDU2NjMsdGlkOjA=|f0dc198dbe01b9a4c4941bcfe01d1634|baf32edd6b77333729649b96e6bd269763347b2d--mYoukuUserId=1045445663
06-27 16:38:07.543 I/YoukuInitTool(26344): checkYoukuCookieefreshMsg mYoukuLoginSuccess=truemYoukuRefreshTime=1200
06-27 16:38:07.578 E/HeaderTokenManager( 3339): initHiCloudService: Fetching token is failed.
06-27 16:38:07.595 I/bt_hci  ( 2856): BLE HCI(id=62) event = 0x02)
06-27 16:38:07.595 I/bt_hci  ( 2856): btu_ble_process_adv_pkt
06-27 16:38:07.595 D/bt_btm  ( 2856): btm_ble_update_inq_result scan_rsp=false, to_report=false,                              scan_type_active=1
06-27 16:38:07.595 D/bt_btm  ( 2856): BR/EDR NOT SUPPORT bit set, LE only device
06-27 16:38:07.634 D/WifiNative-wlan0( 2310): doString: [STATUS-NO_EVENTS]
06-27 16:38:07.634 D/WifiNative-wlan0( 2310): doStringCommandNative no result
06-27 16:38:07.666 I/TVMW@picture( 1731): Hisense {getMEMCLevelForHAL,1344} eMemcLevel = 2
06-27 16:38:07.667 D/til@system( 2539): get TIL_MEMC_MODE
06-27 16:38:07.667 I/TVMW@picture( 1731): Hisense {getMEMCLevel,1332} source = 13, memcLevel = 2
06-27 16:38:07.670 I/TVMW@pqctrl( 1731): [getHDRType:551] HDR Type = 0
06-27 16:38:07.670 I/TVMW@picture( 1731): Hisense {GetPictureMode,472} Source = 13, pePictureMode = 0
06-27 16:38:07.670 I/TVMW@picture( 1731): Hisense {setMEMCLevelTemp,1304} ePicMode = 0, eAspect = 0, eFRCTypeIndex = 3, memcLevel = 0
06-27 16:38:07.670 I/TVMW@picture( 1731): setMEMCLevelTemp OUT,ret:0
06-27 16:38:07.670 I/MiSysSrv( 1696): [0mNot support now! 42, change to mm_video!!!
06-27 16:38:07.670 I/MiSysSrv( 1696): [HDR][virtual EN_MAPI_HDR_RESULT mapi_video_base::GetHdrAttributes(EN_MAPI_HDR_ATTRIBUTES, EN_MAPI_HDR_TYPE, void*, MAPI_U16) Line 9641] win 0, input 42 not support!
06-27 16:38:07.670 I/MiSysSrv( 1696): [1;31m<<<MI_ATOM_DISPLAY_GetHdrAttributes[7815] Ret=4[0m[1;31m<<<MI_IMPL_DISPLAY_GetWindowAttr[3738] return ERR!
06-27 16:38:07.734 I/TVMW@devctrl( 1731): wdt
06-27 16:38:08.171 I/TVMW@picture( 1731): Hisense {getMEMCLevelForHAL,1344} eMemcLevel = 2
06-27 16:38:08.172 D/til@system( 2539): get TIL_MEMC_MODE
06-27 16:38:08.173 I/TVMW@picture( 1731): Hisense {getMEMCLevel,1332} source = 13, memcLevel = 2
06-27 16:38:08.177 I/MiSysSrv( 1696): [0mNot support now! 42, change to mm_video!!!
06-27 16:38:08.177 I/MiSysSrv( 1696): [HDR][virtual EN_MAPI_HDR_RESULT mapi_video_base::GetHdrAttributes(EN_MAPI_HDR_ATTRIBUTES, EN_MAPI_HDR_TYPE, void*, MAPI_U16) Line 9641] win 0, input 42 not support!
06-27 16:38:08.177 I/MiSysSrv( 1696): [1;31m<<<MI_ATOM_DISPLAY_GetHdrAttributes[7815] Ret=4[0m[1;31m<<<MI_IMPL_DISPLAY_GetWindowAttr[3738] return ERR!
06-27 16:38:08.177 I/TVMW@pqctrl( 1731): [getHDRType:551] HDR Type = 0
06-27 16:38:08.177 I/TVMW@picture( 1731): Hisense {GetPictureMode,472} Source = 13, pePictureMode = 0
06-27 16:38:08.177 I/TVMW@picture( 1731): Hisense {setMEMCLevelTemp,1304} ePicMode = 0, eAspect = 0, eFRCTypeIndex = 3, memcLevel = 0
06-27 16:38:08.177 I/TVMW@picture( 1731): setMEMCLevelTemp OUT,ret:0
06-27 16:38:08.179 E/til@com ( 2539): Cominit open uart error: No such file or directory
06-27 16:38:08.338 I/YoukuInitTool(26344): hisense2ThirdBySdk : mBindYoukuNum:0
06-27 16:38:08.340 I/YoukuInitTool(26344): mBindYoukuNum:1
06-27 16:38:08.368 D/AndroidRuntime(27291): >>>>>> START com.android.internal.os.RuntimeInit uid 2000 <<<<<<
06-27 16:38:08.371 D/AndroidRuntime(27291): CheckJNI is OFF
06-27 16:38:08.400 D/ICU     (27291): No timezone override file found: /data/misc/zoneinfo/current/icu/icu_tzdata.dat
06-27 16:38:08.414 V/Surface (27291): register_android_view_Surface() : start
06-27 16:38:08.415 V/Surface (27291): register_android_view_Surface() : end
06-27 16:38:08.426 I/YoukuInitTool(26344): mYoukuToken:AwAbAAD/////AAAA|1498552688|15|aWQ6MTA0NTQ0NTY2Myxubjrmtbfkv6HnlKjmiLc4ODA3MzA0MjA0LHZpcDpmYWxzZSx5dGlkOjEwNDU0NDU2NjMsdGlkOjA=|01de50e9ec1f1d4c097d8c3b48143f0f|983e131cdf8fb718bddc95752183598db0d80b5c--mYoukuUserId=1045445663
06-27 16:38:08.428 I/YoukuInitTool(26344): checkYoukuCookieefreshMsg mYoukuLoginSuccess=truemYoukuRefreshTime=1200
06-27 16:38:08.446 D/AndroidRuntime(27291): Calling main entry com.android.commands.am.Am
06-27 16:38:08.448 I/ActivityManager( 2310): Force stopping com.jamdeo.tv.vod appid=10021 user=0: from pid 27291
06-27 16:38:08.448 I/ActivityManager( 2310): Killing 26344:com.jamdeo.tv.vod/u0a21 (adj 0): stop com.jamdeo.tv.vod
06-27 16:38:08.466 I/bt_hci  ( 2856): BLE HCI(id=62) event = 0x02)
06-27 16:38:08.466 I/bt_hci  ( 2856): btu_ble_process_adv_pkt
06-27 16:38:08.466 D/bt_btm  ( 2856): btm_ble_update_inq_result scan_rsp=false, to_report=false,                              scan_type_active=1
06-27 16:38:08.466 D/bt_btm  ( 2856): BR/EDR NOT SUPPORT bit set, LE only device
06-27 16:38:08.467 I/bt_hci  ( 2856): BLE HCI(id=62) event = 0x02)
06-27 16:38:08.467 I/bt_hci  ( 2856): btu_ble_process_adv_pkt
06-27 16:38:08.467 D/bt_btm  ( 2856): BR/EDR NOT SUPPORT bit set, LE only device
06-27 16:38:08.467 E/bt_btm  ( 2856): [BLE Inquiry Trace]btm_ble_process_adv_pkt_cont: Received BLE Scan Response.
06-27 16:38:08.467 D/bt_btif ( 2856): bta_dm_observe_results_cb
06-27 16:38:08.467 I/bt_btm  ( 2856): BTM_InqDbRead: bd addr [787dd92a00f0]
06-27 16:38:08.467 E/bt_btif ( 2856): [BLE Inquiry Trace]bta_scan_results_cb event=BTA_DM_INQ_RES_EVT
06-27 16:38:08.467 I/bt_btm  ( 2856): BTM_CheckEirData type=0x09
06-27 16:38:08.467 I/bt_btm  ( 2856): BTM_CheckEirData type=0x09
06-27 16:38:08.467 I/bt_btm  ( 2856): BTM_CheckEirData type=0x08
06-27 16:38:08.468 D/bt_btif ( 2856): in, bd addr:78:7d:d9:2a:00:f0, prop type:5, len:4
06-27 16:38:08.468 I/bt_btif ( 2856): HAL bt_gatt_callbacks->client->scan_result_cb
06-27 16:38:08.469 D/BluetoothLeScanner( 2500): onScanResult() - ScanResult{mDevice=78:7D:D9:2A:00:F0, mScanRecord=ScanRecord [mAdvertiseFlags=6, mServiceUuids=null, mManufacturerSpecificData={76=[16, 2, 11, 0]}, mServiceData={}, mTxPowerLevel=-2147483648, mDeviceName=null], mRssi=-85, mTimestampNanos=3697582711617}
06-27 16:38:08.554 D/WifiService( 2310): Client connection lost with reason: 4
06-27 16:38:08.556 I/WindowState( 2310): WIN DEATH: Window{b658554 u0 com.jamdeo.tv.vod/com.jamdeo.tv.vod.MasterViewActivity}
06-27 16:38:08.556 D/GraphicsStats( 2310): Buffer count: 1
06-27 16:38:08.561 D/PowerManagerService( 2310): setScreenBrightnessOverrideFromWindowManagerInternal done
06-27 16:38:08.602 D/hwcomposer( 1632): GOP[0]:disable afbc
06-27 16:38:08.602 E/Utopia  ( 1632): [GOP DRV][MDrv_GOP_AFBC_Core_Enable] GOP AFBC mode not support GOP 0 
06-27 16:38:08.602 E/Utopia  ( 1632): [GOP mAPI][GOPIoctl][11317] ERROR on cmd:0x501
06-27 16:38:08.609 D/ActivityManager( 2310): cleanUpApplicationRecord -- 26344
06-27 16:38:08.609 W/ActivityManager( 2310): Scheduling restart of crashed service com.jamdeo.tv.vod/com.sohuott.vod.security.LocaleServerService in 1000ms
06-27 16:38:08.610 W/ActivityManager( 2310): Force removing ActivityRecord{1d55a45 u0 com.jamdeo.tv.vod/.MasterViewActivity t397}: app died, no saved state
06-27 16:38:08.610 I/UsageStatsService( 2310): paused component:com.jamdeo.tv.vod
06-27 16:38:08.610 V/UsageStatsService( 2310): Paused: 3697725   Component: com.jamdeo.tv.vod/com.jamdeo.tv.vod.MasterViewActivity   Time: 1498552688610 LastSessionTime: 50194 CumulativeSessionTime: 1055813
06-27 16:38:08.612 W/ContextImpl( 2310): Calling a method in the system process without a qualified user: android.app.ContextImpl.sendBroadcast:763 com.android.server.usage.UsageStatsService.insertUsageStats:2048 com.android.server.usage.UsageStatsService$PkgUsageStatsExtended.updatePause:1923 com.android.server.usage.UsageStatsService$LocalService.notePauseComponent:1706 com.android.server.am.ActivityManagerService.updateUsageStats:3520 
06-27 16:38:08.615 D/hwcomposer( 1632): lastHWWindowInfo is dirty
06-27 16:38:08.621 I/ActivityManager( 2310): TR18) TaskRecord{216e059 #382 A=com.jamdeo.launcher U=0 sz=1}
06-27 16:38:08.621 I/ActivityManager( 2310): TR17) TaskRecord{e3f24cd #397 A=com.jamdeo.tv.vod U=0 sz=0}
06-27 16:38:08.643 I/TVMW@devctrl( 1731): wdt
06-27 16:38:08.646 D/PowerManagerService( 2310): setScreenBrightnessOverrideFromWindowManagerInternal done
06-27 16:38:08.653 E/TV_JNI_CONFIG( 2539): til_get_cfg_param returned fail -22!
06-27 16:38:08.653 E/StorageHelper( 2539): NativeConfigStorageHelper load() failed. Native getOption returned :-22
06-27 16:38:08.653 W/ConfigurationService( 2539): errorFlag = null, continue to recycle check
06-27 16:38:08.673 W/art     ( 2310): Suspending all threads took: 14.280ms
06-27 16:38:08.680 I/TVMW@picture( 1731): Hisense {getMEMCLevelForHAL,1344} eMemcLevel = 2
06-27 16:38:08.680 D/til@system( 2539): get TIL_MEMC_MODE
06-27 16:38:08.680 I/TVMW@picture( 1731): Hisense {getMEMCLevel,1332} source = 13, memcLevel = 2
06-27 16:38:08.682 E/TVMW@videoctrl( 1731): hs_mw_videoctrl.cpp getOsdShow result is        0
06-27 16:38:08.691 I/ActivityManager( 2310): accel TR18) TaskRecord{216e059 #382 A=com.jamdeo.launcher U=0 sz=1}
06-27 16:38:08.691 I/ActivityManager( 2310): accel TR17) TaskRecord{e3f24cd #397 A=com.jamdeo.tv.vod U=0 sz=0}
06-27 16:38:08.695 I/UsageStatsService( 2310): resumed component name is ComponentInfo{com.jamdeo.launcher/com.jamdeo.launcher.app.BaseTileActivity}
06-27 16:38:08.695 I/BaseTileActivity( 2879): onRestart - mStackId: 3, mTileType:7, mRestored:false, mTileName:com.jamdeo.tv.vod entry:ca15929
06-27 16:38:08.695 I/UsageStatsService( 2310): notifyAppSwitch() App switch from:com.jamdeo.tv.vod to com.jamdeo.launcher  and preCom is :com.jamdeo.tv.vod.VodActivity current com is:null
06-27 16:38:08.696 I/UsageStatsService( 2310): started component:com.jamdeo.launcher
06-27 16:38:08.696 V/PackageManager( 2310): getPackageInfo com.jamdeo.launcher: Package{90caa60 com.jamdeo.launcher}
06-27 16:38:08.696 V/UsageStatsService( 2310): Resumed: 3697810   Component: com.jamdeo.launcher/com.jamdeo.launcher.app.BaseTileActivity   Time: 1498552688696 VersionCode: 100000000   LastUpdateTime: 1484613855000
06-27 16:38:08.699 W/ContextImpl( 2310): Calling a method in the system process without a qualified user: android.app.ContextImpl.sendBroadcast:763 com.android.server.usage.UsageStatsService.insertUsageStats:2048 com.android.server.usage.UsageStatsService$PkgUsageStatsExtended.updateResume:1906 com.android.server.usage.UsageStatsService$LocalService.noteResumeComponent:1657 com.android.server.am.ActivityManagerService.updateUsageStats:3511 
06-27 16:38:08.701 D/PowerManagerService( 2310): setScreenBrightnessOverrideFromWindowManagerInternal done
06-27 16:38:08.706 D/PowerManagerService( 2310): setScreenBrightnessOverrideFromWindowManagerInternal done
06-27 16:38:08.707 D/AndroidRuntime(27291): Shutting down VM
06-27 16:38:08.708 W/ActivityManager( 2310): Spurious death for ProcessRecord{423f600 0:com.jamdeo.tv.vod/u0a21}, curProc for 26344: null
06-27 16:38:08.711 I/BaseTileActivity( 2879): onStart - mStackId: 3, mTileType:7, mRestored:false, mTileName:com.jamdeo.tv.vod ca15929
06-27 16:38:08.711 I/LauncherSwitcher( 2879): addBaseActivity: activity:ca15929
06-27 16:38:08.711 I/BaseTileActivity( 2879): onResume - mStackId: 3, mTileType:7, mRestored:false, mCreateTime:304831, mTileName:com.jamdeo.tv.vod, currentTime:3697825 ca15929
06-27 16:38:08.711 I/LauncherSwitcher( 2879): addBaseActivity: activity:ca15929
06-27 16:38:08.717 D/ShutdownManager( 2488): Intent received, action=launcher_at_bottom
06-27 16:38:08.718 W/Activity( 2879): changePanelKeyPadStateIfNecessary() : false
06-27 16:38:08.718 V/InputManager( 2879): setPanelKeyPadConvertState() : false
06-27 16:38:08.721 D/ShutdownManager( 2488): stopMonitoringInputEvent for token=com.jamdeo.ShutdownManager.Inactivity.ScreenSaver
06-27 16:38:08.724 D/GlobalInputEventMonitoringService( 2310): cancel monitor: token=com.jamdeo.ShutdownManager.Inactivity.ScreenSaver
06-27 16:38:08.724 I/GlobalInputEventMonitoringService( 2310): scheduleReScanMonitorEntries request = null
06-27 16:38:08.724 V/GlobalInputEventMonitoringService( 2310): handleMessage: entry what=1
06-27 16:38:08.724 D/TvInputManagerService( 2310): call enableMotionEventNotifier:false
06-27 16:38:08.725 D/ShutdownManager( 2488): enableScreenSaver: return. Screen Saver Switch off
06-27 16:38:08.725 D/ShutdownManager( 2488): STOP_SCREENSAVER mDreamState=PREPARESTOP
06-27 16:38:08.725 D/ShutdownManager( 2488): broadcast com.jamdeo.intent.STOP_SCREENSAVER
06-27 16:38:08.730 D/PowerManagerService( 2310): wakeUpNoUpdateLocked: eventTime=3697844, uid=1000
06-27 16:38:08.738 I/art     ( 2310): Background sticky concurrent mark sweep GC freed 102597(7MB) AllocSpace objects, 17(340KB) LOS objects, 31% free, 18MB/27MB, paused 19.082ms total 126.730ms
06-27 16:38:08.742 D/Surface ( 2310): onStatusChange() : mNativeObject = 367621195920 mUseImageHwRender = false
06-27 16:38:08.742 V/Surface ( 2310): nativeSetHardwareRender() : status = 0
06-27 16:38:08.742 V/Surface ( 2310): nativeSetHardwareRender() : end
06-27 16:38:08.742 D/OsdMonitorService( 2310): mCurrentWindow = com.jamdeo.tv.vod/com.jamdeo.tv.vod.MasterViewActivity; newWindow = com.jamdeo.launcher/com.jamdeo.launcher.app.BaseTileActivity; isSubWindow = false; isInWinList = false; isExitNow = false
06-27 16:38:08.742 D/OsdMonitorService( 2310): windowNotOsd() : name = com.jamdeo.launcher/com.jamdeo.launcher.app.BaseTileActivity
06-27 16:38:08.742 I/OsdMonitorService( 2310): setOsdStatus() : status will change from true to true
06-27 16:38:08.745 D/PowerManagerService( 2310): setScreenBrightnessOverrideFromWindowManagerInternal done
06-27 16:38:08.751 D/Surface ( 2310): onStatusChange() : mNativeObject = 0 mUseImageHwRender = false
06-27 16:38:08.753 D/Surface ( 2879): onStatusChange() : mNativeObject = 367624631920 mUseImageHwRender = false
06-27 16:38:08.753 V/Surface ( 2879): nativeSetHardwareRender() : status = 0
06-27 16:38:08.753 V/Surface ( 2879): nativeSetHardwareRender() : end
06-27 16:38:08.755 D/mali_winsys( 2879): new_window_surface returns 0x3000
06-27 16:38:08.756 D/gralloc ( 1632): usage is GRALLOC_USAGE_AFBC_OFF!!!!!
06-27 16:38:08.756 D/gralloc ( 1632): allocate memory from system heap
06-27 16:38:08.759 D/gralloc ( 1632): usage is GRALLOC_USAGE_AFBC_OFF!!!!!
06-27 16:38:08.759 D/gralloc ( 1632): allocate memory from system heap
06-27 16:38:08.761 D/gralloc ( 1632): usage is GRALLOC_USAGE_AFBC_OFF!!!!!
06-27 16:38:08.761 D/gralloc ( 1632): allocate memory from system heap
06-27 16:38:08.767 I/RecentDataManager( 2879): mPkgReceiver: action android.intent.action.PACKAGE_RESTARTED
06-27 16:38:08.767 I/RecentDataManager( 2879): package com.jamdeo.tv.vod removed
06-27 16:38:08.768 W/InputMethodManagerService( 2310): Got RemoteException sending setActive(false) notification to pid 26344 uid 10021
06-27 16:38:08.772 I/BaseTileActivity( 2879): mHandleBackTask run - mStackId: 3, mTileType:7, mRestored:false, mTileName:com.jamdeo.tv.vod, topApp:null, mCheckTopAppFlag:false entry:ca15929
06-27 16:38:08.772 I/BaseTileActivity( 2879): handleTileBack - mStackId: 3, mTileType:7
06-27 16:38:08.772 I/BaseTileActivity( 2879): , prevStackId:-1, mTileName:com.jamdeo.tv.vod
06-27 16:38:08.772 I/GlobalPanel( 2879): showLauncherAtBottom mLauncherAtBottom:true
06-27 16:38:08.773 V/InputMethodService( 2868): unbindInput(): binding=InputBinding{android.os.BinderProxy@ab1aeee / uid 10021 / pid 26344} ic=com.android.internal.view.InputConnectionWrapper@b082f8f
06-27 16:38:08.775 V/InputMethodService( 2868): bindInput(): binding=InputBinding{android.os.BinderProxy@b07837 / uid 10005 / pid 2879} ic=com.android.internal.view.InputConnectionWrapper@9ed2408
06-27 16:38:08.776 V/InputMethodService( 2868): startInput(): editor=android.view.inputmethod.EditorInfo@122f7a1
06-27 16:38:08.776 V/InputMethodService( 2868): CALL: onFinishInput
06-27 16:38:08.776 E/SOGOUIME_JNI( 2868): reset
06-27 16:38:08.777 E/SOGOUIME_JNI( 2868): getCandidates
06-27 16:38:08.777 E/SOGOUIME_JNI( 2868): ime_get_uncommitted_length
06-27 16:38:08.777 E/SOGOUIME_JNI( 2868): getCandidates
06-27 16:38:08.778 D/SogouIME API( 2868): ==============num:32
06-27 16:38:08.778 E/SOGOUIME_JNI( 2868): ime_get_uncommitted_length
06-27 16:38:08.778 D/SogouIME( 2868): mFocusedComponent:30   isHkbEnable:false
06-27 16:38:08.779 E/SOGOUIME_JNI( 2868): ime_get_uncommitted_length
06-27 16:38:08.779 E/SOGOUIME_JNI( 2868): ime_get_committed_length
06-27 16:38:08.779 E/SOGOUIME_JNI( 2868): getComposingInfo
06-27 16:38:08.779 E/SOGOUIME_JNI( 2868): getComposingInfo
06-27 16:38:08.779 E/SOGOUIME_JNI( 2868): getCorrectInfo
06-27 16:38:08.779 E/SOGOUIME_JNI( 2868): getComposingInfo
06-27 16:38:08.780 V/InputMethodService( 2868): CALL: onStartInput
06-27 16:38:08.780 E/SOGOUIME_JNI( 2868): ime_setClinetPackageName
06-27 16:38:08.780 E/SOGOUIME_JNI( 2868): invalidateCommitWordPinyinNative
06-27 16:38:08.781 D/SogouIME( 2868): =====configKeyboard=======是否有硬件盘:false     硬件盘是否不再隐藏：false
06-27 16:38:08.781 E/SOGOUIME_JNI( 2868): ime_set_hard_kb_enable
06-27 16:38:08.783 D/gralloc ( 1632): allocate memory from system heap
06-27 16:38:08.792 I/GlobalPanel( 2879): showing global panel, onlyBackground=false, mState=HIDDEN, mItemChangingPlace=false
06-27 16:38:08.793 I/GlobalView( 2879): setActiveTile, presenter: com.jamdeo.launcher.widget.adpter.SecondaryAppsContainerPresenter@f6172b
06-27 16:38:08.793 I/GlobalPanel( 2879): current tile name is com.jamdeo.tv.vod
06-27 16:38:08.794 D/OsdMonitorService( 2310): mCurrentWindow = com.jamdeo.launcher/com.jamdeo.launcher.app.BaseTileActivity; newWindow = com.jamdeo.launcher/com.jamdeo.launcher.app.BaseTileActivity; isSubWindow = false; isInWinList = false; isExitNow = false
06-27 16:38:08.795 D/OsdMonitorService( 2310): windowNotOsd() : name = com.jamdeo.launcher/com.jamdeo.launcher.app.BaseTileActivity
06-27 16:38:08.795 I/OsdMonitorService( 2310): setOsdStatus() : status will change from true to true
06-27 16:38:08.795 D/PowerManagerService( 2310): setScreenBrightnessOverrideFromWindowManagerInternal done
06-27 16:38:08.797 D/PowerManagerService( 2310): setScreenBrightnessOverrideFromWindowManagerInternal done
06-27 16:38:08.802 D/PowerManagerService( 2310): setScreenBrightnessOverrideFromWindowManagerInternal done
06-27 16:38:08.807 I/GlobalView( 2879): checkToRequestFocus, mActiveContainerId = 3, focus view = com.jamdeo.launcher.widget.SecondaryAppsContainer{197ae62 VFE...... .......D 0,482-1920,1578}
06-27 16:38:08.808 I/GlobalLinearLayoutManager( 2879): requestChildRectangleOnScreen child view com.jamdeo.launcher.widget.SecondaryAppsContainer{197ae62 VFE...... .......D 0,482-1920,1578}
06-27 16:38:08.808 I/GlobalView( 2879): requestChildFocus pos:3
06-27 16:38:08.818 D/OsdMonitorService( 2310): mCurrentWindow = com.jamdeo.launcher/com.jamdeo.launcher.app.BaseTileActivity; newWindow = com.jamdeo.launcher/com.jamdeo.launcher.app.BaseTileActivity; isSubWindow = false; isInWinList = false; isExitNow = false
06-27 16:38:08.818 D/OsdMonitorService( 2310): windowNotOsd() : name = com.jamdeo.launcher/com.jamdeo.launcher.app.BaseTileActivity
06-27 16:38:08.818 I/OsdMonitorService( 2310): setOsdStatus() : status will change from true to true
06-27 16:38:08.818 D/PowerManagerService( 2310): setScreenBrightnessOverrideFromWindowManagerInternal done
06-27 16:38:08.821 D/PowerManagerService( 2310): setScreenBrightnessOverrideFromWindowManagerInternal done
06-27 16:38:08.822 D/hwcomposer( 1632): GOP[0]:AFBC MODE FBString = 0
06-27 16:38:08.825 D/SecondaryAppsPresenter( 2879): callBack: com.jamdeo.launcher.widget.SecondaryAppsContainer{197ae62 VFE...... .......D 0,482-1920,1578} contains: false
06-27 16:38:08.832 D/hwcomposer( 1632): lastHWWindowInfo is dirty
06-27 16:38:08.834 D/PowerManagerService( 2310): setScreenBrightnessOverrideFromWindowManagerInternal done
06-27 16:38:08.837 D/Surface ( 2310): onStatusChange() : mNativeObject = 367619324736 mUseImageHwRender = false
06-27 16:38:08.837 V/Surface ( 2310): nativeSetHardwareRender() : status = 0
06-27 16:38:08.837 V/Surface ( 2310): nativeSetHardwareRender() : end
06-27 16:38:08.837 D/OsdMonitorService( 2310): mCurrentWindow = com.jamdeo.launcher/com.jamdeo.launcher.app.BaseTileActivity; newWindow = GlobalPanel; isSubWindow = false; isInWinList = false; isExitNow = false
06-27 16:38:08.837 D/OsdMonitorService( 2310): windowNotOsd() : name = GlobalPanel
06-27 16:38:08.837 I/OsdMonitorService( 2310): setOsdStatus() : status will change from true to true
06-27 16:38:08.850 D/PowerManagerService( 2310): setScreenBrightnessOverrideFromWindowManagerInternal done
06-27 16:38:08.852 D/PowerManagerService( 2310): setScreenBrightnessOverrideFromWindowManagerInternal done
06-27 16:38:08.853 D/Surface ( 2310): onStatusChange() : mNativeObject = 0 mUseImageHwRender = false
06-27 16:38:08.854 D/Surface ( 2879): onStatusChange() : mNativeObject = 367629566256 mUseImageHwRender = false
06-27 16:38:08.854 V/Surface ( 2879): nativeSetHardwareRender() : status = 0
06-27 16:38:08.854 V/Surface ( 2879): nativeSetHardwareRender() : end
06-27 16:38:08.856 D/mali_winsys( 2879): new_window_surface returns 0x3000
06-27 16:38:08.858 D/gralloc ( 1632): usage is GRALLOC_USAGE_AFBC_OFF!!!!!
06-27 16:38:08.858 D/gralloc ( 1632): allocate memory from system heap
06-27 16:38:08.860 D/gralloc ( 1632): usage is GRALLOC_USAGE_AFBC_OFF!!!!!
06-27 16:38:08.860 D/gralloc ( 1632): allocate memory from system heap
06-27 16:38:08.863 D/gralloc ( 1632): usage is GRALLOC_USAGE_AFBC_OFF!!!!!
06-27 16:38:08.863 D/gralloc ( 1632): allocate memory from system heap
06-27 16:38:08.978 D/gralloc ( 1632): allocate memory from system heap
06-27 16:38:08.991 D/PowerManagerService( 2310): setScreenBrightnessOverrideFromWindowManagerInternal done
06-27 16:38:08.995 D/PowerManagerService( 2310): setScreenBrightnessOverrideFromWindowManagerInternal done
06-27 16:38:09.002 D/PowerManagerService( 2310): setScreenBrightnessOverrideFromWindowManagerInternal done
06-27 16:38:09.007 I/GlobalView( 2879): requestChildFocus pos:3
06-27 16:38:09.007 I/SecondaryAppsContainer( 2879): onMeasure itemCount:20 childHeight:274 heightSize:1096
06-27 16:38:09.048 D/hwcomposer( 1632): lastHWWindowInfo is dirty
06-27 16:38:09.096 D/gralloc ( 1632): allocate memory from system heap
06-27 16:38:09.179 E/til@com ( 2539): Cominit open uart error: No such file or directory
06-27 16:38:09.183 I/TVMW@picture( 1731): Hisense {getMEMCLevelForHAL,1344} eMemcLevel = 2
06-27 16:38:09.184 D/til@system( 2539): get TIL_MEMC_MODE
06-27 16:38:09.184 I/TVMW@picture( 1731): Hisense {getMEMCLevel,1332} source = 13, memcLevel = 2
06-27 16:38:09.187 E/TVMW@videoctrl( 1731): hs_mw_videoctrl.cpp getOsdShow result is        1
06-27 16:38:09.188 I/MiSysSrv( 1696): [0mNot support now! 42, change to mm_video!!!
06-27 16:38:09.188 I/MiSysSrv( 1696): [HDR][virtual EN_MAPI_HDR_RESULT mapi_video_base::GetHdrAttributes(EN_MAPI_HDR_ATTRIBUTES, EN_MAPI_HDR_TYPE, void*, MAPI_U16) Line 9641] win 0, input 42 not support!
06-27 16:38:09.188 I/MiSysSrv( 1696): [1;31m<<<MI_ATOM_DISPLAY_GetHdrAttributes[7815] Ret=4[0m[1;31m<<<MI_IMPL_DISPLAY_GetWindowAttr[3738] return ERR!
06-27 16:38:09.189 I/TVMW@pqctrl( 1731): [getHDRType:551] HDR Type = 0
06-27 16:38:09.189 I/TVMW@picture( 1731): Hisense {GetPictureMode,472} Source = 13, pePictureMode = 0
06-27 16:38:09.189 I/TVMW@picture( 1731): Hisense {setMEMCLevelTemp,1304} ePicMode = 0, eAspect = 0, eFRCTypeIndex = 3, memcLevel = 0
06-27 16:38:09.189 I/TVMW@picture( 1731): setMEMCLevelTemp OUT,ret:0
06-27 16:38:09.319 D/PowerManagerService( 2310): setScreenBrightnessOverrideFromWindowManagerInternal done
06-27 16:38:09.338 D/gralloc ( 1632): allocate memory from system heap
06-27 16:38:09.471 D/AndroidRuntime(27311): >>>>>> START com.android.internal.os.RuntimeInit uid 2000 <<<<<<
06-27 16:38:09.474 D/AndroidRuntime(27311): CheckJNI is OFF
06-27 16:38:09.503 D/ICU     (27311): No timezone override file found: /data/misc/zoneinfo/current/icu/icu_tzdata.dat
06-27 16:38:09.516 V/Surface (27311): register_android_view_Surface() : start
06-27 16:38:09.516 V/Surface (27311): register_android_view_Surface() : end
06-27 16:38:09.540 D/DtvSourcePlugin-DTMB( 3472): Setting the EPG Updater state to: WAIT
06-27 16:38:09.544 I/TVMW@devctrl( 1731): wdt
06-27 16:38:09.547 D/AndroidRuntime(27311): Calling main entry com.android.commands.input.Input
06-27 16:38:09.547 I/Input   (27311): injectKeyEvent: KeyEvent { action=ACTION_DOWN, keyCode=KEYCODE_HOME, scanCode=0, metaState=0, flags=0x0, repeatCount=0, eventTime=3698661, downTime=3698661, deviceId=-1, source=0x101 }
06-27 16:38:09.549 D/GlobalInputEventMonitoringService( 2310): interceptKeyBeforeQueueing(), event:3, mNeedMonitorKeyEvent:true, mWaitForKeyUpEvent:false
06-27 16:38:09.549 D/GlobalInputEventMonitoringService( 2310): processKeyEvent(), processKeyEvent event:3
06-27 16:38:09.549 D/WindowManager( 2310): interceptKeyTq keycode=3 interactive=true keyguardActive=false policyFlags=2b000000
06-27 16:38:09.550 D/PowerManagerService( 2310): userActivityNoUpdateLocked: eventTime=3698661, event=1, flags=0x0, uid=1000
06-27 16:38:09.550 D/PowerManagerService( 2310): --updatePowerStateLocked--
06-27 16:38:09.550 D/PowerManagerService( 2310): updateWakeLockSummaryLocked: mWakefulness=Awake, mWakeLockSummary=0x0
06-27 16:38:09.550 D/PowerManagerService( 2310): updateUserActivitySummaryLocked: mWakefulness=Awake, mUserActivitySummary=0x1, nextTimeout=3706661 (in 7997 ms)
06-27 16:38:09.550 D/PowerManagerService( 2310): updateDisplayPowerStateLocked: mDisplayReady=true, policy=3, mWakefulness=1, mWakeLockSummary=0x0, mUserActivitySummary=0x1, mBootCompleted=true, mScreenBrightnessBoostInProgress=false
06-27 16:38:09.550 D/PowerManagerService( 2310): updateSuspendBlockerLocked:  needWakeLockSuspendBlocker = false needDisplaySuspendBlocker = true autoSuspend = false interactive = true
06-27 16:38:09.550 D/WindowManager( 2310): interceptKeyTi keyCode=3 down=true repeatCount=0 keyguardOn=false mHomePressed=false canceled=false
06-27 16:38:09.550 I/Input   (27311): injectKeyEvent: KeyEvent { action=ACTION_UP, keyCode=KEYCODE_HOME, scanCode=0, metaState=0, flags=0x0, repeatCount=0, eventTime=3698661, downTime=3698661, deviceId=-1, source=0x101 }
06-27 16:38:09.551 D/GlobalInputEventMonitoringService( 2310): interceptKeyBeforeQueueing(), event:3, mNeedMonitorKeyEvent:true, mWaitForKeyUpEvent:false
06-27 16:38:09.551 D/GlobalInputEventMonitoringService( 2310): processKeyEvent(), processKeyEvent event:3
06-27 16:38:09.551 D/WindowManager( 2310): interceptKeyTq keycode=3 interactive=true keyguardActive=false policyFlags=2b000000
06-27 16:38:09.551 D/WindowManager( 2310): interceptKeyTi keyCode=3 down=false repeatCount=0 keyguardOn=false mHomePressed=true canceled=false
06-27 16:38:09.552 W/TelecomManager( 2310): Telecom Service not found.
06-27 16:38:09.553 D/PowerManagerService( 2310): userActivityNoUpdateLocked: eventTime=3698668, event=0, flags=0x0, uid=1000
06-27 16:38:09.553 D/PowerManagerService( 2310): --updatePowerStateLocked--
06-27 16:38:09.554 D/PowerManagerService( 2310): updateUserActivitySummaryLocked: mWakefulness=Awake, mUserActivitySummary=0x1, nextTimeout=3706668 (in 8000 ms)
06-27 16:38:09.554 D/PowerManagerService( 2310): updateDisplayPowerStateLocked: mDisplayReady=true, policy=3, mWakefulness=1, mWakeLockSummary=0x0, mUserActivitySummary=0x1, mBootCompleted=true, mScreenBrightnessBoostInProgress=false
06-27 16:38:09.554 D/PowerManagerService( 2310): updateSuspendBlockerLocked:  needWakeLockSuspendBlocker = false needDisplaySuspendBlocker = true autoSuspend = false interactive = true
06-27 16:38:09.554 I/WindowManager( 2310): Not starting activity because user setup is in progress: Intent { act=android.intent.action.MAIN cat=[android.intent.category.HOME] flg=0x10200000 (has extras) }
06-27 16:38:09.556 D/AndroidRuntime(27311): Shutting down VM
06-27 16:38:09.649 D/MC_MEMORY( 3088): max: 256.261888 Mb, heap: 4.4848 Mb, allocated: 3.3740 Mb, free: 1.1107 Mb, native heap: 6.6810 Mb, native allocated: 6.6789 Mb, native free: 0.20 Mb
