06-27 16:37:58.007 I/YoukuInitTool(26344): mYoukuToken:AwAbAAD/////AAAA|1498552677|15|aWQ6MTA0NTQ0NTY2Myxubjrmtbfkv6HnlKjmiLc4ODA3MzA0MjA0LHZpcDpmYWxzZSx5dGlkOjEwNDU0NDU2NjMsdGlkOjA=|9fc785156ddcdd6992275632a770b528|0078c1c93400fb0effa062d211af6f8546156593--mYoukuUserId=1045445663
06-27 16:37:58.019 I/TVMW@picture( 1731): Hisense {getMEMCLevelForHAL,1344} eMemcLevel = 2
06-27 16:37:58.020 D/til@system( 2539): get TIL_MEMC_MODE
06-27 16:37:58.020 I/TVMW@picture( 1731): Hisense {getMEMCLevel,1332} source = 13, memcLevel = 2
06-27 16:37:58.022 I/MiSysSrv( 1696): [0mNot support now! 42, change to mm_video!!!
06-27 16:37:58.022 I/TVMW@pqctrl( 1731): [getHDRType:551] HDR Type = 0
06-27 16:37:58.022 I/MiSysSrv( 1696): [HDR][virtual EN_MAPI_HDR_RESULT mapi_video_base::GetHdrAttributes(EN_MAPI_HDR_ATTRIBUTES, EN_MAPI_HDR_TYPE, void*, MAPI_U16) Line 9641] win 0, input 42 not support!
06-27 16:37:58.022 I/MiSysSrv( 1696): [1;31m<<<MI_ATOM_DISPLAY_GetHdrAttributes[7815] Ret=4[0m[1;31m<<<MI_IMPL_DISPLAY_GetWindowAttr[3738] return ERR!
06-27 16:37:58.022 I/TVMW@picture( 1731): Hisense {GetPictureMode,472} Source = 13, pePictureMode = 0
06-27 16:37:58.022 I/TVMW@picture( 1731): Hisense {setMEMCLevelTemp,1304} ePicMode = 0, eAspect = 0, eFRCTypeIndex = 3, memcLevel = 0
06-27 16:37:58.022 I/TVMW@picture( 1731): setMEMCLevelTemp OUT,ret:0
06-27 16:37:58.031 I/YoukuInitTool(26344): checkYoukuCookieefreshMsg mYoukuLoginSuccess=truemYoukuRefreshTime=1200
06-27 16:37:58.042 I/AccessibilityNodeInfoDumper(26317): Skipping invisible child: android.view.accessibility.AccessibilityNodeInfo@80025d3e; boundsInParent: Rect(0, 0 - 1920, 0); boundsInScreen: Rect(0, 180 - 1920, 180); packageName: com.jamdeo.tv.vod; className: android.widget.LinearLayout; text: null; error: null; maxTextLength: -1; contentDescription: null; viewIdResName: com.jamdeo.tv.vod:id/classify_line_container; checkable: false; checked: false; focusable: false; focused: false; selected: false; clickable: false; longClickable: false; contextClickable: false; enabled: true; password: false; scrollable: false; actions: [AccessibilityAction: ACTION_SELECT - null, AccessibilityAction: ACTION_CLEAR_SELECTION - null, AccessibilityAction: ACTION_ACCESSIBILITY_FOCUS - null, AccessibilityAction: ACTION_UNKNOWN - null]
06-27 16:37:58.054 I/AccessibilityNodeInfoDumper(26317): Skipping invisible child: android.view.accessibility.AccessibilityNodeInfo@80024a79; boundsInParent: Rect(0, 0 - 18, 18); boundsInScreen: Rect(466, 319 - 398, 316); packageName: com.jamdeo.tv.vod; className: android.widget.ImageView; text: null; error: null; maxTextLength: -1; contentDescription: null; viewIdResName: com.jamdeo.tv.vod:id/iv_coupon_dot; checkable: false; checked: false; focusable: false; focused: false; selected: false; clickable: false; longClickable: false; contextClickable: false; enabled: true; password: false; scrollable: false; actions: [AccessibilityAction: ACTION_SELECT - null, AccessibilityAction: ACTION_CLEAR_SELECTION - null, AccessibilityAction: ACTION_ACCESSIBILITY_FOCUS - null, AccessibilityAction: ACTION_UNKNOWN - null]
06-27 16:37:58.141 I/AccessibilityNodeInfoDumper(26317): Skipping invisible child: android.view.accessibility.AccessibilityNodeInfo@8004aa9b; boundsInParent: Rect(524247, 0 - 524345, 48); boundsInScreen: Rect(352, 1131 - 450, 1080); packageName: com.jamdeo.tv.vod; className: android.widget.TextView; text: 40集全; error: null; maxTextLength: -1; contentDescription: null; viewIdResName: com.jamdeo.tv.vod:id/tv_right_bottom_update; checkable: false; checked: false; focusable: false; focused: false; selected: false; clickable: false; longClickable: false; contextClickable: false; enabled: true; password: false; scrollable: false; actions: [AccessibilityAction: ACTION_SELECT - null, AccessibilityAction: ACTION_CLEAR_SELECTION - null, AccessibilityAction: ACTION_ACCESSIBILITY_FOCUS - null, AccessibilityAction: ACTION_NEXT_AT_MOVEMENT_GRANULARITY - null, AccessibilityAction: ACTION_PREVIOUS_AT_MOVEMENT_GRANULARITY - null, AccessibilityAction: ACTION_SET_SELECTION - null, AccessibilityAction: ACTION_UNKNOWN - null]
06-27 16:37:58.142 I/AccessibilityNodeInfoDumper(26317): Skipping invisible child: android.view.accessibility.AccessibilityNodeInfo@8004a319; boundsInParent: Rect(0, 0 - 372, 41); boundsInScreen: Rect(84, 1187 - 456, 1080); packageName: com.jamdeo.tv.vod; className: android.widget.LinearLayout; text: null; error: null; maxTextLength: -1; contentDescription: null; viewIdResName: com.jamdeo.tv.vod:id/ll_desp; checkable: false; checked: false; focusable: false; focused: false; selected: false; clickable: false; longClickable: false; contextClickable: false; enabled: true; password: false; scrollable: false; actions: [AccessibilityAction: ACTION_SELECT - null, AccessibilityAction: ACTION_CLEAR_SELECTION - null, AccessibilityAction: ACTION_ACCESSIBILITY_FOCUS - null, AccessibilityAction: ACTION_UNKNOWN - null]
06-27 16:37:58.148 I/AccessibilityNodeInfoDumper(26317): Skipping invisible child: android.view.accessibility.AccessibilityNodeInfo@80045444; boundsInParent: Rect(524255, 0 - 524338, 48); boundsInScreen: Rect(747, 1131 - 830, 1080); packageName: com.jamdeo.tv.vod; className: android.widget.TextView; text: 9集全; error: null; maxTextLength: -1; contentDescription: null; viewIdResName: com.jamdeo.tv.vod:id/tv_right_bottom_update; checkable: false; checked: false; focusable: false; focused: false; selected: false; clickable: false; longClickable: false; contextClickable: false; enabled: true; password: false; scrollable: false; actions: [AccessibilityAction: ACTION_SELECT - null, AccessibilityAction: ACTION_CLEAR_SELECTION - null, AccessibilityAction: ACTION_ACCESSIBILITY_FOCUS - null, AccessibilityAction: ACTION_NEXT_AT_MOVEMENT_GRANULARITY - null, AccessibilityAction: ACTION_PREVIOUS_AT_MOVEMENT_GRANULARITY - null, AccessibilityAction: ACTION_SET_SELECTION - null, AccessibilityAction: ACTION_UNKNOWN - null]
06-27 16:37:58.150 I/AccessibilityNodeInfoDumper(26317): Skipping invisible child: android.view.accessibility.AccessibilityNodeInfo@80044cc2; boundsInParent: Rect(0, 0 - 372, 41); boundsInScreen: Rect(464, 1187 - 836, 1080); packageName: com.jamdeo.tv.vod; className: android.widget.LinearLayout; text: null; error: null; maxTextLength: -1; contentDescription: null; viewIdResName: com.jamdeo.tv.vod:id/ll_desp; checkable: false; checked: false; focusable: false; focused: false; selected: false; clickable: false; longClickable: false; contextClickable: false; enabled: true; password: false; scrollable: false; actions: [AccessibilityAction: ACTION_SELECT - null, AccessibilityAction: ACTION_CLEAR_SELECTION - null, AccessibilityAction: ACTION_ACCESSIBILITY_FOCUS - null, AccessibilityAction: ACTION_UNKNOWN - null]
06-27 16:37:58.162 I/AccessibilityNodeInfoDumper(26317): Skipping invisible child: android.view.accessibility.AccessibilityNodeInfo@800479ce; boundsInParent: Rect(0, 0 - 372, 41); boundsInScreen: Rect(844, 1187 - 1216, 1080); packageName: com.jamdeo.tv.vod; className: android.widget.LinearLayout; text: null; error: null; maxTextLength: -1; contentDescription: null; viewIdResName: com.jamdeo.tv.vod:id/ll_desp; checkable: false; checked: false; focusable: false; focused: false; selected: false; clickable: false; longClickable: false; contextClickable: false; enabled: true; password: false; scrollable: false; actions: [AccessibilityAction: ACTION_SELECT - null, AccessibilityAction: ACTION_CLEAR_SELECTION - null, AccessibilityAction: ACTION_ACCESSIBILITY_FOCUS - null, AccessibilityAction: ACTION_UNKNOWN - null]
06-27 16:37:58.171 I/AccessibilityNodeInfoDumper(26317): Skipping invisible child: android.view.accessibility.AccessibilityNodeInfo@80049415; boundsInParent: Rect(524255, 0 - 524338, 48); boundsInScreen: Rect(1507, 1131 - 1590, 1080); packageName: com.jamdeo.tv.vod; className: android.widget.TextView; text: 7集全; error: null; maxTextLength: -1; contentDescription: null; viewIdResName: com.jamdeo.tv.vod:id/tv_right_bottom_update; checkable: false; checked: false; focusable: false; focused: false; selected: false; clickable: false; longClickable: false; contextClickable: false; enabled: true; password: false; scrollable: false; actions: [AccessibilityAction: ACTION_SELECT - null, AccessibilityAction: ACTION_CLEAR_SELECTION - null, AccessibilityAction: ACTION_ACCESSIBILITY_FOCUS - null, AccessibilityAction: ACTION_NEXT_AT_MOVEMENT_GRANULARITY - null, AccessibilityAction: ACTION_PREVIOUS_AT_MOVEMENT_GRANULARITY - null, AccessibilityAction: ACTION_SET_SELECTION - null, AccessibilityAction: ACTION_UNKNOWN - null]
06-27 16:37:58.171 I/AccessibilityNodeInfoDumper(26317): Skipping invisible child: android.view.accessibility.AccessibilityNodeInfo@80048c93; boundsInParent: Rect(0, 0 - 372, 41); boundsInScreen: Rect(1224, 1187 - 1596, 1080); packageName: com.jamdeo.tv.vod; className: android.widget.LinearLayout; text: null; error: null; maxTextLength: -1; contentDescription: null; viewIdResName: com.jamdeo.tv.vod:id/ll_desp; checkable: false; checked: false; focusable: false; focused: false; selected: false; clickable: false; longClickable: false; contextClickable: false; enabled: true; password: false; scrollable: false; actions: [AccessibilityAction: ACTION_SELECT - null, AccessibilityAction: ACTION_CLEAR_SELECTION - null, AccessibilityAction: ACTION_ACCESSIBILITY_FOCUS - null, AccessibilityAction: ACTION_UNKNOWN - null]
06-27 16:37:58.176 E/til@com ( 2539): Cominit open uart error: No such file or directory
06-27 16:37:58.188 I/AccessibilityNodeInfoDumper(26317): Skipping invisible child: android.view.accessibility.AccessibilityNodeInfo@80046348; boundsInParent: Rect(0, 0 - 372, 41); boundsInScreen: Rect(1604, 1187 - 1920, 1080); packageName: com.jamdeo.tv.vod; className: android.widget.LinearLayout; text: null; error: null; maxTextLength: -1; contentDescription: null; viewIdResName: com.jamdeo.tv.vod:id/ll_desp; checkable: false; checked: false; focusable: false; focused: false; selected: false; clickable: false; longClickable: false; contextClickable: false; enabled: true; password: false; scrollable: false; actions: [AccessibilityAction: ACTION_SELECT - null, AccessibilityAction: ACTION_CLEAR_SELECTION - null, AccessibilityAction: ACTION_ACCESSIBILITY_FOCUS - null, AccessibilityAction: ACTION_UNKNOWN - null]
06-27 16:37:58.189 I/AccessibilityNodeInfoDumper(26317): Skipping invisible child: android.view.accessibility.AccessibilityNodeInfo@80027785; boundsInParent: Rect(0, 0 - 1920, 360); boundsInScreen: Rect(0, 1250 - 1920, 1080); packageName: com.jamdeo.tv.vod; className: android.widget.FrameLayout; text: null; error: null; maxTextLength: -1; contentDescription: null; viewIdResName: com.jamdeo.tv.vod:id/pv_content; checkable: false; checked: false; focusable: false; focused: false; selected: false; clickable: false; longClickable: false; contextClickable: false; enabled: true; password: false; scrollable: false; actions: [AccessibilityAction: ACTION_SELECT - null, AccessibilityAction: ACTION_CLEAR_SELECTION - null, AccessibilityAction: ACTION_ACCESSIBILITY_FOCUS - null, AccessibilityAction: ACTION_UNKNOWN - null]
06-27 16:37:58.191 I/AccessibilityNodeInfoDumper(26317): Skipping invisible child: android.view.accessibility.AccessibilityNodeInfo@80027b46; boundsInParent: Rect(0, 0 - 1920, 650); boundsInScreen: Rect(0, 1610 - 1920, 1080); packageName: com.jamdeo.tv.vod; className: android.widget.FrameLayout; text: null; error: null; maxTextLength: -1; contentDescription: null; viewIdResName: com.jamdeo.tv.vod:id/pv_content; checkable: false; checked: false; focusable: false; focused: false; selected: false; clickable: false; longClickable: false; contextClickable: false; enabled: true; password: false; scrollable: false; actions: [AccessibilityAction: ACTION_SELECT - null, AccessibilityAction: ACTION_CLEAR_SELECTION - null, AccessibilityAction: ACTION_ACCESSIBILITY_FOCUS - null, AccessibilityAction: ACTION_UNKNOWN - null]
06-27 16:37:58.193 I/AccessibilityNodeInfoDumper(26317): Skipping invisible child: android.view.accessibility.AccessibilityNodeInfo@80027f07; boundsInParent: Rect(0, 0 - 1920, 360); boundsInScreen: Rect(0, 2260 - 1920, 1080); packageName: com.jamdeo.tv.vod; className: android.widget.FrameLayout; text: null; error: null; maxTextLength: -1; contentDescription: null; viewIdResName: com.jamdeo.tv.vod:id/pv_content; checkable: false; checked: false; focusable: false; focused: false; selected: false; clickable: false; longClickable: false; contextClickable: false; enabled: true; password: false; scrollable: false; actions: [AccessibilityAction: ACTION_SELECT - null, AccessibilityAction: ACTION_CLEAR_SELECTION - null, AccessibilityAction: ACTION_ACCESSIBILITY_FOCUS - null, AccessibilityAction: ACTION_UNKNOWN - null]
06-27 16:37:58.196 I/AccessibilityNodeInfoDumper(26317): Skipping invisible child: android.view.accessibility.AccessibilityNodeInfo@800282c8; boundsInParent: Rect(0, 0 - 1920, 360); boundsInScreen: Rect(0, 2620 - 1920, 1080); packageName: com.jamdeo.tv.vod; className: android.widget.FrameLayout; text: null; error: null; maxTextLength: -1; contentDescription: null; viewIdResName: com.jamdeo.tv.vod:id/pv_content; checkable: false; checked: false; focusable: false; focused: false; selected: false; clickable: false; longClickable: false; contextClickable: false; enabled: true; password: false; scrollable: false; actions: [AccessibilityAction: ACTION_SELECT - null, AccessibilityAction: ACTION_CLEAR_SELECTION - null, AccessibilityAction: ACTION_ACCESSIBILITY_FOCUS - null, AccessibilityAction: ACTION_UNKNOWN - null]
06-27 16:37:58.197 I/AccessibilityNodeInfoDumper(26317): Skipping invisible child: android.view.accessibility.AccessibilityNodeInfo@80028689; boundsInParent: Rect(0, 0 - 1920, 360); boundsInScreen: Rect(0, 2980 - 1920, 1080); packageName: com.jamdeo.tv.vod; className: android.widget.FrameLayout; text: null; error: null; maxTextLength: -1; contentDescription: null; viewIdResName: com.jamdeo.tv.vod:id/pv_content; checkable: false; checked: false; focusable: false; focused: false; selected: false; clickable: false; longClickable: false; contextClickable: false; enabled: true; password: false; scrollable: false; actions: [AccessibilityAction: ACTION_SELECT - null, AccessibilityAction: ACTION_CLEAR_SELECTION - null, AccessibilityAction: ACTION_ACCESSIBILITY_FOCUS - null, AccessibilityAction: ACTION_UNKNOWN - null]
06-27 16:37:58.205 I/AccessibilityNodeInfoDumper(26317): Skipping invisible child: android.view.accessibility.AccessibilityNodeInfo@80028a4a; boundsInParent: Rect(0, 0 - 1920, 360); boundsInScreen: Rect(0, 3340 - 1920, 1080); packageName: com.jamdeo.tv.vod; className: android.widget.FrameLayout; text: null; error: null; maxTextLength: -1; contentDescription: null; viewIdResName: com.jamdeo.tv.vod:id/pv_content; checkable: false; checked: false; focusable: false; focused: false; selected: false; clickable: false; longClickable: false; contextClickable: false; enabled: true; password: false; scrollable: false; actions: [AccessibilityAction: ACTION_SELECT - null, AccessibilityAction: ACTION_CLEAR_SELECTION - null, AccessibilityAction: ACTION_ACCESSIBILITY_FOCUS - null, AccessibilityAction: ACTION_UNKNOWN - null]
06-27 16:37:58.206 I/AccessibilityNodeInfoDumper(26317): Skipping invisible child: android.view.accessibility.AccessibilityNodeInfo@80028e0b; boundsInParent: Rect(0, 0 - 1920, 360); boundsInScreen: Rect(0, 3700 - 1920, 1080); packageName: com.jamdeo.tv.vod; className: android.widget.FrameLayout; text: null; error: null; maxTextLength: -1; contentDescription: null; viewIdResName: com.jamdeo.tv.vod:id/pv_content; checkable: false; checked: false; focusable: false; focused: false; selected: false; clickable: false; longClickable: false; contextClickable: false; enabled: true; password: false; scrollable: false; actions: [AccessibilityAction: ACTION_SELECT - null, AccessibilityAction: ACTION_CLEAR_SELECTION - null, AccessibilityAction: ACTION_ACCESSIBILITY_FOCUS - null, AccessibilityAction: ACTION_UNKNOWN - null]
06-27 16:37:58.206 I/AccessibilityNodeInfoDumper(26317): Skipping invisible child: android.view.accessibility.AccessibilityNodeInfo@800291cc; boundsInParent: Rect(0, 0 - 1920, 360); boundsInScreen: Rect(0, 4060 - 1920, 1080); packageName: com.jamdeo.tv.vod; className: android.widget.FrameLayout; text: null; error: null; maxTextLength: -1; contentDescription: null; viewIdResName: com.jamdeo.tv.vod:id/pv_content; checkable: false; checked: false; focusable: false; focused: false; selected: false; clickable: false; longClickable: false; contextClickable: false; enabled: true; password: false; scrollable: false; actions: [AccessibilityAction: ACTION_SELECT - null, AccessibilityAction: ACTION_CLEAR_SELECTION - null, AccessibilityAction: ACTION_ACCESSIBILITY_FOCUS - null, AccessibilityAction: ACTION_UNKNOWN - null]
06-27 16:37:58.206 I/AccessibilityNodeInfoDumper(26317): Skipping invisible child: android.view.accessibility.AccessibilityNodeInfo@8002958d; boundsInParent: Rect(0, 0 - 1920, 360); boundsInScreen: Rect(0, 4420 - 1920, 1080); packageName: com.jamdeo.tv.vod; className: android.widget.FrameLayout; text: null; error: null; maxTextLength: -1; contentDescription: null; viewIdResName: com.jamdeo.tv.vod:id/pv_content; checkable: false; checked: false; focusable: false; focused: false; selected: false; clickable: false; longClickable: false; contextClickable: false; enabled: true; password: false; scrollable: false; actions: [AccessibilityAction: ACTION_SELECT - null, AccessibilityAction: ACTION_CLEAR_SELECTION - null, AccessibilityAction: ACTION_ACCESSIBILITY_FOCUS - null, AccessibilityAction: ACTION_UNKNOWN - null]
06-27 16:37:58.206 I/AccessibilityNodeInfoDumper(26317): Skipping invisible child: android.view.accessibility.AccessibilityNodeInfo@8002994e; boundsInParent: Rect(0, 0 - 1920, 360); boundsInScreen: Rect(0, 4780 - 1920, 1080); packageName: com.jamdeo.tv.vod; className: android.widget.FrameLayout; text: null; error: null; maxTextLength: -1; contentDescription: null; viewIdResName: com.jamdeo.tv.vod:id/pv_content; checkable: false; checked: false; focusable: false; focused: false; selected: false; clickable: false; longClickable: false; contextClickable: false; enabled: true; password: false; scrollable: false; actions: [AccessibilityAction: ACTION_SELECT - null, AccessibilityAction: ACTION_CLEAR_SELECTION - null, AccessibilityAction: ACTION_ACCESSIBILITY_FOCUS - null, AccessibilityAction: ACTION_UNKNOWN - null]
06-27 16:37:58.206 I/AccessibilityNodeInfoDumper(26317): Skipping invisible child: android.view.accessibility.AccessibilityNodeInfo@80029d0f; boundsInParent: Rect(0, 0 - 1920, 320); boundsInScreen: Rect(0, 5140 - 1920, 1080); packageName: com.jamdeo.tv.vod; className: android.widget.FrameLayout; text: null; error: null; maxTextLength: -1; contentDescription: null; viewIdResName: com.jamdeo.tv.vod:id/pv_content; checkable: false; checked: false; focusable: false; focused: false; selected: false; clickable: false; longClickable: false; contextClickable: false; enabled: true; password: false; scrollable: false; actions: [AccessibilityAction: ACTION_SELECT - null, AccessibilityAction: ACTION_CLEAR_SELECTION - null, AccessibilityAction: ACTION_ACCESSIBILITY_FOCUS - null, AccessibilityAction: ACTION_UNKNOWN - null]
06-27 16:37:58.206 I/AccessibilityNodeInfoDumper(26317): Skipping invisible child: android.view.accessibility.AccessibilityNodeInfo@8002a0d0; boundsInParent: Rect(0, 0 - 1920, 360); boundsInScreen: Rect(0, 5460 - 1920, 1080); packageName: com.jamdeo.tv.vod; className: android.widget.FrameLayout; text: null; error: null; maxTextLength: -1; contentDescription: null; viewIdResName: com.jamdeo.tv.vod:id/pv_content; checkable: false; checked: false; focusable: false; focused: false; selected: false; clickable: false; longClickable: false; contextClickable: false; enabled: true; password: false; scrollable: false; actions: [AccessibilityAction: ACTION_SELECT - null, AccessibilityAction: ACTION_CLEAR_SELECTION - null, AccessibilityAction: ACTION_ACCESSIBILITY_FOCUS - null, AccessibilityAction: ACTION_UNKNOWN - null]
06-27 16:37:58.206 I/AccessibilityNodeInfoDumper(26317): Skipping invisible child: android.view.accessibility.AccessibilityNodeInfo@8002a491; boundsInParent: Rect(0, 0 - 1920, 360); boundsInScreen: Rect(0, 5820 - 1920, 1080); packageName: com.jamdeo.tv.vod; className: android.widget.FrameLayout; text: null; error: null; maxTextLength: -1; contentDescription: null; viewIdResName: com.jamdeo.tv.vod:id/pv_content; checkable: false; checked: false; focusable: false; focused: false; selected: false; clickable: false; longClickable: false; contextClickable: false; enabled: true; password: false; scrollable: false; actions: [AccessibilityAction: ACTION_SELECT - null, AccessibilityAction: ACTION_CLEAR_SELECTION - null, AccessibilityAction: ACTION_ACCESSIBILITY_FOCUS - null, AccessibilityAction: ACTION_UNKNOWN - null]
06-27 16:37:58.207 W/AccessibilityNodeInfoDumper(26317): Fetch time: 222ms
06-27 16:37:58.389 I/YoukuInitTool(26344): hisense2ThirdBySdk : mBindYoukuNum:0
06-27 16:37:58.390 I/YoukuInitTool(26344): mBindYoukuNum:1
06-27 16:37:58.459 E/HeaderTokenManager( 3339): initHiCloudService: Fetching token is failed.
06-27 16:37:58.475 I/YoukuInitTool(26344): mYoukuToken:AwAbAAD/////AAAA|1498552678|15|aWQ6MTA0NTQ0NTY2Myxubjrmtbfkv6HnlKjmiLc4ODA3MzA0MjA0LHZpcDpmYWxzZSx5dGlkOjEwNDU0NDU2NjMsdGlkOjA=|c40aa53320862fb82f33e2132939d736|bac2e9d97be5bd1a773f5e59f39c151c0e6ab49a--mYoukuUserId=1045445663
06-27 16:37:58.477 I/YoukuInitTool(26344): checkYoukuCookieefreshMsg mYoukuLoginSuccess=truemYoukuRefreshTime=1200
06-27 16:37:58.510 I/bt_hci  ( 2856): BLE HCI(id=62) event = 0x02)
06-27 16:37:58.510 I/bt_hci  ( 2856): btu_ble_process_adv_pkt
06-27 16:37:58.510 D/bt_btm  ( 2856): btm_ble_update_inq_result scan_rsp=false, to_report=false,                              scan_type_active=1
06-27 16:37:58.510 D/bt_btm  ( 2856): BR/EDR NOT SUPPORT bit set, LE only device
06-27 16:37:58.524 I/TVMW@picture( 1731): Hisense {getMEMCLevelForHAL,1344} eMemcLevel = 2
06-27 16:37:58.524 D/til@system( 2539): get TIL_MEMC_MODE
06-27 16:37:58.525 I/TVMW@picture( 1731): Hisense {getMEMCLevel,1332} source = 13, memcLevel = 2
06-27 16:37:58.528 I/TVMW@pqctrl( 1731): [getHDRType:551] HDR Type = 0
06-27 16:37:58.528 I/TVMW@picture( 1731): Hisense {GetPictureMode,472} Source = 13, pePictureMode = 0
06-27 16:37:58.529 I/TVMW@picture( 1731): Hisense {setMEMCLevelTemp,1304} ePicMode = 0, eAspect = 0, eFRCTypeIndex = 3, memcLevel = 0
06-27 16:37:58.529 I/TVMW@picture( 1731): setMEMCLevelTemp OUT,ret:0
06-27 16:37:58.529 I/MiSysSrv( 1696): [0mNot support now! 42, change to mm_video!!!
06-27 16:37:58.529 I/MiSysSrv( 1696): [HDR][virtual EN_MAPI_HDR_RESULT mapi_video_base::GetHdrAttributes(EN_MAPI_HDR_ATTRIBUTES, EN_MAPI_HDR_TYPE, void*, MAPI_U16) Line 9641] win 0, input 42 not support!
06-27 16:37:58.529 I/MiSysSrv( 1696): [1;31m<<<MI_ATOM_DISPLAY_GetHdrAttributes[7815] Ret=4[0m[1;31m<<<MI_IMPL_DISPLAY_GetWindowAttr[3738] return ERR!
06-27 16:37:58.642 E/TV_JNI_CONFIG( 2539): til_get_cfg_param returned fail -22!
06-27 16:37:58.642 E/StorageHelper( 2539): NativeConfigStorageHelper load() failed. Native getOption returned :-22
06-27 16:37:58.642 W/ConfigurationService( 2539): errorFlag = null, continue to recycle check
06-27 16:37:58.728 I/TVMW@devctrl( 1731): wdt
06-27 16:37:59.031 I/TVMW@picture( 1731): Hisense {getMEMCLevelForHAL,1344} eMemcLevel = 2
06-27 16:37:59.032 D/til@system( 2539): get TIL_MEMC_MODE
06-27 16:37:59.033 I/TVMW@picture( 1731): Hisense {getMEMCLevel,1332} source = 13, memcLevel = 2
06-27 16:37:59.036 I/TVMW@pqctrl( 1731): [getHDRType:551] HDR Type = 0
06-27 16:37:59.036 I/TVMW@picture( 1731): Hisense {GetPictureMode,472} Source = 13, pePictureMode = 0
06-27 16:37:59.037 I/TVMW@picture( 1731): Hisense {setMEMCLevelTemp,1304} ePicMode = 0, eAspect = 0, eFRCTypeIndex = 3, memcLevel = 0
06-27 16:37:59.037 I/TVMW@picture( 1731): setMEMCLevelTemp OUT,ret:0
06-27 16:37:59.037 I/MiSysSrv( 1696): [0mNot support now! 42, change to mm_video!!!
06-27 16:37:59.037 I/MiSysSrv( 1696): [HDR][virtual EN_MAPI_HDR_RESULT mapi_video_base::GetHdrAttributes(EN_MAPI_HDR_ATTRIBUTES, EN_MAPI_HDR_TYPE, void*, MAPI_U16) Line 9641] win 0, input 42 not support!
06-27 16:37:59.037 I/MiSysSrv( 1696): [1;31m<<<MI_ATOM_DISPLAY_GetHdrAttributes[7815] Ret=4[0m[1;31m<<<MI_IMPL_DISPLAY_GetWindowAttr[3738] return ERR!
06-27 16:37:59.176 E/til@com ( 2539): Cominit open uart error: No such file or directory
06-27 16:37:59.230 I/YoukuInitTool(26344): hisense2ThirdBySdk : mBindYoukuNum:0
06-27 16:37:59.235 I/YoukuInitTool(26344): mBindYoukuNum:1
06-27 16:37:59.319 I/YoukuInitTool(26344): mYoukuToken:AwAbAAD/////AAAA|1498552679|15|aWQ6MTA0NTQ0NTY2Myxubjrmtbfkv6HnlKjmiLc4ODA3MzA0MjA0LHZpcDpmYWxzZSx5dGlkOjEwNDU0NDU2NjMsdGlkOjA=|c727df057092b95f66e8f1992a026eca|40f18b4148fb66e11ecb0282ef26d7c13fbc40c6--mYoukuUserId=1045445663
06-27 16:37:59.324 I/YoukuInitTool(26344): checkYoukuCookieefreshMsg mYoukuLoginSuccess=truemYoukuRefreshTime=1200
06-27 16:37:59.339 I/bt_hci  ( 2856): BLE HCI(id=62) event = 0x02)
06-27 16:37:59.339 I/bt_hci  ( 2856): btu_ble_process_adv_pkt
06-27 16:37:59.339 D/bt_btm  ( 2856): btm_ble_update_inq_result scan_rsp=false, to_report=false,                              scan_type_active=1
06-27 16:37:59.339 D/bt_btm  ( 2856): Random address, treating device as LE only
06-27 16:37:59.340 I/bt_hci  ( 2856): BLE HCI(id=62) event = 0x02)
06-27 16:37:59.340 I/bt_hci  ( 2856): btu_ble_process_adv_pkt
06-27 16:37:59.340 D/bt_btm  ( 2856): Random address, treating device as LE only
06-27 16:37:59.340 E/bt_btm  ( 2856): [BLE Inquiry Trace]btm_ble_process_adv_pkt_cont: Received BLE Scan Response.
06-27 16:37:59.340 D/bt_btif ( 2856): bta_dm_observe_results_cb
06-27 16:37:59.340 I/bt_btm  ( 2856): BTM_InqDbRead: bd addr [48b794062b07]
06-27 16:37:59.340 E/bt_btif ( 2856): [BLE Inquiry Trace]bta_scan_results_cb event=BTA_DM_INQ_RES_EVT
06-27 16:37:59.340 I/bt_btm  ( 2856): BTM_CheckEirData type=0x09
06-27 16:37:59.340 I/bt_btm  ( 2856): BTM_CheckEirData type=0x09
06-27 16:37:59.340 I/bt_btm  ( 2856): BTM_CheckEirData type=0x08
06-27 16:37:59.340 D/bt_btif ( 2856): in, bd addr:48:b7:94:06:2b:07, prop type:5, len:4
06-27 16:37:59.340 I/bt_btif ( 2856): HAL bt_gatt_callbacks->client->scan_result_cb
06-27 16:37:59.343 D/BluetoothLeScanner( 2500): onScanResult() - ScanResult{mDevice=48:B7:94:06:2B:07, mScanRecord=ScanRecord [mAdvertiseFlags=26, mServiceUuids=null, mManufacturerSpecificData={}, mServiceData={}, mTxPowerLevel=-2147483648, mDeviceName=null], mRssi=-74, mTimestampNanos=3688455465119}
06-27 16:37:59.538 I/TVMW@picture( 1731): Hisense {getMEMCLevelForHAL,1344} eMemcLevel = 2
06-27 16:37:59.538 D/til@system( 2539): get TIL_MEMC_MODE
06-27 16:37:59.539 I/TVMW@picture( 1731): Hisense {getMEMCLevel,1332} source = 13, memcLevel = 2
06-27 16:37:59.540 I/TVMW@pqctrl( 1731): [getHDRType:551] HDR Type = 0
06-27 16:37:59.540 I/TVMW@picture( 1731): Hisense {GetPictureMode,472} Source = 13, pePictureMode = 0
06-27 16:37:59.540 I/MiSysSrv( 1696): [0mNot support now! 42, change to mm_video!!!
06-27 16:37:59.540 I/MiSysSrv( 1696): [HDR][virtual EN_MAPI_HDR_RESULT mapi_video_base::GetHdrAttributes(EN_MAPI_HDR_ATTRIBUTES, EN_MAPI_HDR_TYPE, void*, MAPI_U16) Line 9641] win 0, input 42 not support!
06-27 16:37:59.540 I/MiSysSrv( 1696): [1;31m<<<MI_ATOM_DISPLAY_GetHdrAttributes[7815] Ret=4[0m[1;31m<<<MI_IMPL_DISPLAY_GetWindowAttr[3738] return ERR!
06-27 16:37:59.541 I/TVMW@picture( 1731): Hisense {setMEMCLevelTemp,1304} ePicMode = 0, eAspect = 0, eFRCTypeIndex = 3, memcLevel = 0
06-27 16:37:59.541 I/TVMW@picture( 1731): setMEMCLevelTemp OUT,ret:0
06-27 16:37:59.560 D/MC_MEMORY( 3088): max: 256.261888 Mb, heap: 4.4848 Mb, allocated: 3.3727 Mb, free: 1.1120 Mb, native heap: 6.6810 Mb, native allocated: 6.6789 Mb, native free: 0.20 Mb
06-27 16:37:59.628 I/TVMW@devctrl( 1731): wdt
06-27 16:37:59.677 I/YoukuInitTool(26344): hisense2ThirdBySdk : mBindYoukuNum:0
06-27 16:37:59.679 I/YoukuInitTool(26344): mBindYoukuNum:1
06-27 16:37:59.761 I/YoukuInitTool(26344): mYoukuToken:AwAbAAD/////AAAA|1498552679|15|aWQ6MTA0NTQ0NTY2Myxubjrmtbfkv6HnlKjmiLc4ODA3MzA0MjA0LHZpcDpmYWxzZSx5dGlkOjEwNDU0NDU2NjMsdGlkOjA=|c727df057092b95f66e8f1992a026eca|40f18b4148fb66e11ecb0282ef26d7c13fbc40c6--mYoukuUserId=1045445663
06-27 16:37:59.762 I/YoukuInitTool(26344): checkYoukuCookieefreshMsg mYoukuLoginSuccess=truemYoukuRefreshTime=1200
06-27 16:38:00.000 D/PowerManagerService( 2310): acquireWakeLockInternal: lock=57129029, flags=0x40000001, tag="*alarm*", ws=WorkSource{1000}, uid=1000, pid=2310
06-27 16:38:00.004 I/StatusBar( 2879): time status chg:android.intent.action.TIME_TICK
06-27 16:38:00.004 I/StatusBar( 2879): update status bar with index: 1
06-27 16:38:00.004 I/StatusBar( 2879): on update status bar, index: 1
06-27 16:38:00.004 I/StatusBarDataProvider( 2879): update status bar 1
06-27 16:38:00.006 D/PowerManagerService( 2310): releaseWakeLockInternal: lock=57129029 [*alarm*], flags=0x0
06-27 16:38:00.007 I/StatusBar( 2879): Data received with tag:1 false
06-27 16:38:00.041 I/TVMW@picture( 1731): Hisense {getMEMCLevelForHAL,1344} eMemcLevel = 2
06-27 16:38:00.042 D/til@system( 2539): get TIL_MEMC_MODE
06-27 16:38:00.043 I/TVMW@picture( 1731): Hisense {getMEMCLevel,1332} source = 13, memcLevel = 2
06-27 16:38:00.051 I/TVMW@pqctrl( 1731): [getHDRType:551] HDR Type = 0
06-27 16:38:00.051 I/TVMW@picture( 1731): Hisense {GetPictureMode,472} Source = 13, pePictureMode = 0
06-27 16:38:00.051 I/TVMW@picture( 1731): Hisense {setMEMCLevelTemp,1304} ePicMode = 0, eAspect = 0, eFRCTypeIndex = 3, memcLevel = 0
06-27 16:38:00.051 I/TVMW@picture( 1731): setMEMCLevelTemp OUT,ret:0
06-27 16:38:00.053 I/MiSysSrv( 1696): [0mNot support now! 42, change to mm_video!!!
06-27 16:38:00.053 I/MiSysSrv( 1696): [HDR][virtual EN_MAPI_HDR_RESULT mapi_video_base::GetHdrAttributes(EN_MAPI_HDR_ATTRIBUTES, EN_MAPI_HDR_TYPE, void*, MAPI_U16) Line 9641] win 0, input 42 not support!
06-27 16:38:00.053 I/MiSysSrv( 1696): [1;31m<<<MI_ATOM_DISPLAY_GetHdrAttributes[7815] Ret=4[0m[1;31m<<<MI_IMPL_DISPLAY_GetWindowAttr[3738] return ERR!
06-27 16:38:00.153 D/QrRecognization( 2879): handleMessage msg=4
06-27 16:38:00.153 D/QrRecognization( 2879): handleMessage msg=1
06-27 16:38:00.154 D/QrRecognization( 2879): start update screenshot
06-27 16:38:00.154 D/QrRecognization( 2879): QR detection is not enabled in tile com.jamdeo.tv.vod
06-27 16:38:00.154 D/QrRecognization( 2879): error in getBitmap from screen
06-27 16:38:00.177 E/til@com ( 2539): Cominit open uart error: No such file or directory
06-27 16:38:00.179 D/SurfaceFlinger( 1632): [capture screen]:maxLayerZ = -1
06-27 16:38:00.180 D/hwcomposer( 1632): [capture screen]:startCapture ctx->captureScreenAddr = 7f6a0f4000,capture width = 1920,height = 1080
06-27 16:38:00.180 D/hwcomposer( 1632): [capture screen]:Start_Capture 
06-27 16:38:00.182 D/hwcomposer( 1632): [capture screen]:u32MemoryPhyAddress 15800000 u32MemorySize 7e9000
06-27 16:38:00.182 I/Utopia  ( 1632): [DIP API]DIP already Opened
06-27 16:38:00.182 I/Utopia  ( 1632): [DIP API]DIP already Opened
06-27 16:38:00.182 I/Utopia  ( 1632): [DIP API]MDrv_CMD_DIP_GET_RESOURCE[0]   start
06-27 16:38:00.182 I/Utopia  ( 1632): [DIP API]MDrv_CMD_DIP_GET_RESOURCE[0]   end
06-27 16:38:00.182 D/hwcomposer( 1632): [capture screen]:dip win = 0
06-27 16:38:00.182 I/Utopia  ( 1632): [DIP API]DIP already Opened
06-27 16:38:00.182 D/hwcomposer( 1632): [capture screen]: ---enInputSourceType=1
06-27 16:38:00.182 D/hwcomposer( 1632): [capture screen]: ---SetDIPWin x,y,w,h=0,0,3840,2160
06-27 16:38:00.182 D/hwcomposer( 1632): [capture screen]: ---stDispWin x,y,w,h=0,0,0,0
06-27 16:38:00.182 D/hwcomposer( 1632): [capture screen]: ---stCropWin x,y,w,h=0,0,0,0
06-27 16:38:00.182 D/hwcomposer( 1632): [capture screen]: ---bInterlace, bHDuplicate, u16InputVFreq,u16InputVTotal, u16DefaultHtotal, u8DefaultPhase=0,0,0,0,0,0
06-27 16:38:00.182 D/hwcomposer( 1632): [capture screen]: ---bHCusScaling[0] src,dst =0,0
06-27 16:38:00.182 D/hwcomposer( 1632): [capture screen]: ---bVCusScaling[0] src,dst =0,0
06-27 16:38:00.182 D/hwcomposer( 1632): [capture screen]: ---bDisplayNineLattice=0
06-27 16:38:00.182 D/hwcomposer( 1632): [capture screen]: ---PreScalingH[1] src,dst =3840,1920
06-27 16:38:00.182 D/hwcomposer( 1632): [capture screen]: ---PreScalingV[1] src,dst =2160,1080
06-27 16:38:00.182 D/hwcomposer( 1632): [capture screen]: ---u16DefaultPhase=0
06-27 16:38:00.182 D/hwcomposer( 1632): [capture screen]: ---DIP bufcount=1, output w,h=1920,1080, u32BufStart, u32BufEnd = 0x15800000,0x15fe9000, enSource= 6
06-27 16:38:00.182 D/hwcomposer( 1632): [captureScreen]:sucess!!!
06-27 16:38:00.183 D/hwcomposer( 1632): [capture screen]: CaptureDone u16IntStatus 0 
06-27 16:38:00.200 D/hwcomposer( 1632): [capture screen]: delay 16 ms, CaptureDone u16IntStatus 0 
06-27 16:38:00.216 D/hwcomposer( 1632): [capture screen]: delay 32 ms, CaptureDone u16IntStatus 1 
06-27 16:38:00.216 I/Utopia  ( 1632): [DIP API]DIP already Opened
06-27 16:38:00.216 I/Utopia  ( 1632): [DIP API]MDrv_CMD_DIP_RELEASE_RESOURCE[0]   start
06-27 16:38:00.216 I/Utopia  ( 1632): [DIP API]MDrv_CMD_DIP_RELEASE_RESOURCE[0]   end
06-27 16:38:00.216 D/SurfaceFlinger( 1632): [capture screen]:mCaptureDataAddr = 7f6a0f4000,supportWidth = 1920,supportHeight = 1080
06-27 16:38:00.219 D/gralloc ( 1632): usage[0x80333] is AFBC ON and GRALLOC_USAGE_SW_READ_MASK or GRALLOC_USAGE_SW_WRITE_MASK  or GRALLOC_USAGE_HW_VIDEO_ENCODER!!
06-27 16:38:00.219 D/gralloc ( 1632): allocate memory from system heap
06-27 16:38:00.325 W/GLConsumer( 1632): [com.jamdeo.tv.vod/com.jamdeo.tv.vod.MasterViewActivity] bindTextureImage: clearing GL error: 0x500
06-27 16:38:00.326 D/hwcomposer( 1632): [capture screen]: DIP_releaseCaptureScreenMemory!!!!
06-27 16:38:00.329 D/SurfaceFlinger( 1632): captureScreen: end ret =0
06-27 16:38:00.418 D/DtvSourcePlugin-DTMB( 3472): Setting the EPG Updater state to: WAIT
06-27 16:38:00.524 I/YoukuInitTool(26344): hisense2ThirdBySdk : mBindYoukuNum:0
06-27 16:38:00.526 I/YoukuInitTool(26344): mBindYoukuNum:1
06-27 16:38:00.529 I/TVMW@devctrl( 1731): wdt
06-27 16:38:00.555 I/TVMW@picture( 1731): Hisense {getMEMCLevelForHAL,1344} eMemcLevel = 2
06-27 16:38:00.557 D/til@system( 2539): get TIL_MEMC_MODE
06-27 16:38:00.558 I/TVMW@picture( 1731): Hisense {getMEMCLevel,1332} source = 13, memcLevel = 2
06-27 16:38:00.561 I/TVMW@pqctrl( 1731): [getHDRType:551] HDR Type = 0
06-27 16:38:00.561 I/TVMW@picture( 1731): Hisense {GetPictureMode,472} Source = 13, pePictureMode = 0
06-27 16:38:00.561 I/TVMW@picture( 1731): Hisense {setMEMCLevelTemp,1304} ePicMode = 0, eAspect = 0, eFRCTypeIndex = 3, memcLevel = 0
06-27 16:38:00.561 I/TVMW@picture( 1731): setMEMCLevelTemp OUT,ret:0
06-27 16:38:00.561 I/MiSysSrv( 1696): [0mNot support now! 42, change to mm_video!!!
06-27 16:38:00.561 I/MiSysSrv( 1696): [HDR][virtual EN_MAPI_HDR_RESULT mapi_video_base::GetHdrAttributes(EN_MAPI_HDR_ATTRIBUTES, EN_MAPI_HDR_TYPE, void*, MAPI_U16) Line 9641] win 0, input 42 not support!
06-27 16:38:00.561 I/MiSysSrv( 1696): [1;31m<<<MI_ATOM_DISPLAY_GetHdrAttributes[7815] Ret=4[0m[1;31m<<<MI_IMPL_DISPLAY_GetWindowAttr[3738] return ERR!
06-27 16:38:00.631 I/YoukuInitTool(26344): mYoukuToken:AwAbAAD/////AAAA|1498552680|15|aWQ6MTA0NTQ0NTY2Myxubjrmtbfkv6HnlKjmiLc4ODA3MzA0MjA0LHZpcDpmYWxzZSx5dGlkOjEwNDU0NDU2NjMsdGlkOjA=|4137a97bbae7d27da753dfee1062ccfc|73ebfe84e09373fc3a6c832c9c146d4199d7ae70--mYoukuUserId=1045445663
06-27 16:38:00.631 I/YoukuInitTool(26344): checkYoukuCookieefreshMsg mYoukuLoginSuccess=truemYoukuRefreshTime=1200
06-27 16:38:00.644 E/TV_JNI_CONFIG( 2539): til_get_cfg_param returned fail -22!
06-27 16:38:00.644 E/StorageHelper( 2539): NativeConfigStorageHelper load() failed. Native getOption returned :-22
06-27 16:38:00.644 W/ConfigurationService( 2539): errorFlag = null, continue to recycle check
06-27 16:38:00.962 I/YoukuInitTool(26344): hisense2ThirdBySdk : mBindYoukuNum:0
06-27 16:38:00.963 I/YoukuInitTool(26344): mBindYoukuNum:1
06-27 16:38:01.053 I/YoukuInitTool(26344): mYoukuToken:AwAbAAD/////AAAA|1498552681|15|aWQ6MTA0NTQ0NTY2Myxubjrmtbfkv6HnlKjmiLc4ODA3MzA0MjA0LHZpcDpmYWxzZSx5dGlkOjEwNDU0NDU2NjMsdGlkOjA=|b310f66ef53c73cccaef4ed1ea1319b0|45b956c27d5cc1d87451e7d077e5d85bd18544eb--mYoukuUserId=1045445663
06-27 16:38:01.055 I/YoukuInitTool(26344): checkYoukuCookieefreshMsg mYoukuLoginSuccess=truemYoukuRefreshTime=1200
06-27 16:38:01.064 I/TVMW@picture( 1731): Hisense {getMEMCLevelForHAL,1344} eMemcLevel = 2
06-27 16:38:01.068 D/til@system( 2539): get TIL_MEMC_MODE
06-27 16:38:01.068 I/TVMW@picture( 1731): Hisense {getMEMCLevel,1332} source = 13, memcLevel = 2
06-27 16:38:01.071 I/MiSysSrv( 1696): [0mNot support now! 42, change to mm_video!!!
06-27 16:38:01.071 I/MiSysSrv( 1696): [HDR][virtual EN_MAPI_HDR_RESULT mapi_video_base::GetHdrAttributes(EN_MAPI_HDR_ATTRIBUTES, EN_MAPI_HDR_TYPE, void*, MAPI_U16) Line 9641] win 0, input 42 not support!
06-27 16:38:01.071 I/MiSysSrv( 1696): [1;31m<<<MI_ATOM_DISPLAY_GetHdrAttributes[7815] Ret=4[0m[1;31m<<<MI_IMPL_DISPLAY_GetWindowAttr[3738] return ERR!
06-27 16:38:01.071 I/TVMW@pqctrl( 1731): [getHDRType:551] HDR Type = 0
06-27 16:38:01.071 I/TVMW@picture( 1731): Hisense {GetPictureMode,472} Source = 13, pePictureMode = 0
06-27 16:38:01.072 I/TVMW@picture( 1731): Hisense {setMEMCLevelTemp,1304} ePicMode = 0, eAspect = 0, eFRCTypeIndex = 3, memcLevel = 0
06-27 16:38:01.072 I/TVMW@picture( 1731): setMEMCLevelTemp OUT,ret:0
06-27 16:38:01.171 I/bt_hci  ( 2856): BLE HCI(id=62) event = 0x02)
06-27 16:38:01.171 I/bt_hci  ( 2856): btu_ble_process_adv_pkt
06-27 16:38:01.171 D/bt_btm  ( 2856): btm_ble_update_inq_result scan_rsp=false, to_report=false,                              scan_type_active=1
06-27 16:38:01.171 D/bt_btm  ( 2856): Random address, treating device as LE only
06-27 16:38:01.177 E/til@com ( 2539): Cominit open uart error: No such file or directory
06-27 16:38:01.429 I/TVMW@devctrl( 1731): wdt
06-27 16:38:01.499 E/HeaderTokenManager( 3339): initHiCloudService: Fetching token is failed.
06-27 16:38:01.574 I/TVMW@picture( 1731): Hisense {getMEMCLevelForHAL,1344} eMemcLevel = 2
06-27 16:38:01.574 D/til@system( 2539): get TIL_MEMC_MODE
06-27 16:38:01.575 I/TVMW@picture( 1731): Hisense {getMEMCLevel,1332} source = 13, memcLevel = 2
06-27 16:38:01.577 I/TVMW@pqctrl( 1731): [getHDRType:551] HDR Type = 0
06-27 16:38:01.577 I/TVMW@picture( 1731): Hisense {GetPictureMode,472} Source = 13, pePictureMode = 0
06-27 16:38:01.577 I/TVMW@picture( 1731): Hisense {setMEMCLevelTemp,1304} ePicMode = 0, eAspect = 0, eFRCTypeIndex = 3, memcLevel = 0
06-27 16:38:01.577 I/TVMW@picture( 1731): setMEMCLevelTemp OUT,ret:0
06-27 16:38:01.579 I/MiSysSrv( 1696): [0mNot support now! 42, change to mm_video!!!
06-27 16:38:01.579 I/MiSysSrv( 1696): [HDR][virtual EN_MAPI_HDR_RESULT mapi_video_base::GetHdrAttributes(EN_MAPI_HDR_ATTRIBUTES, EN_MAPI_HDR_TYPE, void*, MAPI_U16) Line 9641] win 0, input 42 not support!
06-27 16:38:01.579 I/MiSysSrv( 1696): [1;31m<<<MI_ATOM_DISPLAY_GetHdrAttributes[7815] Ret=4[0m[1;31m<<<MI_IMPL_DISPLAY_GetWindowAttr[3738] return ERR!
06-27 16:38:01.591 D/MyLocalStartService( 4229): currentName is :com.jamdeo.tv.vod
06-27 16:38:01.615 W/UiAutomatorBridge(26317): Could not detect idle state.
06-27 16:38:01.615 W/UiAutomatorBridge(26317): java.util.concurrent.TimeoutException: No idle state with idle timeout: 500 within global timeout: 10000
06-27 16:38:01.615 W/UiAutomatorBridge(26317): 	at android.app.UiAutomation.waitForIdle(UiAutomation.java:591)
06-27 16:38:01.615 W/UiAutomatorBridge(26317): 	at com.android.uiautomator.core.UiAutomatorBridge.waitForIdle(UiAutomatorBridge.java:96)
06-27 16:38:01.615 W/UiAutomatorBridge(26317): 	at com.android.uiautomator.core.UiAutomatorBridge.waitForIdle(UiAutomatorBridge.java:91)
06-27 16:38:01.615 W/UiAutomatorBridge(26317): 	at com.android.uiautomator.core.QueryController.findAccessibilityNodeInfo(QueryController.java:143)
06-27 16:38:01.615 W/UiAutomatorBridge(26317): 	at com.android.uiautomator.core.QueryController.findAccessibilityNodeInfo(QueryController.java:138)
06-27 16:38:01.615 W/UiAutomatorBridge(26317): 	at com.android.uiautomator.core.UiObject.findAccessibilityNodeInfo(UiObject.java:168)
06-27 16:38:01.615 W/UiAutomatorBridge(26317): 	at com.android.uiautomator.core.UiObject.waitForExists(UiObject.java:852)
06-27 16:38:01.615 W/UiAutomatorBridge(26317): 	at com.android.uiautomator.core.UiObject.exists(UiObject.java:903)
06-27 16:38:01.615 W/UiAutomatorBridge(26317): 	at com.android.uiautomator.common.UiWatchers$3.checkForCondition(UiWatchers.java:87)
06-27 16:38:01.615 W/UiAutomatorBridge(26317): 	at com.android.uiautomator.core.UiDevice.runWatchers(UiDevice.java:557)
06-27 16:38:01.615 W/UiAutomatorBridge(26317): 	at com.android.uiautomator.core.UiObject.findAccessibilityNodeInfo(UiObject.java:173)
06-27 16:38:01.615 W/UiAutomatorBridge(26317): 	at com.android.uiautomator.core.UiObject.waitForExists(UiObject.java:852)
06-27 16:38:01.615 W/UiAutomatorBridge(26317): 	at com.android.uiautomator.core.UiObject.exists(UiObject.java:903)
06-27 16:38:01.615 W/UiAutomatorBridge(26317): 	at io.appium.android.bootstrap.utils.TheWatchers.isDialogPresent(TheWatchers.java:51)
06-27 16:38:01.615 W/UiAutomatorBridge(26317): 	at io.appium.android.bootstrap.utils.TheWatchers.check(TheWatchers.java:42)
06-27 16:38:01.615 W/UiAutomatorBridge(26317): 	at io.appium.android.bootstrap.SocketServer$1.run(SocketServer.java:140)
06-27 16:38:01.615 W/UiAutomatorBridge(26317): 	at java.util.Timer$TimerImpl.run(Timer.java:284)
06-27 16:38:01.831 I/YoukuInitTool(26344): hisense2ThirdBySdk : mBindYoukuNum:0
06-27 16:38:01.833 I/YoukuInitTool(26344): mBindYoukuNum:1
06-27 16:38:01.910 I/YoukuInitTool(26344): mYoukuToken:AwAbAAD/////AAAA|1498552681|15|aWQ6MTA0NTQ0NTY2Myxubjrmtbfkv6HnlKjmiLc4ODA3MzA0MjA0LHZpcDpmYWxzZSx5dGlkOjEwNDU0NDU2NjMsdGlkOjA=|b310f66ef53c73cccaef4ed1ea1319b0|45b956c27d5cc1d87451e7d077e5d85bd18544eb--mYoukuUserId=1045445663
06-27 16:38:01.916 I/YoukuInitTool(26344): checkYoukuCookieefreshMsg mYoukuLoginSuccess=truemYoukuRefreshTime=1200
06-27 16:38:02.078 I/TVMW@picture( 1731): Hisense {getMEMCLevelForHAL,1344} eMemcLevel = 2
06-27 16:38:02.079 D/til@system( 2539): get TIL_MEMC_MODE
06-27 16:38:02.079 I/TVMW@picture( 1731): Hisense {getMEMCLevel,1332} source = 13, memcLevel = 2
06-27 16:38:02.084 I/MiSysSrv( 1696): [0mNot support now! 42, change to mm_video!!!
06-27 16:38:02.084 I/MiSysSrv( 1696): [HDR][virtual EN_MAPI_HDR_RESULT mapi_video_base::GetHdrAttributes(EN_MAPI_HDR_ATTRIBUTES, EN_MAPI_HDR_TYPE, void*, MAPI_U16) Line 9641] win 0, input 42 not support!
06-27 16:38:02.084 I/MiSysSrv( 1696): [1;31m<<<MI_ATOM_DISPLAY_GetHdrAttributes[7815] Ret=4[0m[1;31m<<<MI_IMPL_DISPLAY_GetWindowAttr[3738] return ERR!
06-27 16:38:02.085 I/TVMW@pqctrl( 1731): [getHDRType:551] HDR Type = 0
06-27 16:38:02.085 I/TVMW@picture( 1731): Hisense {GetPictureMode,472} Source = 13, pePictureMode = 0
06-27 16:38:02.086 I/TVMW@picture( 1731): Hisense {setMEMCLevelTemp,1304} ePicMode = 0, eAspect = 0, eFRCTypeIndex = 3, memcLevel = 0
06-27 16:38:02.086 I/TVMW@picture( 1731): setMEMCLevelTemp OUT,ret:0
06-27 16:38:02.103 I/bt_hci  ( 2856): BLE HCI(id=62) event = 0x02)
06-27 16:38:02.103 I/bt_hci  ( 2856): btu_ble_process_adv_pkt
06-27 16:38:02.103 D/bt_btm  ( 2856): btm_ble_update_inq_result scan_rsp=false, to_report=false,                              scan_type_active=1
06-27 16:38:02.103 D/bt_btm  ( 2856): BR/EDR NOT SUPPORT bit set, LE only device
06-27 16:38:02.104 I/bt_hci  ( 2856): BLE HCI(id=62) event = 0x02)
06-27 16:38:02.104 I/bt_hci  ( 2856): btu_ble_process_adv_pkt
06-27 16:38:02.104 D/bt_btm  ( 2856): BR/EDR NOT SUPPORT bit set, LE only device
06-27 16:38:02.104 E/bt_btm  ( 2856): [BLE Inquiry Trace]btm_ble_process_adv_pkt_cont: Received BLE Scan Response.
06-27 16:38:02.104 D/bt_btif ( 2856): bta_dm_observe_results_cb
06-27 16:38:02.104 I/bt_btm  ( 2856): BTM_InqDbRead: bd addr [698538082db7]
06-27 16:38:02.104 E/bt_btif ( 2856): [BLE Inquiry Trace]bta_scan_results_cb event=BTA_DM_INQ_RES_EVT
06-27 16:38:02.104 I/bt_btm  ( 2856): BTM_CheckEirData type=0x09
06-27 16:38:02.104 I/bt_btm  ( 2856): BTM_CheckEirData type=0x09
06-27 16:38:02.104 I/bt_btm  ( 2856): BTM_CheckEirData type=0x08
06-27 16:38:02.105 D/bt_btif ( 2856): in, bd addr:69:85:38:08:2d:b7, prop type:5, len:4
06-27 16:38:02.105 I/bt_btif ( 2856): HAL bt_gatt_callbacks->client->scan_result_cb
06-27 16:38:02.106 D/BluetoothLeScanner( 2500): onScanResult() - ScanResult{mDevice=69:85:38:08:2D:B7, mScanRecord=ScanRecord [mAdvertiseFlags=6, mServiceUuids=null, mManufacturerSpecificData={76=[12, 14, 8, -32, -46, 44, 13, -121, -90, 55, 41, 75, -51, 12, 71, 4]}, mServiceData={}, mTxPowerLevel=-2147483648, mDeviceName=null], mRssi=-78, mTimestampNanos=3691219690869}
06-27 16:38:02.177 E/til@com ( 2539): Cominit open uart error: No such file or directory
06-27 16:38:02.255 I/YoukuInitTool(26344): hisense2ThirdBySdk : mBindYoukuNum:0
06-27 16:38:02.256 I/YoukuInitTool(26344): mBindYoukuNum:1
06-27 16:38:02.330 I/TVMW@devctrl( 1731): wdt
06-27 16:38:02.354 I/YoukuInitTool(26344): mYoukuToken:AwAbAAD/////AAAA|1498552682|15|aWQ6MTA0NTQ0NTY2Myxubjrmtbfkv6HnlKjmiLc4ODA3MzA0MjA0LHZpcDpmYWxzZSx5dGlkOjEwNDU0NDU2NjMsdGlkOjA=|9ca8bcfdb66d2d112a29e99067ee4f64|47de0b45b5c05d4d1fd910525a85184a689a573f--mYoukuUserId=1045445663
06-27 16:38:02.358 I/YoukuInitTool(26344): checkYoukuCookieefreshMsg mYoukuLoginSuccess=truemYoukuRefreshTime=1200
06-27 16:38:02.591 I/TVMW@picture( 1731): Hisense {getMEMCLevelForHAL,1344} eMemcLevel = 2
06-27 16:38:02.591 D/til@system( 2539): get TIL_MEMC_MODE
06-27 16:38:02.591 I/TVMW@picture( 1731): Hisense {getMEMCLevel,1332} source = 13, memcLevel = 2
06-27 16:38:02.594 I/TVMW@pqctrl( 1731): [getHDRType:551] HDR Type = 0
06-27 16:38:02.594 I/TVMW@picture( 1731): Hisense {GetPictureMode,472} Source = 13, pePictureMode = 0
06-27 16:38:02.594 I/TVMW@picture( 1731): Hisense {setMEMCLevelTemp,1304} ePicMode = 0, eAspect = 0, eFRCTypeIndex = 3, memcLevel = 0
06-27 16:38:02.594 I/TVMW@picture( 1731): setMEMCLevelTemp OUT,ret:0
06-27 16:38:02.594 I/MiSysSrv( 1696): [0mNot support now! 42, change to mm_video!!!
06-27 16:38:02.594 I/MiSysSrv( 1696): [HDR][virtual EN_MAPI_HDR_RESULT mapi_video_base::GetHdrAttributes(EN_MAPI_HDR_ATTRIBUTES, EN_MAPI_HDR_TYPE, void*, MAPI_U16) Line 9641] win 0, input 42 not support!
06-27 16:38:02.594 I/MiSysSrv( 1696): [1;31m<<<MI_ATOM_DISPLAY_GetHdrAttributes[7815] Ret=4[0m[1;31m<<<MI_IMPL_DISPLAY_GetWindowAttr[3738] return ERR!
06-27 16:38:02.646 E/TV_JNI_CONFIG( 2539): til_get_cfg_param returned fail -22!
06-27 16:38:02.646 E/StorageHelper( 2539): NativeConfigStorageHelper load() failed. Native getOption returned :-22
06-27 16:38:02.646 W/ConfigurationService( 2539): errorFlag = null, continue to recycle check
06-27 16:38:02.667 V/HDMI  HotPlugDetectionAction( 2310): Poll all devices.
06-27 16:38:03.088 E/HDMI_CEC( 2310): Send Message TO[5] the send message length is: [0] 
06-27 16:38:03.089 E/HDMI_CEC( 2310): OP[0x7c],  
06-27 16:38:03.089 E/HDMI_CEC( 2310): ========
06-27 16:38:03.096 I/TVMW@picture( 1731): Hisense {getMEMCLevelForHAL,1344} eMemcLevel = 2
06-27 16:38:03.096 D/til@system( 2539): get TIL_MEMC_MODE
06-27 16:38:03.096 I/TVMW@picture( 1731): Hisense {getMEMCLevel,1332} source = 13, memcLevel = 2
06-27 16:38:03.102 I/MiSysSrv( 1696): [0mNot support now! 42, change to mm_video!!!
06-27 16:38:03.102 I/MiSysSrv( 1696): [HDR][virtual EN_MAPI_HDR_RESULT mapi_video_base::GetHdrAttributes(EN_MAPI_HDR_ATTRIBUTES, EN_MAPI_HDR_TYPE, void*, MAPI_U16) Line 9641] win 0, input 42 not support!
06-27 16:38:03.102 I/MiSysSrv( 1696): [1;31m<<<MI_ATOM_DISPLAY_GetHdrAttributes[7815] Ret=4[0m[1;31m<<<MI_IMPL_DISPLAY_GetWindowAttr[3738] return ERR!
06-27 16:38:03.103 I/TVMW@pqctrl( 1731): [getHDRType:551] HDR Type = 0
06-27 16:38:03.103 I/TVMW@picture( 1731): Hisense {GetPictureMode,472} Source = 13, pePictureMode = 0
06-27 16:38:03.103 I/TVMW@picture( 1731): Hisense {setMEMCLevelTemp,1304} ePicMode = 0, eAspect = 0, eFRCTypeIndex = 3, memcLevel = 0
06-27 16:38:03.103 I/TVMW@picture( 1731): setMEMCLevelTemp OUT,ret:0
06-27 16:38:03.123 I/YoukuInitTool(26344): hisense2ThirdBySdk : mBindYoukuNum:0
06-27 16:38:03.124 I/YoukuInitTool(26344): mBindYoukuNum:1
06-27 16:38:03.160 E/HDMI_CEC( 2310): MI_CEC_SendTxPolling, ErrCode[4] 
06-27 16:38:03.168 D/AndroidRuntime(27250): >>>>>> START com.android.internal.os.RuntimeInit uid 2000 <<<<<<
06-27 16:38:03.172 D/AndroidRuntime(27250): CheckJNI is OFF
06-27 16:38:03.177 E/til@com ( 2539): Cominit open uart error: No such file or directory
06-27 16:38:03.193 E/HDMI_CEC( 2310): Sending polling message can't be response. 
06-27 16:38:03.201 I/YoukuInitTool(26344): mYoukuToken:AwAbAAD/////AAAA|1498552683|15|aWQ6MTA0NTQ0NTY2Myxubjrmtbfkv6HnlKjmiLc4ODA3MzA0MjA0LHZpcDpmYWxzZSx5dGlkOjEwNDU0NDU2NjMsdGlkOjA=|e95bae72ae395e2989aa75b54f344e7c|660dbad5132db064f57d8e96317b49f58b0ef6e2--mYoukuUserId=1045445663
06-27 16:38:03.201 D/ICU     (27250): No timezone override file found: /data/misc/zoneinfo/current/icu/icu_tzdata.dat
06-27 16:38:03.207 I/YoukuInitTool(26344): checkYoukuCookieefreshMsg mYoukuLoginSuccess=truemYoukuRefreshTime=1200
06-27 16:38:03.215 V/Surface (27250): register_android_view_Surface() : start
06-27 16:38:03.216 V/Surface (27250): register_android_view_Surface() : end
06-27 16:38:03.230 I/TVMW@devctrl( 1731): wdt
