06-27 16:37:45.583 D/HisenseGlobalKeyManager( 2310): handleGlobalKey() : Global event = KeyEvent { action=ACTION_DOWN, keyCode=KEYCODE_DPAD_UP, scanCode=0, metaState=0, flags=0x0, repeatCount=0, eventTime=3674695, downTime=3674695, deviceId=-1, source=0x101 }
06-27 16:37:45.588 D/SogouIME( 2868): [onKeyDown] keycode = 19 model = VIDAA_TV
06-27 16:37:45.622 D/Shawn   (26344): HeaderView获取焦点
06-27 16:37:45.623 D/WindowManager( 2310): Unhandled key: win=Window{b658554 u0 com.jamdeo.tv.vod/com.jamdeo.tv.vod.MasterViewActivity}, action=0, flags=0, keyCode=19, scanCode=0, metaState=0, repeatCount=0, policyFlags=1795162112
06-27 16:37:45.623 D/WindowManager( 2310): No fallback.
06-27 16:37:45.624 D/GlobalInputEventMonitoringService( 2310): interceptKeyBeforeQueueing(), event:19, mNeedMonitorKeyEvent:true, mWaitForKeyUpEvent:false
06-27 16:37:45.624 D/GlobalInputEventMonitoringService( 2310): processKeyEvent(), processKeyEvent event:19
06-27 16:37:45.624 D/WindowManager( 2310): interceptKeyTq keycode=19 interactive=true keyguardActive=false policyFlags=2b000000
06-27 16:37:45.625 D/WindowManager( 2310): interceptKeyTi keyCode=19 down=false repeatCount=0 keyguardOn=false mHomePressed=false canceled=false
06-27 16:37:45.625 D/WindowManager( 2310): Hisense systemkey event: 19
06-27 16:37:45.625 D/HisenseGlobalKeyManager( 2310): handleGlobalKey() : Global event = KeyEvent { action=ACTION_UP, keyCode=KEYCODE_DPAD_UP, scanCode=0, metaState=0, flags=0x0, repeatCount=0, eventTime=3674695, downTime=3674695, deviceId=-1, source=0x101 }
06-27 16:37:45.644 V/InputMethodService( 2868): startInput(): editor=android.view.inputmethod.EditorInfo@f8dcbfa
06-27 16:37:45.645 V/InputMethodService( 2868): CALL: onFinishInput
06-27 16:37:45.657 D/WindowManager( 2310): Unhandled key: win=Window{b658554 u0 com.jamdeo.tv.vod/com.jamdeo.tv.vod.MasterViewActivity}, action=1, flags=0, keyCode=19, scanCode=0, metaState=0, repeatCount=0, policyFlags=1795162112
06-27 16:37:45.657 D/WindowManager( 2310): No fallback.
06-27 16:37:45.660 E/SOGOUIME_JNI( 2868): reset
06-27 16:37:45.660 E/SOGOUIME_JNI( 2868): getCandidates
06-27 16:37:45.663 E/SOGOUIME_JNI( 2868): ime_get_uncommitted_length
06-27 16:37:45.664 E/SOGOUIME_JNI( 2868): getCandidates
06-27 16:37:45.664 D/SogouIME API( 2868): ==============num:32
06-27 16:37:45.669 E/SOGOUIME_JNI( 2868): ime_get_uncommitted_length
06-27 16:37:45.674 D/SogouIME( 2868): mFocusedComponent:30   isHkbEnable:false
06-27 16:37:45.676 E/SOGOUIME_JNI( 2868): ime_get_uncommitted_length
06-27 16:37:45.676 E/SOGOUIME_JNI( 2868): ime_get_committed_length
06-27 16:37:45.677 E/SOGOUIME_JNI( 2868): getComposingInfo
06-27 16:37:45.677 E/SOGOUIME_JNI( 2868): getComposingInfo
06-27 16:37:45.678 E/SOGOUIME_JNI( 2868): getCorrectInfo
06-27 16:37:45.679 E/SOGOUIME_JNI( 2868): getComposingInfo
06-27 16:37:45.681 V/InputMethodService( 2868): CALL: onStartInput
06-27 16:37:45.683 E/SOGOUIME_JNI( 2868): invalidateCommitWordPinyinNative
06-27 16:37:45.685 D/SogouIME( 2868): =====configKeyboard=======是否有硬件盘:false     硬件盘是否不再隐藏：false
06-27 16:37:45.686 E/SOGOUIME_JNI( 2868): ime_set_hard_kb_enable
06-27 16:37:45.880 I/TVMW@picture( 1731): Hisense {getMEMCLevelForHAL,1344} eMemcLevel = 2
06-27 16:37:45.881 D/til@system( 2539): get TIL_MEMC_MODE
06-27 16:37:45.881 I/TVMW@picture( 1731): Hisense {getMEMCLevel,1332} source = 13, memcLevel = 2
06-27 16:37:45.885 I/TVMW@pqctrl( 1731): [getHDRType:551] HDR Type = 0
06-27 16:37:45.885 I/TVMW@picture( 1731): Hisense {GetPictureMode,472} Source = 13, pePictureMode = 0
06-27 16:37:45.885 I/TVMW@picture( 1731): Hisense {setMEMCLevelTemp,1304} ePicMode = 0, eAspect = 0, eFRCTypeIndex = 3, memcLevel = 0
06-27 16:37:45.885 I/TVMW@picture( 1731): setMEMCLevelTemp OUT,ret:0
06-27 16:37:45.885 I/MiSysSrv( 1696): [0mNot support now! 42, change to mm_video!!!
06-27 16:37:45.886 I/MiSysSrv( 1696): [HDR][virtual EN_MAPI_HDR_RESULT mapi_video_base::GetHdrAttributes(EN_MAPI_HDR_ATTRIBUTES, EN_MAPI_HDR_TYPE, void*, MAPI_U16) Line 9641] win 0, input 42 not support!
06-27 16:37:45.886 I/MiSysSrv( 1696): [1;31m<<<MI_ATOM_DISPLAY_GetHdrAttributes[7815] Ret=4[0m[1;31m<<<MI_IMPL_DISPLAY_GetWindowAttr[3738] return ERR!
06-27 16:37:46.119 I/TVMW@devctrl( 1731): wdt
06-27 16:37:46.174 E/til@com ( 2539): Cominit open uart error: No such file or directory
06-27 16:37:46.174 I/YoukuInitTool(26344): hisense2ThirdBySdk : mBindYoukuNum:0
06-27 16:37:46.175 I/YoukuInitTool(26344): mBindYoukuNum:1
06-27 16:37:46.262 I/YoukuInitTool(26344): mYoukuToken:AwAbAAD/////AAAA|1498552666|15|aWQ6MTA0NTQ0NTY2Myxubjrmtbfkv6HnlKjmiLc4ODA3MzA0MjA0LHZpcDpmYWxzZSx5dGlkOjEwNDU0NDU2NjMsdGlkOjA=|6147475b317f5708b2dfd21395271429|7deadb4b1dfd6efd35cb71c605b907471ddb897a--mYoukuUserId=1045445663
06-27 16:37:46.263 I/YoukuInitTool(26344): checkYoukuCookieefreshMsg mYoukuLoginSuccess=truemYoukuRefreshTime=1200
06-27 16:37:46.298 E/HeaderTokenManager( 3339): initHiCloudService: Fetching token is failed.
06-27 16:37:46.345 I/art     (26344): Background sticky concurrent mark sweep GC freed 117911(7MB) AllocSpace objects, 43(856KB) LOS objects, 22% free, 33MB/43MB, paused 12.005ms total 96.323ms
06-27 16:37:46.387 I/TVMW@picture( 1731): Hisense {getMEMCLevelForHAL,1344} eMemcLevel = 2
06-27 16:37:46.387 D/til@system( 2539): get TIL_MEMC_MODE
06-27 16:37:46.387 I/TVMW@picture( 1731): Hisense {getMEMCLevel,1332} source = 13, memcLevel = 2
06-27 16:37:46.390 I/MiSysSrv( 1696): [0mNot support now! 42, change to mm_video!!!
06-27 16:37:46.390 I/MiSysSrv( 1696): [HDR][virtual EN_MAPI_HDR_RESULT mapi_video_base::GetHdrAttributes(EN_MAPI_HDR_ATTRIBUTES, EN_MAPI_HDR_TYPE, void*, MAPI_U16) Line 9641] win 0, input 42 not support!
06-27 16:37:46.390 I/MiSysSrv( 1696): [1;31m<<<MI_ATOM_DISPLAY_GetHdrAttributes[7815] Ret=4[0m[1;31m<<<MI_IMPL_DISPLAY_GetWindowAttr[3738] return ERR!
06-27 16:37:46.391 I/TVMW@pqctrl( 1731): [getHDRType:551] HDR Type = 0
06-27 16:37:46.392 I/TVMW@picture( 1731): Hisense {GetPictureMode,472} Source = 13, pePictureMode = 0
06-27 16:37:46.392 I/TVMW@picture( 1731): Hisense {setMEMCLevelTemp,1304} ePicMode = 0, eAspect = 0, eFRCTypeIndex = 3, memcLevel = 0
06-27 16:37:46.392 I/TVMW@picture( 1731): setMEMCLevelTemp OUT,ret:0
06-27 16:37:46.400 I/bt_hci  ( 2856): BLE HCI(id=62) event = 0x02)
06-27 16:37:46.400 I/bt_hci  ( 2856): btu_ble_process_adv_pkt
06-27 16:37:46.400 D/bt_btm  ( 2856): btm_ble_update_inq_result scan_rsp=false, to_report=false,                              scan_type_active=1
06-27 16:37:46.400 D/bt_btm  ( 2856): BR/EDR NOT SUPPORT bit set, LE only device
06-27 16:37:46.403 I/bt_hci  ( 2856): BLE HCI(id=62) event = 0x02)
06-27 16:37:46.403 I/bt_hci  ( 2856): btu_ble_process_adv_pkt
06-27 16:37:46.403 D/bt_btm  ( 2856): BR/EDR NOT SUPPORT bit set, LE only device
06-27 16:37:46.403 E/bt_btm  ( 2856): [BLE Inquiry Trace]btm_ble_process_adv_pkt_cont: Received BLE Scan Response.
06-27 16:37:46.403 D/bt_btif ( 2856): bta_dm_observe_results_cb
06-27 16:37:46.403 I/bt_btm  ( 2856): BTM_InqDbRead: bd addr [66cc1e0ff30d]
06-27 16:37:46.403 E/bt_btif ( 2856): [BLE Inquiry Trace]bta_scan_results_cb event=BTA_DM_INQ_RES_EVT
06-27 16:37:46.403 I/bt_btm  ( 2856): BTM_CheckEirData type=0x09
06-27 16:37:46.403 I/bt_btm  ( 2856): BTM_CheckEirData type=0x09
06-27 16:37:46.404 I/bt_btm  ( 2856): BTM_CheckEirData type=0x08
06-27 16:37:46.404 D/bt_btif ( 2856): in, bd addr:66:cc:1e:0f:f3:0d, prop type:5, len:4
06-27 16:37:46.404 I/bt_btif ( 2856): HAL bt_gatt_callbacks->client->scan_result_cb
06-27 16:37:46.405 D/BluetoothLeScanner( 2500): onScanResult() - ScanResult{mDevice=66:CC:1E:0F:F3:0D, mScanRecord=ScanRecord [mAdvertiseFlags=6, mServiceUuids=null, mManufacturerSpecificData={76=[16, 2, 11, 0]}, mServiceData={}, mTxPowerLevel=-2147483648, mDeviceName=null], mRssi=-70, mTimestampNanos=3675518693289}
06-27 16:37:46.473 D/MyLocalStartService( 4229): currentName is :com.jamdeo.tv.vod
06-27 16:37:46.630 E/TV_JNI_CONFIG( 2539): til_get_cfg_param returned fail -22!
06-27 16:37:46.630 E/StorageHelper( 2539): NativeConfigStorageHelper load() failed. Native getOption returned :-22
06-27 16:37:46.630 W/ConfigurationService( 2539): errorFlag = null, continue to recycle check
06-27 16:37:46.741 I/YoukuInitTool(26344): hisense2ThirdBySdk : mBindYoukuNum:0
06-27 16:37:46.743 I/YoukuInitTool(26344): mBindYoukuNum:1
06-27 16:37:46.839 I/YoukuInitTool(26344): mYoukuToken:AwAbAAD/////AAAA|1498552666|15|aWQ6MTA0NTQ0NTY2Myxubjrmtbfkv6HnlKjmiLc4ODA3MzA0MjA0LHZpcDpmYWxzZSx5dGlkOjEwNDU0NDU2NjMsdGlkOjA=|6147475b317f5708b2dfd21395271429|7deadb4b1dfd6efd35cb71c605b907471ddb897a--mYoukuUserId=1045445663
06-27 16:37:46.840 I/YoukuInitTool(26344): checkYoukuCookieefreshMsg mYoukuLoginSuccess=truemYoukuRefreshTime=1200
06-27 16:37:46.895 I/TVMW@picture( 1731): Hisense {getMEMCLevelForHAL,1344} eMemcLevel = 2
06-27 16:37:46.896 D/til@system( 2539): get TIL_MEMC_MODE
06-27 16:37:46.896 I/TVMW@picture( 1731): Hisense {getMEMCLevel,1332} source = 13, memcLevel = 2
06-27 16:37:46.899 I/TVMW@pqctrl( 1731): [getHDRType:551] HDR Type = 0
06-27 16:37:46.899 I/MiSysSrv( 1696): [0mNot support now! 42, change to mm_video!!!
06-27 16:37:46.899 I/MiSysSrv( 1696): [HDR][virtual EN_MAPI_HDR_RESULT mapi_video_base::GetHdrAttributes(EN_MAPI_HDR_ATTRIBUTES, EN_MAPI_HDR_TYPE, void*, MAPI_U16) Line 9641] win 0, input 42 not support!
06-27 16:37:46.899 I/MiSysSrv( 1696): [1;31m<<<MI_ATOM_DISPLAY_GetHdrAttributes[7815] Ret=4[0m[1;31m<<<MI_IMPL_DISPLAY_GetWindowAttr[3738] return ERR!
06-27 16:37:46.899 I/TVMW@picture( 1731): Hisense {GetPictureMode,472} Source = 13, pePictureMode = 0
06-27 16:37:46.899 I/TVMW@picture( 1731): Hisense {setMEMCLevelTemp,1304} ePicMode = 0, eAspect = 0, eFRCTypeIndex = 3, memcLevel = 0
06-27 16:37:46.899 I/TVMW@picture( 1731): setMEMCLevelTemp OUT,ret:0
06-27 16:37:47.019 I/TVMW@devctrl( 1731): wdt
06-27 16:37:47.174 E/til@com ( 2539): Cominit open uart error: No such file or directory
06-27 16:37:47.403 I/TVMW@picture( 1731): Hisense {getMEMCLevelForHAL,1344} eMemcLevel = 2
06-27 16:37:47.404 D/til@system( 2539): get TIL_MEMC_MODE
06-27 16:37:47.404 I/TVMW@picture( 1731): Hisense {getMEMCLevel,1332} source = 13, memcLevel = 2
06-27 16:37:47.408 I/TVMW@pqctrl( 1731): [getHDRType:551] HDR Type = 0
06-27 16:37:47.408 I/TVMW@picture( 1731): Hisense {GetPictureMode,472} Source = 13, pePictureMode = 0
06-27 16:37:47.408 I/TVMW@picture( 1731): Hisense {setMEMCLevelTemp,1304} ePicMode = 0, eAspect = 0, eFRCTypeIndex = 3, memcLevel = 0
06-27 16:37:47.408 I/TVMW@picture( 1731): setMEMCLevelTemp OUT,ret:0
06-27 16:37:47.409 I/MiSysSrv( 1696): [0mNot support now! 42, change to mm_video!!!
06-27 16:37:47.409 I/MiSysSrv( 1696): [HDR][virtual EN_MAPI_HDR_RESULT mapi_video_base::GetHdrAttributes(EN_MAPI_HDR_ATTRIBUTES, EN_MAPI_HDR_TYPE, void*, MAPI_U16) Line 9641] win 0, input 42 not support!
06-27 16:37:47.409 I/MiSysSrv( 1696): [1;31m<<<MI_ATOM_DISPLAY_GetHdrAttributes[7815] Ret=4[0m[1;31m<<<MI_IMPL_DISPLAY_GetWindowAttr[3738] return ERR!
06-27 16:37:47.463 I/YoukuInitTool(26344): hisense2ThirdBySdk : mBindYoukuNum:0
06-27 16:37:47.464 I/YoukuInitTool(26344): mBindYoukuNum:1
06-27 16:37:47.564 I/YoukuInitTool(26344): mYoukuToken:AwAbAAD/////AAAA|1498552667|15|aWQ6MTA0NTQ0NTY2Myxubjrmtbfkv6HnlKjmiLc4ODA3MzA0MjA0LHZpcDpmYWxzZSx5dGlkOjEwNDU0NDU2NjMsdGlkOjA=|aff84b26e3743ec108364474ec95dd7d|928760203d9224e9f3f1bd402a5d301bd663fe1b--mYoukuUserId=1045445663
06-27 16:37:47.564 I/YoukuInitTool(26344): checkYoukuCookieefreshMsg mYoukuLoginSuccess=truemYoukuRefreshTime=1200
06-27 16:37:47.666 V/HDMI  HotPlugDetectionAction( 2310): Poll all devices.
06-27 16:37:47.910 I/TVMW@picture( 1731): Hisense {getMEMCLevelForHAL,1344} eMemcLevel = 2
06-27 16:37:47.910 D/til@system( 2539): get TIL_MEMC_MODE
06-27 16:37:47.910 I/TVMW@picture( 1731): Hisense {getMEMCLevel,1332} source = 13, memcLevel = 2
06-27 16:37:47.912 I/TVMW@pqctrl( 1731): [getHDRType:551] HDR Type = 0
06-27 16:37:47.912 I/TVMW@picture( 1731): Hisense {GetPictureMode,472} Source = 13, pePictureMode = 0
06-27 16:37:47.912 I/TVMW@picture( 1731): Hisense {setMEMCLevelTemp,1304} ePicMode = 0, eAspect = 0, eFRCTypeIndex = 3, memcLevel = 0
06-27 16:37:47.912 I/TVMW@picture( 1731): setMEMCLevelTemp OUT,ret:0
06-27 16:37:47.912 I/MiSysSrv( 1696): [0mNot support now! 42, change to mm_video!!!
06-27 16:37:47.912 I/MiSysSrv( 1696): [HDR][virtual EN_MAPI_HDR_RESULT mapi_video_base::GetHdrAttributes(EN_MAPI_HDR_ATTRIBUTES, EN_MAPI_HDR_TYPE, void*, MAPI_U16) Line 9641] win 0, input 42 not support!
06-27 16:37:47.912 I/MiSysSrv( 1696): [1;31m<<<MI_ATOM_DISPLAY_GetHdrAttributes[7815] Ret=4[0m[1;31m<<<MI_IMPL_DISPLAY_GetWindowAttr[3738] return ERR!
06-27 16:37:47.920 I/TVMW@devctrl( 1731): wdt
06-27 16:37:48.040 I/YoukuInitTool(26344): hisense2ThirdBySdk : mBindYoukuNum:0
06-27 16:37:48.041 I/YoukuInitTool(26344): mBindYoukuNum:1
06-27 16:37:48.088 E/HDMI_CEC( 2310): Send Message TO[5] the send message length is: [0] 
06-27 16:37:48.089 E/HDMI_CEC( 2310): OP[0x7c],  
06-27 16:37:48.089 E/HDMI_CEC( 2310): ========
06-27 16:37:48.114 I/YoukuInitTool(26344): mYoukuToken:AwAbAAD/////AAAA|1498552668|15|aWQ6MTA0NTQ0NTY2Myxubjrmtbfkv6HnlKjmiLc4ODA3MzA0MjA0LHZpcDpmYWxzZSx5dGlkOjEwNDU0NDU2NjMsdGlkOjA=|40056302e7aaeb36ffc73d2bddd86373|7aeeb22e39f812bca245de21d5d377021d1c5664--mYoukuUserId=1045445663
06-27 16:37:48.120 I/YoukuInitTool(26344): checkYoukuCookieefreshMsg mYoukuLoginSuccess=truemYoukuRefreshTime=1200
06-27 16:37:48.160 E/HDMI_CEC( 2310): MI_CEC_SendTxPolling, ErrCode[4] 
06-27 16:37:48.174 E/til@com ( 2539): Cominit open uart error: No such file or directory
06-27 16:37:48.193 E/HDMI_CEC( 2310): Sending polling message can't be response. 
06-27 16:37:48.245 D/DtvSourcePlugin-DTMB( 3472): Setting the EPG Updater state to: WAIT
06-27 16:37:48.413 I/TVMW@picture( 1731): Hisense {getMEMCLevelForHAL,1344} eMemcLevel = 2
06-27 16:37:48.413 D/til@system( 2539): get TIL_MEMC_MODE
06-27 16:37:48.414 I/TVMW@picture( 1731): Hisense {getMEMCLevel,1332} source = 13, memcLevel = 2
06-27 16:37:48.419 I/TVMW@pqctrl( 1731): [getHDRType:551] HDR Type = 0
06-27 16:37:48.419 I/TVMW@picture( 1731): Hisense {GetPictureMode,472} Source = 13, pePictureMode = 0
06-27 16:37:48.419 I/TVMW@picture( 1731): Hisense {setMEMCLevelTemp,1304} ePicMode = 0, eAspect = 0, eFRCTypeIndex = 3, memcLevel = 0
06-27 16:37:48.419 I/TVMW@picture( 1731): setMEMCLevelTemp OUT,ret:0
06-27 16:37:48.421 I/MiSysSrv( 1696): [0mNot support now! 42, change to mm_video!!!
06-27 16:37:48.421 I/MiSysSrv( 1696): [HDR][virtual EN_MAPI_HDR_RESULT mapi_video_base::GetHdrAttributes(EN_MAPI_HDR_ATTRIBUTES, EN_MAPI_HDR_TYPE, void*, MAPI_U16) Line 9641] win 0, input 42 not support!
06-27 16:37:48.421 I/MiSysSrv( 1696): [1;31m<<<MI_ATOM_DISPLAY_GetHdrAttributes[7815] Ret=4[0m[1;31m<<<MI_IMPL_DISPLAY_GetWindowAttr[3738] return ERR!
06-27 16:37:48.632 E/TV_JNI_CONFIG( 2539): til_get_cfg_param returned fail -22!
06-27 16:37:48.632 E/StorageHelper( 2539): NativeConfigStorageHelper load() failed. Native getOption returned :-22
06-27 16:37:48.632 W/ConfigurationService( 2539): errorFlag = null, continue to recycle check
06-27 16:37:48.766 I/YoukuInitTool(26344): hisense2ThirdBySdk : mBindYoukuNum:0
06-27 16:37:48.768 I/YoukuInitTool(26344): mBindYoukuNum:1
06-27 16:37:48.820 I/TVMW@devctrl( 1731): wdt
06-27 16:37:48.863 I/YoukuInitTool(26344): mYoukuToken:AwAbAAD/////AAAA|1498552668|15|aWQ6MTA0NTQ0NTY2Myxubjrmtbfkv6HnlKjmiLc4ODA3MzA0MjA0LHZpcDpmYWxzZSx5dGlkOjEwNDU0NDU2NjMsdGlkOjA=|40056302e7aaeb36ffc73d2bddd86373|7aeeb22e39f812bca245de21d5d377021d1c5664--mYoukuUserId=1045445663
06-27 16:37:48.864 I/YoukuInitTool(26344): checkYoukuCookieefreshMsg mYoukuLoginSuccess=truemYoukuRefreshTime=1200
06-27 16:37:48.893 I/HLSP2P  ( 2838): ## 2017-06-27 16:37:48.892 [2838,3745,:0] INFO ## [HLSP2P][DownloadManager.cpp:35][INFO][SendHeartBeatMsg]send heartbeat to punch server ok
06-27 16:37:48.922 I/TVMW@picture( 1731): Hisense {getMEMCLevelForHAL,1344} eMemcLevel = 2
06-27 16:37:48.923 D/til@system( 2539): get TIL_MEMC_MODE
06-27 16:37:48.923 I/TVMW@picture( 1731): Hisense {getMEMCLevel,1332} source = 13, memcLevel = 2
06-27 16:37:48.926 I/TVMW@pqctrl( 1731): [getHDRType:551] HDR Type = 0
06-27 16:37:48.926 I/TVMW@picture( 1731): Hisense {GetPictureMode,472} Source = 13, pePictureMode = 0
06-27 16:37:48.926 I/MiSysSrv( 1696): [0mNot support now! 42, change to mm_video!!!
06-27 16:37:48.926 I/MiSysSrv( 1696): [HDR][virtual EN_MAPI_HDR_RESULT mapi_video_base::GetHdrAttributes(EN_MAPI_HDR_ATTRIBUTES, EN_MAPI_HDR_TYPE, void*, MAPI_U16) Line 9641] win 0, input 42 not support!
06-27 16:37:48.926 I/MiSysSrv( 1696): [1;31m<<<MI_ATOM_DISPLAY_GetHdrAttributes[7815] Ret=4[0m[1;31m<<<MI_IMPL_DISPLAY_GetWindowAttr[3738] return ERR!
06-27 16:37:48.926 I/TVMW@picture( 1731): Hisense {setMEMCLevelTemp,1304} ePicMode = 0, eAspect = 0, eFRCTypeIndex = 3, memcLevel = 0
06-27 16:37:48.926 I/TVMW@picture( 1731): setMEMCLevelTemp OUT,ret:0
06-27 16:37:48.930 I/HLSP2P  ( 2838): ## 2017-06-27 16:37:48.930 [2838,3747,:0] INFO ## [HLSP2P][DownloadManager.cpp:35][INFO][OnHeartbeatRsp]punch heartbeat rsp ok
06-27 16:37:49.144 D/HDMI    ( 2310): [P]:AllocatedAddress=[]
06-27 16:37:49.174 E/til@com ( 2539): Cominit open uart error: No such file or directory
06-27 16:37:49.320 I/YoukuInitTool(26344): hisense2ThirdBySdk : mBindYoukuNum:0
06-27 16:37:49.321 I/YoukuInitTool(26344): mBindYoukuNum:1
06-27 16:37:49.340 E/HeaderTokenManager( 3339): initHiCloudService: Fetching token is failed.
06-27 16:37:49.396 I/YoukuInitTool(26344): mYoukuToken:AwAbAAD/////AAAA|1498552669|15|aWQ6MTA0NTQ0NTY2Myxubjrmtbfkv6HnlKjmiLc4ODA3MzA0MjA0LHZpcDpmYWxzZSx5dGlkOjEwNDU0NDU2NjMsdGlkOjA=|178c6997d5bd2496be58239b794fc7d0|a81b2c871c052d25782aba006b85009fdb2afbef--mYoukuUserId=1045445663
06-27 16:37:49.396 I/YoukuInitTool(26344): checkYoukuCookieefreshMsg mYoukuLoginSuccess=truemYoukuRefreshTime=1200
06-27 16:37:49.427 I/TVMW@picture( 1731): Hisense {getMEMCLevelForHAL,1344} eMemcLevel = 2
06-27 16:37:49.428 D/til@system( 2539): get TIL_MEMC_MODE
06-27 16:37:49.428 I/TVMW@picture( 1731): Hisense {getMEMCLevel,1332} source = 13, memcLevel = 2
06-27 16:37:49.430 I/MiSysSrv( 1696): [0mNot support now! 42, change to mm_video!!!
06-27 16:37:49.430 I/MiSysSrv( 1696): [HDR][virtual EN_MAPI_HDR_RESULT mapi_video_base::GetHdrAttributes(EN_MAPI_HDR_ATTRIBUTES, EN_MAPI_HDR_TYPE, void*, MAPI_U16) Line 9641] win 0, input 42 not support!
06-27 16:37:49.430 I/MiSysSrv( 1696): [1;31m<<<MI_ATOM_DISPLAY_GetHdrAttributes[7815] Ret=4[0m[1;31m<<<MI_IMPL_DISPLAY_GetWindowAttr[3738] return ERR!
06-27 16:37:49.430 I/TVMW@pqctrl( 1731): [getHDRType:551] HDR Type = 0
06-27 16:37:49.430 I/TVMW@picture( 1731): Hisense {GetPictureMode,472} Source = 13, pePictureMode = 0
06-27 16:37:49.430 I/TVMW@picture( 1731): Hisense {setMEMCLevelTemp,1304} ePicMode = 0, eAspect = 0, eFRCTypeIndex = 3, memcLevel = 0
06-27 16:37:49.430 I/TVMW@picture( 1731): setMEMCLevelTemp OUT,ret:0
06-27 16:37:49.446 D/MC_MEMORY( 3088): max: 256.261888 Mb, heap: 4.4848 Mb, allocated: 3.3725 Mb, free: 1.1123 Mb, native heap: 6.6810 Mb, native allocated: 6.6789 Mb, native free: 0.20 Mb
06-27 16:37:49.481 I/DLNA DEBUG( 3088): Drop ssdp max_age    100
06-27 16:37:49.721 I/TVMW@devctrl( 1731): wdt
06-27 16:37:49.933 I/TVMW@picture( 1731): Hisense {getMEMCLevelForHAL,1344} eMemcLevel = 2
06-27 16:37:49.934 D/til@system( 2539): get TIL_MEMC_MODE
06-27 16:37:49.934 I/TVMW@picture( 1731): Hisense {getMEMCLevel,1332} source = 13, memcLevel = 2
06-27 16:37:49.936 I/MiSysSrv( 1696): [0mNot support now! 42, change to mm_video!!!
06-27 16:37:49.936 I/MiSysSrv( 1696): [HDR][virtual EN_MAPI_HDR_RESULT mapi_video_base::GetHdrAttributes(EN_MAPI_HDR_ATTRIBUTES, EN_MAPI_HDR_TYPE, void*, MAPI_U16) Line 9641] win 0, input 42 not support!
06-27 16:37:49.936 I/MiSysSrv( 1696): [1;31m<<<MI_ATOM_DISPLAY_GetHdrAttributes[7815] Ret=4[0m[1;31m<<<MI_IMPL_DISPLAY_GetWindowAttr[3738] return ERR!
06-27 16:37:49.937 I/TVMW@pqctrl( 1731): [getHDRType:551] HDR Type = 0
06-27 16:37:49.937 I/TVMW@picture( 1731): Hisense {GetPictureMode,472} Source = 13, pePictureMode = 0
06-27 16:37:49.937 I/TVMW@picture( 1731): Hisense {setMEMCLevelTemp,1304} ePicMode = 0, eAspect = 0, eFRCTypeIndex = 3, memcLevel = 0
06-27 16:37:49.937 I/TVMW@picture( 1731): setMEMCLevelTemp OUT,ret:0
06-27 16:37:50.065 I/YoukuInitTool(26344): hisense2ThirdBySdk : mBindYoukuNum:0
06-27 16:37:50.066 I/YoukuInitTool(26344): mBindYoukuNum:1
06-27 16:37:50.141 D/QrRecognization( 2879): handleMessage msg=4
06-27 16:37:50.141 D/QrRecognization( 2879): handleMessage msg=1
06-27 16:37:50.141 D/QrRecognization( 2879): start update screenshot
06-27 16:37:50.142 D/QrRecognization( 2879): QR detection is not enabled in tile com.jamdeo.tv.vod
06-27 16:37:50.142 D/QrRecognization( 2879): error in getBitmap from screen
06-27 16:37:50.147 I/YoukuInitTool(26344): mYoukuToken:AwAbAAD/////AAAA|1498552670|15|aWQ6MTA0NTQ0NTY2Myxubjrmtbfkv6HnlKjmiLc4ODA3MzA0MjA0LHZpcDpmYWxzZSx5dGlkOjEwNDU0NDU2NjMsdGlkOjA=|2148e010861ddf38ba334d82eda2753e|a122c46ed76a336c38be882c26201147c5a2e059--mYoukuUserId=1045445663
06-27 16:37:50.154 I/YoukuInitTool(26344): checkYoukuCookieefreshMsg mYoukuLoginSuccess=truemYoukuRefreshTime=1200
06-27 16:37:50.175 E/til@com ( 2539): Cominit open uart error: No such file or directory
06-27 16:37:50.437 I/TVMW@picture( 1731): Hisense {getMEMCLevelForHAL,1344} eMemcLevel = 2
06-27 16:37:50.438 D/til@system( 2539): get TIL_MEMC_MODE
06-27 16:37:50.438 I/TVMW@picture( 1731): Hisense {getMEMCLevel,1332} source = 13, memcLevel = 2
06-27 16:37:50.440 I/TVMW@pqctrl( 1731): [getHDRType:551] HDR Type = 0
06-27 16:37:50.440 I/TVMW@picture( 1731): Hisense {GetPictureMode,472} Source = 13, pePictureMode = 0
06-27 16:37:50.440 I/MiSysSrv( 1696): [0mNot support now! 42, change to mm_video!!!
06-27 16:37:50.440 I/MiSysSrv( 1696): [HDR][virtual EN_MAPI_HDR_RESULT mapi_video_base::GetHdrAttributes(EN_MAPI_HDR_ATTRIBUTES, EN_MAPI_HDR_TYPE, void*, MAPI_U16) Line 9641] win 0, input 42 not support!
06-27 16:37:50.440 I/MiSysSrv( 1696): [1;31m<<<MI_ATOM_DISPLAY_GetHdrAttributes[7815] Ret=4[0m[1;31m<<<MI_IMPL_DISPLAY_GetWindowAttr[3738] return ERR!
06-27 16:37:50.440 I/TVMW@picture( 1731): Hisense {setMEMCLevelTemp,1304} ePicMode = 0, eAspect = 0, eFRCTypeIndex = 3, memcLevel = 0
06-27 16:37:50.440 I/TVMW@picture( 1731): setMEMCLevelTemp OUT,ret:0
06-27 16:37:50.512 I/bt_hci  ( 2856): BLE HCI(id=62) event = 0x02)
06-27 16:37:50.512 I/bt_hci  ( 2856): btu_ble_process_adv_pkt
06-27 16:37:50.512 D/bt_btm  ( 2856): btm_ble_update_inq_result scan_rsp=false, to_report=false,                              scan_type_active=1
06-27 16:37:50.512 D/bt_btm  ( 2856): BR/EDR NOT SUPPORT bit set, LE only device
06-27 16:37:50.514 I/bt_hci  ( 2856): BLE HCI(id=62) event = 0x02)
06-27 16:37:50.514 I/bt_hci  ( 2856): btu_ble_process_adv_pkt
06-27 16:37:50.514 D/bt_btm  ( 2856): BR/EDR NOT SUPPORT bit set, LE only device
06-27 16:37:50.514 E/bt_btm  ( 2856): [BLE Inquiry Trace]btm_ble_process_adv_pkt_cont: Received BLE Scan Response.
06-27 16:37:50.514 D/bt_btif ( 2856): bta_dm_observe_results_cb
06-27 16:37:50.514 I/bt_btm  ( 2856): BTM_InqDbRead: bd addr [66cc1e0ff30d]
06-27 16:37:50.514 E/bt_btif ( 2856): [BLE Inquiry Trace]bta_scan_results_cb event=BTA_DM_INQ_RES_EVT
06-27 16:37:50.514 I/bt_btm  ( 2856): BTM_CheckEirData type=0x09
06-27 16:37:50.514 I/bt_btm  ( 2856): BTM_CheckEirData type=0x09
06-27 16:37:50.514 I/bt_btm  ( 2856): BTM_CheckEirData type=0x08
06-27 16:37:50.514 D/bt_btif ( 2856): in, bd addr:66:cc:1e:0f:f3:0d, prop type:5, len:4
06-27 16:37:50.514 I/bt_btif ( 2856): HAL bt_gatt_callbacks->client->scan_result_cb
06-27 16:37:50.518 D/BluetoothLeScanner( 2500): onScanResult() - ScanResult{mDevice=66:CC:1E:0F:F3:0D, mScanRecord=ScanRecord [mAdvertiseFlags=6, mServiceUuids=null, mManufacturerSpecificData={76=[16, 2, 11, 0]}, mServiceData={}, mTxPowerLevel=-2147483648, mDeviceName=null], mRssi=-73, mTimestampNanos=3679631722121}
06-27 16:37:50.597 I/YoukuInitTool(26344): hisense2ThirdBySdk : mBindYoukuNum:0
06-27 16:37:50.598 I/YoukuInitTool(26344): mBindYoukuNum:1
06-27 16:37:50.621 I/TVMW@devctrl( 1731): wdt
06-27 16:37:50.634 E/TV_JNI_CONFIG( 2539): til_get_cfg_param returned fail -22!
06-27 16:37:50.634 E/StorageHelper( 2539): NativeConfigStorageHelper load() failed. Native getOption returned :-22
06-27 16:37:50.634 W/ConfigurationService( 2539): errorFlag = null, continue to recycle check
06-27 16:37:50.693 I/YoukuInitTool(26344): mYoukuToken:AwAbAAD/////AAAA|1498552670|15|aWQ6MTA0NTQ0NTY2Myxubjrmtbfkv6HnlKjmiLc4ODA3MzA0MjA0LHZpcDpmYWxzZSx5dGlkOjEwNDU0NDU2NjMsdGlkOjA=|2148e010861ddf38ba334d82eda2753e|a122c46ed76a336c38be882c26201147c5a2e059--mYoukuUserId=1045445663
06-27 16:37:50.693 I/YoukuInitTool(26344): checkYoukuCookieefreshMsg mYoukuLoginSuccess=truemYoukuRefreshTime=1200
06-27 16:37:50.696 I/bt_hci  ( 2856): BLE HCI(id=62) event = 0x02)
06-27 16:37:50.696 I/bt_hci  ( 2856): btu_ble_process_adv_pkt
06-27 16:37:50.696 D/bt_btm  ( 2856): btm_ble_update_inq_result scan_rsp=false, to_report=false,                              scan_type_active=1
06-27 16:37:50.696 D/bt_btm  ( 2856): BR/EDR NOT SUPPORT bit set, LE only device
06-27 16:37:50.696 I/bt_hci  ( 2856): BLE HCI(id=62) event = 0x02)
06-27 16:37:50.696 I/bt_hci  ( 2856): btu_ble_process_adv_pkt
06-27 16:37:50.696 D/bt_btm  ( 2856): BR/EDR NOT SUPPORT bit set, LE only device
06-27 16:37:50.696 E/bt_btm  ( 2856): [BLE Inquiry Trace]btm_ble_process_adv_pkt_cont: Received BLE Scan Response.
06-27 16:37:50.696 D/bt_btif ( 2856): bta_dm_observe_results_cb
06-27 16:37:50.696 I/bt_btm  ( 2856): BTM_InqDbRead: bd addr [66cc1e0ff30d]
06-27 16:37:50.696 E/bt_btif ( 2856): [BLE Inquiry Trace]bta_scan_results_cb event=BTA_DM_INQ_RES_EVT
06-27 16:37:50.696 I/bt_btm  ( 2856): BTM_CheckEirData type=0x09
06-27 16:37:50.696 I/bt_btm  ( 2856): BTM_CheckEirData type=0x09
06-27 16:37:50.696 I/bt_btm  ( 2856): BTM_CheckEirData type=0x08
06-27 16:37:50.696 D/bt_btif ( 2856): in, bd addr:66:cc:1e:0f:f3:0d, prop type:5, len:4
06-27 16:37:50.696 I/bt_btif ( 2856): HAL bt_gatt_callbacks->client->scan_result_cb
06-27 16:37:50.697 D/BluetoothLeScanner( 2500): onScanResult() - ScanResult{mDevice=66:CC:1E:0F:F3:0D, mScanRecord=ScanRecord [mAdvertiseFlags=6, mServiceUuids=null, mManufacturerSpecificData={76=[16, 2, 11, 0]}, mServiceData={}, mTxPowerLevel=-2147483648, mDeviceName=null], mRssi=-76, mTimestampNanos=3679811457788}
06-27 16:37:50.881 I/bt_hci  ( 2856): BLE HCI(id=62) event = 0x02)
06-27 16:37:50.881 I/bt_hci  ( 2856): btu_ble_process_adv_pkt
06-27 16:37:50.881 D/bt_btm  ( 2856): btm_ble_update_inq_result scan_rsp=false, to_report=false,                              scan_type_active=1
06-27 16:37:50.881 D/bt_btm  ( 2856): BR/EDR NOT SUPPORT bit set, LE only device
06-27 16:37:50.882 I/bt_hci  ( 2856): BLE HCI(id=62) event = 0x02)
06-27 16:37:50.882 I/bt_hci  ( 2856): btu_ble_process_adv_pkt
06-27 16:37:50.882 D/bt_btm  ( 2856): BR/EDR NOT SUPPORT bit set, LE only device
06-27 16:37:50.882 E/bt_btm  ( 2856): [BLE Inquiry Trace]btm_ble_process_adv_pkt_cont: Received BLE Scan Response.
06-27 16:37:50.882 D/bt_btif ( 2856): bta_dm_observe_results_cb
06-27 16:37:50.882 I/bt_btm  ( 2856): BTM_InqDbRead: bd addr [66cc1e0ff30d]
06-27 16:37:50.882 E/bt_btif ( 2856): [BLE Inquiry Trace]bta_scan_results_cb event=BTA_DM_INQ_RES_EVT
06-27 16:37:50.882 I/bt_btm  ( 2856): BTM_CheckEirData type=0x09
06-27 16:37:50.882 I/bt_btm  ( 2856): BTM_CheckEirData type=0x09
06-27 16:37:50.882 I/bt_btm  ( 2856): BTM_CheckEirData type=0x08
06-27 16:37:50.882 D/bt_btif ( 2856): in, bd addr:66:cc:1e:0f:f3:0d, prop type:5, len:4
06-27 16:37:50.882 I/bt_btif ( 2856): HAL bt_gatt_callbacks->client->scan_result_cb
06-27 16:37:50.883 D/BluetoothLeScanner( 2500): onScanResult() - ScanResult{mDevice=66:CC:1E:0F:F3:0D, mScanRecord=ScanRecord [mAdvertiseFlags=6, mServiceUuids=null, mManufacturerSpecificData={76=[16, 2, 11, 0]}, mServiceData={}, mTxPowerLevel=-2147483648, mDeviceName=null], mRssi=-74, mTimestampNanos=3679997252538}
06-27 16:37:50.941 I/TVMW@picture( 1731): Hisense {getMEMCLevelForHAL,1344} eMemcLevel = 2
06-27 16:37:50.942 D/til@system( 2539): get TIL_MEMC_MODE
06-27 16:37:50.942 I/TVMW@picture( 1731): Hisense {getMEMCLevel,1332} source = 13, memcLevel = 2
06-27 16:37:50.944 I/TVMW@pqctrl( 1731): [getHDRType:551] HDR Type = 0
06-27 16:37:50.944 I/TVMW@picture( 1731): Hisense {GetPictureMode,472} Source = 13, pePictureMode = 0
06-27 16:37:50.945 I/TVMW@picture( 1731): Hisense {setMEMCLevelTemp,1304} ePicMode = 0, eAspect = 0, eFRCTypeIndex = 3, memcLevel = 0
06-27 16:37:50.945 I/TVMW@picture( 1731): setMEMCLevelTemp OUT,ret:0
06-27 16:37:50.947 I/MiSysSrv( 1696): [0mNot support now! 42, change to mm_video!!!
06-27 16:37:50.947 I/MiSysSrv( 1696): [HDR][virtual EN_MAPI_HDR_RESULT mapi_video_base::GetHdrAttributes(EN_MAPI_HDR_ATTRIBUTES, EN_MAPI_HDR_TYPE, void*, MAPI_U16) Line 9641] win 0, input 42 not support!
06-27 16:37:50.947 I/MiSysSrv( 1696): [1;31m<<<MI_ATOM_DISPLAY_GetHdrAttributes[7815] Ret=4[0m[1;31m<<<MI_IMPL_DISPLAY_GetWindowAttr[3738] return ERR!
06-27 16:37:51.011 W/account ( 3175): ResignonThread==>mHandler.sendEmptyMessageDelayed(0, CYCLE_TIME);
06-27 16:37:51.155 D/RegisterADService( 3278): RegisterADService run 24 : query all ADCodeInfo from   AppADCodeInfo
06-27 16:37:51.156 D/DBManager( 3278): query 379 : com.hisense.service.ad.bean.AppADCodeInfo@f5e4b0c
06-27 16:37:51.156 D/DBManager( 3278): query 379 : com.hisense.service.ad.bean.AppADCodeInfo@d4bcc55
06-27 16:37:51.156 D/DBManager( 3278): query 379 : com.hisense.service.ad.bean.AppADCodeInfo@46166a
06-27 16:37:51.156 D/DBManager( 3278): query 379 : com.hisense.service.ad.bean.AppADCodeInfo@8a8075b
06-27 16:37:51.156 D/RegisterADService( 3278): RegisterADService run 31 : ******before refresh(info.getAdCode())ad_sc&*****com.jamdeo.tv.tileanimation
06-27 16:37:51.156 D/RegisterADService( 3278): RegisterADService run 54 : refresh appad, ^^^^app pkg:com.jamdeo.tv.tileanimation  &&&app adcode: ad_sc
06-27 16:37:51.156 D/ADServiceHandler( 3278): registerADCode 850 : @_@  getADPeriod is 60
06-27 16:37:51.157 D/ADServiceHandler( 3278): registerADCode 881 : get adCodeInfo from cache manager.
06-27 16:37:51.157 D/CacheManager( 3278): getAdCodeInfo 39 : adCache size = 4
06-27 16:37:51.157 D/DBManager( 3278): DBManager update 939 : update appcodeinfo---------------------
06-27 16:37:51.164 D/DBManager( 3278): update 950 : result = 1
06-27 16:37:51.164 I/ADServiceHandler( 3278): registerADCode 930 : to update ad_sc ad strategy.
06-27 16:37:51.164 I/ADServiceHandler( 3278): registerADCode 937 : com.jamdeo.tv.tileanimation success to register ad_sc ADCode.
06-27 16:37:51.164 D/RegisterADService( 3278): RegisterADService run 31 : ******before refresh(info.getAdCode())sys_ssv3&*****com.jamdeo.screensaver
06-27 16:37:51.164 D/RegisterADService( 3278): RegisterADService run 54 : refresh appad, ^^^^app pkg:com.jamdeo.screensaver  &&&app adcode: sys_ssv3
06-27 16:37:51.164 D/ADServiceHandler( 3278): registerADCode 850 : @_@  getADPeriod is 60
06-27 16:37:51.164 D/ADServiceHandler( 3278): registerADCode 881 : get adCodeInfo from cache manager.
06-27 16:37:51.164 D/CacheManager( 3278): getAdCodeInfo 39 : adCache size = 4
06-27 16:37:51.165 D/DBManager( 3278): DBManager update 939 : update appcodeinfo---------------------
06-27 16:37:51.167 D/UpdateADStrategy( 3278): run 54 : android running time is 3680282
06-27 16:37:51.170 D/CacheManager( 3278): getAdCodeInfo 39 : adCache size = 4
06-27 16:37:51.171 D/ADDaoHandler( 3278): updateADCodeInfo 657 : update ADCodeInfo
06-27 16:37:51.174 D/DBManager( 3278): getStringFromURLList 1114 : getStringFromList:   [{"id":"8","code":"hitvdef","url":"http:\/\/api.hismarttv.com\/adapi\/getlogopic?type=0&ac=${ADCODE}&pid=${ADPOLICY}&aid=${ADID}&did=${DEVICEID}&t=${TIME}&act=${ACTION}&dt=${DISPLAYTIMES}&tz=${TIMEZONE}&mac=${MAC}"}]
06-27 16:37:51.175 E/til@com ( 2539): Cominit open uart error: No such file or directory
06-27 16:37:51.187 D/DBManager( 3278): update 950 : result = 1
06-27 16:37:51.187 I/ADServiceHandler( 3278): registerADCode 930 : to update sys_ssv3 ad strategy.
06-27 16:37:51.187 I/ADServiceHandler( 3278): registerADCode 937 : com.jamdeo.screensaver success to register sys_ssv3 ADCode.
06-27 16:37:51.187 D/RegisterADService( 3278): RegisterADService run 31 : ******before refresh(info.getAdCode())ad_vm_av3&*****com.jamdeo.systemui.internal
06-27 16:37:51.187 D/RegisterADService( 3278): RegisterADService run 54 : refresh appad, ^^^^app pkg:com.jamdeo.systemui.internal  &&&app adcode: ad_vm_av3
06-27 16:37:51.187 D/ADServiceHandler( 3278): registerADCode 850 : @_@  getADPeriod is 60
06-27 16:37:51.187 D/ADServiceHandler( 3278): registerADCode 881 : get adCodeInfo from cache manager.
06-27 16:37:51.187 D/CacheManager( 3278): getAdCodeInfo 39 : adCache size = 4
06-27 16:37:51.187 D/DBManager( 3278): DBManager update 939 : update appcodeinfo---------------------
06-27 16:37:51.214 D/DBManager( 3278): update 928 : result = 1, table : ADCodeInfo
06-27 16:37:51.221 V/PackageManager( 2310): getPackageInfo com.hisense.service.ad: Package{ce87eb9 com.hisense.service.ad}
06-27 16:37:51.223 D/Exception( 3278): AndroidUtil reportException 233 : Exception=deviceId=86100300900000200000060b480cc826&token=534F365759AD8B2239A8634663A86A37_000085543180639&timeStamp=1498552671&errorPOS=0&errorCode=&adcode=ad_sc&versionCode=1.02.3.7.0&extPara=getADContent&codeLine=129&appName=ADService
06-27 16:37:51.229 D/DBManager( 3278): update 950 : result = 1
06-27 16:37:51.230 I/ADServiceHandler( 3278): registerADCode 930 : to update ad_vm_av3 ad strategy.
06-27 16:37:51.230 I/ADServiceHandler( 3278): registerADCode 937 : com.jamdeo.systemui.internal success to register ad_vm_av3 ADCode.
06-27 16:37:51.234 D/ADServiceHandler( 3278): preExecute 588 : preExecute
06-27 16:37:51.237 D/RegisterADService( 3278): RegisterADService run 31 : ******before refresh(info.getAdCode())ad_on_cv4&*****com.jamdeo.tv.advertisementproxy
06-27 16:37:51.239 D/RegisterADService( 3278): RegisterADService run 54 : refresh appad, ^^^^app pkg:com.jamdeo.tv.advertisementproxy  &&&app adcode: ad_on_cv4
06-27 16:37:51.240 D/ADServiceHandler( 3278): registerADCode 850 : @_@  getADPeriod is 60
06-27 16:37:51.241 D/ADServiceHandler( 3278): registerADCode 881 : get adCodeInfo from cache manager.
06-27 16:37:51.242 D/CacheManager( 3278): getAdCodeInfo 39 : adCache size = 4
06-27 16:37:51.242 D/DBManager( 3278): DBManager update 939 : update appcodeinfo---------------------
06-27 16:37:51.251 D/DBManager( 3278): update 950 : result = 1
06-27 16:37:51.252 I/ADServiceHandler( 3278): registerADCode 930 : to update ad_on_cv4 ad strategy.
06-27 16:37:51.253 I/ADServiceHandler( 3278): registerADCode 937 : com.jamdeo.tv.advertisementproxy success to register ad_on_cv4 ADCode.
06-27 16:37:51.285 D/ADXmlParser( 3278): ADXmlParser parserADCodeInfo 189 : xml is: <?xml version="1.0" encoding="UTF-8"?>
06-27 16:37:51.285 D/ADXmlParser( 3278): <root>
06-27 16:37:51.285 D/ADXmlParser( 3278): <plist adcode="ad_sc" adpositionowner="hitv" defadid="1000000002492" defadtype="5" defadurl="http://download.hismarttv.com/epgdata/ImageAD/9000019146505.jpg" md5="b10ab59f416c4eb0e3b279d9cf6c2a5f" reportlogflag="0" datareport="1" policyid="0" reporttype="0">
06-27 16:37:51.285 D/ADXmlParser( 3278): <dturls>
06-27 16:37:51.285 D/ADXmlParser( 3278): <dturl id="8" code="hitvdef">http://api.hismarttv.com/adapi/getlogopic?type=0&amp;ac=${ADCODE}&amp;pid=${ADPOLICY}&amp;aid=${ADID}&amp;did=${DEVICEID}&amp;t=${TIME}&amp;act=${ACTION}&amp;dt=${DISPLAYTIMES}&amp;tz=${TIMEZONE}&amp;mac=${MAC}</dturl>
06-27 16:37:51.285 D/ADXmlParser( 3278): </dturls>
06-27 16:37:51.285 D/ADXmlParser( 3278): <item></item>
06-27 16:37:51.285 D/ADXmlParser( 3278): </plist>
06-27 16:37:51.285 D/ADXmlParser( 3278): <signatureServer>0</signatureServer></root>
06-27 16:37:51.286 D/ADXmlParser( 3278): parserADCodeInfo 522 : ==========ad code Info head==========
06-27 16:37:51.287 D/ADXmlParser( 3278): ADXmlParser parserADCodeInfo 523 : ADCode = ad_sc
06-27 16:37:51.288 D/ADXmlParser( 3278): ADXmlParser parserADCodeInfo 524 : Owner = hitv
06-27 16:37:51.289 D/DtvSourcePlugin-DTMB( 3472): Setting the EPG Updater state to: WAIT
06-27 16:37:51.292 D/ADXmlParser( 3278): ADXmlParser parserADCodeInfo 525 : DefaultAdID = 1000000002492
06-27 16:37:51.294 D/ADXmlParser( 3278): ADXmlParser parserADCodeInfo 526 : DefaultAdType = 5
06-27 16:37:51.295 D/ADXmlParser( 3278): ADXmlParser parserADCodeInfo 527 : DefaultAdURL = http://download.hismarttv.com/epgdata/ImageAD/9000019146505.jpg
06-27 16:37:51.296 D/ADXmlParser( 3278): ADXmlParser parserADCodeInfo 528 : DefaultAdPath = /data/data/com.hisense.service.ad/files/_download.hismarttv.com_epgdata_ImageAD_9000019146505.jpg
06-27 16:37:51.297 D/ADXmlParser( 3278): ADXmlParser parserADCodeInfo 529 : ReportLogFlag = 0
06-27 16:37:51.297 D/ADXmlParser( 3278): ADXmlParser parserADCodeInfo 530 : UpdateStatus = 0
06-27 16:37:51.301 D/ADXmlParser( 3278): ADXmlParser parserADCodeInfo 531 : LastUpdateTime = 1498523871
06-27 16:37:51.303 D/ADXmlParser( 3278): ADXmlParser parserADCodeInfo 533 : ad info of the ad_sc adcode:
06-27 16:37:51.304 D/ADXmlParser( 3278): ADXmlParser parserADCodeInfo 535 : =========ad 0 head========
06-27 16:37:51.307 D/ADXmlParser( 3278): ADXmlParser parserADCodeInfo 536 : AdId: 0
06-27 16:37:51.312 D/ADXmlParser( 3278): ADXmlParser parserADCodeInfo 537 : ShowType: 0
06-27 16:37:51.314 D/ADXmlParser( 3278): ADXmlParser parserADCodeInfo 538 : Priority: 0
06-27 16:37:51.316 D/ADXmlParser( 3278): ADXmlParser parserADCodeInfo 539 : getPerformType: 0
06-27 16:37:51.317 D/ADXmlParser( 3278): ADXmlParser parserADCodeInfo 540 : AdSessionId: 
06-27 16:37:51.318 D/ADXmlParser( 3278): ADXmlParser parserADCodeInfo 541 : ExpireTime: 0
06-27 16:37:51.319 D/ADXmlParser( 3278): ADXmlParser parserADCodeInfo 542 : LastUpdate: 0
06-27 16:37:51.320 D/ADXmlParser( 3278): ADXmlParser parserADCodeInfo 605 : =========ad 0 end========
06-27 16:37:51.323 D/ADXmlParser( 3278): parserADCodeInfo 608 : ==============ad code info end=============
06-27 16:37:51.324 D/ADServiceHandler( 3278): postExecute 641 : postExecute
06-27 16:37:51.328 V/PackageManager( 2310): getPackageInfo com.hisense.service.ad: Package{ce87eb9 com.hisense.service.ad}
06-27 16:37:51.330 D/Exception( 3278): AndroidUtil reportException 233 : Exception=deviceId=86100300900000200000060b480cc826&token=534F365759AD8B2239A8634663A86A37_000085543180639&timeStamp=1498552671&errorPOS=1&errorCode=&adcode=ad_sc&versionCode=1.02.3.7.0&extPara=getADContent reply: policyid=0&codeLine=154&appName=ADService
06-27 16:37:51.330 D/ADDaoHandler( 3278): updateADCodeInfo 657 : update ADCodeInfo
06-27 16:37:51.330 D/DBManager( 3278): getStringFromURLList 1114 : getStringFromList:   [{"id":"8","code":"hitvdef","url":"http:\/\/api.hismarttv.com\/adapi\/getlogopic?type=0&ac=${ADCODE}&pid=${ADPOLICY}&aid=${ADID}&did=${DEVICEID}&t=${TIME}&act=${ACTION}&dt=${DISPLAYTIMES}&tz=${TIMEZONE}&mac=${MAC}"}]
06-27 16:37:51.337 I/bt_hci  ( 2856): BLE HCI(id=62) event = 0x02)
06-27 16:37:51.337 I/bt_hci  ( 2856): btu_ble_process_adv_pkt
06-27 16:37:51.337 D/bt_btm  ( 2856): btm_ble_update_inq_result scan_rsp=false, to_report=false,                              scan_type_active=1
06-27 16:37:51.337 D/bt_btm  ( 2856): BR/EDR NOT SUPPORT bit set, LE only device
06-27 16:37:51.338 I/bt_hci  ( 2856): BLE HCI(id=62) event = 0x02)
06-27 16:37:51.338 I/bt_hci  ( 2856): btu_ble_process_adv_pkt
06-27 16:37:51.338 D/bt_btm  ( 2856): BR/EDR NOT SUPPORT bit set, LE only device
06-27 16:37:51.338 E/bt_btm  ( 2856): [BLE Inquiry Trace]btm_ble_process_adv_pkt_cont: Received BLE Scan Response.
06-27 16:37:51.338 D/bt_btif ( 2856): bta_dm_observe_results_cb
06-27 16:37:51.338 I/bt_btm  ( 2856): BTM_InqDbRead: bd addr [698538082db7]
06-27 16:37:51.338 E/bt_btif ( 2856): [BLE Inquiry Trace]bta_scan_results_cb event=BTA_DM_INQ_RES_EVT
06-27 16:37:51.338 I/bt_btm  ( 2856): BTM_CheckEirData type=0x09
06-27 16:37:51.338 I/bt_btm  ( 2856): BTM_CheckEirData type=0x09
06-27 16:37:51.338 I/bt_btm  ( 2856): BTM_CheckEirData type=0x08
06-27 16:37:51.338 D/bt_btif ( 2856): in, bd addr:69:85:38:08:2d:b7, prop type:5, len:4
06-27 16:37:51.338 I/bt_btif ( 2856): HAL bt_gatt_callbacks->client->scan_result_cb
06-27 16:37:51.339 D/BluetoothLeScanner( 2500): onScanResult() - ScanResult{mDevice=69:85:38:08:2D:B7, mScanRecord=ScanRecord [mAdvertiseFlags=6, mServiceUuids=null, mManufacturerSpecificData={76=[12, 14, 8, -32, -46, 44, 13, -121, -90, 55, 41, 75, -51, 12, 71, 4]}, mServiceData={}, mTxPowerLevel=-2147483648, mDeviceName=null], mRssi=-81, mTimestampNanos=3680453092288}
06-27 16:37:51.342 D/DBManager( 3278): update 928 : result = 1, table : ADCodeInfo
06-27 16:37:51.343 V/PackageManager( 2310): getPackageInfo com.hisense.service.ad: Package{ce87eb9 com.hisense.service.ad}
06-27 16:37:51.344 D/Exception( 3278): AndroidUtil reportException 233 : Exception=deviceId=86100300900000200000060b480cc826&token=534F365759AD8B2239A8634663A86A37_000085543180639&timeStamp=1498552671&errorPOS=2&errorCode=&adcode=ad_sc&versionCode=1.02.3.7.0&extPara=don't need to update policy&codeLine=169&appName=ADService
06-27 16:37:51.344 D/UpdateADStrategy( 3278): run 171 : don't need to update policy for ad_sc
06-27 16:37:51.344 D/UpdateADStrategy( 3278): run 54 : android running time is 3680459
06-27 16:37:51.344 D/CacheManager( 3278): getAdCodeInfo 39 : adCache size = 4
06-27 16:37:51.344 D/ADDaoHandler( 3278): updateADCodeInfo 657 : update ADCodeInfo
06-27 16:37:51.345 D/DBManager( 3278): getStringFromURLList 1114 : getStringFromList:   [{"id":"8","code":"hitvdef","url":"http:\/\/api.hismarttv.com\/adapi\/getlogopic?type=0&ac=${ADCODE}&pid=${ADPOLICY}&aid=${ADID}&did=${DEVICEID}&t=${TIME}&act=${ACTION}&dt=${DISPLAYTIMES}&tz=${TIMEZONE}&mac=${MAC}"}]
06-27 16:37:51.355 I/YoukuInitTool(26344): hisense2ThirdBySdk : mBindYoukuNum:0
06-27 16:37:51.356 I/YoukuInitTool(26344): mBindYoukuNum:1
06-27 16:37:51.359 D/DBManager( 3278): update 928 : result = 1, table : ADCodeInfo
06-27 16:37:51.361 V/PackageManager( 2310): getPackageInfo com.hisense.service.ad: Package{ce87eb9 com.hisense.service.ad}
06-27 16:37:51.363 D/Exception( 3278): AndroidUtil reportException 233 : Exception=deviceId=86100300900000200000060b480cc826&token=534F365759AD8B2239A8634663A86A37_000085543180639&timeStamp=1498552671&errorPOS=0&errorCode=&adcode=sys_ssv3&versionCode=1.02.3.7.0&extPara=getADContent&codeLine=129&appName=ADService
06-27 16:37:51.364 D/ADServiceHandler( 3278): preExecute 588 : preExecute
06-27 16:37:51.394 D/ADXmlParser( 3278): ADXmlParser parserADCodeInfo 189 : xml is: <?xml version="1.0" encoding="UTF-8"?>
06-27 16:37:51.394 D/ADXmlParser( 3278): <root>
06-27 16:37:51.394 D/ADXmlParser( 3278): <plist adcode="sys_ssv3" adpositionowner="hitv" defadid="1000000001239" defadtype="5" defadurl="http://download.hismarttv.com/epgdata/ImageAD/9000019139817.jpg" md5="" reportlogflag="0" datareport="1" policyid="0" reporttype="0">
06-27 16:37:51.394 D/ADXmlParser( 3278): <dturls>
06-27 16:37:51.394 D/ADXmlParser( 3278): <dturl id="8" code="hitvdef">http://api.hismarttv.com/adapi/getlogopic?type=0&amp;ac=${ADCODE}&amp;pid=${ADPOLICY}&amp;aid=${ADID}&amp;did=${DEVICEID}&amp;t=${TIME}&amp;act=${ACTION}&amp;dt=${DISPLAYTIMES}&amp;tz=${TIMEZONE}&amp;mac=${MAC}</dturl>
06-27 16:37:51.394 D/ADXmlParser( 3278): </dturls>
06-27 16:37:51.394 D/ADXmlParser( 3278): <item></item>
06-27 16:37:51.394 D/ADXmlParser( 3278): </plist>
06-27 16:37:51.394 D/ADXmlParser( 3278): <signatureServer>0</signatureServer></root>
06-27 16:37:51.395 D/ADXmlParser( 3278): parserADCodeInfo 522 : ==========ad code Info head==========
06-27 16:37:51.396 D/ADXmlParser( 3278): ADXmlParser parserADCodeInfo 523 : ADCode = sys_ssv3
06-27 16:37:51.396 D/ADXmlParser( 3278): ADXmlParser parserADCodeInfo 524 : Owner = hitv
06-27 16:37:51.397 D/ADXmlParser( 3278): ADXmlParser parserADCodeInfo 525 : DefaultAdID = 1000000001239
06-27 16:37:51.397 D/ADXmlParser( 3278): ADXmlParser parserADCodeInfo 526 : DefaultAdType = 5
06-27 16:37:51.400 D/ADXmlParser( 3278): ADXmlParser parserADCodeInfo 527 : DefaultAdURL = http://download.hismarttv.com/epgdata/ImageAD/9000019139817.jpg
06-27 16:37:51.401 D/ADXmlParser( 3278): ADXmlParser parserADCodeInfo 528 : DefaultAdPath = /data/data/com.hisense.service.ad/files/_download.hismarttv.com_epgdata_ImageAD_9000019139817.jpg
06-27 16:37:51.402 D/ADXmlParser( 3278): ADXmlParser parserADCodeInfo 529 : ReportLogFlag = 0
06-27 16:37:51.410 D/ADXmlParser( 3278): ADXmlParser parserADCodeInfo 530 : UpdateStatus = 0
06-27 16:37:51.411 D/ADXmlParser( 3278): ADXmlParser parserADCodeInfo 531 : LastUpdateTime = 1498523871
06-27 16:37:51.413 W/UiAutomatorBridge(26317): Could not detect idle state.
06-27 16:37:51.413 W/UiAutomatorBridge(26317): java.util.concurrent.TimeoutException: No idle state with idle timeout: 500 within global timeout: 10000
06-27 16:37:51.413 W/UiAutomatorBridge(26317): 	at android.app.UiAutomation.waitForIdle(UiAutomation.java:591)
06-27 16:37:51.413 W/UiAutomatorBridge(26317): 	at com.android.uiautomator.core.UiAutomatorBridge.waitForIdle(UiAutomatorBridge.java:96)
06-27 16:37:51.413 W/UiAutomatorBridge(26317): 	at com.android.uiautomator.core.UiAutomatorBridge.waitForIdle(UiAutomatorBridge.java:91)
06-27 16:37:51.413 W/UiAutomatorBridge(26317): 	at com.android.uiautomator.core.QueryController.findAccessibilityNodeInfo(QueryController.java:143)
06-27 16:37:51.413 W/UiAutomatorBridge(26317): 	at com.android.uiautomator.core.QueryController.findAccessibilityNodeInfo(QueryController.java:138)
06-27 16:37:51.413 W/UiAutomatorBridge(26317): 	at com.android.uiautomator.core.UiObject.findAccessibilityNodeInfo(UiObject.java:168)
06-27 16:37:51.413 W/UiAutomatorBridge(26317): 	at com.android.uiautomator.core.UiObject.waitForExists(UiObject.java:852)
06-27 16:37:51.413 W/UiAutomatorBridge(26317): 	at com.android.uiautomator.core.UiObject.exists(UiObject.java:903)
06-27 16:37:51.413 W/UiAutomatorBridge(26317): 	at io.appium.android.bootstrap.utils.TheWatchers.isDialogPresent(TheWatchers.java:51)
06-27 16:37:51.413 W/UiAutomatorBridge(26317): 	at io.appium.android.bootstrap.utils.TheWatchers.check(TheWatchers.java:42)
06-27 16:37:51.413 W/UiAutomatorBridge(26317): 	at io.appium.android.bootstrap.SocketServer$1.run(SocketServer.java:140)
06-27 16:37:51.413 W/UiAutomatorBridge(26317): 	at java.util.Timer$TimerImpl.run(Timer.java:284)
06-27 16:37:51.417 D/ADXmlParser( 3278): ADXmlParser parserADCodeInfo 533 : ad info of the sys_ssv3 adcode:
06-27 16:37:51.419 D/ADXmlParser( 3278): ADXmlParser parserADCodeInfo 535 : =========ad 0 head========
06-27 16:37:51.419 D/ADXmlParser( 3278): ADXmlParser parserADCodeInfo 536 : AdId: 0
06-27 16:37:51.421 D/ADXmlParser( 3278): ADXmlParser parserADCodeInfo 537 : ShowType: 0
06-27 16:37:51.422 D/ADXmlParser( 3278): ADXmlParser parserADCodeInfo 538 : Priority: 0
06-27 16:37:51.423 D/ADXmlParser( 3278): ADXmlParser parserADCodeInfo 539 : getPerformType: 0
06-27 16:37:51.424 D/ADXmlParser( 3278): ADXmlParser parserADCodeInfo 540 : AdSessionId: 
06-27 16:37:51.425 D/ADXmlParser( 3278): ADXmlParser parserADCodeInfo 541 : ExpireTime: 0
06-27 16:37:51.425 D/ADXmlParser( 3278): ADXmlParser parserADCodeInfo 542 : LastUpdate: 0
06-27 16:37:51.426 D/ADXmlParser( 3278): ADXmlParser parserADCodeInfo 605 : =========ad 0 end========
06-27 16:37:51.427 D/ADXmlParser( 3278): parserADCodeInfo 608 : ==============ad code info end=============
06-27 16:37:51.427 D/ADServiceHandler( 3278): postExecute 641 : postExecute
06-27 16:37:51.429 V/PackageManager( 2310): getPackageInfo com.hisense.service.ad: Package{ce87eb9 com.hisense.service.ad}
06-27 16:37:51.430 D/Exception( 3278): AndroidUtil reportException 233 : Exception=deviceId=86100300900000200000060b480cc826&token=534F365759AD8B2239A8634663A86A37_000085543180639&timeStamp=1498552671&errorPOS=1&errorCode=&adcode=sys_ssv3&versionCode=1.02.3.7.0&extPara=getADContent reply: policyid=0&codeLine=154&appName=ADService
06-27 16:37:51.434 D/ADDaoHandler( 3278): updateADCodeInfo 657 : update ADCodeInfo
06-27 16:37:51.435 D/DBManager( 3278): getStringFromURLList 1114 : getStringFromList:   [{"id":"8","code":"hitvdef","url":"http:\/\/api.hismarttv.com\/adapi\/getlogopic?type=0&ac=${ADCODE}&pid=${ADPOLICY}&aid=${ADID}&did=${DEVICEID}&t=${TIME}&act=${ACTION}&dt=${DISPLAYTIMES}&tz=${TIMEZONE}&mac=${MAC}"}]
06-27 16:37:51.442 D/DBManager( 3278): update 928 : result = 1, table : ADCodeInfo
06-27 16:37:51.443 V/PackageManager( 2310): getPackageInfo com.hisense.service.ad: Package{ce87eb9 com.hisense.service.ad}
06-27 16:37:51.444 D/Exception( 3278): AndroidUtil reportException 233 : Exception=deviceId=86100300900000200000060b480cc826&token=534F365759AD8B2239A8634663A86A37_000085543180639&timeStamp=1498552671&errorPOS=2&errorCode=&adcode=sys_ssv3&versionCode=1.02.3.7.0&extPara=don't need to update policy&codeLine=169&appName=ADService
06-27 16:37:51.444 D/UpdateADStrategy( 3278): run 171 : don't need to update policy for sys_ssv3
06-27 16:37:51.444 D/UpdateADStrategy( 3278): run 54 : android running time is 3680558
06-27 16:37:51.444 D/CacheManager( 3278): getAdCodeInfo 39 : adCache size = 4
06-27 16:37:51.444 D/ADDaoHandler( 3278): updateADCodeInfo 657 : update ADCodeInfo
